[V2 03:40:08] === V2 INIT ===
[V2 03:40:08] Protocol hash: 3dcfe1daf0c73a63a0fd6b5fa5c1aa07e543b785bfa48e3a240c103edfb84309
[V2 03:40:08] Source hash:   c45e316f7938d1b79d7f066cce8797abfb8a060cbbc41ee55d7909e1440a4c06
[V2 03:40:08] Binary hash:   fcc9372b307fb16204735571a2ecdd4ecc5cef26e60a74a33f2a53c1be7a2384
[V2 03:40:08] V2Store initialized
[V2 03:40:08] === V2 SELF TEST ===
[V2 03:40:08] Self-test: PASSED
[V2 03:40:08] === V2 PROTOCOL LOCK ===
[V2 03:40:08] Protocol: 3dcfe1daf0c73a63a0fd6b5fa5c1aa07e543b785bfa48e3a240c103edfb84309
[V2 03:40:08] Source:   c45e316f7938d1b79d7f066cce8797abfb8a060cbbc41ee55d7909e1440a4c06
[V2 03:40:08] Binary:   fcc9372b307fb16204735571a2ecdd4ecc5cef26e60a74a33f2a53c1be7a2384
[V2 03:40:08] === V2 BENCHMARK ===
[V2 03:40:26]   train: accuracy=0.8571428571428571
[V2 03:40:26]   validation: accuracy=0.8571428571428571
[V2 03:40:26]   holdout: accuracy=0.6285714285714286
[V2 03:40:26]   Prime detection: 1/20
[V2 03:40:26]   Distinct hashes: 20
[V2 03:40:26] === V2 SEARCH TRACK_A (V1_INV_PI, seed=133742) ===
[V2 03:40:26] Run ID: V2_PRIMARY_TRACK_A_s133742_1789778426
[V2 03:40:33]   Best score: 0.858321 at cr=2.000000 ci=0.011132
[V2 03:40:33] === V2 SEARCH TRACK_B (V10_PRIME_RESIDUAL, seed=133742) ===
[V2 03:40:33] Run ID: V2_PRIMARY_TRACK_B_s133742_1789778433
[V2 03:40:40]   Best score: 0.844929 at cr=1.995784 ci=0.516689
[V2 03:40:40] === V2 SEARCH TRACK_C (V9_PRIME_EVENT, seed=133742) ===
[V2 03:40:40] Run ID: V2_PRIMARY_TRACK_C_s133742_1789778440
[V2 03:40:47]   Best score: 0.852335 at cr=1.508228 ci=0.000000
[V2 03:40:47] === V2 CONTROLS ===
[V2 03:40:47] Best from TRACK_A: score=0.858321 at (2.000000, 0.011132)
[V2 03:40:47]   V0_NONE: 0.820852
[V2 03:40:47]   V1_INV_PI: 0.858321
[V2 03:40:47]   V2_SMOOTH: 0.858862
[V2 03:40:48]   V3_CENTERED_INV_PI: 0.852436
[V2 03:40:48]   V4_PRIME_RESIDUAL: 0.843952
[V2 03:40:48]   V5_SHUFFLED: 0.808165
[V2 03:40:48]   V6_REVERSED: 0.815566
[V2 03:40:48]   V8_PHASE_RANDOMIZED: 0.834976
[V2 03:40:48]   V9_PRIME_EVENT: 0.820852
[V2 03:40:48]   V10_PRIME_RESIDUAL: 0.843952
[V2 03:40:48]   S1_ANALYTIC: 0.858321
[V2 03:40:48]   S2_DATA_SMOOTHED: 0.851991
[V2 03:40:48]   Contrast V1_minus_V0: +0.037469
[V2 03:40:48]   Contrast V1_minus_max_S1_S2: +0.000000
[V2 03:40:48]   Contrast V9_minus_mean_V11: +0.000067
[V2 03:40:48]   Contrast V9_minus_mean_V12: -0.004844
[V2 03:40:48]   Contrast V10_minus_max_S1_S2: -0.014369
[V2 03:40:48]   Contrast residual_uplift_V10_S1: -0.014369
[V2 03:40:48]   Contrast shuffle_degradation: +0.050156
[V2 03:40:48] === V2 NULL SEARCH ===
[V2 03:40:48]   Null run 1/8 (surrogate seed 1001)
[V2 03:40:56]     Best: 0.849110
[V2 03:40:56]   Null run 2/8 (surrogate seed 1002)
[V2 03:41:04]     Best: 0.882989
[V2 03:41:04]   Null run 3/8 (surrogate seed 1003)
[V2 03:41:13]     Best: 0.860268
[V2 03:41:13]   Null run 4/8 (surrogate seed 1004)
[V2 03:41:20]     Best: 0.614604
[V2 03:41:20]   Null run 5/8 (surrogate seed 1005)
[V2 03:41:28]     Best: 0.599429
[V2 03:41:28]   Null run 6/8 (surrogate seed 1006)
[V2 03:41:35]     Best: 0.636722
[V2 03:41:35]   Null run 7/8 (surrogate seed 1007)
[V2 03:41:43]     Best: 0.666385
[V2 03:41:43]   Null run 8/8 (surrogate seed 1008)
[V2 03:41:51]     Best: 0.665033
[V2 03:41:51]   Null mean: 0.721818
[V2 03:41:51]   Null max:  0.882989
[V2 03:41:51]   Empirical search null: 0.3333333333333333
[V2 03:41:51] === V2 VALIDATION ===
[V2 03:41:51]   Depth 200: 0.858321
[V2 03:41:51]   Depth 500: 0.858045
[V2 03:41:51]   Depth 1000: 0.857952
[V2 03:41:51]   Depth 1500: 0.857922
[V2 03:41:51]   Depth 2000: 0.857906
[V2 03:41:51]   Resolution 60x30: 0.858321
[V2 03:41:51]   Resolution 120x60: 0.854984
[V2 03:41:51]   Alpha 0.25: 0.824233
[V2 03:41:52]   Alpha 0.5: 0.837476
[V2 03:41:52]   Alpha 1.0: 0.858321
[V2 03:41:52]   Alpha 2.0: 0.862832
[V2 03:41:52]   Local (+0.0010,+0.0000): 0.858328
[V2 03:41:52]   Local (-0.0010,+0.0000): 0.858311
[V2 03:41:52]   Local (+0.0000,+0.0010): 0.858315
[V2 03:41:52]   Local (+0.0000,-0.0010): 0.858319
[V2 03:41:52]   Holdout TARGET_B: 0.889939
[V2 03:41:52]   Holdout TARGET_PHASE: 0.820305
[V2 03:41:52]   Repro run 1: 0.858321
[V2 03:41:52]   Repro run 2: 0.858321
[V2 03:41:52]   Repro run 3: 0.858321
[V2 03:41:52] === V2 TEMPORAL ===
[V2 03:41:52]   Tracing baseline (V0_NONE)...
[V2 03:41:52]   Tracing V1_INV_PI...
[V2 03:41:53] Temporal analysis error: trace rows require iter1based, active_frac, mean_abs_z and forced prime
[V2 03:41:53] === V2 REPORT ===
[V2 03:41:53] Report generated: report_v2.md
[V2 03:44:57] === V2 INIT ===
[V2 03:44:57] Protocol hash: 3dcfe1daf0c73a63a0fd6b5fa5c1aa07e543b785bfa48e3a240c103edfb84309
[V2 03:44:57] Source hash:   345686fa7af5046269c041cbb4ee3f58950b08b6076ec90d60b578938ec00cf2
[V2 03:44:57] Binary hash:   fcc9372b307fb16204735571a2ecdd4ecc5cef26e60a74a33f2a53c1be7a2384
[V2 03:44:57] V2Store initialized
[V2 03:44:57] === V2 SELF TEST ===
[V2 03:44:57] Self-test: PASSED
[V2 03:44:57] === V2 TEMPORAL ===
[V2 03:44:57]   Tracing baseline (V0_NONE)...
[V2 03:44:57]   Tracing V1_INV_PI...
[V2 03:44:57]     V1_INV_PI: status=INSUFFICIENT_ACTIVE_DATA, pairs=0, p=None
[V2 03:44:57]   Tracing V9_PRIME_EVENT...
[V2 03:44:57]     V9_PRIME_EVENT: status=INSUFFICIENT_ACTIVE_DATA, pairs=0, p=None
[V2 03:44:57]   Tracing V10_PRIME_RESIDUAL...
[V2 03:44:57]     V10_PRIME_RESIDUAL: status=INSUFFICIENT_ACTIVE_DATA, pairs=0, p=None
[V2 03:45:23] === V2 INIT ===
[V2 03:45:23] Protocol hash: 3dcfe1daf0c73a63a0fd6b5fa5c1aa07e543b785bfa48e3a240c103edfb84309
[V2 03:45:23] Source hash:   345686fa7af5046269c041cbb4ee3f58950b08b6076ec90d60b578938ec00cf2
[V2 03:45:23] Binary hash:   fcc9372b307fb16204735571a2ecdd4ecc5cef26e60a74a33f2a53c1be7a2384
[V2 03:45:23] V2Store initialized
[V2 03:45:23] === V2 SELF TEST ===
[V2 03:45:23] Self-test: PASSED
[V2 03:45:23] === V2 TEMPORAL ===
[V2 03:45:23]   Tracing baseline (V0_NONE)...
[V2 03:45:23]   Tracing V1_INV_PI...
[V2 03:45:23]     V1_INV_PI: status=INSUFFICIENT_ACTIVE_DATA, pairs=0, p=None
[V2 03:45:23]   Tracing V9_PRIME_EVENT...
[V2 03:45:23]     V9_PRIME_EVENT: status=INSUFFICIENT_ACTIVE_DATA, pairs=0, p=None
[V2 03:45:23]   Tracing V10_PRIME_RESIDUAL...
[V2 03:45:23]     V10_PRIME_RESIDUAL: status=INSUFFICIENT_ACTIVE_DATA, pairs=0, p=None
[V2 03:46:58] === V2 INIT ===
[V2 03:46:58] Protocol hash: 3dcfe1daf0c73a63a0fd6b5fa5c1aa07e543b785bfa48e3a240c103edfb84309
[V2 03:46:58] Source hash:   23df4c8c7854605846f571076480c67651ace858453a74ea9b9ffc9673aa8928
[V2 03:46:58] Binary hash:   fcc9372b307fb16204735571a2ecdd4ecc5cef26e60a74a33f2a53c1be7a2384
[V2 03:46:58] V2Store initialized
[V2 03:46:58] === V2 SELF TEST ===
[V2 03:46:58] Self-test: PASSED
[V2 03:46:58] === V2 TEMPORAL ===
[V2 03:46:58]   Tracing baseline (V0_NONE)...
[V2 03:46:58]   Tracing V1_INV_PI...
[V2 03:46:58]     V1_INV_PI: status=INSUFFICIENT_ACTIVE_DATA, pairs=0, p=None
[V2 03:46:58]   Tracing V9_PRIME_EVENT...
[V2 03:46:59]     V9_PRIME_EVENT: status=INSUFFICIENT_ACTIVE_DATA, pairs=0, p=None
[V2 03:46:59]   Tracing V10_PRIME_RESIDUAL...
[V2 03:46:59]     V10_PRIME_RESIDUAL: status=INSUFFICIENT_ACTIVE_DATA, pairs=0, p=None
[V2 03:47:34] === V2 INIT ===
[V2 03:47:34] Protocol hash: 3dcfe1daf0c73a63a0fd6b5fa5c1aa07e543b785bfa48e3a240c103edfb84309
[V2 03:47:34] Source hash:   23df4c8c7854605846f571076480c67651ace858453a74ea9b9ffc9673aa8928
[V2 03:47:34] Binary hash:   fcc9372b307fb16204735571a2ecdd4ecc5cef26e60a74a33f2a53c1be7a2384
[V2 03:47:34] V2Store initialized
[V2 03:47:34] === V2 SELF TEST ===
[V2 03:47:34] Self-test: PASSED
[V2 03:47:59] === V2 INIT ===
[V2 03:47:59] Protocol hash: 3dcfe1daf0c73a63a0fd6b5fa5c1aa07e543b785bfa48e3a240c103edfb84309
[V2 03:47:59] Source hash:   5390eeee6153cee7a7252e7ee690fea38c7a1e43b8a9a2d26921fa94d71d0dee
[V2 03:47:59] Binary hash:   fcc9372b307fb16204735571a2ecdd4ecc5cef26e60a74a33f2a53c1be7a2384
[V2 03:47:59] V2Store initialized
[V2 03:47:59] === V2 SELF TEST ===
[V2 03:47:59] Self-test: PASSED
[V2 03:47:59] === V2 TEMPORAL ===
[V2 03:47:59]   Best point at boundary, using TRACK_C point: (-0.700000, 0.270150)
[V2 03:47:59]   Tracing baseline (V0_NONE)...
[V2 03:47:59]   Tracing V1_INV_PI...
[V2 03:47:59]     V1_INV_PI: status=OK, pairs=166, p=0.26673326673326675
[V2 03:47:59]   Tracing V9_PRIME_EVENT...
[V2 03:48:00]     V9_PRIME_EVENT: status=OK, pairs=158, p=0.8071928071928072
[V2 03:48:00]   Tracing V10_PRIME_RESIDUAL...
[V2 03:48:00]     V10_PRIME_RESIDUAL: status=INSUFFICIENT_ACTIVE_DATA, pairs=0, p=None
