[02:38:20] Starting phase: INIT
[02:38:20] === INIT ===
[02:38:20] Starting phase: SELF_TEST
[02:38:20] === SELF TEST ===
[02:38:20] Self-test passed:
ALL SELF-TESTS PASSED

[02:38:20] Starting phase: PROTOCOL_LOCK
[02:38:20] === PROTOCOL LOCK ===
[02:38:20] Starting phase: BENCHMARK
[02:38:20] === BENCHMARK ===
[02:38:45] Benchmark train accuracy: 98.75%
[02:38:45] Benchmark holdout accuracy: 100.00%
[02:38:45] WORLD_PRIME detection: 10/10
[02:38:45] Starting phase: BASELINE
[02:38:45] === BASELINE ===
[02:38:45] Baseline (V0_NONE): score=0.558934
[02:38:45] Starting phase: RESONANCE_SEARCH_V1
[02:38:45] === RESONANCE SEARCH V1 ===
[02:38:45] Starting search on V1_INV_PI, max_steps=100
[02:38:47] Running coarse scout...
[02:38:48] Scout found better point: score=0.828899
[02:38:49] V1 search complete. Best: 0.830429
[02:38:49] Starting phase: RESONANCE_SEARCH_V4
[02:38:49] === RESONANCE SEARCH V4 ===
[02:38:49] Starting search on V4_PRIME_RESIDUAL, max_steps=100
[02:38:50] Running coarse scout...
[02:38:51] Scout found better point: score=0.828899
[02:38:52] Multi-start restart to (-0.7, 0.47015)
[02:38:53] Multi-start restart to (-0.7, 0.07015)
[02:38:53] V4 search complete. Best: 0.830429
[02:38:53] Starting phase: CONTROL
[02:38:53] === CONTROL ===
[02:38:53]   V0_NONE: score=0.830429
[02:38:53]   V2_SMOOTH: score=0.846446
[02:38:53]   V3_CENTERED_INV_PI: score=0.835258
[02:38:53]   V5_SHUFFLED: score=0.823638
[02:38:53]   V6_REVERSED: score=0.827965
[02:38:53] Prime uplift: -0.0160
[02:38:53] Order uplift: 0.0068
[02:38:53] Shuffle degradation: 0.0068
[02:38:53] Starting phase: VALIDATION
[02:38:53] === VALIDATION ===
[02:38:53]   Depth 200: score=0.823993
[02:38:53]   Depth 500: score=0.823569
[02:38:53]   Depth 1000: score=0.823428
[02:38:53]   Depth 1500: score=0.823381
[02:38:53]   Depth 2000: score=0.823357
[02:38:53]   Repro run 1: score=0.823993
[02:38:53]   Repro run 2: score=0.823993
[02:38:53]   Repro run 3: score=0.823993
[02:38:53]   Local stab (+0.0010,+0.0000): score=0.824006
[02:38:53]   Local stab (-0.0010,+0.0000): score=0.824571
[02:38:53]   Local stab (+0.0000,+0.0010): score=0.823991
[02:38:53]   Local stab (+0.0000,-0.0010): score=0.823993
[02:38:53]   Alpha 0.25: score=0.830198
[02:38:53]   Alpha 0.5: score=0.851634
[02:38:54]   Alpha 1.0: score=0.823993
[02:38:54]   Alpha 2.0: score=0.854036
[02:38:54]   Holdout TARGET_B: score=0.848550
[02:38:54]   Holdout TARGET_PHASE: score=0.795106
[02:38:54] Starting phase: NULL_SEARCH
[02:38:54] === NULL SEARCH ===
[02:38:58]   Null run 1: best_score=0.851453
[02:39:02]   Null run 2: best_score=0.851138
[02:39:07]   Null run 3: best_score=0.849964
[02:39:11]   Null run 4: best_score=0.851710
[02:39:16]   Null run 5: best_score=0.851031
[02:39:20]   Null run 6: best_score=0.851066
[02:39:25]   Null run 7: best_score=0.850803
[02:39:29]   Null run 8: best_score=0.851766
[02:39:29] Starting phase: REPORT
[02:39:29] === REPORT ===
[02:39:29] Report generated: report.md
[02:39:29] Auto pipeline complete
[05:41:38] Starting phase: INIT
[05:41:38] === INIT ===
[05:41:38] Starting phase: SELF_TEST
[05:41:38] === SELF TEST ===
[05:41:38] Self-test passed:
ALL SELF-TESTS PASSED

