[V5.3     0.0s] === V5.3 INIT protocol=3352bc51343a2a87 ===
[V5.3     0.0s] === V5.3 NATIVE WORLD GENERATION ===
[V5.3    80.8s]   G01_smooth_nonlinear done (160 worlds)
[V5.3   160.4s]   G02_chaotic done (320 worlds)
[V5.3   247.8s]   G03_coupled_osc done (480 worlds)
[V5.3   332.1s]   G04_reaction_diff done (640 worlds)
[V5.3   395.7s]   G05_wave done (800 worlds)
[V5.3   477.5s]   G06_procedural_dyn done (960 worlds)
[V5.3   557.3s]   G07_logistic_field done (1120 worlds)
[V5.3   627.2s]   G08_diffusion_mix done (1280 worlds)
[V5.3   627.2s]   Total worlds: 1280
[V5.3   627.3s] === T03/T01 PRIMARY (generator-disjoint) ===
[V5.3   627.3s]   train pairs=320 test pairs=160
[V5.3   627.5s]   Track A: pairwise acc=1.0000 CI[1.000,1.000]
[V5.3   627.5s]     per-gen: {'G05_wave': 1.0, 'G06_procedural_dyn': 1.0}
[V5.3   627.8s]   Track B: pairwise acc=0.9938 CI[0.981,1.000]
[V5.3   627.8s]     per-gen: {'G05_wave': 1.0, 'G06_procedural_dyn': 0.988}
[V5.3   627.9s]   T01 world-level generator holdout:
[V5.3   627.9s]   T01 world-level bal_acc=0.8531 (cont=40, comp=160)
[V5.3   627.9s] === T02/T12 SUBSTRATE-DISJOINT + UNKNOWN ===
[V5.3   628.0s]   Track A S_FSM: 80/80 = 1.0000
[V5.3   628.0s]   Track A S_MOD: 80/80 = 1.0000
[V5.3   628.0s]   Track A S_UNKNOWN: 40/80 = 0.5000
[V5.3   628.1s]   Track B S_FSM: 70/80 = 0.8750
[V5.3   628.1s]   Track B S_MOD: 80/80 = 1.0000
[V5.3   628.1s]   Track B S_UNKNOWN: 42/80 = 0.5250
[V5.3   628.2s] === T04-T06 MATCHED PAIRWISE CONTROLS (single pass) ===
[V5.3   840.1s]   G05_wave: 80 pair-evaluations done
[V5.3  1064.6s]   G06_procedural_dyn: 160 pair-evaluations done
[V5.3  1064.6s]   T04_histogram_matched Track A: 1/160 = 0.0063
[V5.3  1064.6s]   T04_histogram_matched Track B: 70/160 = 0.4375
[V5.3  1064.6s]   T05_spectrum_matched Track A: 5/160 = 0.0312
[V5.3  1064.6s]   T05_spectrum_matched Track B: 154/160 = 0.9625
[V5.3  1064.6s]   T06_temporal_matched Track A: 140/160 = 0.8750
[V5.3  1064.6s]   T06_temporal_matched Track B: 153/160 = 0.9563
[V5.3  1064.6s] === §12 EQUAL-OUTPUT CONTROL ===
[V5.3  1711.6s]   native-vs-surrogate pairs: train=320 test=160
[V5.3  1822.6s]   Equal-output (Track B): 160/160 = 1.0000
[V5.3  1823.6s] === T07/T08 NULLS ===
[V5.3  1823.7s]   T07 identical obs: 40/80 = 0.5000 (expect exactly 0.5)
[V5.3  1825.6s]   T08 perm null: mean=0.4741 min=0.1437 max=0.9875 (20 perms)
[V5.3  1825.6s] === T09 LEAKAGE AUDIT ===
[V5.3  1825.7s]   MI gen=0.5923 sub=0.1879 -> GENERATOR_DOMINANT; GENERATOR_LEAK blacklist: 1 features
[V5.3  1825.8s]   T03 clean rerun: 159/160 = 0.9938
[V5.3  1825.8s] === T10 FEATURE-FAMILY ABLATION (pairwise Track B) ===
[V5.3  1825.8s]   spatial: 0.7000
[V5.3  1825.8s]   spectral: 0.6875
[V5.3  1825.9s]   marginal: 1.0000
[V5.3  1825.9s]   temporal: 0.7500
[V5.3  1825.9s]   dynamical: 0.9000
[V5.3  1826.0s]   temporal+dynamical: 0.9750
[V5.3  1826.1s]   all: 0.9938
[V5.3  1826.1s] === T11 OBSERVATION DEGRADATION ===
[V5.3  1864.0s]   float32: 142/160 = 0.8875
[V5.3  1901.6s]   float16: 116/160 = 0.7250
[V5.3  1942.6s]   uint8: 144/160 = 0.9000
[V5.3  1949.3s]   downsample2x2: 140/160 = 0.8750
[V5.3  1988.6s]   noisy: 107/160 = 0.6687
[V5.3  1988.6s] === V5.3 STATUS ===
[V5.3  1988.6s]   1_pairwise_above_chance: PASS
[V5.3  1988.6s]   2_hist_matched_survives: FAIL
[V5.3  1988.6s]   3_spectrum_matched_survives: PASS
[V5.3  1988.6s]   4_temporal_matched_survives: PASS
[V5.3  1988.6s]   5_unknown_substrate_survives: FAIL
[V5.3  1988.6s]   6_equal_output_survives: PASS
[V5.3  1988.6s]   7_leakage_controlled: FAIL
[V5.3  1988.6s]   8_permutation_collapses: PASS
[V5.3  1988.6s]   9_identical_at_chance: PASS
[V5.3  1988.6s]   10_observation_robust: PASS
[V5.3  1988.6s]   FINAL STATUS: STATISTICAL_ARTIFACT
[V5.3  1988.6s] === V5.3 ARTIFACTS ===
[V5.3  1988.6s]   v5_3_results.json + v5_3_protocol.json written
[V5.3  1988.9s] === V5.3 COMPLETE ===
