[V4 12:44:25] TRACK_B (V9_EVENT): contrast=+0.067671 score=0.776019 at (0.109480,-0.597245)
[V4 12:46:47] TRACK_C (V10_RESIDUAL): contrast=+0.063868 score=0.749230 at (0.117588,-0.213159)
[V4 12:46:47] === V4 TRACK-LOCAL CONTROLS ===
[V4 12:46:49] TRACK_A: C_full=+0.079369 C_event=+0.007789 C_residual=+0.022548 boundary_dist=0.367
[V4 12:46:52] TRACK_B: C_full=-0.066746 C_event=+0.067671 C_residual=-0.087672 boundary_dist=0.301
[V4 12:46:55] TRACK_C: C_full=-0.051787 C_event=-0.002522 C_residual=+0.063868 boundary_dist=0.429
[V4 12:46:55] === V4 SEARCH-AWARE NULL ===
[V4 12:47:58]   null 8/32: max so far 0.852035
[V4 12:48:12] TRACK_C (V10_RESIDUAL): contrast=+0.063868 score=0.749230 at (0.117588,-0.213159)
[V4 12:48:12] === V4 TRACK-LOCAL CONTROLS ===
[V4 12:48:21] TRACK_A: C_full=+0.079369 C_event=+0.007789 C_residual=+0.022548 boundary_dist=0.367
[V4 12:48:27] TRACK_B: C_full=-0.066746 C_event=+0.067671 C_residual=-0.087672 boundary_dist=0.301
[V4 12:48:33] TRACK_C: C_full=-0.051787 C_event=-0.002522 C_residual=+0.063868 boundary_dist=0.429
[V4 12:48:33] === V4 SEARCH-AWARE NULL ===
[V4 12:49:08]   null 16/32: max so far 0.852035
[V4 12:49:55]   null 8/32: max so far 0.852035
[V4 12:50:18]   null 24/32: max so far 0.852035
[V4 12:51:03]   null 16/32: max so far 0.852035
[V4 12:51:21]   null 32/32: max so far 0.852035
[V4 12:51:30] null: N=32 max=0.852035 observed=0.818943 p_emp=1.0000
[V4 12:52:07]   null 24/32: max so far 0.852035
[V4 12:53:11]   null 32/32: max so far 0.852035
[V4 12:53:13] null: N=32 max=0.852035 observed=0.818943 p_emp=1.0000
[V4 12:54:36] random-param null: N=32 max=0.860910
[V4 12:54:36] === V4 TEMPORAL ANALYSIS ===
[V4 12:55:32] === V4 VALIDATION ===
[V4 12:55:37] validation: repeat_identical=True depths=[0.8200475211801932, 0.8189434690189161, 0, 0]
[V4 12:55:37] === V4 DIFFERENCE FIELD ANALYSIS ===
[V4 12:55:39] === V4 HIGH-PASS ANALYSIS ===
[V4 12:55:43] high-pass: V1_hp=-0.20196653097996087
[V4 12:55:43] === V4 SPECTRAL SURROGATES (100) ===
[V4 12:55:56]   surrogates 20/100 done
[V4 12:56:08]   surrogates 40/100 done
[V4 12:56:20]   surrogates 60/100 done
[V4 12:56:23] random-param null: N=32 max=0.860910
[V4 12:56:23] === V4 TEMPORAL ANALYSIS ===
[V4 12:56:34]   surrogates 80/100 done
[V4 12:56:54]   surrogates 100/100 done
[V4 12:56:56] surrogates: mean=0.562291 max=0.805736
[V4 12:56:56] === V4 WORLD_PRIME BENCHMARK ===
[V4 12:57:39] benchmark: prime=1/20
[V4 12:57:39] === V4 REPRODUCIBILITY ===
[V4 12:57:43] reproducibility: [0.8189434690189161, 0.8189434690189161, 0.8189434690189161] identical=True
[V4 12:57:43] === V4 REPORT ===
[V4 12:57:43] report_v4.md written (263 lines)
[V4 12:57:43] === V4 PIPELINE COMPLETE (status: NO_PRIME_SPECIFIC_SIGNAL) ===
[V4 12:58:11] === V4 VALIDATION ===
[V4 12:58:38] validation: repeat_identical=True depths=[0.8200475211801932, 0.8189434690189161, 0, 0]
[V4 12:58:38] === V4 DIFFERENCE FIELD ANALYSIS ===
[V4 12:58:42] === V4 HIGH-PASS ANALYSIS ===
[V4 12:58:51] high-pass: V1_hp=-0.20196653097996087
[V4 12:58:51] === V4 SPECTRAL SURROGATES (100) ===
[V4 12:59:15]   surrogates 20/100 done
[V4 12:59:31]   surrogates 40/100 done
[V4 12:59:48]   surrogates 60/100 done
[V4 13:00:04]   surrogates 80/100 done
[V4 13:00:20]   surrogates 100/100 done
[V4 13:00:22] surrogates: mean=0.562291 max=0.805736
[V4 13:00:22] === V4 WORLD_PRIME BENCHMARK ===
[V4 13:00:54] benchmark: prime=1/20
[V4 13:00:54] === V4 REPRODUCIBILITY ===
[V4 13:00:57] reproducibility: [0.8189434690189161, 0.8189434690189161, 0.8189434690189161] identical=True
[V4 13:00:57] === V4 REPORT ===
[V4 13:00:57] report_v4.md written (263 lines)
[V4 13:00:57] === V4 PIPELINE COMPLETE (status: NO_PRIME_SPECIFIC_SIGNAL) ===
