1 -0.700000 0.270150 V1_INV_PI V1_INV_PI 1.0000 2 0 200 7331
2 -0.700000 0.270150 V0_NONE V0_NONE 1.0000 2 0 200 7331
3 -0.680000 0.270150 V1_INV_PI V1 1.0000 2 0 200 7331
4 -0.720000 0.270150 V1_INV_PI V1 1.0000 2 0 200 7331
5 -0.700000 0.290150 V1_INV_PI V1 1.0000 2 0 200 7331
6 -0.700000 0.250150 V1_INV_PI V1 1.0000 2 0 200 7331
7 -0.685858 0.284292 V1_INV_PI V1 1.0000 2 0 200 7331
8 -0.685858 0.256008 V1_INV_PI V1 1.0000 2 0 200 7331
9 -0.714142 0.284292 V1_INV_PI V1 1.0000 2 0 200 7331
10 -0.714142 0.256008 V1_INV_PI V1 1.0000 2 0 200 7331
11 -0.688743 0.250473 V1_INV_PI V1 1.0000 2 0 200 7331
12 -0.697000 0.270150 V1_INV_PI V1 1.0000 2 0 200 7331
13 -0.743000 0.270150 V1_INV_PI V1 1.0000 2 0 200 7331
14 -0.720000 0.293150 V1_INV_PI V1 1.0000 2 0 200 7331
15 -0.720000 0.247150 V1_INV_PI V1 1.0000 2 0 200 7331
16 -0.703737 0.286413 V1_INV_PI V1 1.0000 2 0 200 7331
17 -0.703737 0.253887 V1_INV_PI V1 1.0000 2 0 200 7331
18 -0.736263 0.286413 V1_INV_PI V1 1.0000 2 0 200 7331
19 -0.736263 0.253887 V1_INV_PI V1 1.0000 2 0 200 7331
20 -0.705779 0.285648 V1_INV_PI V1 1.0000 2 0 200 7331
21 -0.708500 0.270150 V1_INV_PI V1 1.0000 2 0 200 7331
22 -0.731500 0.270150 V1_INV_PI V1 1.0000 2 0 200 7331
23 -0.720000 0.281650 V1_INV_PI V1 1.0000 2 0 200 7331
24 -0.720000 0.258650 V1_INV_PI V1 1.0000 2 0 200 7331
25 -0.711868 0.278282 V1_INV_PI V1 1.0000 2 0 200 7331
26 -0.711868 0.262018 V1_INV_PI V1 1.0000 2 0 200 7331
27 -0.728132 0.278282 V1_INV_PI V1 1.0000 2 0 200 7331
28 -0.728132 0.262018 V1_INV_PI V1 1.0000 2 0 200 7331
29 -0.729526 0.260413 V1_INV_PI V1 1.0000 2 0 200 7331
30 -0.714250 0.270150 V1_INV_PI V1 1.0000 2 0 200 7331
31 -0.725750 0.270150 V1_INV_PI V1 1.0000 2 0 200 7331
32 -0.720000 0.275900 V1_INV_PI V1 1.0000 2 0 200 7331
33 -0.720000 0.264400 V1_INV_PI V1 1.0000 2 0 200 7331
34 -0.715934 0.274216 V1_INV_PI V1 1.0000 2 0 200 7331
35 -0.715934 0.266084 V1_INV_PI V1 1.0000 2 0 200 7331
36 -0.724066 0.274216 V1_INV_PI V1 1.0000 2 0 200 7331
37 -0.724066 0.266084 V1_INV_PI V1 1.0000 2 0 200 7331
38 -0.720589 0.265294 V1_INV_PI V1 1.0000 2 0 200 7331
39 -0.717125 0.270150 V1_INV_PI V1 1.0000 2 0 200 7331
40 -0.722875 0.270150 V1_INV_PI V1 1.0000 2 0 200 7331
41 -0.720000 0.273025 V1_INV_PI V1 1.0000 2 0 200 7331
42 -0.720000 0.267275 V1_INV_PI V1 1.0000 2 0 200 7331
43 -0.717967 0.272183 V1_INV_PI V1 1.0000 2 0 200 7331
44 -0.717967 0.268117 V1_INV_PI V1 1.0000 2 0 200 7331
45 -0.722033 0.272183 V1_INV_PI V1 1.0000 2 0 200 7331
46 -0.722033 0.268117 V1_INV_PI V1 1.0000 2 0 200 7331
47 -0.722550 0.268003 V1_INV_PI V1 1.0000 2 0 200 7331
48 -0.718562 0.270150 V1_INV_PI V1 1.0000 2 0 200 7331
49 -0.721437 0.270150 V1_INV_PI V1 1.0000 2 0 200 7331
50 -0.720000 0.271587 V1_INV_PI V1 1.0000 2 0 200 7331
51 -0.720000 0.268713 V1_INV_PI V1 1.0000 2 0 200 7331
52 -0.718984 0.271166 V1_INV_PI V1 1.0000 2 0 200 7331
53 -0.718984 0.269134 V1_INV_PI V1 1.0000 2 0 200 7331
54 -0.721016 0.271166 V1_INV_PI V1 1.0000 2 0 200 7331
55 -0.721016 0.269134 V1_INV_PI V1 1.0000 2 0 200 7331
56 -0.720422 0.270745 V1_INV_PI V1 1.0000 2 0 200 7331
57 -0.718769 0.270745 V1_INV_PI V1 1.0000 2 0 200 7331
58 -0.722075 0.270745 V1_INV_PI V1 1.0000 2 0 200 7331
59 -0.720422 0.272398 V1_INV_PI V1 1.0000 2 0 200 7331
60 -0.720422 0.269092 V1_INV_PI V1 1.0000 2 0 200 7331
61 -0.719253 0.271914 V1_INV_PI V1 1.0000 2 0 200 7331
62 -0.719253 0.269576 V1_INV_PI V1 1.0000 2 0 200 7331
63 -0.721591 0.271914 V1_INV_PI V1 1.0000 2 0 200 7331
64 -0.721591 0.269576 V1_INV_PI V1 1.0000 2 0 200 7331
65 -0.721259 0.271470 V1_INV_PI V1 1.0000 2 0 200 7331
66 -0.719595 0.270745 V1_INV_PI V1 1.0000 2 0 200 7331
67 -0.721248 0.270745 V1_INV_PI V1 1.0000 2 0 200 7331
68 -0.720422 0.271571 V1_INV_PI V1 1.0000 2 0 200 7331
69 -0.720422 0.269918 V1_INV_PI V1 1.0000 2 0 200 7331
70 -0.719837 0.271329 V1_INV_PI V1 1.0000 2 0 200 7331
71 -0.719837 0.270160 V1_INV_PI V1 1.0000 2 0 200 7331
72 -0.721006 0.271329 V1_INV_PI V1 1.0000 2 0 200 7331
73 -0.721006 0.270160 V1_INV_PI V1 1.0000 2 0 200 7331
74 -0.721057 0.271545 V1_INV_PI V1 1.0000 2 0 200 7331
75 -0.718887 0.270160 V1_INV_PI V1 1.0000 2 0 200 7331
76 -0.720788 0.270160 V1_INV_PI V1 1.0000 2 0 200 7331
77 -0.719837 0.271111 V1_INV_PI V1 1.0000 2 0 200 7331
78 -0.719837 0.269210 V1_INV_PI V1 1.0000 2 0 200 7331
79 -0.719165 0.270833 V1_INV_PI V1 1.0000 2 0 200 7331
80 -0.719165 0.269488 V1_INV_PI V1 1.0000 2 0 200 7331
81 -0.720510 0.270833 V1_INV_PI V1 1.0000 2 0 200 7331
82 -0.720510 0.269488 V1_INV_PI V1 1.0000 2 0 200 7331
83 -0.720211 0.270816 V1_INV_PI V1 1.0000 2 0 200 7331
84 -0.719362 0.270160 V1_INV_PI V1 1.0000 2 0 200 7331
85 -0.720313 0.270160 V1_INV_PI V1 1.0000 2 0 200 7331
86 -0.719837 0.270636 V1_INV_PI V1 1.0000 2 0 200 7331
87 -0.719837 0.269685 V1_INV_PI V1 1.0000 2 0 200 7331
88 -0.719501 0.270496 V1_INV_PI V1 1.0000 2 0 200 7331
89 -0.719501 0.269824 V1_INV_PI V1 1.0000 2 0 200 7331
90 -0.720174 0.270496 V1_INV_PI V1 1.0000 2 0 200 7331
91 -0.720174 0.269824 V1_INV_PI V1 1.0000 2 0 200 7331
92 -0.720020 0.270221 V1_INV_PI V1 1.0000 2 0 200 7331
93 -0.718816 0.270160 V1_INV_PI V1 1.0000 2 0 200 7331
94 -0.719909 0.270160 V1_INV_PI V1 1.0000 2 0 200 7331
95 -0.719362 0.270707 V1_INV_PI V1 1.0000 2 0 200 7331
96 -0.719362 0.269614 V1_INV_PI V1 1.0000 2 0 200 7331
97 -0.718976 0.270547 V1_INV_PI V1 1.0000 2 0 200 7331
98 -0.718976 0.269774 V1_INV_PI V1 1.0000 2 0 200 7331
99 -0.719749 0.270547 V1_INV_PI V1 1.0000 2 0 200 7331
100 -0.719749 0.269774 V1_INV_PI V1 1.0000 2 0 200 7331
101 -0.719030 0.269958 V1_INV_PI V1 1.0000 2 0 200 7331
102 -0.719089 0.270160 V1_INV_PI V1 1.0000 2 0 200 7331
103 -0.719635 0.270160 V1_INV_PI V1 1.0000 2 0 200 7331
104 -0.719362 0.270434 V1_INV_PI V1 1.0000 2 0 200 7331
105 -0.719362 0.269887 V1_INV_PI V1 1.0000 2 0 200 7331
106 -0.719169 0.270354 V1_INV_PI V1 1.0000 2 0 200 7331
107 -0.719169 0.269967 V1_INV_PI V1 1.0000 2 0 200 7331
108 -0.719555 0.270354 V1_INV_PI V1 1.0000 2 0 200 7331
109 -0.719555 0.269967 V1_INV_PI V1 1.0000 2 0 200 7331
110 -0.719152 0.270343 V1_INV_PI V1 1.0000 2 0 200 7331
111 -0.719321 0.270160 V1_INV_PI V1 1.0000 2 0 200 7331
112 -0.719950 0.270160 V1_INV_PI V1 1.0000 2 0 200 7331
113 -0.719635 0.270475 V1_INV_PI V1 1.0000 2 0 200 7331
114 -0.719635 0.269846 V1_INV_PI V1 1.0000 2 0 200 7331
115 -0.719413 0.270383 V1_INV_PI V1 1.0000 2 0 200 7331
116 -0.719413 0.269938 V1_INV_PI V1 1.0000 2 0 200 7331
117 -0.719858 0.270383 V1_INV_PI V1 1.0000 2 0 200 7331
118 -0.719858 0.269938 V1_INV_PI V1 1.0000 2 0 200 7331
119 -0.719461 0.270311 V1_INV_PI V1 1.0000 2 0 200 7331
120 -0.719052 0.270383 V1_INV_PI V1 1.0000 2 0 200 7331
121 -0.719775 0.270383 V1_INV_PI V1 1.0000 2 0 200 7331
122 -0.719413 0.270744 V1_INV_PI V1 1.0000 2 0 200 7331
123 -0.719413 0.270021 V1_INV_PI V1 1.0000 2 0 200 7331
124 -0.719158 0.270638 V1_INV_PI V1 1.0000 2 0 200 7331
125 -0.719158 0.270127 V1_INV_PI V1 1.0000 2 0 200 7331
126 -0.719669 0.270638 V1_INV_PI V1 1.0000 2 0 200 7331
127 -0.719669 0.270127 V1_INV_PI V1 1.0000 2 0 200 7331
128 -0.719635 0.270605 V1_INV_PI V1 1.0000 2 0 200 7331
