1 -0.719233 0.270383 V1_INV_PI V1 1.0000 2 0 200 7331
2 -0.719594 0.270383 V1_INV_PI V1 1.0000 2 0 200 7331
3 -0.719413 0.270563 V1_INV_PI V1 1.0000 2 0 200 7331
4 -0.719413 0.270202 V1_INV_PI V1 1.0000 2 0 200 7331
5 -0.719285 0.270510 V1_INV_PI V1 1.0000 2 0 200 7331
6 -0.719285 0.270255 V1_INV_PI V1 1.0000 2 0 200 7331
7 -0.719541 0.270510 V1_INV_PI V1 1.0000 2 0 200 7331
8 -0.719541 0.270255 V1_INV_PI V1 1.0000 2 0 200 7331
9 -0.719587 0.270529 V1_INV_PI V1 1.0000 2 0 200 7331
10 -0.719078 0.270255 V1_INV_PI V1 1.0000 2 0 200 7331
11 -0.719493 0.270255 V1_INV_PI V1 1.0000 2 0 200 7331
12 -0.719285 0.270463 V1_INV_PI V1 1.0000 2 0 200 7331
13 -0.719285 0.270047 V1_INV_PI V1 1.0000 2 0 200 7331
14 -0.719139 0.270402 V1_INV_PI V1 1.0000 2 0 200 7331
15 -0.719139 0.270108 V1_INV_PI V1 1.0000 2 0 200 7331
16 -0.719432 0.270402 V1_INV_PI V1 1.0000 2 0 200 7331
17 -0.719432 0.270108 V1_INV_PI V1 1.0000 2 0 200 7331
18 -0.719455 0.270353 V1_INV_PI V1 1.0000 2 0 200 7331
19 -0.719182 0.270255 V1_INV_PI V1 1.0000 2 0 200 7331
20 -0.719389 0.270255 V1_INV_PI V1 1.0000 2 0 200 7331
21 -0.719285 0.270359 V1_INV_PI V1 1.0000 2 0 200 7331
22 -0.719285 0.270151 V1_INV_PI V1 1.0000 2 0 200 7331
23 -0.719212 0.270328 V1_INV_PI V1 1.0000 2 0 200 7331
24 -0.719212 0.270181 V1_INV_PI V1 1.0000 2 0 200 7331
25 -0.719359 0.270328 V1_INV_PI V1 1.0000 2 0 200 7331
26 -0.719359 0.270181 V1_INV_PI V1 1.0000 2 0 200 7331
27 -0.719185 0.270277 V1_INV_PI V1 1.0000 2 0 200 7331
28 -0.719270 0.270255 V1_INV_PI V1 1.0000 2 0 200 7331
29 -0.719509 0.270255 V1_INV_PI V1 1.0000 2 0 200 7331
30 -0.719389 0.270374 V1_INV_PI V1 1.0000 2 0 200 7331
31 -0.719389 0.270135 V1_INV_PI V1 1.0000 2 0 200 7331
32 -0.719305 0.270339 V1_INV_PI V1 1.0000 2 0 200 7331
33 -0.719305 0.270170 V1_INV_PI V1 1.0000 2 0 200 7331
34 -0.719474 0.270339 V1_INV_PI V1 1.0000 2 0 200 7331
35 -0.719474 0.270170 V1_INV_PI V1 1.0000 2 0 200 7331
36 -0.719332 0.270367 V1_INV_PI V1 1.0000 2 0 200 7331
37 -0.719330 0.270255 V1_INV_PI V1 1.0000 2 0 200 7331
38 -0.719449 0.270255 V1_INV_PI V1 1.0000 2 0 200 7331
39 -0.719389 0.270315 V1_INV_PI V1 1.0000 2 0 200 7331
40 -0.719389 0.270195 V1_INV_PI V1 1.0000 2 0 200 7331
41 -0.719347 0.270297 V1_INV_PI V1 1.0000 2 0 200 7331
42 -0.719347 0.270213 V1_INV_PI V1 1.0000 2 0 200 7331
43 -0.719432 0.270297 V1_INV_PI V1 1.0000 2 0 200 7331
44 -0.719432 0.270213 V1_INV_PI V1 1.0000 2 0 200 7331
45 -0.719431 0.270219 V1_INV_PI V1 1.0000 2 0 200 7331
46 -0.719363 0.270297 V1_INV_PI V1 1.0000 2 0 200 7331
47 -0.719500 0.270297 V1_INV_PI V1 1.0000 2 0 200 7331
48 -0.719432 0.270366 V1_INV_PI V1 1.0000 2 0 200 7331
49 -0.719432 0.270228 V1_INV_PI V1 1.0000 2 0 200 7331
50 -0.719383 0.270346 V1_INV_PI V1 1.0000 2 0 200 7331
51 -0.719383 0.270249 V1_INV_PI V1 1.0000 2 0 200 7331
52 -0.719480 0.270346 V1_INV_PI V1 1.0000 2 0 200 7331
53 -0.719480 0.270249 V1_INV_PI V1 1.0000 2 0 200 7331
54 -0.719408 0.270340 V1_INV_PI V1 1.0000 2 0 200 7331
55 -0.719397 0.270297 V1_INV_PI V1 1.0000 2 0 200 7331
56 -0.719466 0.270297 V1_INV_PI V1 1.0000 2 0 200 7331
57 -0.719432 0.270331 V1_INV_PI V1 1.0000 2 0 200 7331
58 -0.719432 0.270263 V1_INV_PI V1 1.0000 2 0 200 7331
59 -0.719407 0.270321 V1_INV_PI V1 1.0000 2 0 200 7331
60 -0.719407 0.270273 V1_INV_PI V1 1.0000 2 0 200 7331
61 -0.719456 0.270321 V1_INV_PI V1 1.0000 2 0 200 7331
62 -0.719456 0.270273 V1_INV_PI V1 1.0000 2 0 200 7331
63 -0.719439 0.270263 V1_INV_PI V1 1.0000 2 0 200 7331
64 -0.719414 0.270297 V1_INV_PI V1 1.0000 2 0 200 7331
65 -0.719449 0.270297 V1_INV_PI V1 1.0000 2 0 200 7331
66 -0.719432 0.270314 V1_INV_PI V1 1.0000 2 0 200 7331
67 -0.719432 0.270280 V1_INV_PI V1 1.0000 2 0 200 7331
68 -0.719419 0.270309 V1_INV_PI V1 1.0000 2 0 200 7331
69 -0.719419 0.270285 V1_INV_PI V1 1.0000 2 0 200 7331
70 -0.719444 0.270309 V1_INV_PI V1 1.0000 2 0 200 7331
71 -0.719444 0.270285 V1_INV_PI V1 1.0000 2 0 200 7331
72 -0.719425 0.270280 V1_INV_PI V1 1.0000 2 0 200 7331
73 -0.719422 0.270297 V1_INV_PI V1 1.0000 2 0 200 7331
74 -0.719442 0.270297 V1_INV_PI V1 1.0000 2 0 200 7331
75 -0.719432 0.270307 V1_INV_PI V1 1.0000 2 0 200 7331
76 -0.719432 0.270287 V1_INV_PI V1 1.0000 2 0 200 7331
77 -0.719425 0.270304 V1_INV_PI V1 1.0000 2 0 200 7331
78 -0.719425 0.270290 V1_INV_PI V1 1.0000 2 0 200 7331
79 -0.719439 0.270304 V1_INV_PI V1 1.0000 2 0 200 7331
80 -0.719439 0.270290 V1_INV_PI V1 1.0000 2 0 200 7331
81 -0.719429 0.270299 V1_INV_PI V1 1.0000 2 0 200 7331
82 -0.719430 0.270297 V1_INV_PI V1 1.0000 2 0 200 7331
83 -0.719453 0.270297 V1_INV_PI V1 1.0000 2 0 200 7331
84 -0.719442 0.270309 V1_INV_PI V1 1.0000 2 0 200 7331
85 -0.719442 0.270286 V1_INV_PI V1 1.0000 2 0 200 7331
86 -0.719433 0.270305 V1_INV_PI V1 1.0000 2 0 200 7331
87 -0.719433 0.270289 V1_INV_PI V1 1.0000 2 0 200 7331
88 -0.719450 0.270305 V1_INV_PI V1 1.0000 2 0 200 7331
89 -0.719450 0.270289 V1_INV_PI V1 1.0000 2 0 200 7331
90 -0.719452 0.270296 V1_INV_PI V1 1.0000 2 0 200 7331
91 -0.719452 0.270297 V1_INV_PI V1 1.0000 2 0 200 7331
92 -0.719442 0.270307 V1_INV_PI V1 1.0000 2 0 200 7331
93 -0.719442 0.270287 V1_INV_PI V1 1.0000 2 0 200 7331
94 -0.719435 0.270304 V1_INV_PI V1 1.0000 2 0 200 7331
95 -0.719435 0.270290 V1_INV_PI V1 1.0000 2 0 200 7331
96 -0.719449 0.270304 V1_INV_PI V1 1.0000 2 0 200 7331
97 -0.719449 0.270290 V1_INV_PI V1 1.0000 2 0 200 7331
98 -0.719440 0.270292 V1_INV_PI V1 1.0000 2 0 200 7331
99 -0.719447 0.270289 V1_INV_PI V1 1.0000 2 0 200 7331
100 -0.719434 0.270306 V1_INV_PI V1 1.0000 2 0 200 7331
101 -0.719436 0.270295 V1_INV_PI V1 1.0000 2 0 200 7331
102 -0.719434 0.270291 V1_INV_PI V1 1.0000 2 0 200 7331
103 -0.719442 0.270301 V1_INV_PI V1 1.0000 2 0 200 7331
104 -0.719435 0.270303 V1_INV_PI V1 1.0000 2 0 200 7331
105 -0.719446 0.270299 V1_INV_PI V1 1.0000 2 0 200 7331
106 -0.719433 0.270294 V1_INV_PI V1 1.0000 2 0 200 7331
107 -0.719445 0.270303 V1_INV_PI V1 1.0000 2 0 200 7331
108 -0.719436 0.270287 V1_INV_PI V1 1.0000 2 0 200 7331
109 -0.719445 0.270291 V1_INV_PI V1 1.0000 2 0 200 7331
110 -0.719450 0.270305 V1_INV_PI V1 1.0000 2 0 200 7331
111 -0.719451 0.270290 V1_INV_PI V1 1.0000 2 0 200 7331
112 -0.719432 0.270296 V1_INV_PI V1 1.0000 2 0 200 7331
113 -0.719421 0.270296 V1_INV_PI V1 1.0000 2 0 200 7331
114 -0.719444 0.270296 V1_INV_PI V1 1.0000 2 0 200 7331
115 -0.719432 0.270307 V1_INV_PI V1 1.0000 2 0 200 7331
116 -0.719432 0.270284 V1_INV_PI V1 1.0000 2 0 200 7331
117 -0.719424 0.270304 V1_INV_PI V1 1.0000 2 0 200 7331
118 -0.719424 0.270288 V1_INV_PI V1 1.0000 2 0 200 7331
119 -0.719440 0.270304 V1_INV_PI V1 1.0000 2 0 200 7331
120 -0.719440 0.270288 V1_INV_PI V1 1.0000 2 0 200 7331
121 -0.719425 0.270291 V1_INV_PI V1 1.0000 2 0 200 7331
122 -0.719422 0.270296 V1_INV_PI V1 1.0000 2 0 200 7331
123 -0.719442 0.270296 V1_INV_PI V1 1.0000 2 0 200 7331
124 -0.719432 0.270306 V1_INV_PI V1 1.0000 2 0 200 7331
125 -0.719432 0.270286 V1_INV_PI V1 1.0000 2 0 200 7331
126 -0.719425 0.270303 V1_INV_PI V1 1.0000 2 0 200 7331
127 -0.719425 0.270289 V1_INV_PI V1 1.0000 2 0 200 7331
128 -0.719439 0.270303 V1_INV_PI V1 1.0000 2 0 200 7331
