1 -0.719439 0.270289 V1_INV_PI V1 1.0000 2 0 200 7331
2 -0.719436 0.270288 V1_INV_PI V1 1.0000 2 0 200 7331
3 -0.719439 0.270291 V1_INV_PI V1 1.0000 2 0 200 7331
4 -0.719439 0.270295 V1_INV_PI V1 1.0000 2 0 200 7331
5 -0.719434 0.270300 V1_INV_PI V1 1.0000 2 0 200 7331
6 -0.719430 0.270305 V1_INV_PI V1 1.0000 2 0 200 7331
7 -0.719438 0.270298 V1_INV_PI V1 1.0000 2 0 200 7331
8 -0.719426 0.270298 V1_INV_PI V1 1.0000 2 0 200 7331
9 -0.719449 0.270298 V1_INV_PI V1 1.0000 2 0 200 7331
10 -0.719438 0.270309 V1_INV_PI V1 1.0000 2 0 200 7331
11 -0.719438 0.270286 V1_INV_PI V1 1.0000 2 0 200 7331
12 -0.719430 0.270306 V1_INV_PI V1 1.0000 2 0 200 7331
13 -0.719430 0.270290 V1_INV_PI V1 1.0000 2 0 200 7331
14 -0.719446 0.270306 V1_INV_PI V1 1.0000 2 0 200 7331
15 -0.719446 0.270290 V1_INV_PI V1 1.0000 2 0 200 7331
16 -0.719427 0.270309 V1_INV_PI V1 1.0000 2 0 200 7331
17 -0.719428 0.270298 V1_INV_PI V1 1.0000 2 0 200 7331
18 -0.719448 0.270298 V1_INV_PI V1 1.0000 2 0 200 7331
19 -0.719438 0.270308 V1_INV_PI V1 1.0000 2 0 200 7331
20 -0.719438 0.270288 V1_INV_PI V1 1.0000 2 0 200 7331
21 -0.719431 0.270305 V1_INV_PI V1 1.0000 2 0 200 7331
22 -0.719431 0.270291 V1_INV_PI V1 1.0000 2 0 200 7331
23 -0.719445 0.270305 V1_INV_PI V1 1.0000 2 0 200 7331
24 -0.719445 0.270291 V1_INV_PI V1 1.0000 2 0 200 7331
25 -0.719430 0.270302 V1_INV_PI V1 1.0000 2 0 200 7331
26 -0.719441 0.270292 V1_INV_PI V1 1.0000 2 0 200 7331
27 -0.719432 0.270289 V1_INV_PI V1 1.0000 2 0 200 7331
28 -0.719429 0.270292 V1_INV_PI V1 1.0000 2 0 200 7331
29 -0.719447 0.270293 V1_INV_PI V1 1.0000 2 0 200 7331
30 -0.719437 0.270294 V1_INV_PI V1 1.0000 2 0 200 7331
31 -0.719432 0.270294 V1_INV_PI V1 1.0000 2 0 200 7331
32 -0.719433 0.270304 V1_INV_PI V1 1.0000 2 0 200 7331
33 -0.719436 0.270303 V1_INV_PI V1 1.0000 2 0 200 7331
34 -0.719442 0.270305 V1_INV_PI V1 1.0000 2 0 200 7331
35 -0.719443 0.270294 V1_INV_PI V1 1.0000 2 0 200 7331
36 -0.719444 0.270298 V1_INV_PI V1 1.0000 2 0 200 7331
37 -0.719431 0.270304 V1_INV_PI V1 1.0000 2 0 200 7331
38 -0.719439 0.270306 V1_INV_PI V1 1.0000 2 0 200 7331
39 -0.719445 0.270292 V1_INV_PI V1 1.0000 2 0 200 7331
40 -0.719431 0.270304 V1_INV_PI V1 1.0000 2 0 200 7331
41 -0.719446 0.270296 V1_INV_PI V1 1.0000 2 0 200 7331
42 -0.719435 0.270307 V1_INV_PI V1 1.0000 2 0 200 7331
43 -0.719446 0.270306 V1_INV_PI V1 1.0000 2 0 200 7331
44 1.000000 0.000000 V1_INV_PI V1 1.0000 2 0 200 7331
45 0.980000 0.000000 V1_INV_PI V1 1.0000 2 0 200 7331
46 1.000000 0.020000 V1_INV_PI V1 1.0000 2 0 200 7331
47 1.000000 -0.020000 V1_INV_PI V1 1.0000 2 0 200 7331
48 1.000000 0.014142 V1_INV_PI V1 1.0000 2 0 200 7331
49 1.000000 -0.014142 V1_INV_PI V1 1.0000 2 0 200 7331
50 0.985858 0.014142 V1_INV_PI V1 1.0000 2 0 200 7331
51 0.985858 -0.014142 V1_INV_PI V1 1.0000 2 0 200 7331
52 1.000000 -0.009825 V1_INV_PI V1 1.0000 2 0 200 7331
53 0.957000 0.000000 V1_INV_PI V1 1.0000 2 0 200 7331
54 0.980000 0.023000 V1_INV_PI V1 1.0000 2 0 200 7331
55 0.980000 -0.023000 V1_INV_PI V1 1.0000 2 0 200 7331
56 0.996263 0.016263 V1_INV_PI V1 1.0000 2 0 200 7331
57 0.996263 -0.016263 V1_INV_PI V1 1.0000 2 0 200 7331
58 0.963737 0.016263 V1_INV_PI V1 1.0000 2 0 200 7331
59 0.963737 -0.016263 V1_INV_PI V1 1.0000 2 0 200 7331
60 0.971538 0.010818 V1_INV_PI V1 1.0000 2 0 200 7331
61 0.991500 0.000000 V1_INV_PI V1 1.0000 2 0 200 7331
62 0.968500 0.000000 V1_INV_PI V1 1.0000 2 0 200 7331
63 0.980000 0.011500 V1_INV_PI V1 1.0000 2 0 200 7331
64 0.980000 -0.011500 V1_INV_PI V1 1.0000 2 0 200 7331
65 0.988132 0.008132 V1_INV_PI V1 1.0000 2 0 200 7331
66 0.988132 -0.008132 V1_INV_PI V1 1.0000 2 0 200 7331
67 0.971868 0.008132 V1_INV_PI V1 1.0000 2 0 200 7331
68 0.971868 -0.008132 V1_INV_PI V1 1.0000 2 0 200 7331
69 0.990122 0.006170 V1_INV_PI V1 1.0000 2 0 200 7331
70 0.993225 0.011500 V1_INV_PI V1 1.0000 2 0 200 7331
71 0.966775 0.011500 V1_INV_PI V1 1.0000 2 0 200 7331
72 0.980000 0.024725 V1_INV_PI V1 1.0000 2 0 200 7331
73 0.980000 -0.001725 V1_INV_PI V1 1.0000 2 0 200 7331
74 0.989351 0.020851 V1_INV_PI V1 1.0000 2 0 200 7331
75 0.989351 0.002149 V1_INV_PI V1 1.0000 2 0 200 7331
76 0.970649 0.020851 V1_INV_PI V1 1.0000 2 0 200 7331
77 0.970649 0.002149 V1_INV_PI V1 1.0000 2 0 200 7331
78 0.976139 0.020802 V1_INV_PI V1 1.0000 2 0 200 7331
79 0.986613 0.011500 V1_INV_PI V1 1.0000 2 0 200 7331
80 0.973387 0.011500 V1_INV_PI V1 1.0000 2 0 200 7331
81 0.980000 0.018113 V1_INV_PI V1 1.0000 2 0 200 7331
82 0.980000 0.004888 V1_INV_PI V1 1.0000 2 0 200 7331
83 0.984676 0.016176 V1_INV_PI V1 1.0000 2 0 200 7331
84 0.984676 0.006824 V1_INV_PI V1 1.0000 2 0 200 7331
85 0.975324 0.016176 V1_INV_PI V1 1.0000 2 0 200 7331
86 0.975324 0.006824 V1_INV_PI V1 1.0000 2 0 200 7331
87 0.983830 0.008242 V1_INV_PI V1 1.0000 2 0 200 7331
88 0.991434 0.008242 V1_INV_PI V1 1.0000 2 0 200 7331
89 0.976226 0.008242 V1_INV_PI V1 1.0000 2 0 200 7331
90 0.983830 0.015846 V1_INV_PI V1 1.0000 2 0 200 7331
91 0.983830 0.000637 V1_INV_PI V1 1.0000 2 0 200 7331
92 0.989207 0.013619 V1_INV_PI V1 1.0000 2 0 200 7331
93 0.989207 0.002865 V1_INV_PI V1 1.0000 2 0 200 7331
94 0.978453 0.013619 V1_INV_PI V1 1.0000 2 0 200 7331
95 0.978453 0.002865 V1_INV_PI V1 1.0000 2 0 200 7331
96 0.982786 0.002849 V1_INV_PI V1 1.0000 2 0 200 7331
97 0.991531 0.002849 V1_INV_PI V1 1.0000 2 0 200 7331
98 0.974040 0.002849 V1_INV_PI V1 1.0000 2 0 200 7331
99 0.982786 0.011595 V1_INV_PI V1 1.0000 2 0 200 7331
100 0.982786 -0.005896 V1_INV_PI V1 1.0000 2 0 200 7331
101 0.988969 0.009033 V1_INV_PI V1 1.0000 2 0 200 7331
102 0.988969 -0.003334 V1_INV_PI V1 1.0000 2 0 200 7331
103 0.976602 0.009033 V1_INV_PI V1 1.0000 2 0 200 7331
104 0.976602 -0.003334 V1_INV_PI V1 1.0000 2 0 200 7331
105 0.988521 0.011290 V1_INV_PI V1 1.0000 2 0 200 7331
106 0.992842 -0.005896 V1_INV_PI V1 1.0000 2 0 200 7331
107 0.972729 -0.005896 V1_INV_PI V1 1.0000 2 0 200 7331
108 0.982786 0.004161 V1_INV_PI V1 1.0000 2 0 200 7331
109 0.982786 -0.015952 V1_INV_PI V1 1.0000 2 0 200 7331
110 0.989897 0.001216 V1_INV_PI V1 1.0000 2 0 200 7331
111 0.989897 -0.013007 V1_INV_PI V1 1.0000 2 0 200 7331
112 0.975674 0.001216 V1_INV_PI V1 1.0000 2 0 200 7331
113 0.975674 -0.013007 V1_INV_PI V1 1.0000 2 0 200 7331
114 0.984677 -0.010175 V1_INV_PI V1 1.0000 2 0 200 7331
115 0.987814 -0.005896 V1_INV_PI V1 1.0000 2 0 200 7331
116 0.977757 -0.005896 V1_INV_PI V1 1.0000 2 0 200 7331
117 0.982786 -0.000867 V1_INV_PI V1 1.0000 2 0 200 7331
118 0.982786 -0.010924 V1_INV_PI V1 1.0000 2 0 200 7331
119 0.986341 -0.002340 V1_INV_PI V1 1.0000 2 0 200 7331
120 0.986341 -0.009451 V1_INV_PI V1 1.0000 2 0 200 7331
121 0.979230 -0.002340 V1_INV_PI V1 1.0000 2 0 200 7331
122 0.979230 -0.009451 V1_INV_PI V1 1.0000 2 0 200 7331
123 0.980436 -0.007150 V1_INV_PI V1 1.0000 2 0 200 7331
124 0.985300 -0.005896 V1_INV_PI V1 1.0000 2 0 200 7331
125 0.980271 -0.005896 V1_INV_PI V1 1.0000 2 0 200 7331
126 0.982786 -0.003381 V1_INV_PI V1 1.0000 2 0 200 7331
127 0.982786 -0.008410 V1_INV_PI V1 1.0000 2 0 200 7331
128 0.984563 -0.004118 V1_INV_PI V1 1.0000 2 0 200 7331
