1	0.582185	0.459806	0.575754	0.627026	0.454180	0.461860	0.996068	0.395446	0.029965	0.418889	106	0.234444	1.000000	4.3	0
2	0.581729	0.459131	0.575768	0.627631	0.451831	0.461886	0.995857	0.393178	0.031759	0.421111	102	0.234444	1.000000	3.9	0
3	0.582159	0.460097	0.575720	0.626770	0.454812	0.461213	0.995717	0.395879	0.032216	0.418889	105	0.234444	1.000000	3.8	0
4	0.581982	0.459840	0.575713	0.626922	0.453851	0.461412	0.995581	0.394401	0.029773	0.418889	106	0.234444	1.000000	4.1	0
5	0.583478	0.462902	0.575707	0.626031	0.456590	0.464617	0.995406	0.396910	0.040065	0.418889	107	0.234444	0.996667	3.8	0
6	0.582309	0.461167	0.575580	0.625672	0.455209	0.462414	0.994572	0.395417	0.029679	0.418889	102	0.234444	0.998889	3.9	0
7	0.585413	0.466865	0.575822	0.627147	0.458140	0.469943	0.993594	0.394935	0.029873	0.416667	102	0.234444	0.996667	4.0	0
8	0.580357	0.456993	0.575541	0.626400	0.453602	0.456510	0.995341	0.396112	0.038541	0.416667	106	0.234444	1.000000	3.9	0
9	0.581058	0.458161	0.575485	0.626245	0.454638	0.458447	0.995301	0.395554	0.020105	0.421111	107	0.234444	1.000000	3.8	0
10	0.579946	0.456493	0.575598	0.626359	0.453149	0.455686	0.994695	0.396641	0.032739	0.407778	107	0.234444	0.998889	3.8	0
11	0.584228	0.464198	0.575779	0.627672	0.454169	0.467774	0.995799	0.396476	0.026711	0.418889	105	0.234444	0.997778	3.8	0
12	0.584499	0.465031	0.575670	0.626391	0.457064	0.467884	0.994598	0.397447	0.045323	0.416667	106	0.234444	0.998889	3.9	0
13	0.582651	0.460423	0.575829	0.626312	0.457675	0.461543	0.995613	0.397610	0.039997	0.414444	106	0.234444	1.000000	3.8	0
14	0.578594	0.454636	0.575374	0.624810	0.456418	0.449222	0.993744	0.395901	0.011956	0.414444	104	0.234444	0.996667	3.8	0
15	0.583738	0.462730	0.575832	0.627349	0.456212	0.465562	0.995414	0.395122	0.022465	0.421111	107	0.234444	0.997778	4.1	0
16	0.581173	0.458686	0.575586	0.626669	0.453362	0.459267	0.995123	0.395528	0.038707	0.414444	106	0.234444	0.998889	4.0	0
17	0.583812	0.463593	0.575678	0.626068	0.457102	0.465241	0.995335	0.399511	0.032772	0.416667	109	0.234444	0.998889	3.8	0
18	0.581561	0.458850	0.575599	0.626555	0.454912	0.459547	0.995708	0.395149	0.026174	0.418889	107	0.234444	1.000000	3.8	0
19	0.576631	0.450779	0.575242	0.625493	0.451745	0.445966	0.994459	0.395391	0.028806	0.412222	104	0.234444	0.998889	3.8	0
20	0.583413	0.462271	0.575834	0.627792	0.453882	0.465475	0.995985	0.395446	0.026599	0.421111	107	0.234444	1.000000	3.8	0
21	0.583892	0.464122	0.575601	0.626503	0.456058	0.466330	0.994586	0.396314	0.035612	0.416667	104	0.234444	0.996667	4.7	0
22	0.584617	0.464771	0.575938	0.627026	0.458049	0.467535	0.994282	0.395530	0.027884	0.416667	107	0.234444	0.996667	3.8	0
23	0.578897	0.454665	0.575407	0.625542	0.454507	0.451266	0.994817	0.396281	0.024886	0.416667	107	0.234444	1.000000	3.8	0
24	0.582552	0.460515	0.575816	0.627019	0.456097	0.461681	0.995544	0.395262	0.027255	0.418889	105	0.234444	0.998889	3.8	0
25	0.581516	0.459712	0.575566	0.626023	0.453235	0.460767	0.994995	0.397732	0.038499	0.416667	104	0.234444	0.997778	3.8	0
26	0.582451	0.460769	0.575713	0.625950	0.457285	0.460598	0.995511	0.396623	0.029660	0.421111	105	0.234444	0.997778	3.8	0
27	0.582010	0.459956	0.575746	0.627111	0.454352	0.461261	0.995004	0.393684	0.038157	0.414444	106	0.234444	0.998889	3.8	0
28	0.584099	0.463336	0.575847	0.626753	0.457629	0.466034	0.995501	0.396448	0.031590	0.414444	107	0.234444	0.998889	4.1	0
29	0.583913	0.463158	0.575803	0.626816	0.458094	0.464541	0.995570	0.396310	0.028934	0.423333	105	0.234444	0.997778	3.8	0
30	0.584991	0.465248	0.575880	0.626869	0.457738	0.468847	0.995193	0.397428	0.023716	0.416667	105	0.234444	1.000000	3.8	0
31	0.584296	0.463973	0.575857	0.627588	0.455882	0.467306	0.995382	0.395069	0.029499	0.418889	102	0.234444	0.998889	4.2	0
32	0.580764	0.458192	0.575553	0.626951	0.451883	0.458973	0.994745	0.395381	0.042281	0.414444	103	0.234444	1.000000	4.1	0
33	0.582443	0.461537	0.575620	0.627172	0.453527	0.462773	0.994638	0.395341	0.034659	0.416667	105	0.234444	0.997778	4.0	0
34	0.583476	0.462785	0.575704	0.626675	0.458250	0.463433	0.994468	0.397584	0.047731	0.418889	103	0.234444	1.000000	4.4	0
35	0.583756	0.462866	0.575789	0.627662	0.456771	0.464586	0.995453	0.395948	0.038699	0.423333	108	0.234444	1.000000	3.8	0
36	0.582689	0.461080	0.575681	0.626928	0.455728	0.462711	0.995075	0.394136	0.030368	0.421111	105	0.234444	1.000000	4.0	0
37	0.582700	0.462145	0.575583	0.626273	0.454621	0.463842	0.994103	0.398495	0.043339	0.416667	103	0.234444	0.997778	3.8	0
38	0.582056	0.460586	0.575673	0.627434	0.453729	0.461748	0.994150	0.396133	0.037504	0.418889	104	0.234444	0.998889	3.8	0
39	0.583030	0.461522	0.575788	0.626857	0.456707	0.463083	0.995227	0.396477	0.026543	0.423333	105	0.234444	0.998889	3.8	0
40	0.582700	0.462145	0.575583	0.626273	0.454621	0.463842	0.994103	0.398495	0.043339	0.416667	103	0.234444	0.997778	4.0	0
41	0.582876	0.461115	0.575636	0.626787	0.456577	0.462288	0.996029	0.394481	0.028135	0.421111	103	0.234444	0.997778	3.8	0
42	0.582964	0.462591	0.575522	0.625485	0.457117	0.463226	0.994089	0.398777	0.026668	0.418889	103	0.234444	0.996667	3.8	0
43	0.578594	0.454636	0.575374	0.624810	0.456418	0.449222	0.993744	0.395901	0.011956	0.414444	104	0.234444	0.996667	4.0	0
44	0.828899	0.890177	0.889214	0.602576	0.639704	0.911595	0.999274	0.000000	0.035278	0.001111	7	0.471111	1.000000	3.7	0
45	0.829923	0.891274	0.890733	0.602714	0.641740	0.912899	0.999276	0.000000	0.031600	0.001111	7	0.460000	1.000000	5.0	0
46	0.827869	0.888920	0.888918	0.602583	0.635500	0.911332	0.999257	0.000000	0.036397	0.001111	8	0.472222	1.000000	3.6	0
47	0.827869	0.888920	0.888918	0.602583	0.635500	0.911332	0.999257	0.000000	0.036397	0.001111	8	0.472222	1.000000	3.6	0
48	0.828560	0.889724	0.889206	0.602579	0.638303	0.911506	0.999265	0.000000	0.036166	0.001111	7	0.472222	1.000000	3.7	0
49	0.828560	0.889724	0.889206	0.602579	0.638303	0.911506	0.999265	0.000000	0.036166	0.001111	7	0.472222	1.000000	5.5	0
50	0.829709	0.891118	0.889887	0.602669	0.641983	0.912378	0.999279	0.000000	0.033985	0.001111	7	0.465556	1.000000	5.5	0
51	0.829709	0.891118	0.889887	0.602669	0.641983	0.912378	0.999279	0.000000	0.033985	0.001111	7	0.465556	1.000000	4.9	0
52	0.828767	0.890002	0.889200	0.602576	0.639203	0.911523	0.999271	0.000000	0.036272	0.001111	7	0.472222	1.000000	4.2	0
53	0.826158	0.886589	0.890829	0.602921	0.623858	0.913279	0.999184	0.000000	0.031134	0.001111	8	0.453333	1.000000	3.8	0
54	0.829911	0.891194	0.890722	0.602714	0.641989	0.912711	0.999282	0.000000	0.033168	0.001111	7	0.461111	1.000000	4.1	0
55	0.829911	0.891194	0.890722	0.602714	0.641989	0.912711	0.999282	0.000000	0.033168	0.001111	7	0.461111	1.000000	3.7	0
56	0.828506	0.889637	0.889122	0.602608	0.638237	0.911417	0.999261	0.000000	0.035918	0.001111	7	0.472222	1.000000	3.8	0
57	0.828506	0.889637	0.889121	0.602608	0.638237	0.911417	0.999261	0.000000	0.035918	0.001111	7	0.472222	1.000000	3.7	0
58	0.825865	0.886058	0.891302	0.602871	0.622382	0.913250	0.999197	0.000000	0.032022	0.001111	9	0.454444	1.000000	3.8	0
59	0.825865	0.886058	0.891302	0.602871	0.622382	0.913250	0.999197	0.000000	0.032022	0.001111	9	0.454444	1.000000	3.7	0
60	0.828589	0.889734	0.890907	0.602792	0.635172	0.912915	0.999252	0.000000	0.031150	0.001111	7	0.456667	1.000000	3.7	0
61	0.829310	0.890430	0.889542	0.602632	0.641494	0.911749	0.999264	0.000000	0.034131	0.001111	7	0.471111	1.000000	3.6	0
62	0.827419	0.888311	0.891327	0.602818	0.628869	0.913360	0.999231	0.000000	0.030235	0.001111	8	0.455556	1.000000	3.6	0
63	0.830080	0.891457	0.890780	0.602714	0.642470	0.912862	0.999280	0.000000	0.032527	0.001111	7	0.460000	1.000000	3.6	0
64	0.830080	0.891457	0.890780	0.602714	0.642470	0.912862	0.999280	0.000000	0.032527	0.001111	7	0.460000	1.000000	3.7	0
65	0.829499	0.890827	0.889490	0.602655	0.641781	0.912081	0.999274	0.000000	0.034315	0.001111	7	0.471111	1.000000	3.6	0
66	0.829499	0.890827	0.889490	0.602655	0.641781	0.912081	0.999274	0.000000	0.034315	0.001111	7	0.471111	1.000000	3.6	0
67	0.828480	0.889579	0.890820	0.602788	0.634837	0.912882	0.999244	0.000000	0.031035	0.001111	7	0.456667	1.000000	3.6	0
68	0.828480	0.889579	0.890820	0.602788	0.634837	0.912882	0.999244	0.000000	0.031035	0.001111	7	0.456667	1.000000	3.6	0
69	0.829350	0.890487	0.889445	0.602645	0.641764	0.911732	0.999268	0.000000	0.034579	0.001111	7	0.471111	1.000000	3.6	0
70	0.829160	0.890316	0.889454	0.602629	0.640825	0.911691	0.999271	0.000000	0.035161	0.001111	7	0.472222	1.000000	3.6	0
71	0.824368	0.883876	0.891405	0.602852	0.615926	0.913292	0.999181	0.000000	0.030935	0.001111	9	0.455556	1.000000	3.6	0
72	0.829816	0.891060	0.890733	0.602717	0.641554	0.912722	0.999282	0.000000	0.033226	0.001111	7	0.461111	1.000000	3.6	0
73	0.829968	0.891314	0.890793	0.602714	0.641909	0.912903	0.999278	0.000000	0.031660	0.001111	7	0.460000	1.000000	3.6	0
74	0.828755	0.889870	0.889632	0.602653	0.638471	0.911895	0.999266	0.000000	0.034766	0.001111	8	0.471111	1.000000	3.6	0
75	0.829379	0.890583	0.889411	0.602647	0.641714	0.911846	0.999269	0.000000	0.033729	0.001111	7	0.471111	1.000000	4.1	0
76	0.829492	0.890705	0.890808	0.602795	0.639736	0.912833	0.999266	0.000000	0.032004	0.001111	7	0.456667	1.000000	3.9	0
77	0.827785	0.888803	0.890745	0.602800	0.631563	0.912883	0.999239	0.000000	0.030216	0.001111	8	0.455556	1.000000	3.6	0
78	0.829943	0.891219	0.891033	0.602748	0.641573	0.912959	0.999275	0.000000	0.032672	0.001111	7	0.458889	1.000000	3.6	0
79	0.829743	0.891146	0.889998	0.602662	0.642059	0.912378	0.999279	0.000000	0.034073	0.001111	7	0.466667	1.000000	3.6	0
80	0.829266	0.890502	0.890913	0.602769	0.638450	0.912882	0.999258	0.000000	0.031512	0.001111	7	0.456667	1.000000	3.6	0
81	0.830251	0.891645	0.890793	0.602712	0.643331	0.912809	0.999287	0.000000	0.033053	0.001111	7	0.458889	1.000000	3.7	0
82	0.829980	0.891367	0.890802	0.602714	0.641930	0.912867	0.999280	0.000000	0.032291	0.001111	7	0.458889	1.000000	3.6	0
83	0.830160	0.891482	0.890614	0.602674	0.643329	0.912700	0.999280	0.000000	0.033844	0.001111	7	0.464444	1.000000	3.6	0
84	0.830368	0.891716	0.890808	0.602673	0.644019	0.912808	0.999282	0.000000	0.033632	0.001111	7	0.463333	1.000000	3.6	0
85	0.829866	0.891207	0.891015	0.602752	0.641099	0.912959	0.999273	0.000000	0.032106	0.001111	7	0.457778	1.000000	3.8	0
86	0.829555	0.890842	0.890905	0.602751	0.639798	0.912913	0.999264	0.000000	0.031628	0.001111	7	0.456667	1.000000	3.9	0
87	0.830392	0.891780	0.890849	0.602679	0.643975	0.912859	0.999284	0.000000	0.033442	0.001111	7	0.462222	1.000000	3.8	0
88	0.829393	0.890532	0.889745	0.602638	0.641604	0.911818	0.999265	0.000000	0.034800	0.001111	7	0.471111	1.000000	3.8	0
89	0.829738	0.891093	0.891013	0.602747	0.640344	0.913059	0.999272	0.000000	0.031715	0.001111	7	0.458889	1.000000	3.7	0
90	0.830247	0.891598	0.890700	0.602681	0.643540	0.912781	0.999283	0.000000	0.033670	0.001111	7	0.462222	1.000000	4.1	0
91	0.830380	0.891760	0.890862	0.602677	0.643890	0.912887	0.999282	0.000000	0.032711	0.001111	7	0.462222	1.000000	3.6	0
92	0.829315	0.890503	0.889533	0.602651	0.641283	0.911857	0.999268	0.000000	0.034568	0.001111	7	0.472222	1.000000	4.0	0
93	0.829430	0.890679	0.889499	0.602647	0.641702	0.911949	0.999269	0.000000	0.033722	0.001111	7	0.471111	1.000000	3.9	0
94	0.829950	0.891277	0.890683	0.602726	0.642088	0.912763	0.999276	0.000000	0.032358	0.001111	7	0.458889	1.000000	3.7	0
95	0.829786	0.891116	0.890751	0.602728	0.641084	0.912877	0.999276	0.000000	0.031345	0.001111	7	0.458889	1.000000	3.6	0
96	0.830409	0.891791	0.890897	0.602686	0.643991	0.912885	0.999284	0.000000	0.032564	0.001111	7	0.461111	1.000000	3.9	0
97	0.829371	0.890526	0.889638	0.602634	0.641573	0.911819	0.999264	0.000000	0.034067	0.001111	7	0.471111	1.000000	3.9	0
98	0.829194	0.890434	0.890923	0.602764	0.637991	0.912968	0.999258	0.000000	0.030660	0.001111	7	0.457778	1.000000	3.6	0
99	0.830353	0.891730	0.890840	0.602688	0.643829	0.912830	0.999284	0.000000	0.033323	0.001111	7	0.461111	1.000000	3.6	0
100	0.830423	0.891797	0.890895	0.602688	0.644077	0.912879	0.999284	0.000000	0.033224	0.001111	7	0.461111	1.000000	3.6	0
101	0.829445	0.890703	0.889546	0.602651	0.641683	0.911977	0.999271	0.000000	0.034482	0.001111	7	0.471111	1.000000	3.6	0
102	0.829436	0.890712	0.889459	0.602648	0.641690	0.911985	0.999270	0.000000	0.033694	0.001111	7	0.471111	1.000000	3.6	0
103	0.829713	0.891050	0.890816	0.602743	0.640605	0.912898	0.999273	0.000000	0.031804	0.001111	7	0.457778	1.000000	3.7	0
104	0.829589	0.890899	0.891003	0.602740	0.639745	0.913007	0.999268	0.000000	0.031019	0.001111	7	0.457778	1.000000	3.6	0
105	0.829445	0.890733	0.889544	0.602653	0.641566	0.912044	0.999272	0.000000	0.034463	0.001111	7	0.471111	1.000000	3.6	0
106	0.829191	0.890318	0.889487	0.602630	0.641054	0.911644	0.999262	0.000000	0.034869	0.001111	7	0.471111	1.000000	3.7	0
107	0.828833	0.890027	0.890829	0.602779	0.636391	0.912923	0.999253	0.000000	0.031121	0.001111	7	0.456667	1.000000	3.6	0
108	0.830403	0.891787	0.890872	0.602686	0.643981	0.912885	0.999284	0.000000	0.032572	0.001111	7	0.461111	1.000000	3.6	0
109	0.830292	0.891663	0.890776	0.602689	0.643593	0.912832	0.999283	0.000000	0.033459	0.001111	7	0.461111	1.000000	3.6	0
110	0.829330	0.890489	0.889363	0.602644	0.641686	0.911756	0.999267	0.000000	0.033817	0.001111	7	0.471111	1.000000	3.6	0
111	0.829280	0.890386	0.889588	0.602649	0.641326	0.911730	0.999265	0.000000	0.034631	0.001111	7	0.472222	1.000000	3.6	0
112	0.829607	0.890899	0.890923	0.602750	0.639932	0.913010	0.999267	0.000000	0.031000	0.001111	7	0.457778	1.000000	3.6	0
113	0.829702	0.891019	0.891003	0.602749	0.640339	0.912961	0.999266	0.000000	0.031923	0.001111	7	0.457778	1.000000	3.6	0
114	0.830348	0.891706	0.890819	0.602673	0.643893	0.912812	0.999283	0.000000	0.033662	0.001111	7	0.463333	1.000000	3.6	0
115	0.829545	0.890920	0.889474	0.602657	0.641878	0.912151	0.999275	0.000000	0.034211	0.001111	7	0.471111	1.000000	3.6	0
116	0.829707	0.891033	0.890711	0.602735	0.640792	0.912816	0.999273	0.000000	0.031883	0.001111	7	0.458889	1.000000	3.7	0
117	0.830371	0.891756	0.890857	0.602685	0.643840	0.912880	0.999283	0.000000	0.032500	0.001111	7	0.461111	1.000000	4.1	0
118	0.830358	0.891738	0.890833	0.602688	0.643856	0.912830	0.999284	0.000000	0.033303	0.001111	7	0.461111	1.000000	3.7	0
119	0.829706	0.891077	0.889730	0.602664	0.642275	0.912299	0.999277	0.000000	0.033200	0.001111	7	0.468889	1.000000	4.1	0
120	0.829772	0.891165	0.889941	0.602665	0.642276	0.912379	0.999278	0.000000	0.034001	0.001111	7	0.466667	1.000000	3.6	0
121	0.829878	0.891219	0.890759	0.602721	0.641518	0.912880	0.999277	0.000000	0.031503	0.001111	7	0.458889	1.000000	4.3	0
122	0.829991	0.891371	0.890792	0.602721	0.642000	0.912863	0.999279	0.000000	0.032285	0.001111	7	0.458889	1.000000	3.6	0
123	0.830043	0.891423	0.890800	0.602711	0.642260	0.912866	0.999280	0.000000	0.032450	0.001111	7	0.460000	1.000000	4.1	0
124	0.829988	0.891379	0.890225	0.602671	0.642917	0.912524	0.999281	0.000000	0.033710	0.001111	7	0.464444	1.000000	3.8	0
125	0.830013	0.891403	0.890793	0.602711	0.642100	0.912867	0.999280	0.000000	0.032377	0.001111	7	0.458889	1.000000	4.4	0
126	0.830409	0.891790	0.890905	0.602686	0.643987	0.912885	0.999284	0.000000	0.032567	0.001111	7	0.461111	1.000000	3.7	0
127	0.830385	0.891771	0.890831	0.602689	0.643959	0.912852	0.999284	0.000000	0.033237	0.001111	7	0.462222	1.000000	3.7	0
128	0.830399	0.891764	0.890852	0.602672	0.644041	0.912871	0.999283	0.000000	0.032934	0.001111	7	0.463333	1.000000	3.6	0
