1 0.984563 -0.007673 V1_INV_PI V1 1.0000 2 0 200 7331
2 0.981008 -0.004118 V1_INV_PI V1 1.0000 2 0 200 7331
3 0.981008 -0.007673 V1_INV_PI V1 1.0000 2 0 200 7331
4 0.982115 -0.008245 V1_INV_PI V1 1.0000 2 0 200 7331
5 0.984043 -0.005896 V1_INV_PI V1 1.0000 2 0 200 7331
6 0.981528 -0.005896 V1_INV_PI V1 1.0000 2 0 200 7331
7 0.982786 -0.004638 V1_INV_PI V1 1.0000 2 0 200 7331
8 0.982786 -0.007153 V1_INV_PI V1 1.0000 2 0 200 7331
9 0.983674 -0.005007 V1_INV_PI V1 1.0000 2 0 200 7331
10 0.983674 -0.006784 V1_INV_PI V1 1.0000 2 0 200 7331
11 0.981897 -0.005007 V1_INV_PI V1 1.0000 2 0 200 7331
12 0.981897 -0.006784 V1_INV_PI V1 1.0000 2 0 200 7331
13 0.982074 -0.005357 V1_INV_PI V1 1.0000 2 0 200 7331
14 0.983414 -0.005896 V1_INV_PI V1 1.0000 2 0 200 7331
15 0.982157 -0.005896 V1_INV_PI V1 1.0000 2 0 200 7331
16 0.982786 -0.005267 V1_INV_PI V1 1.0000 2 0 200 7331
17 0.982786 -0.006524 V1_INV_PI V1 1.0000 2 0 200 7331
18 0.983230 -0.005451 V1_INV_PI V1 1.0000 2 0 200 7331
19 0.983230 -0.006340 V1_INV_PI V1 1.0000 2 0 200 7331
20 0.982341 -0.005451 V1_INV_PI V1 1.0000 2 0 200 7331
21 0.982341 -0.006340 V1_INV_PI V1 1.0000 2 0 200 7331
22 0.982248 -0.006522 V1_INV_PI V1 1.0000 2 0 200 7331
23 0.983100 -0.005896 V1_INV_PI V1 1.0000 2 0 200 7331
24 0.982471 -0.005896 V1_INV_PI V1 1.0000 2 0 200 7331
25 0.982786 -0.005581 V1_INV_PI V1 1.0000 2 0 200 7331
26 0.982786 -0.006210 V1_INV_PI V1 1.0000 2 0 200 7331
27 0.983008 -0.005673 V1_INV_PI V1 1.0000 2 0 200 7331
28 0.983008 -0.006118 V1_INV_PI V1 1.0000 2 0 200 7331
29 0.982563 -0.005673 V1_INV_PI V1 1.0000 2 0 200 7331
30 0.982563 -0.006118 V1_INV_PI V1 1.0000 2 0 200 7331
31 0.982700 -0.005969 V1_INV_PI V1 1.0000 2 0 200 7331
32 0.983461 -0.005896 V1_INV_PI V1 1.0000 2 0 200 7331
33 0.982738 -0.005896 V1_INV_PI V1 1.0000 2 0 200 7331
34 0.983100 -0.005534 V1_INV_PI V1 1.0000 2 0 200 7331
35 0.983100 -0.006257 V1_INV_PI V1 1.0000 2 0 200 7331
36 0.983355 -0.005640 V1_INV_PI V1 1.0000 2 0 200 7331
37 0.983355 -0.006151 V1_INV_PI V1 1.0000 2 0 200 7331
38 0.982844 -0.005640 V1_INV_PI V1 1.0000 2 0 200 7331
39 0.982844 -0.006151 V1_INV_PI V1 1.0000 2 0 200 7331
40 0.982940 -0.005744 V1_INV_PI V1 1.0000 2 0 200 7331
41 0.983280 -0.005896 V1_INV_PI V1 1.0000 2 0 200 7331
42 0.982919 -0.005896 V1_INV_PI V1 1.0000 2 0 200 7331
43 0.983100 -0.005715 V1_INV_PI V1 1.0000 2 0 200 7331
44 0.983100 -0.006076 V1_INV_PI V1 1.0000 2 0 200 7331
45 0.983228 -0.005768 V1_INV_PI V1 1.0000 2 0 200 7331
46 0.983228 -0.006023 V1_INV_PI V1 1.0000 2 0 200 7331
47 0.982972 -0.005768 V1_INV_PI V1 1.0000 2 0 200 7331
48 0.982972 -0.006023 V1_INV_PI V1 1.0000 2 0 200 7331
49 0.983188 -0.005867 V1_INV_PI V1 1.0000 2 0 200 7331
50 0.983396 -0.005867 V1_INV_PI V1 1.0000 2 0 200 7331
51 0.982980 -0.005867 V1_INV_PI V1 1.0000 2 0 200 7331
52 0.983188 -0.005659 V1_INV_PI V1 1.0000 2 0 200 7331
53 0.983188 -0.006075 V1_INV_PI V1 1.0000 2 0 200 7331
54 0.983335 -0.005720 V1_INV_PI V1 1.0000 2 0 200 7331
55 0.983335 -0.006014 V1_INV_PI V1 1.0000 2 0 200 7331
56 0.983041 -0.005720 V1_INV_PI V1 1.0000 2 0 200 7331
57 0.983041 -0.006014 V1_INV_PI V1 1.0000 2 0 200 7331
58 0.983203 -0.005897 V1_INV_PI V1 1.0000 2 0 200 7331
59 0.983292 -0.005867 V1_INV_PI V1 1.0000 2 0 200 7331
60 0.983084 -0.005867 V1_INV_PI V1 1.0000 2 0 200 7331
61 0.983188 -0.005763 V1_INV_PI V1 1.0000 2 0 200 7331
62 0.983188 -0.005971 V1_INV_PI V1 1.0000 2 0 200 7331
63 0.983262 -0.005793 V1_INV_PI V1 1.0000 2 0 200 7331
64 0.983262 -0.005940 V1_INV_PI V1 1.0000 2 0 200 7331
65 0.983115 -0.005793 V1_INV_PI V1 1.0000 2 0 200 7331
66 0.983115 -0.005940 V1_INV_PI V1 1.0000 2 0 200 7331
67 0.983095 -0.005911 V1_INV_PI V1 1.0000 2 0 200 7331
68 0.983240 -0.005867 V1_INV_PI V1 1.0000 2 0 200 7331
69 0.983136 -0.005867 V1_INV_PI V1 1.0000 2 0 200 7331
70 0.983188 -0.005815 V1_INV_PI V1 1.0000 2 0 200 7331
71 0.983188 -0.005919 V1_INV_PI V1 1.0000 2 0 200 7331
72 0.983225 -0.005830 V1_INV_PI V1 1.0000 2 0 200 7331
73 0.983225 -0.005903 V1_INV_PI V1 1.0000 2 0 200 7331
74 0.983151 -0.005830 V1_INV_PI V1 1.0000 2 0 200 7331
75 0.983151 -0.005903 V1_INV_PI V1 1.0000 2 0 200 7331
76 0.983212 -0.005864 V1_INV_PI V1 1.0000 2 0 200 7331
77 0.983214 -0.005867 V1_INV_PI V1 1.0000 2 0 200 7331
78 0.983162 -0.005867 V1_INV_PI V1 1.0000 2 0 200 7331
79 0.983188 -0.005841 V1_INV_PI V1 1.0000 2 0 200 7331
80 0.983188 -0.005893 V1_INV_PI V1 1.0000 2 0 200 7331
81 0.983206 -0.005848 V1_INV_PI V1 1.0000 2 0 200 7331
82 0.983206 -0.005885 V1_INV_PI V1 1.0000 2 0 200 7331
83 0.983170 -0.005848 V1_INV_PI V1 1.0000 2 0 200 7331
84 0.983170 -0.005885 V1_INV_PI V1 1.0000 2 0 200 7331
85 0.983182 -0.005887 V1_INV_PI V1 1.0000 2 0 200 7331
86 0.983201 -0.005867 V1_INV_PI V1 1.0000 2 0 200 7331
87 0.983175 -0.005867 V1_INV_PI V1 1.0000 2 0 200 7331
88 0.983188 -0.005854 V1_INV_PI V1 1.0000 2 0 200 7331
89 0.983188 -0.005880 V1_INV_PI V1 1.0000 2 0 200 7331
90 0.983197 -0.005858 V1_INV_PI V1 1.0000 2 0 200 7331
91 0.983197 -0.005876 V1_INV_PI V1 1.0000 2 0 200 7331
92 0.983179 -0.005858 V1_INV_PI V1 1.0000 2 0 200 7331
93 0.983179 -0.005876 V1_INV_PI V1 1.0000 2 0 200 7331
94 0.983188 -0.005873 V1_INV_PI V1 1.0000 2 0 200 7331
95 0.983198 -0.005867 V1_INV_PI V1 1.0000 2 0 200 7331
96 0.983178 -0.005867 V1_INV_PI V1 1.0000 2 0 200 7331
97 0.983188 -0.005857 V1_INV_PI V1 1.0000 2 0 200 7331
98 0.983188 -0.005877 V1_INV_PI V1 1.0000 2 0 200 7331
99 0.983195 -0.005860 V1_INV_PI V1 1.0000 2 0 200 7331
100 0.983195 -0.005874 V1_INV_PI V1 1.0000 2 0 200 7331
101 0.983181 -0.005860 V1_INV_PI V1 1.0000 2 0 200 7331
102 0.983181 -0.005874 V1_INV_PI V1 1.0000 2 0 200 7331
103 0.983182 -0.005865 V1_INV_PI V1 1.0000 2 0 200 7331
104 0.983195 -0.005871 V1_INV_PI V1 1.0000 2 0 200 7331
105 0.983179 -0.005860 V1_INV_PI V1 1.0000 2 0 200 7331
106 0.983184 -0.005872 V1_INV_PI V1 1.0000 2 0 200 7331
107 0.983179 -0.005866 V1_INV_PI V1 1.0000 2 0 200 7331
108 0.983187 -0.005868 V1_INV_PI V1 1.0000 2 0 200 7331
109 0.983183 -0.005865 V1_INV_PI V1 1.0000 2 0 200 7331
110 0.983194 -0.005871 V1_INV_PI V1 1.0000 2 0 200 7331
111 0.983191 -0.005862 V1_INV_PI V1 1.0000 2 0 200 7331
112 0.983196 -0.005858 V1_INV_PI V1 1.0000 2 0 200 7331
113 0.983187 -0.005874 V1_INV_PI V1 1.0000 2 0 200 7331
114 0.983192 -0.005871 V1_INV_PI V1 1.0000 2 0 200 7331
115 0.983181 -0.005862 V1_INV_PI V1 1.0000 2 0 200 7331
116 0.983180 -0.005866 V1_INV_PI V1 1.0000 2 0 200 7331
117 -0.680000 0.270150 V4_PRIME_RESIDUAL V4 1.0000 2 0 200 7331
118 -0.720000 0.270150 V4_PRIME_RESIDUAL V4 1.0000 2 0 200 7331
119 -0.700000 0.290150 V4_PRIME_RESIDUAL V4 1.0000 2 0 200 7331
120 -0.700000 0.250150 V4_PRIME_RESIDUAL V4 1.0000 2 0 200 7331
121 -0.685858 0.284292 V4_PRIME_RESIDUAL V4 1.0000 2 0 200 7331
122 -0.685858 0.256008 V4_PRIME_RESIDUAL V4 1.0000 2 0 200 7331
123 -0.714142 0.284292 V4_PRIME_RESIDUAL V4 1.0000 2 0 200 7331
124 -0.714142 0.256008 V4_PRIME_RESIDUAL V4 1.0000 2 0 200 7331
125 -0.705870 0.279460 V4_PRIME_RESIDUAL V4 1.0000 2 0 200 7331
126 -0.697000 0.270150 V4_PRIME_RESIDUAL V4 1.0000 2 0 200 7331
127 -0.743000 0.270150 V4_PRIME_RESIDUAL V4 1.0000 2 0 200 7331
128 -0.720000 0.293150 V4_PRIME_RESIDUAL V4 1.0000 2 0 200 7331
