1 -0.720000 0.247150 V4_PRIME_RESIDUAL V4 1.0000 2 0 200 7331
2 -0.703737 0.286413 V4_PRIME_RESIDUAL V4 1.0000 2 0 200 7331
3 -0.703737 0.253887 V4_PRIME_RESIDUAL V4 1.0000 2 0 200 7331
4 -0.736263 0.286413 V4_PRIME_RESIDUAL V4 1.0000 2 0 200 7331
5 -0.736263 0.253887 V4_PRIME_RESIDUAL V4 1.0000 2 0 200 7331
6 -0.703477 0.288332 V4_PRIME_RESIDUAL V4 1.0000 2 0 200 7331
7 -0.708500 0.270150 V4_PRIME_RESIDUAL V4 1.0000 2 0 200 7331
8 -0.731500 0.270150 V4_PRIME_RESIDUAL V4 1.0000 2 0 200 7331
9 -0.720000 0.281650 V4_PRIME_RESIDUAL V4 1.0000 2 0 200 7331
10 -0.720000 0.258650 V4_PRIME_RESIDUAL V4 1.0000 2 0 200 7331
11 -0.711868 0.278282 V4_PRIME_RESIDUAL V4 1.0000 2 0 200 7331
12 -0.711868 0.262018 V4_PRIME_RESIDUAL V4 1.0000 2 0 200 7331
13 -0.728132 0.278282 V4_PRIME_RESIDUAL V4 1.0000 2 0 200 7331
14 -0.728132 0.262018 V4_PRIME_RESIDUAL V4 1.0000 2 0 200 7331
15 -0.722963 0.279456 V4_PRIME_RESIDUAL V4 1.0000 2 0 200 7331
16 -0.714250 0.270150 V4_PRIME_RESIDUAL V4 1.0000 2 0 200 7331
17 -0.725750 0.270150 V4_PRIME_RESIDUAL V4 1.0000 2 0 200 7331
18 -0.720000 0.275900 V4_PRIME_RESIDUAL V4 1.0000 2 0 200 7331
19 -0.720000 0.264400 V4_PRIME_RESIDUAL V4 1.0000 2 0 200 7331
20 -0.715934 0.274216 V4_PRIME_RESIDUAL V4 1.0000 2 0 200 7331
21 -0.715934 0.266084 V4_PRIME_RESIDUAL V4 1.0000 2 0 200 7331
22 -0.724066 0.274216 V4_PRIME_RESIDUAL V4 1.0000 2 0 200 7331
23 -0.724066 0.266084 V4_PRIME_RESIDUAL V4 1.0000 2 0 200 7331
24 -0.715422 0.264833 V4_PRIME_RESIDUAL V4 1.0000 2 0 200 7331
25 -0.717125 0.270150 V4_PRIME_RESIDUAL V4 1.0000 2 0 200 7331
26 -0.722875 0.270150 V4_PRIME_RESIDUAL V4 1.0000 2 0 200 7331
27 -0.720000 0.273025 V4_PRIME_RESIDUAL V4 1.0000 2 0 200 7331
28 -0.720000 0.267275 V4_PRIME_RESIDUAL V4 1.0000 2 0 200 7331
29 -0.717967 0.272183 V4_PRIME_RESIDUAL V4 1.0000 2 0 200 7331
30 -0.717967 0.268117 V4_PRIME_RESIDUAL V4 1.0000 2 0 200 7331
31 -0.722033 0.272183 V4_PRIME_RESIDUAL V4 1.0000 2 0 200 7331
32 -0.722033 0.268117 V4_PRIME_RESIDUAL V4 1.0000 2 0 200 7331
33 -0.718537 0.272108 V4_PRIME_RESIDUAL V4 1.0000 2 0 200 7331
34 -0.718562 0.270150 V4_PRIME_RESIDUAL V4 1.0000 2 0 200 7331
35 -0.721437 0.270150 V4_PRIME_RESIDUAL V4 1.0000 2 0 200 7331
36 -0.720000 0.271587 V4_PRIME_RESIDUAL V4 1.0000 2 0 200 7331
37 -0.720000 0.268713 V4_PRIME_RESIDUAL V4 1.0000 2 0 200 7331
38 -0.718984 0.271166 V4_PRIME_RESIDUAL V4 1.0000 2 0 200 7331
39 -0.718984 0.269134 V4_PRIME_RESIDUAL V4 1.0000 2 0 200 7331
40 -0.721016 0.271166 V4_PRIME_RESIDUAL V4 1.0000 2 0 200 7331
41 -0.721016 0.269134 V4_PRIME_RESIDUAL V4 1.0000 2 0 200 7331
42 -0.720829 0.269759 V4_PRIME_RESIDUAL V4 1.0000 2 0 200 7331
43 -0.719281 0.270150 V4_PRIME_RESIDUAL V4 1.0000 2 0 200 7331
44 -0.720719 0.270150 V4_PRIME_RESIDUAL V4 1.0000 2 0 200 7331
45 -0.720000 0.270869 V4_PRIME_RESIDUAL V4 1.0000 2 0 200 7331
46 -0.720000 0.269431 V4_PRIME_RESIDUAL V4 1.0000 2 0 200 7331
47 -0.719492 0.270658 V4_PRIME_RESIDUAL V4 1.0000 2 0 200 7331
48 -0.719492 0.269642 V4_PRIME_RESIDUAL V4 1.0000 2 0 200 7331
49 -0.720508 0.270658 V4_PRIME_RESIDUAL V4 1.0000 2 0 200 7331
50 -0.720508 0.269642 V4_PRIME_RESIDUAL V4 1.0000 2 0 200 7331
51 -0.719531 0.270076 V4_PRIME_RESIDUAL V4 1.0000 2 0 200 7331
52 -0.718705 0.270076 V4_PRIME_RESIDUAL V4 1.0000 2 0 200 7331
53 -0.720358 0.270076 V4_PRIME_RESIDUAL V4 1.0000 2 0 200 7331
54 -0.719531 0.270903 V4_PRIME_RESIDUAL V4 1.0000 2 0 200 7331
55 -0.719531 0.269249 V4_PRIME_RESIDUAL V4 1.0000 2 0 200 7331
56 -0.718947 0.270660 V4_PRIME_RESIDUAL V4 1.0000 2 0 200 7331
57 -0.718947 0.269492 V4_PRIME_RESIDUAL V4 1.0000 2 0 200 7331
58 -0.720116 0.270660 V4_PRIME_RESIDUAL V4 1.0000 2 0 200 7331
59 -0.720116 0.269492 V4_PRIME_RESIDUAL V4 1.0000 2 0 200 7331
60 -0.718837 0.270237 V4_PRIME_RESIDUAL V4 1.0000 2 0 200 7331
61 -0.719118 0.270076 V4_PRIME_RESIDUAL V4 1.0000 2 0 200 7331
62 -0.719944 0.270076 V4_PRIME_RESIDUAL V4 1.0000 2 0 200 7331
63 -0.719531 0.270489 V4_PRIME_RESIDUAL V4 1.0000 2 0 200 7331
64 -0.719531 0.269663 V4_PRIME_RESIDUAL V4 1.0000 2 0 200 7331
65 -0.719239 0.270368 V4_PRIME_RESIDUAL V4 1.0000 2 0 200 7331
66 -0.719239 0.269784 V4_PRIME_RESIDUAL V4 1.0000 2 0 200 7331
67 -0.719823 0.270368 V4_PRIME_RESIDUAL V4 1.0000 2 0 200 7331
68 -0.719823 0.269784 V4_PRIME_RESIDUAL V4 1.0000 2 0 200 7331
69 -0.719698 0.270367 V4_PRIME_RESIDUAL V4 1.0000 2 0 200 7331
70 -0.719325 0.270076 V4_PRIME_RESIDUAL V4 1.0000 2 0 200 7331
71 -0.719738 0.270076 V4_PRIME_RESIDUAL V4 1.0000 2 0 200 7331
72 -0.719531 0.270283 V4_PRIME_RESIDUAL V4 1.0000 2 0 200 7331
73 -0.719531 0.269869 V4_PRIME_RESIDUAL V4 1.0000 2 0 200 7331
74 -0.719385 0.270222 V4_PRIME_RESIDUAL V4 1.0000 2 0 200 7331
75 -0.719385 0.269930 V4_PRIME_RESIDUAL V4 1.0000 2 0 200 7331
76 -0.719677 0.270222 V4_PRIME_RESIDUAL V4 1.0000 2 0 200 7331
77 -0.719677 0.269930 V4_PRIME_RESIDUAL V4 1.0000 2 0 200 7331
78 -0.719332 0.269913 V4_PRIME_RESIDUAL V4 1.0000 2 0 200 7331
79 -0.719428 0.270076 V4_PRIME_RESIDUAL V4 1.0000 2 0 200 7331
80 -0.719635 0.270076 V4_PRIME_RESIDUAL V4 1.0000 2 0 200 7331
81 -0.719531 0.270179 V4_PRIME_RESIDUAL V4 1.0000 2 0 200 7331
82 -0.719531 0.269973 V4_PRIME_RESIDUAL V4 1.0000 2 0 200 7331
83 -0.719458 0.270149 V4_PRIME_RESIDUAL V4 1.0000 2 0 200 7331
84 -0.719458 0.270003 V4_PRIME_RESIDUAL V4 1.0000 2 0 200 7331
85 -0.719604 0.270149 V4_PRIME_RESIDUAL V4 1.0000 2 0 200 7331
86 -0.719604 0.270003 V4_PRIME_RESIDUAL V4 1.0000 2 0 200 7331
87 -0.719564 0.270174 V4_PRIME_RESIDUAL V4 1.0000 2 0 200 7331
88 -0.719480 0.270076 V4_PRIME_RESIDUAL V4 1.0000 2 0 200 7331
89 -0.719583 0.270076 V4_PRIME_RESIDUAL V4 1.0000 2 0 200 7331
90 -0.719531 0.270128 V4_PRIME_RESIDUAL V4 1.0000 2 0 200 7331
91 -0.719531 0.270024 V4_PRIME_RESIDUAL V4 1.0000 2 0 200 7331
92 -0.719495 0.270113 V4_PRIME_RESIDUAL V4 1.0000 2 0 200 7331
93 -0.719495 0.270039 V4_PRIME_RESIDUAL V4 1.0000 2 0 200 7331
94 -0.719568 0.270113 V4_PRIME_RESIDUAL V4 1.0000 2 0 200 7331
95 -0.719568 0.270039 V4_PRIME_RESIDUAL V4 1.0000 2 0 200 7331
96 -0.719540 0.270050 V4_PRIME_RESIDUAL V4 1.0000 2 0 200 7331
97 -0.719420 0.270076 V4_PRIME_RESIDUAL V4 1.0000 2 0 200 7331
98 -0.719539 0.270076 V4_PRIME_RESIDUAL V4 1.0000 2 0 200 7331
99 -0.719480 0.270135 V4_PRIME_RESIDUAL V4 1.0000 2 0 200 7331
100 -0.719480 0.270017 V4_PRIME_RESIDUAL V4 1.0000 2 0 200 7331
101 -0.719438 0.270118 V4_PRIME_RESIDUAL V4 1.0000 2 0 200 7331
102 -0.719438 0.270034 V4_PRIME_RESIDUAL V4 1.0000 2 0 200 7331
103 -0.719522 0.270118 V4_PRIME_RESIDUAL V4 1.0000 2 0 200 7331
104 -0.719522 0.270034 V4_PRIME_RESIDUAL V4 1.0000 2 0 200 7331
105 -0.719454 0.270092 V4_PRIME_RESIDUAL V4 1.0000 2 0 200 7331
106 -0.719450 0.270076 V4_PRIME_RESIDUAL V4 1.0000 2 0 200 7331
107 -0.719509 0.270076 V4_PRIME_RESIDUAL V4 1.0000 2 0 200 7331
108 -0.719480 0.270106 V4_PRIME_RESIDUAL V4 1.0000 2 0 200 7331
109 -0.719480 0.270046 V4_PRIME_RESIDUAL V4 1.0000 2 0 200 7331
110 -0.719459 0.270097 V4_PRIME_RESIDUAL V4 1.0000 2 0 200 7331
111 -0.719459 0.270055 V4_PRIME_RESIDUAL V4 1.0000 2 0 200 7331
112 -0.719501 0.270097 V4_PRIME_RESIDUAL V4 1.0000 2 0 200 7331
113 -0.719501 0.270055 V4_PRIME_RESIDUAL V4 1.0000 2 0 200 7331
114 -0.719454 0.270053 V4_PRIME_RESIDUAL V4 1.0000 2 0 200 7331
115 -0.719465 0.270076 V4_PRIME_RESIDUAL V4 1.0000 2 0 200 7331
116 -0.719494 0.270076 V4_PRIME_RESIDUAL V4 1.0000 2 0 200 7331
117 -0.719480 0.270091 V4_PRIME_RESIDUAL V4 1.0000 2 0 200 7331
118 -0.719480 0.270061 V4_PRIME_RESIDUAL V4 1.0000 2 0 200 7331
119 -0.719469 0.270086 V4_PRIME_RESIDUAL V4 1.0000 2 0 200 7331
120 -0.719469 0.270065 V4_PRIME_RESIDUAL V4 1.0000 2 0 200 7331
121 -0.719490 0.270086 V4_PRIME_RESIDUAL V4 1.0000 2 0 200 7331
122 -0.719490 0.270065 V4_PRIME_RESIDUAL V4 1.0000 2 0 200 7331
123 -0.719476 0.270072 V4_PRIME_RESIDUAL V4 1.0000 2 0 200 7331
124 -0.719470 0.270076 V4_PRIME_RESIDUAL V4 1.0000 2 0 200 7331
125 -0.719490 0.270076 V4_PRIME_RESIDUAL V4 1.0000 2 0 200 7331
126 -0.719480 0.270086 V4_PRIME_RESIDUAL V4 1.0000 2 0 200 7331
127 -0.719480 0.270066 V4_PRIME_RESIDUAL V4 1.0000 2 0 200 7331
128 -0.719472 0.270083 V4_PRIME_RESIDUAL V4 1.0000 2 0 200 7331
