1 -0.719472 0.270069 V4_PRIME_RESIDUAL V4 1.0000 2 0 200 7331
2 -0.719487 0.270083 V4_PRIME_RESIDUAL V4 1.0000 2 0 200 7331
3 -0.719487 0.270069 V4_PRIME_RESIDUAL V4 1.0000 2 0 200 7331
4 -0.719474 0.270071 V4_PRIME_RESIDUAL V4 1.0000 2 0 200 7331
5 -0.719468 0.270066 V4_PRIME_RESIDUAL V4 1.0000 2 0 200 7331
6 -0.719491 0.270066 V4_PRIME_RESIDUAL V4 1.0000 2 0 200 7331
7 -0.719480 0.270077 V4_PRIME_RESIDUAL V4 1.0000 2 0 200 7331
8 -0.719480 0.270054 V4_PRIME_RESIDUAL V4 1.0000 2 0 200 7331
9 -0.719471 0.270074 V4_PRIME_RESIDUAL V4 1.0000 2 0 200 7331
10 -0.719471 0.270058 V4_PRIME_RESIDUAL V4 1.0000 2 0 200 7331
11 -0.719488 0.270074 V4_PRIME_RESIDUAL V4 1.0000 2 0 200 7331
12 -0.719488 0.270058 V4_PRIME_RESIDUAL V4 1.0000 2 0 200 7331
13 -0.719478 0.270059 V4_PRIME_RESIDUAL V4 1.0000 2 0 200 7331
14 -0.719470 0.270066 V4_PRIME_RESIDUAL V4 1.0000 2 0 200 7331
15 -0.719490 0.270066 V4_PRIME_RESIDUAL V4 1.0000 2 0 200 7331
16 -0.719480 0.270056 V4_PRIME_RESIDUAL V4 1.0000 2 0 200 7331
17 -0.719472 0.270073 V4_PRIME_RESIDUAL V4 1.0000 2 0 200 7331
18 -0.719472 0.270059 V4_PRIME_RESIDUAL V4 1.0000 2 0 200 7331
19 -0.719487 0.270073 V4_PRIME_RESIDUAL V4 1.0000 2 0 200 7331
20 -0.719487 0.270059 V4_PRIME_RESIDUAL V4 1.0000 2 0 200 7331
21 -0.719473 0.270060 V4_PRIME_RESIDUAL V4 1.0000 2 0 200 7331
22 -0.719477 0.270057 V4_PRIME_RESIDUAL V4 1.0000 2 0 200 7331
23 -0.719466 0.270057 V4_PRIME_RESIDUAL V4 1.0000 2 0 200 7331
24 -0.719489 0.270057 V4_PRIME_RESIDUAL V4 1.0000 2 0 200 7331
25 -0.719477 0.270069 V4_PRIME_RESIDUAL V4 1.0000 2 0 200 7331
26 -0.719477 0.270046 V4_PRIME_RESIDUAL V4 1.0000 2 0 200 7331
27 -0.719469 0.270065 V4_PRIME_RESIDUAL V4 1.0000 2 0 200 7331
28 -0.719469 0.270049 V4_PRIME_RESIDUAL V4 1.0000 2 0 200 7331
29 -0.719485 0.270065 V4_PRIME_RESIDUAL V4 1.0000 2 0 200 7331
30 -0.719485 0.270049 V4_PRIME_RESIDUAL V4 1.0000 2 0 200 7331
31 -0.719486 0.270065 V4_PRIME_RESIDUAL V4 1.0000 2 0 200 7331
32 -0.719467 0.270057 V4_PRIME_RESIDUAL V4 1.0000 2 0 200 7331
33 -0.719487 0.270057 V4_PRIME_RESIDUAL V4 1.0000 2 0 200 7331
34 -0.719477 0.270067 V4_PRIME_RESIDUAL V4 1.0000 2 0 200 7331
35 -0.719477 0.270047 V4_PRIME_RESIDUAL V4 1.0000 2 0 200 7331
36 -0.719470 0.270064 V4_PRIME_RESIDUAL V4 1.0000 2 0 200 7331
37 -0.719470 0.270050 V4_PRIME_RESIDUAL V4 1.0000 2 0 200 7331
38 -0.719484 0.270064 V4_PRIME_RESIDUAL V4 1.0000 2 0 200 7331
39 -0.719484 0.270050 V4_PRIME_RESIDUAL V4 1.0000 2 0 200 7331
40 -0.719479 0.270050 V4_PRIME_RESIDUAL V4 1.0000 2 0 200 7331
41 -0.719469 0.270057 V4_PRIME_RESIDUAL V4 1.0000 2 0 200 7331
42 -0.719474 0.270062 V4_PRIME_RESIDUAL V4 1.0000 2 0 200 7331
43 -0.719479 0.270062 V4_PRIME_RESIDUAL V4 1.0000 2 0 200 7331
44 -0.719468 0.270059 V4_PRIME_RESIDUAL V4 1.0000 2 0 200 7331
45 -0.719475 0.270052 V4_PRIME_RESIDUAL V4 1.0000 2 0 200 7331
46 -0.719474 0.270064 V4_PRIME_RESIDUAL V4 1.0000 2 0 200 7331
47 -0.719479 0.270058 V4_PRIME_RESIDUAL V4 1.0000 2 0 200 7331
48 -0.719485 0.270059 V4_PRIME_RESIDUAL V4 1.0000 2 0 200 7331
49 -0.719473 0.270051 V4_PRIME_RESIDUAL V4 1.0000 2 0 200 7331
50 -0.719484 0.270053 V4_PRIME_RESIDUAL V4 1.0000 2 0 200 7331
51 -0.719468 0.270052 V4_PRIME_RESIDUAL V4 1.0000 2 0 200 7331
52 -0.719486 0.270054 V4_PRIME_RESIDUAL V4 1.0000 2 0 200 7331
53 -0.719484 0.270055 V4_PRIME_RESIDUAL V4 1.0000 2 0 200 7331
54 -0.719481 0.270051 V4_PRIME_RESIDUAL V4 1.0000 2 0 200 7331
55 -0.719479 0.270064 V4_PRIME_RESIDUAL V4 1.0000 2 0 200 7331
56 -0.719479 0.270056 V4_PRIME_RESIDUAL V4 1.0000 2 0 200 7331
57 -0.719471 0.270058 V4_PRIME_RESIDUAL V4 1.0000 2 0 200 7331
58 -0.719471 0.270052 V4_PRIME_RESIDUAL V4 1.0000 2 0 200 7331
59 1.000000 0.000000 V4_PRIME_RESIDUAL V4 1.0000 2 0 200 7331
60 0.980000 0.000000 V4_PRIME_RESIDUAL V4 1.0000 2 0 200 7331
61 1.000000 0.020000 V4_PRIME_RESIDUAL V4 1.0000 2 0 200 7331
62 1.000000 -0.020000 V4_PRIME_RESIDUAL V4 1.0000 2 0 200 7331
63 1.000000 0.014142 V4_PRIME_RESIDUAL V4 1.0000 2 0 200 7331
64 1.000000 -0.014142 V4_PRIME_RESIDUAL V4 1.0000 2 0 200 7331
65 0.985858 0.014142 V4_PRIME_RESIDUAL V4 1.0000 2 0 200 7331
66 0.985858 -0.014142 V4_PRIME_RESIDUAL V4 1.0000 2 0 200 7331
67 1.000000 0.014264 V4_PRIME_RESIDUAL V4 1.0000 2 0 200 7331
68 0.957000 0.000000 V4_PRIME_RESIDUAL V4 1.0000 2 0 200 7331
69 0.980000 0.023000 V4_PRIME_RESIDUAL V4 1.0000 2 0 200 7331
70 0.980000 -0.023000 V4_PRIME_RESIDUAL V4 1.0000 2 0 200 7331
71 0.996263 0.016263 V4_PRIME_RESIDUAL V4 1.0000 2 0 200 7331
72 0.996263 -0.016263 V4_PRIME_RESIDUAL V4 1.0000 2 0 200 7331
73 0.963737 0.016263 V4_PRIME_RESIDUAL V4 1.0000 2 0 200 7331
74 0.963737 -0.016263 V4_PRIME_RESIDUAL V4 1.0000 2 0 200 7331
75 0.973032 -0.008136 V4_PRIME_RESIDUAL V4 1.0000 2 0 200 7331
76 0.991500 0.000000 V4_PRIME_RESIDUAL V4 1.0000 2 0 200 7331
77 0.968500 0.000000 V4_PRIME_RESIDUAL V4 1.0000 2 0 200 7331
78 0.980000 0.011500 V4_PRIME_RESIDUAL V4 1.0000 2 0 200 7331
79 0.980000 -0.011500 V4_PRIME_RESIDUAL V4 1.0000 2 0 200 7331
80 0.988132 0.008132 V4_PRIME_RESIDUAL V4 1.0000 2 0 200 7331
81 0.988132 -0.008132 V4_PRIME_RESIDUAL V4 1.0000 2 0 200 7331
82 0.971868 0.008132 V4_PRIME_RESIDUAL V4 1.0000 2 0 200 7331
83 0.971868 -0.008132 V4_PRIME_RESIDUAL V4 1.0000 2 0 200 7331
84 0.972597 0.010427 V4_PRIME_RESIDUAL V4 1.0000 2 0 200 7331
85 0.993225 0.011500 V4_PRIME_RESIDUAL V4 1.0000 2 0 200 7331
86 0.966775 0.011500 V4_PRIME_RESIDUAL V4 1.0000 2 0 200 7331
87 0.980000 0.024725 V4_PRIME_RESIDUAL V4 1.0000 2 0 200 7331
88 0.980000 -0.001725 V4_PRIME_RESIDUAL V4 1.0000 2 0 200 7331
89 0.989351 0.020851 V4_PRIME_RESIDUAL V4 1.0000 2 0 200 7331
90 0.989351 0.002149 V4_PRIME_RESIDUAL V4 1.0000 2 0 200 7331
91 0.970649 0.020851 V4_PRIME_RESIDUAL V4 1.0000 2 0 200 7331
92 0.970649 0.002149 V4_PRIME_RESIDUAL V4 1.0000 2 0 200 7331
93 0.971260 0.021533 V4_PRIME_RESIDUAL V4 1.0000 2 0 200 7331
94 0.986613 0.011500 V4_PRIME_RESIDUAL V4 1.0000 2 0 200 7331
95 0.973387 0.011500 V4_PRIME_RESIDUAL V4 1.0000 2 0 200 7331
96 0.980000 0.018113 V4_PRIME_RESIDUAL V4 1.0000 2 0 200 7331
97 0.980000 0.004888 V4_PRIME_RESIDUAL V4 1.0000 2 0 200 7331
98 0.984676 0.016176 V4_PRIME_RESIDUAL V4 1.0000 2 0 200 7331
99 0.984676 0.006824 V4_PRIME_RESIDUAL V4 1.0000 2 0 200 7331
100 0.975324 0.016176 V4_PRIME_RESIDUAL V4 1.0000 2 0 200 7331
101 0.975324 0.006824 V4_PRIME_RESIDUAL V4 1.0000 2 0 200 7331
102 0.980894 0.017669 V4_PRIME_RESIDUAL V4 1.0000 2 0 200 7331
103 0.992280 0.006824 V4_PRIME_RESIDUAL V4 1.0000 2 0 200 7331
104 0.977071 0.006824 V4_PRIME_RESIDUAL V4 1.0000 2 0 200 7331
105 0.984676 0.014429 V4_PRIME_RESIDUAL V4 1.0000 2 0 200 7331
106 0.984676 -0.000780 V4_PRIME_RESIDUAL V4 1.0000 2 0 200 7331
107 0.990053 0.012201 V4_PRIME_RESIDUAL V4 1.0000 2 0 200 7331
108 0.990053 0.001447 V4_PRIME_RESIDUAL V4 1.0000 2 0 200 7331
109 0.979299 0.012201 V4_PRIME_RESIDUAL V4 1.0000 2 0 200 7331
110 0.979299 0.001447 V4_PRIME_RESIDUAL V4 1.0000 2 0 200 7331
111 0.983150 0.010155 V4_PRIME_RESIDUAL V4 1.0000 2 0 200 7331
112 0.991895 0.010155 V4_PRIME_RESIDUAL V4 1.0000 2 0 200 7331
113 0.974405 0.010155 V4_PRIME_RESIDUAL V4 1.0000 2 0 200 7331
114 0.983150 0.018900 V4_PRIME_RESIDUAL V4 1.0000 2 0 200 7331
115 0.983150 0.001410 V4_PRIME_RESIDUAL V4 1.0000 2 0 200 7331
116 0.989334 0.016339 V4_PRIME_RESIDUAL V4 1.0000 2 0 200 7331
117 0.989334 0.003971 V4_PRIME_RESIDUAL V4 1.0000 2 0 200 7331
118 0.976966 0.016339 V4_PRIME_RESIDUAL V4 1.0000 2 0 200 7331
119 0.976966 0.003971 V4_PRIME_RESIDUAL V4 1.0000 2 0 200 7331
120 0.975667 0.012348 V4_PRIME_RESIDUAL V4 1.0000 2 0 200 7331
121 0.987523 0.010155 V4_PRIME_RESIDUAL V4 1.0000 2 0 200 7331
122 0.978778 0.010155 V4_PRIME_RESIDUAL V4 1.0000 2 0 200 7331
123 0.983150 0.014528 V4_PRIME_RESIDUAL V4 1.0000 2 0 200 7331
124 0.983150 0.005783 V4_PRIME_RESIDUAL V4 1.0000 2 0 200 7331
125 0.986242 0.013247 V4_PRIME_RESIDUAL V4 1.0000 2 0 200 7331
126 0.986242 0.007063 V4_PRIME_RESIDUAL V4 1.0000 2 0 200 7331
127 0.980058 0.013247 V4_PRIME_RESIDUAL V4 1.0000 2 0 200 7331
128 0.980058 0.007063 V4_PRIME_RESIDUAL V4 1.0000 2 0 200 7331
