1 0.987049 0.013595 V4_PRIME_RESIDUAL V4 1.0000 2 0 200 7331
2 0.988178 0.005783 V4_PRIME_RESIDUAL V4 1.0000 2 0 200 7331
3 0.978122 0.005783 V4_PRIME_RESIDUAL V4 1.0000 2 0 200 7331
4 0.983150 0.010811 V4_PRIME_RESIDUAL V4 1.0000 2 0 200 7331
5 0.983150 0.000754 V4_PRIME_RESIDUAL V4 1.0000 2 0 200 7331
6 0.986706 0.009338 V4_PRIME_RESIDUAL V4 1.0000 2 0 200 7331
7 0.986706 0.002227 V4_PRIME_RESIDUAL V4 1.0000 2 0 200 7331
8 0.979594 0.009338 V4_PRIME_RESIDUAL V4 1.0000 2 0 200 7331
9 0.979594 0.002227 V4_PRIME_RESIDUAL V4 1.0000 2 0 200 7331
10 0.987028 0.009129 V4_PRIME_RESIDUAL V4 1.0000 2 0 200 7331
11 0.985664 0.005783 V4_PRIME_RESIDUAL V4 1.0000 2 0 200 7331
12 0.980636 0.005783 V4_PRIME_RESIDUAL V4 1.0000 2 0 200 7331
13 0.983150 0.008297 V4_PRIME_RESIDUAL V4 1.0000 2 0 200 7331
14 0.983150 0.003268 V4_PRIME_RESIDUAL V4 1.0000 2 0 200 7331
15 0.984928 0.007560 V4_PRIME_RESIDUAL V4 1.0000 2 0 200 7331
16 0.984928 0.004005 V4_PRIME_RESIDUAL V4 1.0000 2 0 200 7331
17 0.981372 0.007560 V4_PRIME_RESIDUAL V4 1.0000 2 0 200 7331
18 0.981372 0.004005 V4_PRIME_RESIDUAL V4 1.0000 2 0 200 7331
19 0.983514 0.007147 V4_PRIME_RESIDUAL V4 1.0000 2 0 200 7331
20 0.984407 0.005783 V4_PRIME_RESIDUAL V4 1.0000 2 0 200 7331
21 0.981893 0.005783 V4_PRIME_RESIDUAL V4 1.0000 2 0 200 7331
22 0.983150 0.007040 V4_PRIME_RESIDUAL V4 1.0000 2 0 200 7331
23 0.983150 0.004525 V4_PRIME_RESIDUAL V4 1.0000 2 0 200 7331
24 0.984039 0.006671 V4_PRIME_RESIDUAL V4 1.0000 2 0 200 7331
25 0.984039 0.004894 V4_PRIME_RESIDUAL V4 1.0000 2 0 200 7331
26 0.982261 0.006671 V4_PRIME_RESIDUAL V4 1.0000 2 0 200 7331
27 0.982261 0.004894 V4_PRIME_RESIDUAL V4 1.0000 2 0 200 7331
28 0.982861 0.006684 V4_PRIME_RESIDUAL V4 1.0000 2 0 200 7331
29 0.983779 0.005783 V4_PRIME_RESIDUAL V4 1.0000 2 0 200 7331
30 0.982522 0.005783 V4_PRIME_RESIDUAL V4 1.0000 2 0 200 7331
31 0.983150 0.006411 V4_PRIME_RESIDUAL V4 1.0000 2 0 200 7331
32 0.983150 0.005154 V4_PRIME_RESIDUAL V4 1.0000 2 0 200 7331
33 0.983595 0.006227 V4_PRIME_RESIDUAL V4 1.0000 2 0 200 7331
34 0.983595 0.005338 V4_PRIME_RESIDUAL V4 1.0000 2 0 200 7331
35 0.982706 0.006227 V4_PRIME_RESIDUAL V4 1.0000 2 0 200 7331
36 0.982706 0.005338 V4_PRIME_RESIDUAL V4 1.0000 2 0 200 7331
37 0.983736 0.005379 V4_PRIME_RESIDUAL V4 1.0000 2 0 200 7331
38 0.983464 0.005783 V4_PRIME_RESIDUAL V4 1.0000 2 0 200 7331
39 0.982836 0.005783 V4_PRIME_RESIDUAL V4 1.0000 2 0 200 7331
40 0.983150 0.006097 V4_PRIME_RESIDUAL V4 1.0000 2 0 200 7331
41 0.983150 0.005468 V4_PRIME_RESIDUAL V4 1.0000 2 0 200 7331
42 0.983372 0.006005 V4_PRIME_RESIDUAL V4 1.0000 2 0 200 7331
43 0.983372 0.005560 V4_PRIME_RESIDUAL V4 1.0000 2 0 200 7331
44 0.982928 0.006005 V4_PRIME_RESIDUAL V4 1.0000 2 0 200 7331
45 0.982928 0.005560 V4_PRIME_RESIDUAL V4 1.0000 2 0 200 7331
46 0.983224 0.005981 V4_PRIME_RESIDUAL V4 1.0000 2 0 200 7331
47 0.983307 0.005783 V4_PRIME_RESIDUAL V4 1.0000 2 0 200 7331
48 0.982993 0.005783 V4_PRIME_RESIDUAL V4 1.0000 2 0 200 7331
49 0.983150 0.005940 V4_PRIME_RESIDUAL V4 1.0000 2 0 200 7331
50 0.983150 0.005625 V4_PRIME_RESIDUAL V4 1.0000 2 0 200 7331
51 0.983261 0.005894 V4_PRIME_RESIDUAL V4 1.0000 2 0 200 7331
52 0.983261 0.005671 V4_PRIME_RESIDUAL V4 1.0000 2 0 200 7331
53 0.983039 0.005894 V4_PRIME_RESIDUAL V4 1.0000 2 0 200 7331
54 0.983039 0.005671 V4_PRIME_RESIDUAL V4 1.0000 2 0 200 7331
55 0.983133 0.005715 V4_PRIME_RESIDUAL V4 1.0000 2 0 200 7331
56 0.983229 0.005783 V4_PRIME_RESIDUAL V4 1.0000 2 0 200 7331
57 0.983072 0.005783 V4_PRIME_RESIDUAL V4 1.0000 2 0 200 7331
58 0.983150 0.005861 V4_PRIME_RESIDUAL V4 1.0000 2 0 200 7331
59 0.983150 0.005704 V4_PRIME_RESIDUAL V4 1.0000 2 0 200 7331
60 0.983206 0.005838 V4_PRIME_RESIDUAL V4 1.0000 2 0 200 7331
61 0.983206 0.005727 V4_PRIME_RESIDUAL V4 1.0000 2 0 200 7331
62 0.983095 0.005838 V4_PRIME_RESIDUAL V4 1.0000 2 0 200 7331
63 0.983095 0.005727 V4_PRIME_RESIDUAL V4 1.0000 2 0 200 7331
64 0.983143 0.005726 V4_PRIME_RESIDUAL V4 1.0000 2 0 200 7331
65 0.983240 0.005861 V4_PRIME_RESIDUAL V4 1.0000 2 0 200 7331
66 0.983060 0.005861 V4_PRIME_RESIDUAL V4 1.0000 2 0 200 7331
67 0.983150 0.005951 V4_PRIME_RESIDUAL V4 1.0000 2 0 200 7331
68 0.983150 0.005771 V4_PRIME_RESIDUAL V4 1.0000 2 0 200 7331
69 0.983214 0.005925 V4_PRIME_RESIDUAL V4 1.0000 2 0 200 7331
70 0.983214 0.005797 V4_PRIME_RESIDUAL V4 1.0000 2 0 200 7331
71 0.983086 0.005925 V4_PRIME_RESIDUAL V4 1.0000 2 0 200 7331
72 0.983086 0.005797 V4_PRIME_RESIDUAL V4 1.0000 2 0 200 7331
73 0.983226 0.005823 V4_PRIME_RESIDUAL V4 1.0000 2 0 200 7331
74 0.983195 0.005861 V4_PRIME_RESIDUAL V4 1.0000 2 0 200 7331
75 0.983105 0.005861 V4_PRIME_RESIDUAL V4 1.0000 2 0 200 7331
76 0.983150 0.005906 V4_PRIME_RESIDUAL V4 1.0000 2 0 200 7331
77 0.983150 0.005816 V4_PRIME_RESIDUAL V4 1.0000 2 0 200 7331
78 0.983182 0.005893 V4_PRIME_RESIDUAL V4 1.0000 2 0 200 7331
79 0.983182 0.005829 V4_PRIME_RESIDUAL V4 1.0000 2 0 200 7331
80 0.983118 0.005893 V4_PRIME_RESIDUAL V4 1.0000 2 0 200 7331
81 0.983118 0.005829 V4_PRIME_RESIDUAL V4 1.0000 2 0 200 7331
82 0.983189 0.005859 V4_PRIME_RESIDUAL V4 1.0000 2 0 200 7331
83 0.983173 0.005861 V4_PRIME_RESIDUAL V4 1.0000 2 0 200 7331
84 0.983127 0.005861 V4_PRIME_RESIDUAL V4 1.0000 2 0 200 7331
85 0.983150 0.005884 V4_PRIME_RESIDUAL V4 1.0000 2 0 200 7331
86 0.983150 0.005839 V4_PRIME_RESIDUAL V4 1.0000 2 0 200 7331
87 0.983166 0.005877 V4_PRIME_RESIDUAL V4 1.0000 2 0 200 7331
88 0.983166 0.005845 V4_PRIME_RESIDUAL V4 1.0000 2 0 200 7331
89 0.983134 0.005877 V4_PRIME_RESIDUAL V4 1.0000 2 0 200 7331
90 0.983134 0.005845 V4_PRIME_RESIDUAL V4 1.0000 2 0 200 7331
91 0.983162 0.005862 V4_PRIME_RESIDUAL V4 1.0000 2 0 200 7331
92 0.983161 0.005861 V4_PRIME_RESIDUAL V4 1.0000 2 0 200 7331
93 0.983139 0.005861 V4_PRIME_RESIDUAL V4 1.0000 2 0 200 7331
94 0.983150 0.005872 V4_PRIME_RESIDUAL V4 1.0000 2 0 200 7331
95 0.983150 0.005850 V4_PRIME_RESIDUAL V4 1.0000 2 0 200 7331
96 0.983158 0.005869 V4_PRIME_RESIDUAL V4 1.0000 2 0 200 7331
97 0.983158 0.005853 V4_PRIME_RESIDUAL V4 1.0000 2 0 200 7331
98 0.983142 0.005869 V4_PRIME_RESIDUAL V4 1.0000 2 0 200 7331
99 0.983142 0.005853 V4_PRIME_RESIDUAL V4 1.0000 2 0 200 7331
100 0.983154 0.005871 V4_PRIME_RESIDUAL V4 1.0000 2 0 200 7331
101 0.983160 0.005861 V4_PRIME_RESIDUAL V4 1.0000 2 0 200 7331
102 0.983140 0.005861 V4_PRIME_RESIDUAL V4 1.0000 2 0 200 7331
103 0.983150 0.005871 V4_PRIME_RESIDUAL V4 1.0000 2 0 200 7331
104 0.983150 0.005851 V4_PRIME_RESIDUAL V4 1.0000 2 0 200 7331
105 0.983157 0.005868 V4_PRIME_RESIDUAL V4 1.0000 2 0 200 7331
106 0.983157 0.005854 V4_PRIME_RESIDUAL V4 1.0000 2 0 200 7331
107 0.983143 0.005868 V4_PRIME_RESIDUAL V4 1.0000 2 0 200 7331
108 0.983143 0.005854 V4_PRIME_RESIDUAL V4 1.0000 2 0 200 7331
109 0.983142 0.005867 V4_PRIME_RESIDUAL V4 1.0000 2 0 200 7331
110 0.983152 0.005869 V4_PRIME_RESIDUAL V4 1.0000 2 0 200 7331
111 0.983153 0.005867 V4_PRIME_RESIDUAL V4 1.0000 2 0 200 7331
112 0.983150 0.005861 V4_PRIME_RESIDUAL V4 1.0000 2 0 200 7331
113 0.983152 0.005866 V4_PRIME_RESIDUAL V4 1.0000 2 0 200 7331
114 0.983154 0.005868 V4_PRIME_RESIDUAL V4 1.0000 2 0 200 7331
115 0.983154 0.005864 V4_PRIME_RESIDUAL V4 1.0000 2 0 200 7331
116 0.983159 0.005859 V4_PRIME_RESIDUAL V4 1.0000 2 0 200 7331
117 0.983149 0.005863 V4_PRIME_RESIDUAL V4 1.0000 2 0 200 7331
118 0.983158 0.005857 V4_PRIME_RESIDUAL V4 1.0000 2 0 200 7331
119 0.983155 0.005853 V4_PRIME_RESIDUAL V4 1.0000 2 0 200 7331
120 0.983152 0.005856 V4_PRIME_RESIDUAL V4 1.0000 2 0 200 7331
121 0.983152 0.005855 V4_PRIME_RESIDUAL V4 1.0000 2 0 200 7331
122 0.983141 0.005861 V4_PRIME_RESIDUAL V4 1.0000 2 0 200 7331
123 0.983145 0.005852 V4_PRIME_RESIDUAL V4 1.0000 2 0 200 7331
124 0.983148 0.005855 V4_PRIME_RESIDUAL V4 1.0000 2 0 200 7331
125 -0.680000 0.470150 V4_PRIME_RESIDUAL V4 1.0000 2 0 200 7331
126 -0.720000 0.470150 V4_PRIME_RESIDUAL V4 1.0000 2 0 200 7331
127 -0.700000 0.490150 V4_PRIME_RESIDUAL V4 1.0000 2 0 200 7331
128 -0.700000 0.450150 V4_PRIME_RESIDUAL V4 1.0000 2 0 200 7331
