1	0.595423	0.480548	0.595976	0.620867	0.459988	0.493755	0.997984	0.171682	0.025195	0.141111	41	0.247778	1.000000	3.9	0
2	0.590517	0.470733	0.592868	0.623781	0.454665	0.482662	0.998251	0.239565	0.033416	0.234444	55	0.246667	1.000000	3.7	0
3	0.592069	0.477952	0.589530	0.617966	0.454134	0.490401	0.998509	0.130757	0.015200	0.094444	34	0.248889	1.000000	3.7	0
4	0.594490	0.483525	0.587992	0.619596	0.450789	0.500280	0.998736	0.158827	0.019967	0.123333	37	0.244444	1.000000	3.7	0
5	0.596656	0.485608	0.594032	0.618744	0.454404	0.502074	0.999106	0.143568	0.030094	0.112222	32	0.248889	1.000000	3.7	0
6	0.588638	0.468312	0.592605	0.622077	0.451067	0.479274	0.998711	0.209109	0.030019	0.190000	50	0.247778	1.000000	3.7	0
7	0.594301	0.482220	0.589239	0.619575	0.454274	0.497259	0.997959	0.165326	0.032252	0.136667	36	0.246667	1.000000	3.7	0
8	0.594877	0.480872	0.592063	0.619662	0.460099	0.493996	0.998572	0.163472	0.034283	0.107778	37	0.248889	1.000000	3.7	0
9	0.589506	0.472840	0.590087	0.620782	0.446356	0.486235	0.998514	0.190326	0.019678	0.181111	43	0.244444	1.000000	3.7	0
10	0.593326	0.477538	0.592886	0.620805	0.456355	0.490930	0.998635	0.179890	0.041296	0.114444	43	0.247778	1.000000	3.7	0
11	0.592070	0.475011	0.592089	0.622183	0.452711	0.489933	0.998531	0.207812	0.047926	0.192222	49	0.247778	1.000000	3.7	0
12	0.591691	0.476695	0.590228	0.619032	0.452091	0.490035	0.998729	0.163746	0.022438	0.114444	39	0.247778	1.000000	3.7	0
13	0.588395	0.471903	0.588196	0.619838	0.444729	0.484791	0.998576	0.179425	0.029690	0.163333	40	0.244444	1.000000	3.7	0
14	0.589494	0.473308	0.590681	0.620712	0.443093	0.487972	0.998654	0.186363	0.029326	0.174444	43	0.246667	1.000000	3.7	0
15	0.590421	0.473188	0.591782	0.620935	0.449295	0.487302	0.998178	0.191905	0.050611	0.158889	44	0.247778	1.000000	3.7	0
16	0.588003	0.469990	0.589452	0.619355	0.448303	0.481045	0.998548	0.172431	0.030004	0.161111	44	0.246667	1.000000	3.8	0
17	0.593044	0.478976	0.591648	0.620137	0.451934	0.493783	0.997827	0.178892	0.040854	0.143333	42	0.247778	1.000000	3.7	0
18	0.590060	0.473963	0.590385	0.620744	0.446707	0.487886	0.998076	0.186018	0.028875	0.181111	40	0.246667	1.000000	3.7	0
19	0.596643	0.484792	0.592745	0.620867	0.456123	0.501373	0.998522	0.178055	0.063258	0.147778	40	0.247778	1.000000	4.0	0
20	0.594530	0.480303	0.591730	0.621714	0.455635	0.495386	0.998566	0.192331	0.048443	0.174444	49	0.247778	1.000000	4.2	0
21	0.594395	0.480988	0.590723	0.619733	0.460748	0.492602	0.997184	0.171859	0.045566	0.123333	42	0.246667	1.000000	3.7	0
22	0.589632	0.474279	0.589646	0.620028	0.442536	0.489701	0.998504	0.181170	0.033619	0.181111	41	0.246667	1.000000	3.7	0
23	0.590739	0.474994	0.591668	0.621071	0.444599	0.491032	0.998232	0.193998	0.045103	0.174444	47	0.247778	1.000000	3.7	0
24	0.591021	0.475392	0.591711	0.620782	0.445908	0.491750	0.997672	0.192962	0.035179	0.156667	46	0.247778	1.000000	4.7	0
25	0.592956	0.478420	0.590552	0.620186	0.455543	0.492076	0.997313	0.187474	0.039222	0.167778	44	0.246667	1.000000	3.9	0
26	0.591839	0.475979	0.591107	0.620241	0.454787	0.488302	0.997856	0.186311	0.033890	0.154444	43	0.247778	1.000000	4.0	0
27	0.591661	0.476933	0.591041	0.620725	0.445379	0.493918	0.998452	0.187755	0.041242	0.167778	45	0.246667	1.000000	3.8	0
28	0.591251	0.475781	0.591494	0.620252	0.449533	0.489477	0.997950	0.189547	0.045433	0.150000	47	0.247778	1.000000	5.0	0
29	0.593203	0.478888	0.591610	0.621027	0.449820	0.495367	0.998718	0.189965	0.019712	0.152222	41	0.247778	1.000000	3.7	0
30	0.592385	0.476806	0.590886	0.620277	0.454885	0.491086	0.997423	0.183450	0.022353	0.161111	43	0.246667	1.000000	3.7	0
31	0.596907	0.485258	0.590777	0.621283	0.461349	0.501176	0.996032	0.189054	0.073044	0.165556	46	0.246667	1.000000	3.7	0
32	0.592494	0.477427	0.591135	0.620599	0.452898	0.491636	0.997978	0.186476	0.038310	0.154444	44	0.247778	1.000000	3.9	0
33	0.593179	0.479693	0.591570	0.620718	0.448099	0.496342	0.998307	0.182837	0.042859	0.156667	42	0.247778	1.000000	3.7	0
34	0.592746	0.477088	0.590978	0.620787	0.456968	0.489966	0.997794	0.191987	0.036524	0.181111	49	0.246667	1.000000	4.0	0
35	0.591833	0.475749	0.591051	0.620629	0.455405	0.487941	0.997612	0.190013	0.057708	0.174444	45	0.247778	1.000000	3.7	0
36	0.590594	0.475474	0.591150	0.620486	0.442986	0.492028	0.998187	0.184636	0.041772	0.183333	42	0.246667	1.000000	3.7	0
37	0.590971	0.474751	0.591193	0.620452	0.451101	0.487979	0.997828	0.188423	0.048794	0.167778	45	0.247778	1.000000	3.7	0
38	0.588797	0.471062	0.591139	0.620426	0.445596	0.484917	0.998134	0.192161	0.047751	0.174444	46	0.247778	1.000000	3.9	0
39	0.591918	0.476213	0.590850	0.620233	0.455450	0.488533	0.997364	0.187908	0.047801	0.161111	40	0.246667	1.000000	3.7	0
40	0.590760	0.475264	0.591022	0.620519	0.446438	0.490582	0.997733	0.187035	0.054666	0.161111	43	0.246667	1.000000	3.7	0
41	0.591532	0.474714	0.590999	0.620300	0.458567	0.485288	0.997203	0.190017	0.032041	0.176667	43	0.246667	1.000000	3.7	0
42	0.592625	0.478180	0.591389	0.620650	0.449383	0.493970	0.998476	0.186834	0.045937	0.174444	42	0.247778	1.000000	3.7	0
43	0.595697	0.482835	0.591404	0.621237	0.456810	0.499090	0.998047	0.190808	0.036465	0.167778	45	0.246667	1.000000	3.7	0
44	0.595758	0.482185	0.591385	0.621061	0.460163	0.497522	0.997945	0.193741	0.049307	0.172222	47	0.246667	1.000000	3.7	0
45	0.591002	0.475143	0.591195	0.620596	0.447200	0.490814	0.998300	0.188654	0.038169	0.178889	43	0.246667	1.000000	3.7	0
46	0.594493	0.481439	0.591359	0.620804	0.453311	0.497385	0.998027	0.188685	0.056551	0.158889	42	0.247778	1.000000	3.7	0
47	0.591268	0.474799	0.591157	0.620630	0.450957	0.489120	0.998592	0.189221	0.044176	0.181111	44	0.247778	1.000000	3.8	0
48	0.596339	0.483185	0.591410	0.621307	0.462504	0.497716	0.997348	0.193740	0.052109	0.181111	46	0.246667	1.000000	3.7	0
49	0.592074	0.477210	0.591185	0.620784	0.448883	0.492763	0.998195	0.187146	0.038805	0.161111	43	0.246667	1.000000	3.9	0
50	0.592366	0.477284	0.591181	0.620778	0.450369	0.492846	0.998458	0.187537	0.048223	0.174444	41	0.246667	1.000000	5.0	0
51	0.594402	0.480622	0.591442	0.620901	0.455111	0.495987	0.998201	0.188817	0.036838	0.190000	45	0.247778	1.000000	4.4	0
52	0.594509	0.480789	0.591500	0.620990	0.454293	0.497088	0.998207	0.188606	0.045554	0.172222	45	0.246667	1.000000	5.1	0
53	0.593886	0.479348	0.591332	0.620746	0.455563	0.494672	0.998013	0.189558	0.036405	0.156667	45	0.246667	1.000000	5.0	0
54	0.592670	0.477770	0.591185	0.620756	0.450611	0.494114	0.998183	0.192131	0.026718	0.181111	48	0.246667	1.000000	3.7	0
55	0.592502	0.477905	0.591348	0.620844	0.450081	0.493836	0.997396	0.191005	0.041159	0.176667	46	0.247778	1.000000	4.2	0
56	0.592109	0.476754	0.591216	0.620562	0.450762	0.491966	0.998300	0.189218	0.034826	0.181111	46	0.246667	1.000000	3.8	0
57	0.594531	0.481150	0.591464	0.620984	0.453903	0.497325	0.997951	0.189201	0.043670	0.161111	42	0.246667	1.000000	4.4	0
58	0.595796	0.483204	0.591525	0.621233	0.455168	0.500753	0.997953	0.190682	0.022546	0.181111	44	0.246667	1.000000	5.3	0
59	0.593793	0.480195	0.591363	0.620843	0.451093	0.497109	0.997888	0.189540	0.027238	0.174444	44	0.246667	1.000000	4.2	0
60	0.597569	0.486621	0.591460	0.621297	0.458622	0.504110	0.997266	0.192886	0.024132	0.183333	48	0.246667	1.000000	3.7	0
61	0.596172	0.484124	0.591476	0.621082	0.455869	0.501492	0.997688	0.189034	0.026101	0.165556	43	0.246667	1.000000	3.8	0
62	0.595261	0.482791	0.591454	0.621091	0.453382	0.499756	0.998073	0.187037	0.035759	0.163333	44	0.246667	1.000000	4.2	0
63	0.593152	0.478536	0.591236	0.620841	0.452111	0.494267	0.998330	0.186823	0.035433	0.176667	41	0.246667	1.000000	5.0	0
64	0.597886	0.487267	0.591486	0.621313	0.458027	0.505402	0.997568	0.187921	0.025780	0.181111	44	0.246667	1.000000	3.9	0
65	0.592872	0.477383	0.591277	0.620654	0.455609	0.491240	0.998063	0.189357	0.027322	0.183333	43	0.246667	1.000000	5.0	0
66	0.597016	0.484988	0.591482	0.621202	0.459312	0.501841	0.997956	0.189357	0.044758	0.170000	44	0.246667	1.000000	4.2	0
67	0.594181	0.480730	0.591270	0.620812	0.452062	0.497607	0.998242	0.188280	0.030340	0.176667	45	0.246667	1.000000	4.6	0
68	0.595872	0.483152	0.591353	0.621242	0.456080	0.500401	0.998149	0.188303	0.037570	0.176667	44	0.246667	1.000000	3.7	0
69	0.595276	0.482548	0.591465	0.621028	0.454229	0.499532	0.998002	0.189861	0.031262	0.178889	45	0.246667	1.000000	4.0	0
70	0.597486	0.486111	0.591365	0.621126	0.459480	0.503142	0.997944	0.187806	0.026807	0.165556	42	0.246667	1.000000	5.0	0
71	0.599486	0.488342	0.591563	0.621489	0.467174	0.504663	0.997780	0.192690	0.039195	0.174444	46	0.246667	1.000000	3.8	0
72	0.594996	0.481886	0.591291	0.621080	0.454268	0.498613	0.998246	0.185914	0.041857	0.176667	43	0.246667	1.000000	3.9	0
73	0.597100	0.485709	0.591514	0.621327	0.457144	0.503246	0.997918	0.190307	0.032760	0.178889	43	0.246667	1.000000	3.9	0
74	0.593214	0.478853	0.591383	0.620826	0.451141	0.495544	0.997776	0.189034	0.025769	0.176667	47	0.246667	1.000000	4.6	0
75	0.596751	0.483565	0.591467	0.621266	0.463297	0.498339	0.998030	0.192351	0.045891	0.176667	44	0.246667	1.000000	3.9	0
76	0.593855	0.480130	0.591312	0.620914	0.451706	0.496534	0.998350	0.186500	0.037120	0.165556	42	0.246667	1.000000	4.8	0
77	0.596735	0.483904	0.591378	0.621443	0.459905	0.500673	0.998331	0.190420	0.040824	0.181111	45	0.246667	1.000000	4.0	0
78	0.595271	0.482562	0.591472	0.621068	0.454039	0.499538	0.998085	0.188150	0.033505	0.174444	44	0.246667	1.000000	4.2	0
79	0.594077	0.479154	0.591352	0.620743	0.459322	0.492503	0.998003	0.188126	0.031263	0.174444	43	0.246667	1.000000	4.0	0
80	0.596161	0.483631	0.591480	0.621216	0.456870	0.500579	0.998205	0.189558	0.039205	0.176667	43	0.246667	1.000000	4.2	0
81	0.595074	0.482068	0.591400	0.621111	0.454347	0.498657	0.998201	0.188214	0.037861	0.172222	41	0.246667	1.000000	4.9	0
82	0.596559	0.484142	0.591504	0.621162	0.458779	0.500650	0.998058	0.191240	0.045422	0.181111	44	0.246667	1.000000	4.2	0
83	0.595615	0.482892	0.591441	0.621128	0.455432	0.499804	0.998140	0.188654	0.035536	0.174444	45	0.246667	1.000000	3.7	0
84	0.595445	0.482511	0.591478	0.621155	0.455609	0.498975	0.998232	0.189587	0.043826	0.174444	44	0.246667	1.000000	5.1	0
85	0.593374	0.479236	0.591317	0.620911	0.451312	0.495270	0.998290	0.189034	0.031557	0.165556	43	0.246667	1.000000	4.3	0
86	0.594413	0.480648	0.591408	0.620864	0.454147	0.497106	0.998147	0.189342	0.028623	0.176667	44	0.246667	1.000000	4.6	0
87	0.595191	0.482369	0.591482	0.621063	0.453950	0.499328	0.998169	0.188215	0.034669	0.181111	43	0.246667	1.000000	3.8	0
88	0.595049	0.481734	0.591434	0.621165	0.454778	0.498376	0.998352	0.188099	0.039779	0.174444	43	0.246667	1.000000	4.1	0
89	0.596857	0.484012	0.591459	0.621395	0.460209	0.500983	0.998316	0.191240	0.035666	0.174444	45	0.246667	1.000000	3.7	0
90	0.595610	0.482880	0.591419	0.621165	0.455645	0.499607	0.998097	0.189236	0.034859	0.167778	44	0.246667	1.000000	3.7	0
91	0.595652	0.482956	0.591464	0.621070	0.455393	0.499975	0.998183	0.189540	0.034934	0.176667	45	0.246667	1.000000	3.7	0
92	0.594501	0.480495	0.591416	0.620848	0.455273	0.496708	0.998269	0.189034	0.033984	0.181111	43	0.246667	1.000000	4.4	0
93	0.595420	0.482394	0.591434	0.621143	0.455509	0.499073	0.998318	0.188593	0.043941	0.176667	45	0.246667	1.000000	4.1	0
94	0.594944	0.481718	0.591393	0.621087	0.454365	0.498310	0.998277	0.188099	0.039881	0.170000	44	0.246667	1.000000	4.1	0
95	0.595778	0.482829	0.591432	0.621250	0.456748	0.499425	0.998284	0.189358	0.045890	0.176667	45	0.246667	1.000000	3.8	0
96	0.596081	0.482940	0.591432	0.621173	0.458593	0.499610	0.998164	0.189558	0.030433	0.176667	43	0.246667	1.000000	4.2	0
97	0.595601	0.482530	0.591413	0.621198	0.456405	0.499175	0.998262	0.189864	0.042052	0.176667	45	0.246667	1.000000	3.8	0
98	0.595605	0.482452	0.591441	0.621195	0.456318	0.499286	0.998371	0.189897	0.038542	0.174444	44	0.246667	1.000000	4.1	0
99	0.596784	0.484544	0.591409	0.621249	0.458588	0.501542	0.998200	0.189357	0.044456	0.176667	43	0.246667	1.000000	4.0	0
100	0.594714	0.480659	0.591426	0.620890	0.456210	0.496813	0.998322	0.189558	0.035866	0.174444	43	0.246667	1.000000	4.6	0
101	0.594846	0.481185	0.591395	0.620989	0.455426	0.497654	0.998197	0.189897	0.030675	0.176667	43	0.246667	1.000000	3.7	0
102	0.595260	0.481731	0.591409	0.621056	0.456574	0.498214	0.998260	0.190307	0.036814	0.176667	45	0.246667	1.000000	5.0	0
103	0.594917	0.481253	0.591400	0.620960	0.455775	0.497669	0.998219	0.189357	0.033747	0.174444	45	0.246667	1.000000	4.9	0
104	0.595273	0.482146	0.591424	0.621121	0.455202	0.498894	0.998268	0.189558	0.036801	0.174444	45	0.246667	1.000000	3.9	0
105	0.596450	0.483053	0.591412	0.621151	0.461464	0.499154	0.998068	0.191563	0.043271	0.176667	43	0.246667	1.000000	3.7	0
106	0.595003	0.481808	0.591440	0.621062	0.454333	0.498549	0.998291	0.188215	0.037474	0.174444	43	0.246667	1.000000	3.9	0
107	0.594978	0.481525	0.591420	0.621027	0.455081	0.498131	0.998317	0.189558	0.036509	0.174444	42	0.246667	1.000000	3.7	0
108	0.595420	0.482293	0.591402	0.621085	0.455910	0.499019	0.998228	0.189357	0.035997	0.174444	43	0.246667	1.000000	3.8	0
109	0.595392	0.482250	0.591424	0.621141	0.455724	0.498976	0.998264	0.189558	0.036668	0.174444	45	0.246667	1.000000	3.7	0
110	0.594770	0.480880	0.591393	0.620924	0.456024	0.497154	0.998172	0.190144	0.029398	0.174444	44	0.246667	1.000000	4.2	0
111	0.595599	0.482328	0.591429	0.621168	0.457061	0.498939	0.998182	0.189897	0.034523	0.176667	44	0.246667	1.000000	3.9	0
112	0.595110	0.481403	0.591399	0.620986	0.457293	0.497359	0.998026	0.189357	0.030040	0.176667	43	0.246667	1.000000	3.7	0
113	0.546802	0.432030	0.585293	0.506622	0.384623	0.449050	0.999706	0.227070	0.021253	0.085556	14	0.304444	0.695556	4.2	0
114	0.538973	0.419289	0.573864	0.504779	0.381793	0.434228	0.999678	0.235460	0.022681	0.105556	20	0.286667	0.713333	4.2	0
115	0.540368	0.421246	0.578323	0.504232	0.381373	0.436731	0.999719	0.228168	0.022897	0.090000	16	0.291111	0.708889	4.1	0
116	0.539679	0.420044	0.577958	0.502410	0.382381	0.435336	0.999698	0.228666	0.019417	0.092222	16	0.295556	0.704444	4.3	0
117	0.543365	0.425713	0.582497	0.504531	0.384557	0.441609	0.999721	0.225394	0.023078	0.085556	15	0.298889	0.701111	4.2	0
118	0.543319	0.425513	0.582295	0.504824	0.383798	0.442311	0.999711	0.229353	0.018504	0.090000	16	0.297778	0.702222	5.8	0
119	0.538762	0.418136	0.574696	0.503917	0.383923	0.432607	0.999708	0.229723	0.017253	0.103333	18	0.286667	0.713333	5.4	0
120	0.536981	0.416258	0.574331	0.500350	0.380891	0.430825	0.999714	0.226236	0.025323	0.085556	16	0.294444	0.705556	4.4	0
121	0.539026	0.418908	0.574070	0.505138	0.382565	0.433851	0.999701	0.234343	0.016483	0.103333	20	0.284444	0.715556	4.9	0
122	0.542616	0.424714	0.581310	0.504280	0.383062	0.441206	0.999727	0.231332	0.017403	0.090000	16	0.297778	0.702222	5.8	0
123	0.538468	0.417863	0.575750	0.502123	0.383171	0.432611	0.999694	0.238096	0.024539	0.101111	18	0.292222	0.707778	5.0	0
124	0.541319	0.422806	0.578906	0.504844	0.382000	0.438651	0.999715	0.231504	0.019933	0.092222	16	0.292222	0.707778	4.1	0
125	0.541487	0.422580	0.578935	0.503823	0.384706	0.438417	0.999729	0.231995	0.018688	0.096667	17	0.295556	0.704444	4.2	0
126	0.543191	0.425681	0.581060	0.505138	0.383710	0.442188	0.999708	0.226928	0.014123	0.094444	15	0.296667	0.703333	4.1	0
127	0.542454	0.424544	0.580824	0.503870	0.383357	0.441036	0.999702	0.227612	0.020887	0.085556	15	0.298889	0.701111	5.4	0
128	0.540938	0.421318	0.577181	0.504816	0.385723	0.436633	0.999707	0.239119	0.016963	0.110000	19	0.290000	0.710000	4.2	0
