1 -0.685858 0.484292 V4_PRIME_RESIDUAL V4 1.0000 2 0 200 7331
2 -0.685858 0.456008 V4_PRIME_RESIDUAL V4 1.0000 2 0 200 7331
3 -0.714142 0.484292 V4_PRIME_RESIDUAL V4 1.0000 2 0 200 7331
4 -0.714142 0.456008 V4_PRIME_RESIDUAL V4 1.0000 2 0 200 7331
5 -0.697532 0.487429 V4_PRIME_RESIDUAL V4 1.0000 2 0 200 7331
6 -0.690000 0.470150 V4_PRIME_RESIDUAL V4 1.0000 2 0 200 7331
7 -0.710000 0.470150 V4_PRIME_RESIDUAL V4 1.0000 2 0 200 7331
8 -0.700000 0.480150 V4_PRIME_RESIDUAL V4 1.0000 2 0 200 7331
9 -0.700000 0.460150 V4_PRIME_RESIDUAL V4 1.0000 2 0 200 7331
10 -0.692929 0.477221 V4_PRIME_RESIDUAL V4 1.0000 2 0 200 7331
11 -0.692929 0.463079 V4_PRIME_RESIDUAL V4 1.0000 2 0 200 7331
12 -0.707071 0.477221 V4_PRIME_RESIDUAL V4 1.0000 2 0 200 7331
13 -0.707071 0.463079 V4_PRIME_RESIDUAL V4 1.0000 2 0 200 7331
14 -0.699466 0.465665 V4_PRIME_RESIDUAL V4 1.0000 2 0 200 7331
15 -0.695000 0.470150 V4_PRIME_RESIDUAL V4 1.0000 2 0 200 7331
16 -0.705000 0.470150 V4_PRIME_RESIDUAL V4 1.0000 2 0 200 7331
17 -0.700000 0.475150 V4_PRIME_RESIDUAL V4 1.0000 2 0 200 7331
18 -0.700000 0.465150 V4_PRIME_RESIDUAL V4 1.0000 2 0 200 7331
19 -0.696464 0.473686 V4_PRIME_RESIDUAL V4 1.0000 2 0 200 7331
20 -0.696464 0.466614 V4_PRIME_RESIDUAL V4 1.0000 2 0 200 7331
21 -0.703536 0.473686 V4_PRIME_RESIDUAL V4 1.0000 2 0 200 7331
22 -0.703536 0.466614 V4_PRIME_RESIDUAL V4 1.0000 2 0 200 7331
23 -0.696148 0.467365 V4_PRIME_RESIDUAL V4 1.0000 2 0 200 7331
24 -0.697500 0.470150 V4_PRIME_RESIDUAL V4 1.0000 2 0 200 7331
25 -0.702500 0.470150 V4_PRIME_RESIDUAL V4 1.0000 2 0 200 7331
26 -0.700000 0.472650 V4_PRIME_RESIDUAL V4 1.0000 2 0 200 7331
27 -0.700000 0.467650 V4_PRIME_RESIDUAL V4 1.0000 2 0 200 7331
28 -0.698232 0.471918 V4_PRIME_RESIDUAL V4 1.0000 2 0 200 7331
29 -0.698232 0.468382 V4_PRIME_RESIDUAL V4 1.0000 2 0 200 7331
30 -0.701768 0.471918 V4_PRIME_RESIDUAL V4 1.0000 2 0 200 7331
31 -0.701768 0.468382 V4_PRIME_RESIDUAL V4 1.0000 2 0 200 7331
32 -0.699969 0.472514 V4_PRIME_RESIDUAL V4 1.0000 2 0 200 7331
33 -0.698750 0.470150 V4_PRIME_RESIDUAL V4 1.0000 2 0 200 7331
34 -0.701250 0.470150 V4_PRIME_RESIDUAL V4 1.0000 2 0 200 7331
35 -0.700000 0.471400 V4_PRIME_RESIDUAL V4 1.0000 2 0 200 7331
36 -0.700000 0.468900 V4_PRIME_RESIDUAL V4 1.0000 2 0 200 7331
37 -0.699116 0.471034 V4_PRIME_RESIDUAL V4 1.0000 2 0 200 7331
38 -0.699116 0.469266 V4_PRIME_RESIDUAL V4 1.0000 2 0 200 7331
39 -0.700884 0.471034 V4_PRIME_RESIDUAL V4 1.0000 2 0 200 7331
40 -0.700884 0.469266 V4_PRIME_RESIDUAL V4 1.0000 2 0 200 7331
41 -0.700774 0.470498 V4_PRIME_RESIDUAL V4 1.0000 2 0 200 7331
42 -0.699375 0.470150 V4_PRIME_RESIDUAL V4 1.0000 2 0 200 7331
43 -0.700625 0.470150 V4_PRIME_RESIDUAL V4 1.0000 2 0 200 7331
44 -0.700000 0.470775 V4_PRIME_RESIDUAL V4 1.0000 2 0 200 7331
45 -0.700000 0.469525 V4_PRIME_RESIDUAL V4 1.0000 2 0 200 7331
46 -0.699558 0.470592 V4_PRIME_RESIDUAL V4 1.0000 2 0 200 7331
47 -0.699558 0.469708 V4_PRIME_RESIDUAL V4 1.0000 2 0 200 7331
48 -0.700442 0.470592 V4_PRIME_RESIDUAL V4 1.0000 2 0 200 7331
49 -0.700442 0.469708 V4_PRIME_RESIDUAL V4 1.0000 2 0 200 7331
50 -0.699855 0.469636 V4_PRIME_RESIDUAL V4 1.0000 2 0 200 7331
51 -0.699687 0.470150 V4_PRIME_RESIDUAL V4 1.0000 2 0 200 7331
52 -0.700313 0.470150 V4_PRIME_RESIDUAL V4 1.0000 2 0 200 7331
53 -0.700000 0.470463 V4_PRIME_RESIDUAL V4 1.0000 2 0 200 7331
54 -0.700000 0.469838 V4_PRIME_RESIDUAL V4 1.0000 2 0 200 7331
55 -0.699779 0.470371 V4_PRIME_RESIDUAL V4 1.0000 2 0 200 7331
56 -0.699779 0.469929 V4_PRIME_RESIDUAL V4 1.0000 2 0 200 7331
57 -0.700221 0.470371 V4_PRIME_RESIDUAL V4 1.0000 2 0 200 7331
58 -0.700221 0.469929 V4_PRIME_RESIDUAL V4 1.0000 2 0 200 7331
59 -0.699823 0.470245 V4_PRIME_RESIDUAL V4 1.0000 2 0 200 7331
60 -0.699844 0.470150 V4_PRIME_RESIDUAL V4 1.0000 2 0 200 7331
61 -0.700156 0.470150 V4_PRIME_RESIDUAL V4 1.0000 2 0 200 7331
62 -0.700000 0.470306 V4_PRIME_RESIDUAL V4 1.0000 2 0 200 7331
63 -0.700000 0.469994 V4_PRIME_RESIDUAL V4 1.0000 2 0 200 7331
64 -0.699890 0.470260 V4_PRIME_RESIDUAL V4 1.0000 2 0 200 7331
65 -0.699890 0.470040 V4_PRIME_RESIDUAL V4 1.0000 2 0 200 7331
66 -0.700110 0.470260 V4_PRIME_RESIDUAL V4 1.0000 2 0 200 7331
67 -0.700110 0.470040 V4_PRIME_RESIDUAL V4 1.0000 2 0 200 7331
68 -0.699984 0.470045 V4_PRIME_RESIDUAL V4 1.0000 2 0 200 7331
69 -0.699922 0.470150 V4_PRIME_RESIDUAL V4 1.0000 2 0 200 7331
70 -0.700078 0.470150 V4_PRIME_RESIDUAL V4 1.0000 2 0 200 7331
71 -0.700000 0.470228 V4_PRIME_RESIDUAL V4 1.0000 2 0 200 7331
72 -0.700000 0.470072 V4_PRIME_RESIDUAL V4 1.0000 2 0 200 7331
73 -0.699945 0.470205 V4_PRIME_RESIDUAL V4 1.0000 2 0 200 7331
74 -0.699945 0.470095 V4_PRIME_RESIDUAL V4 1.0000 2 0 200 7331
75 -0.700055 0.470205 V4_PRIME_RESIDUAL V4 1.0000 2 0 200 7331
76 -0.700055 0.470095 V4_PRIME_RESIDUAL V4 1.0000 2 0 200 7331
77 -0.699928 0.470074 V4_PRIME_RESIDUAL V4 1.0000 2 0 200 7331
78 -0.699961 0.470150 V4_PRIME_RESIDUAL V4 1.0000 2 0 200 7331
79 -0.700039 0.470150 V4_PRIME_RESIDUAL V4 1.0000 2 0 200 7331
80 -0.700000 0.470189 V4_PRIME_RESIDUAL V4 1.0000 2 0 200 7331
81 -0.700000 0.470111 V4_PRIME_RESIDUAL V4 1.0000 2 0 200 7331
82 -0.699972 0.470178 V4_PRIME_RESIDUAL V4 1.0000 2 0 200 7331
83 -0.699972 0.470122 V4_PRIME_RESIDUAL V4 1.0000 2 0 200 7331
84 -0.700028 0.470178 V4_PRIME_RESIDUAL V4 1.0000 2 0 200 7331
85 -0.700028 0.470122 V4_PRIME_RESIDUAL V4 1.0000 2 0 200 7331
86 -0.699973 0.470137 V4_PRIME_RESIDUAL V4 1.0000 2 0 200 7331
87 -0.699980 0.470150 V4_PRIME_RESIDUAL V4 1.0000 2 0 200 7331
88 -0.700020 0.470150 V4_PRIME_RESIDUAL V4 1.0000 2 0 200 7331
89 -0.700000 0.470170 V4_PRIME_RESIDUAL V4 1.0000 2 0 200 7331
90 -0.700000 0.470130 V4_PRIME_RESIDUAL V4 1.0000 2 0 200 7331
91 -0.699986 0.470164 V4_PRIME_RESIDUAL V4 1.0000 2 0 200 7331
92 -0.699986 0.470136 V4_PRIME_RESIDUAL V4 1.0000 2 0 200 7331
93 -0.700014 0.470164 V4_PRIME_RESIDUAL V4 1.0000 2 0 200 7331
94 -0.700014 0.470136 V4_PRIME_RESIDUAL V4 1.0000 2 0 200 7331
95 -0.700018 0.470160 V4_PRIME_RESIDUAL V4 1.0000 2 0 200 7331
96 -0.699990 0.470150 V4_PRIME_RESIDUAL V4 1.0000 2 0 200 7331
97 -0.700010 0.470150 V4_PRIME_RESIDUAL V4 1.0000 2 0 200 7331
98 -0.700000 0.470160 V4_PRIME_RESIDUAL V4 1.0000 2 0 200 7331
99 -0.700000 0.470140 V4_PRIME_RESIDUAL V4 1.0000 2 0 200 7331
100 -0.699993 0.470157 V4_PRIME_RESIDUAL V4 1.0000 2 0 200 7331
101 -0.699993 0.470143 V4_PRIME_RESIDUAL V4 1.0000 2 0 200 7331
102 -0.700007 0.470157 V4_PRIME_RESIDUAL V4 1.0000 2 0 200 7331
103 -0.700007 0.470143 V4_PRIME_RESIDUAL V4 1.0000 2 0 200 7331
104 -0.700004 0.470149 V4_PRIME_RESIDUAL V4 1.0000 2 0 200 7331
105 -0.700003 0.470156 V4_PRIME_RESIDUAL V4 1.0000 2 0 200 7331
106 -0.699993 0.470160 V4_PRIME_RESIDUAL V4 1.0000 2 0 200 7331
107 -0.699994 0.470157 V4_PRIME_RESIDUAL V4 1.0000 2 0 200 7331
108 -0.700000 0.470141 V4_PRIME_RESIDUAL V4 1.0000 2 0 200 7331
109 -0.699998 0.470154 V4_PRIME_RESIDUAL V4 1.0000 2 0 200 7331
110 -0.699998 0.470142 V4_PRIME_RESIDUAL V4 1.0000 2 0 200 7331
111 -0.699991 0.470147 V4_PRIME_RESIDUAL V4 1.0000 2 0 200 7331
112 -0.699995 0.470140 V4_PRIME_RESIDUAL V4 1.0000 2 0 200 7331
113 -0.680000 0.070150 V4_PRIME_RESIDUAL V4 1.0000 2 0 200 7331
114 -0.720000 0.070150 V4_PRIME_RESIDUAL V4 1.0000 2 0 200 7331
115 -0.700000 0.090150 V4_PRIME_RESIDUAL V4 1.0000 2 0 200 7331
116 -0.700000 0.050150 V4_PRIME_RESIDUAL V4 1.0000 2 0 200 7331
117 -0.685858 0.084292 V4_PRIME_RESIDUAL V4 1.0000 2 0 200 7331
118 -0.685858 0.056008 V4_PRIME_RESIDUAL V4 1.0000 2 0 200 7331
119 -0.714142 0.084292 V4_PRIME_RESIDUAL V4 1.0000 2 0 200 7331
120 -0.714142 0.056008 V4_PRIME_RESIDUAL V4 1.0000 2 0 200 7331
121 -0.718000 0.082026 V4_PRIME_RESIDUAL V4 1.0000 2 0 200 7331
122 -0.690000 0.070150 V4_PRIME_RESIDUAL V4 1.0000 2 0 200 7331
123 -0.710000 0.070150 V4_PRIME_RESIDUAL V4 1.0000 2 0 200 7331
124 -0.700000 0.080150 V4_PRIME_RESIDUAL V4 1.0000 2 0 200 7331
125 -0.700000 0.060150 V4_PRIME_RESIDUAL V4 1.0000 2 0 200 7331
126 -0.692929 0.077221 V4_PRIME_RESIDUAL V4 1.0000 2 0 200 7331
127 -0.692929 0.063079 V4_PRIME_RESIDUAL V4 1.0000 2 0 200 7331
128 -0.707071 0.077221 V4_PRIME_RESIDUAL V4 1.0000 2 0 200 7331
