1 -0.707071 0.063079 V4_PRIME_RESIDUAL V4 1.0000 2 0 200 7331
2 -0.694118 0.075540 V4_PRIME_RESIDUAL V4 1.0000 2 0 200 7331
3 -0.695000 0.070150 V4_PRIME_RESIDUAL V4 1.0000 2 0 200 7331
4 -0.705000 0.070150 V4_PRIME_RESIDUAL V4 1.0000 2 0 200 7331
5 -0.700000 0.075150 V4_PRIME_RESIDUAL V4 1.0000 2 0 200 7331
6 -0.700000 0.065150 V4_PRIME_RESIDUAL V4 1.0000 2 0 200 7331
7 -0.696464 0.073686 V4_PRIME_RESIDUAL V4 1.0000 2 0 200 7331
8 -0.696464 0.066614 V4_PRIME_RESIDUAL V4 1.0000 2 0 200 7331
9 -0.703536 0.073686 V4_PRIME_RESIDUAL V4 1.0000 2 0 200 7331
10 -0.703536 0.066614 V4_PRIME_RESIDUAL V4 1.0000 2 0 200 7331
11 -0.695524 0.073208 V4_PRIME_RESIDUAL V4 1.0000 2 0 200 7331
12 -0.697500 0.070150 V4_PRIME_RESIDUAL V4 1.0000 2 0 200 7331
13 -0.702500 0.070150 V4_PRIME_RESIDUAL V4 1.0000 2 0 200 7331
14 -0.700000 0.072650 V4_PRIME_RESIDUAL V4 1.0000 2 0 200 7331
15 -0.700000 0.067650 V4_PRIME_RESIDUAL V4 1.0000 2 0 200 7331
16 -0.698232 0.071918 V4_PRIME_RESIDUAL V4 1.0000 2 0 200 7331
17 -0.698232 0.068382 V4_PRIME_RESIDUAL V4 1.0000 2 0 200 7331
18 -0.701768 0.071918 V4_PRIME_RESIDUAL V4 1.0000 2 0 200 7331
19 -0.701768 0.068382 V4_PRIME_RESIDUAL V4 1.0000 2 0 200 7331
20 -0.701634 0.072038 V4_PRIME_RESIDUAL V4 1.0000 2 0 200 7331
21 -0.698750 0.070150 V4_PRIME_RESIDUAL V4 1.0000 2 0 200 7331
22 -0.701250 0.070150 V4_PRIME_RESIDUAL V4 1.0000 2 0 200 7331
23 -0.700000 0.071400 V4_PRIME_RESIDUAL V4 1.0000 2 0 200 7331
24 -0.700000 0.068900 V4_PRIME_RESIDUAL V4 1.0000 2 0 200 7331
25 -0.699116 0.071034 V4_PRIME_RESIDUAL V4 1.0000 2 0 200 7331
26 -0.699116 0.069266 V4_PRIME_RESIDUAL V4 1.0000 2 0 200 7331
27 -0.700884 0.071034 V4_PRIME_RESIDUAL V4 1.0000 2 0 200 7331
28 -0.700884 0.069266 V4_PRIME_RESIDUAL V4 1.0000 2 0 200 7331
29 -0.701152 0.070082 V4_PRIME_RESIDUAL V4 1.0000 2 0 200 7331
30 -0.699375 0.070150 V4_PRIME_RESIDUAL V4 1.0000 2 0 200 7331
31 -0.700625 0.070150 V4_PRIME_RESIDUAL V4 1.0000 2 0 200 7331
32 -0.700000 0.070775 V4_PRIME_RESIDUAL V4 1.0000 2 0 200 7331
33 -0.700000 0.069525 V4_PRIME_RESIDUAL V4 1.0000 2 0 200 7331
34 -0.699558 0.070592 V4_PRIME_RESIDUAL V4 1.0000 2 0 200 7331
35 -0.699558 0.069708 V4_PRIME_RESIDUAL V4 1.0000 2 0 200 7331
36 -0.700442 0.070592 V4_PRIME_RESIDUAL V4 1.0000 2 0 200 7331
37 -0.700442 0.069708 V4_PRIME_RESIDUAL V4 1.0000 2 0 200 7331
38 -0.699961 0.069914 V4_PRIME_RESIDUAL V4 1.0000 2 0 200 7331
39 0.983188 -0.005867 V0_NONE V0_NONE 1.0000 2 0 200 7331
40 0.983188 -0.005867 V2_SMOOTH V2_SMOOTH 1.0000 2 0 200 7331
41 0.983188 -0.005867 V3_CENTERED_INV_PI V3_CENTERED_INV_PI 1.0000 2 0 200 7331
42 0.983188 -0.005867 V5_SHUFFLED V5_SHUFFLED 1.0000 2 0 200 7331
43 0.983188 -0.005867 V6_REVERSED V6_REVERSED 1.0000 2 0 200 7331
44 0.983188 -0.005867 V1_INV_PI V1_INV_PI 1.0000 2 0 200 7331
45 0.983188 -0.005867 V1_INV_PI V1_INV_PI 1.0000 2 0 500 7331
46 0.983188 -0.005867 V1_INV_PI V1_INV_PI 1.0000 2 0 1000 7331
47 0.983188 -0.005867 V1_INV_PI V1_INV_PI 1.0000 2 0 1500 7331
48 0.983188 -0.005867 V1_INV_PI V1_INV_PI 1.0000 2 0 2000 7331
49 0.983188 -0.005867 V1_INV_PI V1_INV_PI 1.0000 2 0 200 7331
50 0.983188 -0.005867 V1_INV_PI V1_INV_PI 1.0000 2 0 200 7331
51 0.983188 -0.005867 V1_INV_PI V1_INV_PI 1.0000 2 0 200 7331
52 0.984188 -0.005867 V1_INV_PI V1_INV_PI 1.0000 2 0 200 7331
53 0.982188 -0.005867 V1_INV_PI V1_INV_PI 1.0000 2 0 200 7331
54 0.983188 -0.004867 V1_INV_PI V1_INV_PI 1.0000 2 0 200 7331
55 0.983188 -0.006867 V1_INV_PI V1_INV_PI 1.0000 2 0 200 7331
56 0.983188 -0.005867 V1_INV_PI V1_INV_PI 0.2500 2 0 200 7331
57 0.983188 -0.005867 V1_INV_PI V1_INV_PI 0.5000 2 0 200 7331
58 0.983188 -0.005867 V1_INV_PI V1_INV_PI 1.0000 2 0 200 7331
59 0.983188 -0.005867 V1_INV_PI V1_INV_PI 2.0000 2 0 200 7331
60 -0.305002 -0.599610 V1_INV_PI V1_INV_PI 1.0000 2 0 200 7331
61 -0.355652 -0.252401 V1_INV_PI V1_INV_PI 1.0000 2 0 200 7331
62 0.188075 -0.731717 V1_INV_PI V1_INV_PI 1.0000 2 0 200 7331
63 -0.473826 0.459104 V1_INV_PI V1_INV_PI 1.0000 2 0 200 7331
64 -1.476379 0.818322 V1_INV_PI V1_INV_PI 1.0000 2 0 200 7331
65 -0.615225 0.559271 V1_INV_PI V1_INV_PI 1.0000 2 0 200 7331
66 -0.173959 1.044802 V1_INV_PI V1_INV_PI 1.0000 2 0 200 7331
67 -0.958107 0.557664 V1_INV_PI V1_INV_PI 1.0000 2 0 200 7331
68 -0.615252 0.911274 V1_INV_PI V1_INV_PI 1.0000 2 0 200 7331
69 -0.783759 -0.016459 V1_INV_PI V1_INV_PI 1.0000 2 0 200 7331
70 -0.231526 -0.042108 V1_INV_PI V1_INV_PI 1.0000 2 0 200 7331
71 -0.663043 -0.570855 V1_INV_PI V1_INV_PI 1.0000 2 0 200 7331
72 0.008639 0.882542 V1_INV_PI V1_INV_PI 1.0000 2 0 200 7331
73 -0.666955 -1.166132 V1_INV_PI V1_INV_PI 1.0000 2 0 200 7331
74 -0.747906 0.813861 V1_INV_PI V1_INV_PI 1.0000 2 0 200 7331
75 -0.314336 0.712453 V1_INV_PI V1_INV_PI 1.0000 2 0 200 7331
76 -0.226068 1.197109 V1_INV_PI V1_INV_PI 1.0000 2 0 200 7331
77 -0.661380 -0.254011 V1_INV_PI V1_INV_PI 1.0000 2 0 200 7331
78 -1.165847 0.548548 V1_INV_PI V1_INV_PI 1.0000 2 0 200 7331
79 -1.356695 0.257259 V1_INV_PI V1_INV_PI 1.0000 2 0 200 7331
80 0.054213 1.191516 V1_INV_PI V1_INV_PI 1.0000 2 0 200 7331
81 -0.877571 -0.729677 V1_INV_PI V1_INV_PI 1.0000 2 0 200 7331
82 -0.178381 -0.436021 V1_INV_PI V1_INV_PI 1.0000 2 0 200 7331
83 0.390015 -1.047375 V1_INV_PI V1_INV_PI 1.0000 2 0 200 7331
84 0.809666 0.627874 V1_INV_PI V1_INV_PI 1.0000 2 0 200 7331
85 -1.028582 0.892678 V1_INV_PI V1_INV_PI 1.0000 2 0 200 7331
86 0.807548 -0.017843 V1_INV_PI V1_INV_PI 1.0000 2 0 200 7331
87 0.804958 0.744310 V1_INV_PI V1_INV_PI 1.0000 2 0 200 7331
88 0.549685 0.046754 V1_INV_PI V1_INV_PI 1.0000 2 0 200 7331
89 -0.132375 0.930341 V1_INV_PI V1_INV_PI 1.0000 2 0 200 7331
90 -1.192400 -0.611238 V1_INV_PI V1_INV_PI 1.0000 2 0 200 7331
91 -1.293945 -0.488665 V1_INV_PI V1_INV_PI 1.0000 2 0 200 7331
92 0.355355 0.147669 V1_INV_PI V1_INV_PI 1.0000 2 0 200 7331
93 -0.972218 -0.711654 V1_INV_PI V1_INV_PI 1.0000 2 0 200 7331
94 0.757784 -0.967758 V1_INV_PI V1_INV_PI 1.0000 2 0 200 7331
95 -1.289847 -0.447483 V1_INV_PI V1_INV_PI 1.0000 2 0 200 7331
96 -1.483709 0.477447 V1_INV_PI V1_INV_PI 1.0000 2 0 200 7331
97 -1.045972 0.003962 V1_INV_PI V1_INV_PI 1.0000 2 0 200 7331
98 -1.436799 -1.003460 V1_INV_PI V1_INV_PI 1.0000 2 0 200 7331
99 -0.195841 -0.108381 V1_INV_PI V1_INV_PI 1.0000 2 0 200 7331
100 0.473170 1.159510 V1_INV_PI V1_INV_PI 1.0000 2 0 200 7331
101 0.755151 0.170040 V1_INV_PI V1_INV_PI 1.0000 2 0 200 7331
102 0.260877 0.674582 V1_INV_PI V1_INV_PI 1.0000 2 0 200 7331
103 -0.215300 -0.996329 V1_INV_PI V1_INV_PI 1.0000 2 0 200 7331
104 0.176670 -0.358424 V1_INV_PI V1_INV_PI 1.0000 2 0 200 7331
105 -0.648052 0.796881 V1_INV_PI V1_INV_PI 1.0000 2 0 200 7331
106 0.390109 -0.176491 V1_INV_PI V1_INV_PI 1.0000 2 0 200 7331
107 0.780762 0.435246 V1_INV_PI V1_INV_PI 1.0000 2 0 200 7331
108 -0.584629 0.529424 V1_INV_PI V1_INV_PI 1.0000 2 0 200 7331
109 -0.623967 0.434344 V1_INV_PI V1_INV_PI 1.0000 2 0 200 7331
110 -0.562168 0.469200 V1_INV_PI V1_INV_PI 1.0000 2 0 200 7331
111 -1.086924 -1.184022 V1_INV_PI V1_INV_PI 1.0000 2 0 200 7331
112 -0.809256 -0.343827 V1_INV_PI V1_INV_PI 1.0000 2 0 200 7331
113 -0.034853 -0.667997 V1_INV_PI V1_INV_PI 1.0000 2 0 200 7331
114 0.188815 -1.000403 V1_INV_PI V1_INV_PI 1.0000 2 0 200 7331
115 -0.831528 -1.075582 V1_INV_PI V1_INV_PI 1.0000 2 0 200 7331
116 -0.641005 0.361151 V1_INV_PI V1_INV_PI 1.0000 2 0 200 7331
117 0.054660 0.576796 V1_INV_PI V1_INV_PI 1.0000 2 0 200 7331
118 0.326611 0.845190 V1_INV_PI V1_INV_PI 1.0000 2 0 200 7331
119 -0.255270 0.727827 V1_INV_PI V1_INV_PI 1.0000 2 0 200 7331
120 -1.182409 -0.234571 V1_INV_PI V1_INV_PI 1.0000 2 0 200 7331
121 -1.022390 -0.700781 V1_INV_PI V1_INV_PI 1.0000 2 0 200 7331
122 -0.029861 -0.046539 V1_INV_PI V1_INV_PI 1.0000 2 0 200 7331
123 -1.237298 -0.359778 V1_INV_PI V1_INV_PI 1.0000 2 0 200 7331
124 0.249406 0.439986 V1_INV_PI V1_INV_PI 1.0000 2 0 200 7331
125 0.568225 -1.037292 V1_INV_PI V1_INV_PI 1.0000 2 0 200 7331
126 0.778521 0.156836 V1_INV_PI V1_INV_PI 1.0000 2 0 200 7331
127 -0.210759 -1.160780 V1_INV_PI V1_INV_PI 1.0000 2 0 200 7331
128 -1.456916 -0.128892 V1_INV_PI V1_INV_PI 1.0000 2 0 200 7331
