1 0.195211 0.974764 V1_INV_PI V1_INV_PI 1.0000 2 0 200 7331
2 -1.418550 -0.474657 V1_INV_PI V1_INV_PI 1.0000 2 0 200 7331
3 -0.126179 0.044286 V1_INV_PI V1_INV_PI 1.0000 2 0 200 7331
4 -1.201528 -0.512647 V1_INV_PI V1_INV_PI 1.0000 2 0 200 7331
5 -0.162348 -0.726246 V1_INV_PI V1_INV_PI 1.0000 2 0 200 7331
6 -0.335968 0.904916 V1_INV_PI V1_INV_PI 1.0000 2 0 200 7331
7 -0.246204 -0.992675 V1_INV_PI V1_INV_PI 1.0000 2 0 200 7331
8 -0.263762 0.519825 V1_INV_PI V1_INV_PI 1.0000 2 0 200 7331
9 0.524726 0.897164 V1_INV_PI V1_INV_PI 1.0000 2 0 200 7331
10 0.385966 -0.771367 V1_INV_PI V1_INV_PI 1.0000 2 0 200 7331
11 0.815540 -0.965498 V1_INV_PI V1_INV_PI 1.0000 2 0 200 7331
12 0.701267 -0.573895 V1_INV_PI V1_INV_PI 1.0000 2 0 200 7331
13 -1.251175 0.901477 V1_INV_PI V1_INV_PI 1.0000 2 0 200 7331
14 0.630664 -1.114321 V1_INV_PI V1_INV_PI 1.0000 2 0 200 7331
15 0.541922 -0.593164 V1_INV_PI V1_INV_PI 1.0000 2 0 200 7331
16 -0.174853 0.512986 V1_INV_PI V1_INV_PI 1.0000 2 0 200 7331
17 0.117391 -0.619224 V1_INV_PI V1_INV_PI 1.0000 2 0 200 7331
18 -0.410133 0.611222 V1_INV_PI V1_INV_PI 1.0000 2 0 200 7331
19 -0.197324 -1.140397 V1_INV_PI V1_INV_PI 1.0000 2 0 200 7331
20 -0.646118 0.257560 V1_INV_PI V1_INV_PI 1.0000 2 0 200 7331
21 0.411542 -0.952024 V1_INV_PI V1_INV_PI 1.0000 2 0 200 7331
22 -1.490786 0.610236 V1_INV_PI V1_INV_PI 1.0000 2 0 200 7331
23 0.926910 1.097189 V1_INV_PI V1_INV_PI 1.0000 2 0 200 7331
24 -1.345165 0.416753 V1_INV_PI V1_INV_PI 1.0000 2 0 200 7331
25 -0.999987 0.573584 V1_INV_PI V1_INV_PI 1.0000 2 0 200 7331
26 0.699473 -0.122074 V1_INV_PI V1_INV_PI 1.0000 2 0 200 7331
27 -0.618866 0.401847 V1_INV_PI V1_INV_PI 1.0000 2 0 200 7331
28 -0.759981 0.782143 V1_INV_PI V1_INV_PI 1.0000 2 0 200 7331
29 -0.937633 -1.005963 V1_INV_PI V1_INV_PI 1.0000 2 0 200 7331
30 0.226242 0.298811 V1_INV_PI V1_INV_PI 1.0000 2 0 200 7331
31 -0.162780 -1.085064 V1_INV_PI V1_INV_PI 1.0000 2 0 200 7331
32 -1.381232 -0.906056 V1_INV_PI V1_INV_PI 1.0000 2 0 200 7331
33 0.796132 -0.148085 V1_INV_PI V1_INV_PI 1.0000 2 0 200 7331
34 0.276232 -0.447421 V1_INV_PI V1_INV_PI 1.0000 2 0 200 7331
35 -0.351573 -1.194415 V1_INV_PI V1_INV_PI 1.0000 2 0 200 7331
36 0.576503 -0.655504 V1_INV_PI V1_INV_PI 1.0000 2 0 200 7331
37 0.904163 -0.764130 V1_INV_PI V1_INV_PI 1.0000 2 0 200 7331
38 0.634355 1.094493 V1_INV_PI V1_INV_PI 1.0000 2 0 200 7331
39 0.281566 -0.152461 V1_INV_PI V1_INV_PI 1.0000 2 0 200 7331
40 -0.288186 0.594367 V1_INV_PI V1_INV_PI 1.0000 2 0 200 7331
41 -0.444860 0.762774 V1_INV_PI V1_INV_PI 1.0000 2 0 200 7331
42 0.677685 0.598666 V1_INV_PI V1_INV_PI 1.0000 2 0 200 7331
43 -1.062301 -0.727024 V1_INV_PI V1_INV_PI 1.0000 2 0 200 7331
44 -0.651876 1.107660 V1_INV_PI V1_INV_PI 1.0000 2 0 200 7331
45 -0.901561 0.648706 V1_INV_PI V1_INV_PI 1.0000 2 0 200 7331
46 0.980379 0.358162 V1_INV_PI V1_INV_PI 1.0000 2 0 200 7331
47 -0.300014 0.045346 V1_INV_PI V1_INV_PI 1.0000 2 0 200 7331
48 0.389893 0.114509 V1_INV_PI V1_INV_PI 1.0000 2 0 200 7331
49 0.065628 -0.059253 V1_INV_PI V1_INV_PI 1.0000 2 0 200 7331
50 -1.261544 -1.030289 V1_INV_PI V1_INV_PI 1.0000 2 0 200 7331
51 -0.250150 -0.198626 V1_INV_PI V1_INV_PI 1.0000 2 0 200 7331
52 -0.435191 -1.158822 V1_INV_PI V1_INV_PI 1.0000 2 0 200 7331
53 -1.299015 -0.868793 V1_INV_PI V1_INV_PI 1.0000 2 0 200 7331
54 0.913335 -0.599980 V1_INV_PI V1_INV_PI 1.0000 2 0 200 7331
55 -0.927348 -0.899973 V1_INV_PI V1_INV_PI 1.0000 2 0 200 7331
56 -1.065243 0.053831 V1_INV_PI V1_INV_PI 1.0000 2 0 200 7331
57 -0.244539 0.097405 V1_INV_PI V1_INV_PI 1.0000 2 0 200 7331
58 -1.182008 -0.231154 V1_INV_PI V1_INV_PI 1.0000 2 0 200 7331
59 -1.002889 0.766111 V1_INV_PI V1_INV_PI 1.0000 2 0 200 7331
60 -0.749785 0.384155 V1_INV_PI V1_INV_PI 1.0000 2 0 200 7331
61 0.381691 0.334588 V1_INV_PI V1_INV_PI 1.0000 2 0 200 7331
62 -0.001621 -0.903830 V1_INV_PI V1_INV_PI 1.0000 2 0 200 7331
63 0.090118 -0.905779 V1_INV_PI V1_INV_PI 1.0000 2 0 200 7331
64 -1.363071 -0.653993 V1_INV_PI V1_INV_PI 1.0000 2 0 200 7331
65 -0.745323 0.648439 V1_INV_PI V1_INV_PI 1.0000 2 0 200 7331
66 0.419332 -1.131674 V1_INV_PI V1_INV_PI 1.0000 2 0 200 7331
67 0.308644 0.982829 V1_INV_PI V1_INV_PI 1.0000 2 0 200 7331
68 -0.074138 0.278023 V1_INV_PI V1_INV_PI 1.0000 2 0 200 7331
69 0.600412 -1.053559 V1_INV_PI V1_INV_PI 1.0000 2 0 200 7331
70 0.317147 -0.176383 V1_INV_PI V1_INV_PI 1.0000 2 0 200 7331
71 0.920868 -0.749234 V1_INV_PI V1_INV_PI 1.0000 2 0 200 7331
72 0.027463 -1.185411 V1_INV_PI V1_INV_PI 1.0000 2 0 200 7331
73 0.708160 0.478803 V1_INV_PI V1_INV_PI 1.0000 2 0 200 7331
74 0.580322 1.128640 V1_INV_PI V1_INV_PI 1.0000 2 0 200 7331
75 0.056396 0.515981 V1_INV_PI V1_INV_PI 1.0000 2 0 200 7331
76 -0.852983 -1.175139 V1_INV_PI V1_INV_PI 1.0000 2 0 200 7331
77 -0.538503 -0.884355 V1_INV_PI V1_INV_PI 1.0000 2 0 200 7331
78 0.588503 0.187073 V1_INV_PI V1_INV_PI 1.0000 2 0 200 7331
79 0.040657 0.531891 V1_INV_PI V1_INV_PI 1.0000 2 0 200 7331
80 -0.369736 -0.371303 V1_INV_PI V1_INV_PI 1.0000 2 0 200 7331
81 -0.815442 -0.356235 V1_INV_PI V1_INV_PI 1.0000 2 0 200 7331
82 -0.936463 -0.012543 V1_INV_PI V1_INV_PI 1.0000 2 0 200 7331
83 -1.294741 0.447926 V1_INV_PI V1_INV_PI 1.0000 2 0 200 7331
84 -1.013913 0.526397 V1_INV_PI V1_INV_PI 1.0000 2 0 200 7331
85 -0.505749 1.162246 V1_INV_PI V1_INV_PI 1.0000 2 0 200 7331
86 0.200750 1.122915 V1_INV_PI V1_INV_PI 1.0000 2 0 200 7331
87 -1.122316 -0.778339 V1_INV_PI V1_INV_PI 1.0000 2 0 200 7331
88 -1.164985 0.377296 V1_INV_PI V1_INV_PI 1.0000 2 0 200 7331
89 0.675579 -0.627678 V1_INV_PI V1_INV_PI 1.0000 2 0 200 7331
90 -0.978586 0.615251 V1_INV_PI V1_INV_PI 1.0000 2 0 200 7331
91 0.698124 0.116878 V1_INV_PI V1_INV_PI 1.0000 2 0 200 7331
92 -1.324949 -0.065569 V1_INV_PI V1_INV_PI 1.0000 2 0 200 7331
93 -1.319124 0.388564 V1_INV_PI V1_INV_PI 1.0000 2 0 200 7331
94 0.487626 -0.175076 V1_INV_PI V1_INV_PI 1.0000 2 0 200 7331
95 -0.650867 0.858940 V1_INV_PI V1_INV_PI 1.0000 2 0 200 7331
96 -0.175752 0.547707 V1_INV_PI V1_INV_PI 1.0000 2 0 200 7331
97 0.376172 0.684317 V1_INV_PI V1_INV_PI 1.0000 2 0 200 7331
98 -0.480082 -0.662795 V1_INV_PI V1_INV_PI 1.0000 2 0 200 7331
99 -0.834122 0.088293 V1_INV_PI V1_INV_PI 1.0000 2 0 200 7331
100 0.129210 0.744546 V1_INV_PI V1_INV_PI 1.0000 2 0 200 7331
101 -0.831773 -0.423423 V1_INV_PI V1_INV_PI 1.0000 2 0 200 7331
102 0.064526 -0.068836 V1_INV_PI V1_INV_PI 1.0000 2 0 200 7331
103 -0.373409 -0.725134 V1_INV_PI V1_INV_PI 1.0000 2 0 200 7331
104 -0.727629 -1.027560 V1_INV_PI V1_INV_PI 1.0000 2 0 200 7331
105 0.807794 -0.173205 V1_INV_PI V1_INV_PI 1.0000 2 0 200 7331
106 -0.533331 -0.279058 V1_INV_PI V1_INV_PI 1.0000 2 0 200 7331
107 -0.546359 1.195078 V1_INV_PI V1_INV_PI 1.0000 2 0 200 7331
108 -0.221959 -0.413927 V1_INV_PI V1_INV_PI 1.0000 2 0 200 7331
109 -0.826748 0.410173 V1_INV_PI V1_INV_PI 1.0000 2 0 200 7331
110 0.687430 0.439651 V1_INV_PI V1_INV_PI 1.0000 2 0 200 7331
111 -0.199107 1.059093 V1_INV_PI V1_INV_PI 1.0000 2 0 200 7331
112 0.089725 0.454556 V1_INV_PI V1_INV_PI 1.0000 2 0 200 7331
113 -0.791236 -0.778374 V1_INV_PI V1_INV_PI 1.0000 2 0 200 7331
114 -1.173082 0.031840 V1_INV_PI V1_INV_PI 1.0000 2 0 200 7331
115 0.568822 0.205878 V1_INV_PI V1_INV_PI 1.0000 2 0 200 7331
116 -0.578742 0.318087 V1_INV_PI V1_INV_PI 1.0000 2 0 200 7331
117 -0.986414 0.674750 V1_INV_PI V1_INV_PI 1.0000 2 0 200 7331
118 -0.492156 -0.465731 V1_INV_PI V1_INV_PI 1.0000 2 0 200 7331
119 0.921238 -0.396686 V1_INV_PI V1_INV_PI 1.0000 2 0 200 7331
120 -0.929508 0.714393 V1_INV_PI V1_INV_PI 1.0000 2 0 200 7331
121 -0.101128 -0.327319 V1_INV_PI V1_INV_PI 1.0000 2 0 200 7331
122 -0.073309 -0.700723 V1_INV_PI V1_INV_PI 1.0000 2 0 200 7331
123 -0.406416 0.253935 V1_INV_PI V1_INV_PI 1.0000 2 0 200 7331
124 0.845050 1.109440 V1_INV_PI V1_INV_PI 1.0000 2 0 200 7331
125 0.067620 0.155627 V1_INV_PI V1_INV_PI 1.0000 2 0 200 7331
126 -0.498110 0.527456 V1_INV_PI V1_INV_PI 1.0000 2 0 200 7331
127 0.055764 -0.963173 V1_INV_PI V1_INV_PI 1.0000 2 0 200 7331
128 0.896956 0.022384 V1_INV_PI V1_INV_PI 1.0000 2 0 200 7331
