1 -0.365246 0.597905 V1_INV_PI V1_INV_PI 1.0000 2 0 200 7331
2 0.245244 -0.502654 V1_INV_PI V1_INV_PI 1.0000 2 0 200 7331
3 0.787196 0.609469 V1_INV_PI V1_INV_PI 1.0000 2 0 200 7331
4 -1.087292 1.159173 V1_INV_PI V1_INV_PI 1.0000 2 0 200 7331
5 0.382806 0.922181 V1_INV_PI V1_INV_PI 1.0000 2 0 200 7331
6 0.040021 -0.100030 V1_INV_PI V1_INV_PI 1.0000 2 0 200 7331
7 -1.188403 0.667099 V1_INV_PI V1_INV_PI 1.0000 2 0 200 7331
8 0.983941 0.752904 V1_INV_PI V1_INV_PI 1.0000 2 0 200 7331
9 0.154373 0.224556 V1_INV_PI V1_INV_PI 1.0000 2 0 200 7331
10 -0.746836 0.317217 V1_INV_PI V1_INV_PI 1.0000 2 0 200 7331
11 0.332046 -1.169073 V1_INV_PI V1_INV_PI 1.0000 2 0 200 7331
12 0.269822 -0.296730 V1_INV_PI V1_INV_PI 1.0000 2 0 200 7331
13 0.771030 -0.122727 V1_INV_PI V1_INV_PI 1.0000 2 0 200 7331
14 0.117341 0.443574 V1_INV_PI V1_INV_PI 1.0000 2 0 200 7331
15 -0.037557 0.300380 V1_INV_PI V1_INV_PI 1.0000 2 0 200 7331
16 -1.426213 0.971666 V1_INV_PI V1_INV_PI 1.0000 2 0 200 7331
17 0.054132 -0.604852 V1_INV_PI V1_INV_PI 1.0000 2 0 200 7331
18 -0.329912 0.956332 V1_INV_PI V1_INV_PI 1.0000 2 0 200 7331
19 0.515921 -0.946856 V1_INV_PI V1_INV_PI 1.0000 2 0 200 7331
20 -0.800985 -0.224555 V1_INV_PI V1_INV_PI 1.0000 2 0 200 7331
21 0.025861 -0.116726 V1_INV_PI V1_INV_PI 1.0000 2 0 200 7331
22 0.701241 0.179694 V1_INV_PI V1_INV_PI 1.0000 2 0 200 7331
23 -0.793865 -0.929781 V1_INV_PI V1_INV_PI 1.0000 2 0 200 7331
24 -1.457756 -0.414861 V1_INV_PI V1_INV_PI 1.0000 2 0 200 7331
25 -0.788235 -0.711288 V1_INV_PI V1_INV_PI 1.0000 2 0 200 7331
26 0.769232 0.624736 V1_INV_PI V1_INV_PI 1.0000 2 0 200 7331
27 0.111996 0.513912 V1_INV_PI V1_INV_PI 1.0000 2 0 200 7331
28 -0.068336 0.892523 V1_INV_PI V1_INV_PI 1.0000 2 0 200 7331
29 0.816702 1.124819 V1_INV_PI V1_INV_PI 1.0000 2 0 200 7331
30 0.727195 0.350994 V1_INV_PI V1_INV_PI 1.0000 2 0 200 7331
31 -1.187225 0.090859 V1_INV_PI V1_INV_PI 1.0000 2 0 200 7331
32 -0.416214 0.496978 V1_INV_PI V1_INV_PI 1.0000 2 0 200 7331
33 -0.351142 0.495889 V1_INV_PI V1_INV_PI 1.0000 2 0 200 7331
34 0.297260 -0.750857 V1_INV_PI V1_INV_PI 1.0000 2 0 200 7331
35 0.679776 -0.864933 V1_INV_PI V1_INV_PI 1.0000 2 0 200 7331
36 -0.747915 -1.005347 V1_INV_PI V1_INV_PI 1.0000 2 0 200 7331
37 -0.821358 -0.970885 V1_INV_PI V1_INV_PI 1.0000 2 0 200 7331
38 0.775747 -0.377467 V1_INV_PI V1_INV_PI 1.0000 2 0 200 7331
39 0.072208 -0.161397 V1_INV_PI V1_INV_PI 1.0000 2 0 200 7331
40 -0.641309 -0.213754 V1_INV_PI V1_INV_PI 1.0000 2 0 200 7331
41 0.998581 -0.492766 V1_INV_PI V1_INV_PI 1.0000 2 0 200 7331
42 -0.489485 0.723231 V1_INV_PI V1_INV_PI 1.0000 2 0 200 7331
43 -1.212109 0.066223 V1_INV_PI V1_INV_PI 1.0000 2 0 200 7331
44 0.241742 0.115666 V1_INV_PI V1_INV_PI 1.0000 2 0 200 7331
45 0.754452 0.477738 V1_INV_PI V1_INV_PI 1.0000 2 0 200 7331
46 -0.329298 0.277846 V1_INV_PI V1_INV_PI 1.0000 2 0 200 7331
47 -0.015144 0.320473 V1_INV_PI V1_INV_PI 1.0000 2 0 200 7331
48 -0.513730 1.169115 V1_INV_PI V1_INV_PI 1.0000 2 0 200 7331
49 -0.715666 1.196790 V1_INV_PI V1_INV_PI 1.0000 2 0 200 7331
50 0.856006 1.047675 V1_INV_PI V1_INV_PI 1.0000 2 0 200 7331
51 0.394450 1.085924 V1_INV_PI V1_INV_PI 1.0000 2 0 200 7331
52 -1.420173 -0.286862 V1_INV_PI V1_INV_PI 1.0000 2 0 200 7331
53 0.651114 0.730723 V1_INV_PI V1_INV_PI 1.0000 2 0 200 7331
54 -1.157857 -0.236793 V1_INV_PI V1_INV_PI 1.0000 2 0 200 7331
55 -0.312675 -0.104180 V1_INV_PI V1_INV_PI 1.0000 2 0 200 7331
56 0.353206 -1.137313 V1_INV_PI V1_INV_PI 1.0000 2 0 200 7331
57 0.624245 0.336966 V1_INV_PI V1_INV_PI 1.0000 2 0 200 7331
58 0.516092 0.811315 V1_INV_PI V1_INV_PI 1.0000 2 0 200 7331
59 -1.335854 -0.214165 V1_INV_PI V1_INV_PI 1.0000 2 0 200 7331
60 -1.317178 0.692927 V1_INV_PI V1_INV_PI 1.0000 2 0 200 7331
61 0.486655 0.226110 V1_INV_PI V1_INV_PI 1.0000 2 0 200 7331
62 -0.965119 0.283031 V1_INV_PI V1_INV_PI 1.0000 2 0 200 7331
63 -0.655536 0.339790 V1_INV_PI V1_INV_PI 1.0000 2 0 200 7331
64 -0.608259 -0.084084 V1_INV_PI V1_INV_PI 1.0000 2 0 200 7331
65 -0.002359 0.214419 V1_INV_PI V1_INV_PI 1.0000 2 0 200 7331
66 -1.367762 -1.083951 V1_INV_PI V1_INV_PI 1.0000 2 0 200 7331
67 -1.139567 1.061079 V1_INV_PI V1_INV_PI 1.0000 2 0 200 7331
68 -0.653114 0.454048 V1_INV_PI V1_INV_PI 1.0000 2 0 200 7331
69 -1.414953 -1.172124 V1_INV_PI V1_INV_PI 1.0000 2 0 200 7331
70 -0.216896 -0.748979 V1_INV_PI V1_INV_PI 1.0000 2 0 200 7331
71 0.850562 -0.091708 V1_INV_PI V1_INV_PI 1.0000 2 0 200 7331
72 -0.734354 0.823416 V1_INV_PI V1_INV_PI 1.0000 2 0 200 7331
73 -0.292329 1.010639 V1_INV_PI V1_INV_PI 1.0000 2 0 200 7331
74 -0.593680 -0.387895 V1_INV_PI V1_INV_PI 1.0000 2 0 200 7331
75 -1.356897 0.664877 V1_INV_PI V1_INV_PI 1.0000 2 0 200 7331
76 -1.062340 -0.341160 V1_INV_PI V1_INV_PI 1.0000 2 0 200 7331
77 0.047599 -0.901801 V1_INV_PI V1_INV_PI 1.0000 2 0 200 7331
78 -0.897932 1.074784 V1_INV_PI V1_INV_PI 1.0000 2 0 200 7331
79 0.019781 0.363678 V1_INV_PI V1_INV_PI 1.0000 2 0 200 7331
80 0.501563 1.077357 V1_INV_PI V1_INV_PI 1.0000 2 0 200 7331
81 -1.240280 -1.071451 V1_INV_PI V1_INV_PI 1.0000 2 0 200 7331
82 -1.014563 -0.599896 V1_INV_PI V1_INV_PI 1.0000 2 0 200 7331
83 -0.027924 -0.245648 V1_INV_PI V1_INV_PI 1.0000 2 0 200 7331
84 -0.773445 -0.759158 V1_INV_PI V1_INV_PI 1.0000 2 0 200 7331
85 -0.937218 0.443912 V1_INV_PI V1_INV_PI 1.0000 2 0 200 7331
86 -1.046886 -0.533859 V1_INV_PI V1_INV_PI 1.0000 2 0 200 7331
87 0.219646 -1.076512 V1_INV_PI V1_INV_PI 1.0000 2 0 200 7331
88 -0.657186 0.277556 V1_INV_PI V1_INV_PI 1.0000 2 0 200 7331
89 0.371539 0.808574 V1_INV_PI V1_INV_PI 1.0000 2 0 200 7331
90 0.175878 0.268022 V1_INV_PI V1_INV_PI 1.0000 2 0 200 7331
91 0.452378 -0.617805 V1_INV_PI V1_INV_PI 1.0000 2 0 200 7331
92 -0.569729 0.712666 V1_INV_PI V1_INV_PI 1.0000 2 0 200 7331
93 -1.294957 -0.147260 V1_INV_PI V1_INV_PI 1.0000 2 0 200 7331
94 -0.062272 -0.415301 V1_INV_PI V1_INV_PI 1.0000 2 0 200 7331
95 0.095716 -0.225138 V1_INV_PI V1_INV_PI 1.0000 2 0 200 7331
96 -0.518446 -0.346441 V1_INV_PI V1_INV_PI 1.0000 2 0 200 7331
97 0.980573 -0.860611 V1_INV_PI V1_INV_PI 1.0000 2 0 200 7331
98 0.256489 -0.935960 V1_INV_PI V1_INV_PI 1.0000 2 0 200 7331
99 -1.236882 -0.529302 V1_INV_PI V1_INV_PI 1.0000 2 0 200 7331
100 -0.340025 -0.372548 V1_INV_PI V1_INV_PI 1.0000 2 0 200 7331
101 -0.917276 0.186724 V1_INV_PI V1_INV_PI 1.0000 2 0 200 7331
102 0.936654 0.131998 V1_INV_PI V1_INV_PI 1.0000 2 0 200 7331
103 -1.437173 -1.065265 V1_INV_PI V1_INV_PI 1.0000 2 0 200 7331
104 -0.342260 0.525555 V1_INV_PI V1_INV_PI 1.0000 2 0 200 7331
105 0.077459 1.009667 V1_INV_PI V1_INV_PI 1.0000 2 0 200 7331
106 -0.280902 0.531153 V1_INV_PI V1_INV_PI 1.0000 2 0 200 7331
107 -1.141695 -0.245388 V1_INV_PI V1_INV_PI 1.0000 2 0 200 7331
108 0.564037 -0.976842 V1_INV_PI V1_INV_PI 1.0000 2 0 200 7331
109 0.721861 -0.214245 V1_INV_PI V1_INV_PI 1.0000 2 0 200 7331
110 -0.827964 0.283882 V1_INV_PI V1_INV_PI 1.0000 2 0 200 7331
111 -0.644150 0.050643 V1_INV_PI V1_INV_PI 1.0000 2 0 200 7331
112 0.534088 0.178716 V1_INV_PI V1_INV_PI 1.0000 2 0 200 7331
113 -1.180922 1.109799 V1_INV_PI V1_INV_PI 1.0000 2 0 200 7331
114 0.926878 0.073771 V1_INV_PI V1_INV_PI 1.0000 2 0 200 7331
115 -1.110395 -0.634547 V1_INV_PI V1_INV_PI 1.0000 2 0 200 7331
116 0.936809 0.297736 V1_INV_PI V1_INV_PI 1.0000 2 0 200 7331
117 -0.847362 -0.864749 V1_INV_PI V1_INV_PI 1.0000 2 0 200 7331
118 0.680851 -1.116461 V1_INV_PI V1_INV_PI 1.0000 2 0 200 7331
119 -0.283220 0.074405 V1_INV_PI V1_INV_PI 1.0000 2 0 200 7331
120 -0.936029 -0.104481 V1_INV_PI V1_INV_PI 1.0000 2 0 200 7331
121 -0.859256 0.178201 V1_INV_PI V1_INV_PI 1.0000 2 0 200 7331
122 -0.425290 -0.881202 V1_INV_PI V1_INV_PI 1.0000 2 0 200 7331
123 -0.576358 0.912964 V1_INV_PI V1_INV_PI 1.0000 2 0 200 7331
124 -1.339511 -0.000403 V1_INV_PI V1_INV_PI 1.0000 2 0 200 7331
125 -0.768267 1.131019 V1_INV_PI V1_INV_PI 1.0000 2 0 200 7331
126 0.196777 -0.514324 V1_INV_PI V1_INV_PI 1.0000 2 0 200 7331
127 -0.127103 -0.686738 V1_INV_PI V1_INV_PI 1.0000 2 0 200 7331
128 -0.550115 -1.045235 V1_INV_PI V1_INV_PI 1.0000 2 0 200 7331
