1	0.739716	0.680271	0.872536	0.635844	0.532337	0.818782	0.938154	0.069848	0.040909	0.063333	15	0.420000	0.958889	3.9	0
2	0.805874	0.846574	0.887098	0.600712	0.566186	0.909028	0.998513	0.003127	0.104200	0.001111	6	0.534444	1.000000	4.0	0
3	0.833127	0.886067	0.881292	0.598739	0.703328	0.896436	0.997605	0.000000	0.019961	0.001111	2	0.701111	1.000000	3.6	0
4	0.742513	0.734008	0.755771	0.605506	0.571897	0.796253	0.997316	0.000000	0.014053	0.001111	10	0.380000	1.000000	4.3	0
5	0.837878	0.887447	0.877875	0.599509	0.726403	0.904236	0.998751	0.000000	0.031542	0.001111	3	0.612222	1.000000	3.6	0
6	0.693462	0.620310	0.890138	0.614092	0.516944	0.760870	0.807189	0.030369	0.158187	0.023333	11	0.475556	0.985556	3.9	0
7	0.692981	0.649419	0.724271	0.613864	0.505174	0.696857	0.997345	0.036909	0.008263	0.001111	19	0.311111	1.000000	3.7	0
8	0.813959	0.859120	0.856876	0.598340	0.669809	0.872907	0.996594	0.000000	0.011872	0.001111	2	0.828889	1.000000	3.7	0
9	0.713368	0.589904	0.890829	0.602691	0.508982	0.808960	0.961150	0.003127	0.023755	0.005556	13	0.501111	0.998889	3.6	0
10	0.776938	0.760733	0.830817	0.715387	0.571342	0.797127	0.997024	0.438805	0.006634	0.345556	84	0.342222	0.970000	4.1	0
11	0.826398	0.870346	0.862591	0.599305	0.703956	0.894145	0.998744	0.000000	0.038291	0.001111	3	0.633333	1.000000	3.6	0
12	0.819971	0.878313	0.891351	0.600802	0.598671	0.913083	0.998714	0.000000	0.103274	0.001111	7	0.527778	1.000000	3.7	0
13	0.844932	0.900909	0.895015	0.598943	0.732817	0.906662	0.997925	0.000000	0.023639	0.001111	2	0.661111	1.000000	4.9	0
14	0.666736	0.584302	0.886741	0.603620	0.508852	0.766841	0.705016	0.008823	0.147581	0.010000	11	0.502222	0.997778	3.7	0
15	0.697005	0.633701	0.886825	0.618422	0.521044	0.746526	0.817713	0.035360	0.103615	0.027778	11	0.464444	0.980000	3.9	0
16	0.677245	0.633085	0.678635	0.607452	0.489484	0.686323	0.997932	0.000000	0.009488	0.001111	12	0.325556	1.000000	3.8	0
17	0.793441	0.815452	0.881448	0.601778	0.557966	0.894302	0.995026	0.003127	0.133031	0.005556	11	0.497778	1.000000	3.7	0
18	0.795072	0.822560	0.855192	0.603037	0.581405	0.893447	0.996463	0.005697	0.050038	0.001111	13	0.457778	1.000000	3.6	0
19	0.833977	0.882736	0.876301	0.599119	0.715482	0.899344	0.998371	0.000000	0.030936	0.001111	2	0.653333	1.000000	3.8	0
20	0.748863	0.721898	0.793182	0.714839	0.533583	0.751717	0.995938	0.486477	0.008903	0.396667	96	0.333333	0.997778	4.1	0
21	0.694074	0.622130	0.889826	0.614824	0.516639	0.754202	0.814783	0.028925	0.114284	0.027778	11	0.472222	0.984444	3.7	0
22	0.847264	0.903663	0.896174	0.599125	0.739369	0.909482	0.998172	0.000000	0.027443	0.001111	2	0.641111	1.000000	3.6	0
23	0.777906	0.791372	0.819568	0.607145	0.575213	0.866802	0.998357	0.012404	0.019505	0.001111	16	0.383333	1.000000	3.7	0
24	0.632609	0.548484	0.644900	0.615592	0.464444	0.580044	0.998274	0.068760	0.014809	0.023333	22	0.260000	1.000000	3.7	0
25	0.772411	0.777854	0.820819	0.612489	0.573456	0.850060	0.996161	0.074878	0.013752	0.027778	25	0.362222	1.000000	3.7	0
26	0.835394	0.887947	0.883563	0.598769	0.711081	0.898292	0.997675	0.000000	0.020694	0.001111	2	0.695556	1.000000	3.6	0
27	0.710228	0.587245	0.884871	0.602533	0.508644	0.800891	0.959170	0.003127	0.024933	0.005556	10	0.506667	0.998889	3.6	0
28	0.797712	0.827913	0.867639	0.601609	0.573641	0.898042	0.997295	0.003127	0.077969	0.001111	10	0.500000	1.000000	3.8	0
29	0.808891	0.848835	0.847094	0.598397	0.666927	0.868529	0.996934	0.000000	0.013464	0.001111	2	0.825556	1.000000	3.7	0
30	0.843693	0.899172	0.892587	0.599002	0.730216	0.906173	0.998020	0.000000	0.025170	0.001111	2	0.656667	1.000000	3.7	0
31	0.628573	0.544503	0.699420	0.564765	0.439869	0.580501	0.998425	0.263600	0.015080	0.136667	23	0.323333	0.676667	4.2	0
32	0.774958	0.745788	0.873614	0.666731	0.554592	0.856787	0.971685	0.110039	0.059562	0.058889	15	0.403333	0.915556	3.9	0
33	0.761702	0.722450	0.876513	0.654477	0.548087	0.835978	0.958874	0.091439	0.076051	0.050000	13	0.414444	0.933333	3.8	0
34	0.838037	0.893649	0.881072	0.600036	0.708298	0.909229	0.998860	0.000000	0.046828	0.001111	4	0.565556	1.000000	3.6	0
35	0.830741	0.880447	0.875620	0.598803	0.703832	0.894744	0.997863	0.000000	0.023144	0.001111	2	0.693333	1.000000	3.6	0
36	0.782079	0.801057	0.820955	0.605761	0.583118	0.870675	0.998258	0.005697	0.032477	0.001111	13	0.400000	1.000000	3.7	0
37	0.779767	0.798472	0.813597	0.606504	0.588899	0.860122	0.998538	0.005697	0.019396	0.001111	14	0.385556	1.000000	3.7	0
38	0.841144	0.896168	0.890889	0.598869	0.722918	0.903530	0.997809	0.000000	0.022309	0.001111	2	0.676667	1.000000	3.6	0
39	0.679050	0.598911	0.890709	0.608481	0.512396	0.762334	0.754899	0.019541	0.215778	0.018889	12	0.483333	0.992222	3.7	0
40	0.775829	0.775784	0.828523	0.689976	0.560035	0.805481	0.995203	0.234009	0.021308	0.067778	12	0.357778	0.647778	4.2	0
41	0.814028	0.863341	0.858990	0.598422	0.659053	0.874823	0.996661	0.000000	0.012157	0.001111	2	0.806667	1.000000	3.7	0
42	0.780064	0.775882	0.860487	0.608579	0.558145	0.890383	0.989697	0.069511	0.042325	0.054444	26	0.410000	1.000000	3.6	0
43	0.619770	0.532701	0.691319	0.558273	0.428604	0.567212	0.998559	0.255193	0.017995	0.114444	20	0.323333	0.676667	4.3	0
44	0.812971	0.862064	0.892377	0.601148	0.579407	0.912032	0.998072	0.000000	0.144539	0.001111	8	0.520000	1.000000	3.6	0
45	0.840221	0.894615	0.889223	0.598877	0.721538	0.902965	0.997846	0.000000	0.022967	0.001111	2	0.674444	1.000000	3.6	0
46	0.806426	0.806881	0.881776	0.697948	0.579471	0.884469	0.987704	0.134717	0.055167	0.054444	12	0.411111	0.876667	3.8	0
47	0.689760	0.616519	0.886731	0.613239	0.515812	0.742767	0.812323	0.025540	0.122261	0.027778	13	0.471111	0.986667	3.6	0
48	0.787261	0.810788	0.832224	0.602816	0.582764	0.881208	0.998083	0.000000	0.039837	0.001111	11	0.457778	1.000000	3.7	0
49	0.780821	0.799474	0.814098	0.603606	0.588838	0.867560	0.998917	0.003127	0.038905	0.001111	11	0.431111	1.000000	3.6	0
50	0.810291	0.851573	0.850015	0.598390	0.667411	0.870015	0.996819	0.000000	0.011947	0.001111	2	0.827778	1.000000	4.5	0
51	0.830491	0.876380	0.868836	0.599258	0.712195	0.897043	0.998645	0.000000	0.035119	0.001111	3	0.636667	1.000000	3.6	0
52	0.621512	0.526443	0.647522	0.620520	0.444032	0.554807	0.999129	0.159701	0.012787	0.090000	30	0.256667	1.000000	3.9	0
53	0.837551	0.889513	0.883329	0.598975	0.719398	0.901350	0.998097	0.000000	0.026259	0.001111	2	0.664444	1.000000	3.6	0
54	0.655581	0.556180	0.706741	0.629942	0.494155	0.649789	0.962945	0.324858	0.034551	0.234444	57	0.287778	0.982222	3.7	0
55	0.828483	0.847960	0.883929	0.721983	0.613625	0.894127	0.996289	0.158951	0.057941	0.036667	12	0.406667	0.844444	3.9	0
56	0.827928	0.872698	0.864880	0.599296	0.706824	0.895313	0.998710	0.000000	0.037140	0.001111	3	0.633333	1.000000	3.7	0
57	0.847394	0.903799	0.894473	0.599302	0.740179	0.910608	0.998401	0.000000	0.031539	0.001111	2	0.623333	1.000000	3.6	0
58	0.839343	0.890607	0.882978	0.599262	0.726198	0.904348	0.998488	0.000000	0.032714	0.001111	3	0.634444	1.000000	3.6	0
59	0.618630	0.511681	0.658210	0.631431	0.440313	0.542336	0.999104	0.301308	0.011324	0.225556	52	0.267778	1.000000	3.7	0
60	0.669830	0.612939	0.692195	0.612226	0.485273	0.656455	0.997821	0.016418	0.010819	0.001111	15	0.298889	1.000000	3.7	0
61	0.850588	0.908257	0.894271	0.599800	0.750345	0.913788	0.998622	0.000000	0.032035	0.001111	3	0.580000	1.000000	3.7	0
62	0.720409	0.686355	0.772420	0.642361	0.520828	0.725378	0.997814	0.339261	0.011474	0.127778	44	0.312222	1.000000	3.8	0
63	0.787379	0.785078	0.835017	0.698896	0.585335	0.824715	0.996766	0.226271	0.016820	0.072222	13	0.360000	0.690000	4.8	0
64	0.772116	0.772284	0.827754	0.686178	0.553070	0.798876	0.994421	0.237020	0.025899	0.067778	10	0.366667	0.633333	4.6	0
65	0.698317	0.630018	0.888166	0.616949	0.518911	0.748022	0.833368	0.035313	0.139260	0.027778	10	0.466667	0.982222	4.0	0
66	0.688094	0.650140	0.691520	0.606460	0.501346	0.706923	0.997479	0.000000	0.010865	0.001111	10	0.346667	1.000000	3.7	0
67	0.711845	0.685814	0.739386	0.607059	0.517296	0.742440	0.996430	0.005697	0.013583	0.001111	13	0.361111	1.000000	3.7	0
68	0.812633	0.813442	0.850529	0.731447	0.601108	0.880329	0.998405	0.356967	0.020410	0.356667	98	0.364444	0.968889	3.9	0
69	0.694003	0.654330	0.688362	0.605543	0.523993	0.720746	0.997497	0.003127	0.011474	0.001111	11	0.355556	1.000000	3.7	0
70	0.688652	0.601385	0.869138	0.605520	0.511830	0.805785	0.796431	0.015975	0.005133	0.010000	16	0.455556	0.997778	3.6	0
71	0.839187	0.895331	0.890426	0.598753	0.714025	0.901583	0.997573	0.000000	0.019539	0.001111	2	0.692222	1.000000	3.6	0
72	0.781335	0.792148	0.831857	0.608681	0.573247	0.877678	0.997193	0.036909	0.028611	0.010000	18	0.380000	1.000000	3.6	0
73	0.792243	0.817098	0.853923	0.602497	0.576169	0.890774	0.996429	0.003127	0.044829	0.001111	12	0.468889	1.000000	3.6	0
74	0.822634	0.835715	0.858313	0.727008	0.619666	0.886875	0.999510	0.200951	0.029637	0.063333	13	0.368889	0.767778	4.2	0
75	0.656917	0.593695	0.678373	0.612311	0.465761	0.635443	0.998064	0.016418	0.009473	0.001111	17	0.292222	1.000000	3.7	0
76	0.713041	0.680528	0.752756	0.626318	0.513330	0.729392	0.997599	0.229140	0.016698	0.118889	35	0.301111	1.000000	3.7	0
77	0.814000	0.863028	0.870480	0.600874	0.614381	0.903788	0.998766	0.000000	0.095289	0.001111	7	0.524444	1.000000	3.6	0
78	0.771625	0.785552	0.795892	0.605617	0.589825	0.845256	0.998321	0.003127	0.015934	0.001111	11	0.388889	1.000000	3.7	0
79	0.688471	0.611729	0.886623	0.611063	0.515710	0.728852	0.828013	0.023321	0.059212	0.023333	10	0.478889	0.990000	3.6	0
80	0.827948	0.873681	0.868375	0.599011	0.704563	0.893303	0.998267	0.000000	0.029465	0.001111	2	0.671111	1.000000	3.6	0
81	0.689546	0.650995	0.714535	0.607107	0.488041	0.705454	0.996845	0.005697	0.011348	0.001111	14	0.352222	1.000000	3.7	0
82	0.732288	0.711374	0.772277	0.616768	0.546529	0.763148	0.997573	0.081620	0.011017	0.027778	23	0.325556	1.000000	3.7	0
83	0.699959	0.633288	0.888242	0.617960	0.520522	0.752095	0.832097	0.036908	0.149682	0.027778	11	0.464444	0.981111	3.7	0
84	0.777914	0.788722	0.825803	0.610460	0.575128	0.863070	0.997098	0.046013	0.020931	0.010000	21	0.366667	1.000000	3.6	0
85	0.730848	0.710268	0.781613	0.629556	0.521742	0.757909	0.997718	0.254181	0.010829	0.165556	34	0.322222	1.000000	3.7	0
86	0.723597	0.699732	0.760876	0.619026	0.532054	0.748380	0.997426	0.111277	0.013035	0.023333	23	0.314444	1.000000	3.7	0
87	0.829940	0.877578	0.866889	0.599769	0.703302	0.901310	0.999034	0.000000	0.042905	0.001111	4	0.587778	1.000000	3.6	0
88	0.773814	0.770275	0.827912	0.688388	0.557975	0.805098	0.995598	0.230126	0.019398	0.081111	12	0.356667	0.664444	4.2	0
89	0.840508	0.892849	0.880994	0.599694	0.728367	0.907455	0.998798	0.000000	0.034024	0.001111	3	0.594444	1.000000	3.7	0
90	0.713412	0.585674	0.890552	0.602416	0.508470	0.806926	0.971591	0.003127	0.023819	0.005556	10	0.505556	0.998889	3.6	0
91	0.845584	0.900056	0.887422	0.599641	0.741159	0.910225	0.998689	0.000000	0.030640	0.001111	3	0.593333	1.000000	3.7	0
92	0.784448	0.787470	0.854846	0.610174	0.567432	0.892430	0.992324	0.081934	0.020026	0.058889	27	0.395556	1.000000	3.7	0
93	0.606310	0.489614	0.658870	0.639872	0.406936	0.521159	0.999204	0.401900	0.010938	0.336667	80	0.266667	1.000000	3.9	0
94	0.697816	0.633280	0.883850	0.618356	0.521263	0.737957	0.835216	0.035360	0.131466	0.027778	11	0.463333	0.980000	3.7	0
95	0.674211	0.591543	0.889984	0.606552	0.511044	0.775613	0.725640	0.015528	0.166659	0.014444	11	0.491111	0.994444	3.6	0
96	0.831345	0.851203	0.866562	0.733477	0.624646	0.899355	0.999585	0.190042	0.030344	0.058889	11	0.381111	0.780000	4.5	0
97	0.814440	0.857614	0.856944	0.598293	0.675810	0.872687	0.996514	0.000000	0.011806	0.001111	2	0.843333	1.000000	3.6	0
98	0.833948	0.885359	0.873321	0.599888	0.706704	0.905190	0.998950	0.000000	0.044086	0.001111	4	0.578889	1.000000	3.6	0
99	0.670988	0.615349	0.698273	0.615916	0.477955	0.657799	0.997731	0.049983	0.010810	0.001111	18	0.290000	1.000000	3.8	0
100	0.782841	0.760819	0.879776	0.673019	0.562844	0.858247	0.977022	0.109117	0.039979	0.058889	13	0.412222	0.910000	3.8	0
101	0.708613	0.633043	0.775413	0.662216	0.512397	0.728131	0.990856	0.393398	0.026401	0.303333	49	0.314444	0.930000	4.0	0
102	0.831284	0.886327	0.882601	0.598575	0.692612	0.893783	0.997113	0.000000	0.014212	0.001111	2	0.734444	1.000000	3.6	0
103	0.682942	0.642159	0.679158	0.606407	0.500905	0.698317	0.997893	0.000000	0.015148	0.001111	9	0.338889	1.000000	3.8	0
104	0.749733	0.702036	0.875860	0.644946	0.539681	0.821922	0.945753	0.078202	0.067369	0.050000	14	0.415556	0.946667	3.8	0
105	0.819122	0.869686	0.866519	0.600435	0.642106	0.903225	0.999052	0.000000	0.080205	0.001111	6	0.544444	1.000000	3.7	0
106	0.734820	0.682239	0.877625	0.635697	0.532409	0.795191	0.920809	0.063683	0.100343	0.041111	14	0.428889	0.960000	3.7	0
107	0.649918	0.551135	0.709410	0.628243	0.486437	0.628425	0.961715	0.301211	0.083181	0.172222	55	0.288889	0.995556	4.2	0
108	0.830840	0.878770	0.873208	0.598968	0.708271	0.895694	0.998180	0.000000	0.027784	0.001111	2	0.673333	1.000000	3.6	0
109	0.845613	0.901894	0.894991	0.599063	0.734184	0.907957	0.998072	0.000000	0.026100	0.001111	2	0.652222	1.000000	4.4	0
110	0.754389	0.726257	0.808101	0.703069	0.551624	0.758982	0.997055	0.417623	0.008512	0.243333	74	0.333333	1.000000	4.3	0
111	0.761141	0.757644	0.820048	0.676465	0.536101	0.784590	0.994328	0.238913	0.027009	0.067778	10	0.376667	0.623333	5.1	0
112	0.850617	0.907932	0.894614	0.599644	0.751595	0.913158	0.998551	0.000000	0.028027	0.001111	3	0.592222	1.000000	4.2	0
113	0.714031	0.688238	0.730130	0.606461	0.537135	0.742850	0.996567	0.000000	0.010285	0.001111	10	0.364444	1.000000	3.7	0
114	0.832444	0.888137	0.884152	0.598595	0.694173	0.895297	0.997182	0.000000	0.015126	0.001111	2	0.726667	1.000000	4.4	0
115	0.707893	0.673818	0.743595	0.615117	0.515163	0.725039	0.997343	0.050312	0.014485	0.005556	20	0.318889	1.000000	4.8	0
116	0.827270	0.881893	0.877626	0.598551	0.681466	0.890606	0.997065	0.000000	0.013756	0.001111	2	0.742222	1.000000	3.6	0
117	0.776207	0.790217	0.814432	0.608387	0.579402	0.856909	0.998552	0.016418	0.013801	0.001111	17	0.367778	1.000000	3.6	0
118	0.806785	0.851073	0.844585	0.598637	0.647431	0.871945	0.997515	0.000000	0.019189	0.001111	2	0.766667	1.000000	3.7	0
119	0.820916	0.834684	0.885235	0.712874	0.600734	0.889075	0.993713	0.146060	0.054610	0.045556	11	0.412222	0.860000	4.5	0
120	0.702728	0.625238	0.767596	0.656485	0.493412	0.743522	0.981777	0.343403	0.045968	0.210000	37	0.310000	0.931111	4.0	0
121	0.727215	0.678165	0.784974	0.695804	0.505933	0.734872	0.996244	0.438279	0.020888	0.303333	73	0.325556	0.970000	4.5	0
122	0.784232	0.792649	0.854468	0.604608	0.559513	0.893660	0.994886	0.018333	0.055140	0.005556	19	0.434444	1.000000	3.7	0
123	0.780234	0.785126	0.843610	0.605948	0.562012	0.886149	0.995295	0.030573	0.025491	0.010000	21	0.412222	1.000000	3.7	0
124	0.594790	0.490182	0.659959	0.553069	0.414253	0.521950	0.999069	0.301867	0.010965	0.234444	46	0.260000	0.746667	4.1	0
125	0.778613	0.795566	0.811273	0.604460	0.588250	0.862383	0.998441	0.003127	0.017394	0.001111	11	0.416667	1.000000	4.0	0
126	0.821470	0.879381	0.886314	0.600926	0.614749	0.910065	0.998776	0.000000	0.102758	0.001111	8	0.521111	1.000000	3.7	0
127	0.785724	0.795987	0.874554	0.603137	0.561538	0.884650	0.987639	0.011183	0.092160	0.005556	16	0.468889	1.000000	3.8	0
128	0.789220	0.811202	0.837275	0.603959	0.585134	0.885207	0.997887	0.008058	0.026004	0.001111	14	0.434444	1.000000	3.6	0
