1 -1.298072 -0.024994 V1_INV_PI V1_INV_PI 1.0000 2 0 200 7331
2 0.507991 -1.119612 V1_INV_PI V1_INV_PI 1.0000 2 0 200 7331
3 0.597178 -0.800263 V1_INV_PI V1_INV_PI 1.0000 2 0 200 7331
4 -0.408155 -0.079032 V1_INV_PI V1_INV_PI 1.0000 2 0 200 7331
5 -1.189162 0.122474 V1_INV_PI V1_INV_PI 1.0000 2 0 200 7331
6 -0.943839 0.400218 V1_INV_PI V1_INV_PI 1.0000 2 0 200 7331
7 0.122478 -1.085490 V1_INV_PI V1_INV_PI 1.0000 2 0 200 7331
8 -1.027954 0.727221 V1_INV_PI V1_INV_PI 1.0000 2 0 200 7331
9 -0.840993 -0.855515 V1_INV_PI V1_INV_PI 1.0000 2 0 200 7331
10 0.571314 1.102290 V1_INV_PI V1_INV_PI 1.0000 2 0 200 7331
11 0.901297 0.319714 V1_INV_PI V1_INV_PI 1.0000 2 0 200 7331
12 -1.357461 0.302837 V1_INV_PI V1_INV_PI 1.0000 2 0 200 7331
13 -0.929833 0.776955 V1_INV_PI V1_INV_PI 1.0000 2 0 200 7331
14 0.334964 0.517555 V1_INV_PI V1_INV_PI 1.0000 2 0 200 7331
15 0.149205 -0.059503 V1_INV_PI V1_INV_PI 1.0000 2 0 200 7331
16 -0.279212 1.156305 V1_INV_PI V1_INV_PI 1.0000 2 0 200 7331
17 -0.340604 -0.265807 V1_INV_PI V1_INV_PI 1.0000 2 0 200 7331
18 -1.471001 -0.884336 V1_INV_PI V1_INV_PI 1.0000 2 0 200 7331
19 -1.494826 -0.766976 V1_INV_PI V1_INV_PI 1.0000 2 0 200 7331
20 -1.019172 -0.859103 V1_INV_PI V1_INV_PI 1.0000 2 0 200 7331
21 -1.141998 -1.041261 V1_INV_PI V1_INV_PI 1.0000 2 0 200 7331
22 0.509097 -0.345603 V1_INV_PI V1_INV_PI 1.0000 2 0 200 7331
23 0.264522 -0.021948 V1_INV_PI V1_INV_PI 1.0000 2 0 200 7331
24 0.855320 0.866903 V1_INV_PI V1_INV_PI 1.0000 2 0 200 7331
25 -0.029504 1.135321 V1_INV_PI V1_INV_PI 1.0000 2 0 200 7331
26 -1.185749 0.192705 V1_INV_PI V1_INV_PI 1.0000 2 0 200 7331
27 -1.349255 -0.944063 V1_INV_PI V1_INV_PI 1.0000 2 0 200 7331
28 -0.422368 -0.516220 V1_INV_PI V1_INV_PI 1.0000 2 0 200 7331
29 0.564048 -0.235094 V1_INV_PI V1_INV_PI 1.0000 2 0 200 7331
30 0.218932 -0.840279 V1_INV_PI V1_INV_PI 1.0000 2 0 200 7331
31 -0.037636 0.341722 V1_INV_PI V1_INV_PI 1.0000 2 0 200 7331
32 -0.596135 -0.560423 V1_INV_PI V1_INV_PI 1.0000 2 0 200 7331
33 0.961702 0.998652 V1_INV_PI V1_INV_PI 1.0000 2 0 200 7331
34 0.296450 -0.303848 V1_INV_PI V1_INV_PI 1.0000 2 0 200 7331
35 0.863723 -0.816851 V1_INV_PI V1_INV_PI 1.0000 2 0 200 7331
36 -0.028613 -0.225455 V1_INV_PI V1_INV_PI 1.0000 2 0 200 7331
37 0.785086 -0.416809 V1_INV_PI V1_INV_PI 1.0000 2 0 200 7331
38 -1.160739 -0.470081 V1_INV_PI V1_INV_PI 1.0000 2 0 200 7331
39 -0.224342 -0.073938 V1_INV_PI V1_INV_PI 1.0000 2 0 200 7331
40 0.999373 0.464466 V1_INV_PI V1_INV_PI 1.0000 2 0 200 7331
41 -1.363275 0.035546 V1_INV_PI V1_INV_PI 1.0000 2 0 200 7331
42 -0.327409 -1.093020 V1_INV_PI V1_INV_PI 1.0000 2 0 200 7331
43 0.365678 0.546741 V1_INV_PI V1_INV_PI 1.0000 2 0 200 7331
44 -1.085627 0.562018 V1_INV_PI V1_INV_PI 1.0000 2 0 200 7331
45 0.553258 0.791154 V1_INV_PI V1_INV_PI 1.0000 2 0 200 7331
46 0.829523 -0.606429 V1_INV_PI V1_INV_PI 1.0000 2 0 200 7331
47 0.752374 0.318658 V1_INV_PI V1_INV_PI 1.0000 2 0 200 7331
48 -0.388228 1.191677 V1_INV_PI V1_INV_PI 1.0000 2 0 200 7331
49 0.111533 0.952934 V1_INV_PI V1_INV_PI 1.0000 2 0 200 7331
50 0.391978 0.987495 V1_INV_PI V1_INV_PI 1.0000 2 0 200 7331
51 -1.491568 -0.582069 V1_INV_PI V1_INV_PI 1.0000 2 0 200 7331
52 0.204765 1.171782 V1_INV_PI V1_INV_PI 1.0000 2 0 200 7331
53 -0.381639 0.932034 V1_INV_PI V1_INV_PI 1.0000 2 0 200 7331
54 -1.092647 -0.466751 V1_INV_PI V1_INV_PI 1.0000 2 0 200 7331
55 -1.420374 -0.809997 V1_INV_PI V1_INV_PI 1.0000 2 0 200 7331
56 -0.685718 -1.153862 V1_INV_PI V1_INV_PI 1.0000 2 0 200 7331
57 -1.089094 1.011467 V1_INV_PI V1_INV_PI 1.0000 2 0 200 7331
58 -0.796490 0.062841 V1_INV_PI V1_INV_PI 1.0000 2 0 200 7331
59 -0.159233 1.064008 V1_INV_PI V1_INV_PI 1.0000 2 0 200 7331
60 -1.306494 1.137975 V1_INV_PI V1_INV_PI 1.0000 2 0 200 7331
61 -0.749228 -0.244089 V1_INV_PI V1_INV_PI 1.0000 2 0 200 7331
62 -0.579329 -0.408922 V1_INV_PI V1_INV_PI 1.0000 2 0 200 7331
63 -0.651640 1.198644 V1_INV_PI V1_INV_PI 1.0000 2 0 200 7331
64 0.022643 0.551048 V1_INV_PI V1_INV_PI 1.0000 2 0 200 7331
65 0.452038 0.921580 V1_INV_PI V1_INV_PI 1.0000 2 0 200 7331
66 0.021215 -0.074910 V1_INV_PI V1_INV_PI 1.0000 2 0 200 7331
67 -0.108804 0.157479 V1_INV_PI V1_INV_PI 1.0000 2 0 200 7331
68 0.537375 -0.342184 V1_INV_PI V1_INV_PI 1.0000 2 0 200 7331
69 -0.862101 -0.729476 V1_INV_PI V1_INV_PI 1.0000 2 0 200 7331
70 0.275883 0.083684 V1_INV_PI V1_INV_PI 1.0000 2 0 200 7331
71 -0.430856 0.295342 V1_INV_PI V1_INV_PI 1.0000 2 0 200 7331
72 0.186136 -0.404004 V1_INV_PI V1_INV_PI 1.0000 2 0 200 7331
73 -0.610287 -0.341646 V1_INV_PI V1_INV_PI 1.0000 2 0 200 7331
74 -0.282005 0.123578 V1_INV_PI V1_INV_PI 1.0000 2 0 200 7331
75 -0.622019 1.009627 V1_INV_PI V1_INV_PI 1.0000 2 0 200 7331
76 0.638447 -0.885520 V1_INV_PI V1_INV_PI 1.0000 2 0 200 7331
77 -0.468923 0.457623 V1_INV_PI V1_INV_PI 1.0000 2 0 200 7331
78 -0.805454 -1.156149 V1_INV_PI V1_INV_PI 1.0000 2 0 200 7331
79 -0.761303 0.821256 V1_INV_PI V1_INV_PI 1.0000 2 0 200 7331
80 -0.957788 -1.089454 V1_INV_PI V1_INV_PI 1.0000 2 0 200 7331
81 -0.482456 -1.061622 V1_INV_PI V1_INV_PI 1.0000 2 0 200 7331
82 -0.115100 -1.008332 V1_INV_PI V1_INV_PI 1.0000 2 0 200 7331
83 -0.342683 -1.167353 V1_INV_PI V1_INV_PI 1.0000 2 0 200 7331
84 -0.640321 -0.867199 V1_INV_PI V1_INV_PI 1.0000 2 0 200 7331
85 -1.386893 0.165864 V1_INV_PI V1_INV_PI 1.0000 2 0 200 7331
86 0.231840 -0.880138 V1_INV_PI V1_INV_PI 1.0000 2 0 200 7331
87 -0.528214 -0.331474 V1_INV_PI V1_INV_PI 1.0000 2 0 200 7331
88 0.604743 0.905764 V1_INV_PI V1_INV_PI 1.0000 2 0 200 7331
89 -0.749899 1.158168 V1_INV_PI V1_INV_PI 1.0000 2 0 200 7331
90 0.166285 -0.704608 V1_INV_PI V1_INV_PI 1.0000 2 0 200 7331
91 -0.897089 0.681528 V1_INV_PI V1_INV_PI 1.0000 2 0 200 7331
92 0.367355 -0.237484 V1_INV_PI V1_INV_PI 1.0000 2 0 200 7331
93 0.591491 1.036263 V1_INV_PI V1_INV_PI 1.0000 2 0 200 7331
94 -0.711834 -0.930328 V1_INV_PI V1_INV_PI 1.0000 2 0 200 7331
95 0.260470 -0.642557 V1_INV_PI V1_INV_PI 1.0000 2 0 200 7331
96 0.836361 -0.834522 V1_INV_PI V1_INV_PI 1.0000 2 0 200 7331
97 0.409784 -0.581169 V1_INV_PI V1_INV_PI 1.0000 2 0 200 7331
98 -0.651100 0.414865 V1_INV_PI V1_INV_PI 1.0000 2 0 200 7331
99 0.978628 -0.194106 V1_INV_PI V1_INV_PI 1.0000 2 0 200 7331
100 -0.313909 0.261560 V1_INV_PI V1_INV_PI 1.0000 2 0 200 7331
101 -1.077676 0.615447 V1_INV_PI V1_INV_PI 1.0000 2 0 200 7331
102 -1.312914 -0.466419 V1_INV_PI V1_INV_PI 1.0000 2 0 200 7331
103 0.863661 -1.035791 V1_INV_PI V1_INV_PI 1.0000 2 0 200 7331
104 -0.886834 -0.781249 V1_INV_PI V1_INV_PI 1.0000 2 0 200 7331
105 -1.344759 0.037331 V1_INV_PI V1_INV_PI 1.0000 2 0 200 7331
106 -0.371375 -0.104153 V1_INV_PI V1_INV_PI 1.0000 2 0 200 7331
107 0.356960 -0.334061 V1_INV_PI V1_INV_PI 1.0000 2 0 200 7331
108 0.357764 0.943428 V1_INV_PI V1_INV_PI 1.0000 2 0 200 7331
109 -0.834833 -0.586423 V1_INV_PI V1_INV_PI 1.0000 2 0 200 7331
110 -0.061526 -0.605080 V1_INV_PI V1_INV_PI 1.0000 2 0 200 7331
111 0.182891 0.259489 V1_INV_PI V1_INV_PI 1.0000 2 0 200 7331
112 -0.289676 -0.736803 V1_INV_PI V1_INV_PI 1.0000 2 0 200 7331
113 0.959035 -0.480327 V1_INV_PI V1_INV_PI 1.0000 2 0 200 7331
114 -0.325429 -0.943134 V1_INV_PI V1_INV_PI 1.0000 2 0 200 7331
115 -0.408050 0.342383 V1_INV_PI V1_INV_PI 1.0000 2 0 200 7331
116 0.888346 -0.009516 V1_INV_PI V1_INV_PI 1.0000 2 0 200 7331
117 -0.934884 0.732934 V1_INV_PI V1_INV_PI 1.0000 2 0 200 7331
118 -0.185760 -0.790819 V1_INV_PI V1_INV_PI 1.0000 2 0 200 7331
119 -0.953794 -0.315379 V1_INV_PI V1_INV_PI 1.0000 2 0 200 7331
120 -1.478299 -0.080833 V1_INV_PI V1_INV_PI 1.0000 2 0 200 7331
121 0.415749 -0.822569 V1_INV_PI V1_INV_PI 1.0000 2 0 200 7331
122 0.106610 0.257369 V1_INV_PI V1_INV_PI 1.0000 2 0 200 7331
123 -0.447073 -0.857860 V1_INV_PI V1_INV_PI 1.0000 2 0 200 7331
124 0.545496 0.099449 V1_INV_PI V1_INV_PI 1.0000 2 0 200 7331
125 -1.253398 -0.295803 V1_INV_PI V1_INV_PI 1.0000 2 0 200 7331
126 0.316535 -0.087672 V1_INV_PI V1_INV_PI 1.0000 2 0 200 7331
127 0.876583 0.331196 V1_INV_PI V1_INV_PI 1.0000 2 0 200 7331
128 -1.131925 -0.407495 V1_INV_PI V1_INV_PI 1.0000 2 0 200 7331
