1	0.598938	0.500396	0.664919	0.546248	0.415833	0.532935	0.998992	0.254449	0.026281	0.107778	26	0.277778	0.722222	4.9	0
2	0.825640	0.870456	0.865452	0.598948	0.699980	0.890910	0.998218	0.000000	0.028399	0.001111	2	0.683333	1.000000	4.0	0
3	0.837193	0.888237	0.881901	0.599055	0.720282	0.901428	0.998226	0.000000	0.028503	0.001111	2	0.657778	1.000000	4.4	0
4	0.837352	0.861845	0.872307	0.739784	0.639199	0.895044	0.999605	0.196893	0.022935	0.054444	11	0.396667	0.764444	4.0	0
5	0.628896	0.543880	0.698945	0.568199	0.440494	0.580076	0.998461	0.277501	0.003651	0.156667	25	0.308889	0.691111	4.5	0
6	0.734546	0.714793	0.785448	0.632737	0.530575	0.759022	0.997873	0.279629	0.008375	0.156667	36	0.322222	1.000000	3.7	0
7	0.823428	0.872529	0.863927	0.600083	0.670623	0.901536	0.999138	0.000000	0.062176	0.001111	5	0.566667	1.000000	4.3	0
8	0.739789	0.724678	0.774361	0.613090	0.558018	0.781614	0.997051	0.035360	0.010906	0.001111	18	0.334444	1.000000	3.7	0
9	0.774504	0.786497	0.815150	0.608571	0.574947	0.855367	0.998495	0.022018	0.012892	0.001111	16	0.366667	1.000000	4.3	0
10	0.823611	0.868721	0.864196	0.598831	0.693360	0.888479	0.998004	0.000000	0.025239	0.001111	2	0.702222	1.000000	3.8	0
11	0.832088	0.886743	0.882720	0.598612	0.696006	0.894768	0.997239	0.000000	0.015743	0.001111	2	0.725556	1.000000	4.3	0
12	0.629889	0.538123	0.659127	0.621395	0.455009	0.567986	0.998871	0.158887	0.012584	0.067778	33	0.265556	1.000000	5.2	0
13	0.762264	0.763964	0.799912	0.610815	0.571782	0.827537	0.998439	0.025540	0.010304	0.005556	19	0.348889	1.000000	4.4	0
14	0.842377	0.901514	0.888308	0.600192	0.713328	0.912706	0.998792	0.000000	0.046968	0.001111	4	0.555556	1.000000	5.0	0
15	0.811458	0.855702	0.891351	0.601881	0.585617	0.908014	0.996690	0.000000	0.116794	0.001111	11	0.498889	1.000000	3.7	0
16	0.798517	0.832142	0.845628	0.601659	0.603029	0.888257	0.997968	0.000000	0.051778	0.001111	9	0.496667	1.000000	3.7	0
17	0.813528	0.821107	0.881761	0.706231	0.589078	0.887701	0.990235	0.142376	0.061630	0.045556	12	0.407778	0.865556	3.9	0
18	0.666400	0.614834	0.665461	0.608181	0.484251	0.662028	0.998020	0.003127	0.010604	0.001111	12	0.310000	1.000000	4.5	0
19	0.639288	0.572255	0.649440	0.609691	0.438221	0.612625	0.998183	0.003127	0.009196	0.001111	13	0.292222	1.000000	3.7	0
20	0.751274	0.747027	0.781109	0.609424	0.570072	0.804687	0.998160	0.012404	0.010483	0.001111	14	0.346667	1.000000	3.7	0
21	0.713381	0.687431	0.739127	0.607339	0.523083	0.743694	0.996909	0.003127	0.011705	0.001111	13	0.356667	1.000000	4.2	0
22	0.849303	0.906115	0.892929	0.599659	0.748086	0.912586	0.998570	0.000000	0.029453	0.001111	3	0.592222	1.000000	3.6	0
23	0.815594	0.868376	0.892963	0.601012	0.584420	0.913316	0.998288	0.000000	0.140552	0.001111	9	0.526667	1.000000	3.7	0
24	0.810676	0.857016	0.852041	0.598507	0.655608	0.872962	0.997029	0.000000	0.013682	0.001111	2	0.794444	1.000000	3.6	0
25	0.811896	0.856563	0.856668	0.600564	0.631284	0.897510	0.999008	0.000000	0.088417	0.001111	6	0.541111	1.000000	3.7	0
26	0.648551	0.560626	0.699735	0.613826	0.480196	0.611214	0.984328	0.341402	0.022400	0.236667	36	0.283333	0.851111	3.9	0
27	0.686468	0.646043	0.694068	0.608181	0.499418	0.700127	0.997918	0.003127	0.011417	0.001111	12	0.322222	1.000000	3.7	0
28	0.773398	0.741192	0.872615	0.664670	0.553306	0.857325	0.972753	0.102490	0.062919	0.058889	13	0.405556	0.917778	3.8	0
29	0.851138	0.907693	0.895487	0.599523	0.754739	0.913136	0.998547	0.000000	0.026118	0.001111	3	0.598889	1.000000	3.7	0
30	0.831326	0.886780	0.876386	0.600199	0.680938	0.907716	0.998965	0.000000	0.058038	0.001111	5	0.556667	1.000000	3.9	0
31	0.699175	0.633519	0.885706	0.617979	0.520658	0.743566	0.837391	0.033789	0.110852	0.027778	11	0.462222	0.981111	3.7	0
32	0.776281	0.739098	0.856628	0.663028	0.549403	0.885746	0.988570	0.235804	0.025924	0.232222	87	0.380000	0.997778	5.0	0
33	0.814285	0.856007	0.856492	0.598236	0.677480	0.873152	0.996531	0.000000	0.011856	0.001111	2	0.852222	1.000000	4.8	0
34	0.833401	0.897342	0.891157	0.600615	0.655831	0.914001	0.998829	0.000000	0.075052	0.001111	6	0.532222	1.000000	3.9	0
35	0.810913	0.858068	0.852595	0.598522	0.654585	0.873240	0.997035	0.000000	0.013871	0.001111	2	0.790000	1.000000	4.3	0
36	0.703408	0.640885	0.888775	0.620443	0.523221	0.752483	0.836320	0.038436	0.108032	0.027778	8	0.463333	0.977778	3.7	0
37	0.840377	0.894751	0.890174	0.598832	0.722025	0.902491	0.997740	0.000000	0.021497	0.001111	2	0.682222	1.000000	3.8	0
38	0.690466	0.648508	0.718333	0.618326	0.496590	0.691541	0.997468	0.075098	0.007407	0.018889	22	0.296667	1.000000	3.9	0
39	0.785945	0.764022	0.886632	0.673127	0.564848	0.865972	0.975683	0.107252	0.039764	0.054444	10	0.424444	0.912222	3.8	0
40	0.814075	0.863553	0.859181	0.598433	0.658831	0.874812	0.996655	0.000000	0.012004	0.001111	2	0.806667	1.000000	4.3	0
41	0.597315	0.476205	0.645551	0.607738	0.435337	0.501985	0.997818	0.371940	0.046933	0.303333	60	0.258889	0.907778	4.4	0
42	0.794642	0.824481	0.847317	0.602228	0.587377	0.889042	0.997515	0.003127	0.057014	0.001111	12	0.477778	1.000000	5.0	0
43	0.843952	0.901434	0.887689	0.600031	0.725596	0.911914	0.998729	0.000000	0.041185	0.001111	3	0.566667	1.000000	4.8	0
44	0.715459	0.685985	0.749007	0.617392	0.528420	0.734282	0.997320	0.072775	0.017593	0.014444	20	0.310000	1.000000	3.7	0
45	0.839061	0.890561	0.883529	0.599180	0.724512	0.903867	0.998383	0.000000	0.031057	0.001111	2	0.643333	1.000000	4.9	0
46	0.829517	0.882051	0.877545	0.598656	0.693633	0.892785	0.997413	0.000000	0.017417	0.001111	2	0.721111	1.000000	4.7	0
47	0.844418	0.899811	0.894285	0.598946	0.732053	0.906541	0.997942	0.000000	0.023953	0.001111	2	0.662222	1.000000	5.1	0
48	0.791608	0.819012	0.838348	0.602038	0.591203	0.882787	0.997989	0.000000	0.058041	0.001111	10	0.478889	1.000000	5.2	0
49	0.817440	0.869599	0.869411	0.600433	0.627163	0.904303	0.998959	0.000000	0.086513	0.001111	7	0.544444	1.000000	4.8	0
50	0.834496	0.882766	0.873962	0.599398	0.718569	0.901382	0.998720	0.000000	0.035889	0.001111	3	0.617778	1.000000	4.0	0
51	0.632536	0.559340	0.641827	0.611780	0.437599	0.594806	0.998664	0.012404	0.010228	0.001111	16	0.273333	1.000000	4.0	0
52	0.826169	0.871372	0.862190	0.599645	0.697167	0.897486	0.999021	0.000000	0.042426	0.001111	3	0.602222	1.000000	3.7	0
53	0.785898	0.798253	0.853632	0.603746	0.562256	0.892798	0.996462	0.010281	0.037550	0.005556	15	0.446667	1.000000	4.9	0
54	0.709028	0.676204	0.743713	0.620034	0.514720	0.723953	0.997423	0.110445	0.016510	0.032222	27	0.301111	1.000000	4.4	0
55	0.666190	0.611414	0.672311	0.609554	0.486796	0.655852	0.997730	0.005697	0.012111	0.001111	13	0.302222	1.000000	4.7	0
56	0.780289	0.797589	0.819748	0.603840	0.580188	0.870340	0.998497	0.003127	0.028295	0.001111	12	0.426667	1.000000	3.8	0
57	0.735175	0.721631	0.756686	0.607447	0.555395	0.781250	0.997671	0.008058	0.010093	0.001111	13	0.358889	1.000000	3.7	0
58	0.733083	0.714741	0.795172	0.650243	0.509290	0.745856	0.995426	0.246697	0.014167	0.067778	14	0.387778	0.612222	4.8	0
59	0.803347	0.841324	0.856101	0.601429	0.603738	0.894050	0.998125	0.000000	0.079390	0.001111	9	0.502222	1.000000	3.8	0
60	0.693447	0.658480	0.702962	0.606103	0.503353	0.716300	0.996792	0.000000	0.011045	0.001111	10	0.357778	1.000000	4.3	0
61	0.754225	0.742847	0.810278	0.669388	0.537475	0.777439	0.995511	0.240180	0.015403	0.067778	12	0.367778	0.632222	4.7	0
62	0.824369	0.839192	0.861857	0.727224	0.614409	0.894205	0.999444	0.192456	0.034003	0.063333	13	0.371111	0.786667	4.5	0
63	0.784479	0.806182	0.820247	0.603300	0.591482	0.872597	0.998596	0.000000	0.030163	0.001111	11	0.440000	1.000000	4.1	0
64	0.673878	0.584031	0.882164	0.604667	0.510200	0.776665	0.745437	0.011183	0.208282	0.014444	11	0.488889	0.996667	4.9	0
65	0.836898	0.886135	0.878103	0.599313	0.723810	0.902602	0.998601	0.000000	0.033845	0.001111	3	0.627778	1.000000	4.0	0
66	0.694936	0.624293	0.889651	0.615586	0.517380	0.760982	0.808819	0.030573	0.127671	0.027778	11	0.474444	0.983333	4.4	0
67	0.727504	0.674289	0.888718	0.632656	0.533441	0.776981	0.894413	0.061113	0.086573	0.036667	12	0.447778	0.962222	3.7	0
68	0.850150	0.906480	0.893836	0.599567	0.752090	0.912771	0.998604	0.000000	0.027066	0.001111	3	0.596667	1.000000	4.3	0
69	0.765552	0.766617	0.810271	0.612191	0.566810	0.839347	0.997366	0.059722	0.015492	0.018889	20	0.354444	1.000000	4.1	0
70	0.815162	0.867739	0.893085	0.600927	0.582069	0.913702	0.998397	0.003127	0.131788	0.001111	8	0.523333	1.000000	4.7	0
71	0.830733	0.851736	0.875813	0.729004	0.613618	0.901255	0.998973	0.171829	0.035232	0.054444	11	0.391111	0.816667	5.2	0
72	0.819620	0.875657	0.888553	0.601181	0.606426	0.909939	0.998606	0.000000	0.111599	0.001111	8	0.513333	1.000000	4.2	0
73	0.807101	0.812692	0.847408	0.715514	0.611569	0.853746	0.997951	0.220046	0.011163	0.076667	13	0.365556	0.717778	5.1	0
74	0.813384	0.821377	0.885059	0.704897	0.587842	0.886283	0.989514	0.141667	0.055773	0.050000	14	0.412222	0.871111	4.1	0
75	0.781713	0.795164	0.833704	0.605007	0.568287	0.881795	0.997357	0.012404	0.048258	0.001111	15	0.418889	1.000000	4.2	0
76	0.831929	0.881184	0.876458	0.598885	0.708185	0.896045	0.997979	0.000000	0.024702	0.001111	2	0.686667	1.000000	4.3	0
77	0.807405	0.809502	0.871657	0.702754	0.583392	0.884750	0.990978	0.150908	0.050083	0.058889	14	0.394444	0.861111	5.4	0
78	0.780657	0.799316	0.805886	0.604325	0.605917	0.857394	0.998665	0.000000	0.016042	0.001111	10	0.416667	1.000000	4.1	0
79	0.780725	0.793329	0.827748	0.608837	0.577689	0.870751	0.997594	0.028925	0.022173	0.001111	18	0.375556	1.000000	4.5	0
80	0.762239	0.768527	0.784807	0.605762	0.581995	0.829976	0.998173	0.000000	0.011535	0.001111	12	0.385556	1.000000	4.6	0
81	0.785811	0.803950	0.840807	0.603434	0.571063	0.886430	0.997088	0.010281	0.047140	0.001111	13	0.444444	1.000000	4.1	0
82	0.794455	0.823745	0.860560	0.601464	0.570648	0.893318	0.997471	0.003127	0.081299	0.001111	10	0.505556	1.000000	3.8	0
83	0.796834	0.828701	0.842292	0.601913	0.602263	0.886555	0.998033	0.000000	0.049842	0.001111	10	0.483333	1.000000	4.2	0
84	0.785415	0.798934	0.840799	0.607129	0.573778	0.886099	0.996739	0.033789	0.031787	0.001111	18	0.398889	1.000000	3.8	0
85	0.608788	0.498387	0.646245	0.632837	0.421987	0.527747	0.999122	0.314078	0.016779	0.230000	51	0.260000	1.000000	5.8	0
86	0.833448	0.887055	0.875617	0.600073	0.696212	0.907033	0.998962	0.000000	0.051183	0.001111	4	0.563333	1.000000	4.1	0
87	0.829748	0.848252	0.863829	0.733300	0.627362	0.894001	0.999406	0.201902	0.018634	0.067778	14	0.377778	0.765556	5.0	0
88	0.832831	0.882098	0.876687	0.598940	0.710991	0.897316	0.998111	0.000000	0.026545	0.001111	2	0.674444	1.000000	4.2	0
89	0.778499	0.794496	0.813012	0.604148	0.584222	0.865913	0.998542	0.003127	0.032017	0.001111	12	0.422222	1.000000	4.5	0
90	0.819364	0.875098	0.880430	0.600730	0.615512	0.908416	0.998841	0.000000	0.093009	0.001111	7	0.530000	1.000000	4.4	0
91	0.756708	0.751186	0.800928	0.614210	0.566622	0.813288	0.997695	0.079640	0.021811	0.023333	23	0.346667	1.000000	3.7	0
92	0.844309	0.906019	0.892895	0.600289	0.712034	0.914776	0.998700	0.000000	0.049329	0.001111	4	0.546667	1.000000	4.1	0
93	0.825908	0.872600	0.867678	0.598853	0.696322	0.890886	0.997979	0.000000	0.025065	0.001111	2	0.695556	1.000000	3.9	0
94	0.782987	0.799071	0.829483	0.606605	0.577510	0.877020	0.997511	0.020198	0.027067	0.001111	16	0.393333	1.000000	3.8	0
95	0.831985	0.892177	0.884139	0.600361	0.665286	0.910962	0.998858	0.000000	0.065323	0.001111	5	0.547778	1.000000	3.7	0
96	0.811187	0.859969	0.853671	0.598549	0.649707	0.875491	0.997212	0.000000	0.015447	0.001111	2	0.774444	1.000000	3.7	0
97	0.844914	0.900733	0.886622	0.599824	0.735456	0.910889	0.998745	0.000000	0.035338	0.001111	3	0.577778	1.000000	4.9	0
98	0.814656	0.821539	0.850168	0.720766	0.615108	0.876446	0.999320	0.211321	0.020264	0.087778	17	0.365556	0.755556	4.2	0
99	0.824104	0.878989	0.874636	0.598492	0.671201	0.887806	0.996909	0.000000	0.012061	0.001111	2	0.758889	1.000000	3.6	0
100	0.804650	0.804614	0.882788	0.696000	0.578181	0.880968	0.985371	0.131540	0.063987	0.050000	11	0.411111	0.881111	4.1	0
101	0.718812	0.691647	0.753865	0.615929	0.529976	0.742408	0.997159	0.065578	0.014846	0.005556	21	0.317778	1.000000	3.7	0
102	0.653863	0.587142	0.674140	0.616076	0.465748	0.626475	0.998079	0.047463	0.010676	0.005556	20	0.282222	1.000000	3.7	0
103	0.810382	0.851831	0.850085	0.598383	0.667539	0.870023	0.996795	0.000000	0.011884	0.001111	2	0.826667	1.000000	3.7	0
104	0.769438	0.776504	0.808027	0.610476	0.576514	0.842354	0.998044	0.028925	0.010589	0.001111	17	0.357778	1.000000	3.7	0
105	0.594336	0.484747	0.654587	0.572073	0.412513	0.515876	0.999277	0.358660	0.023915	0.236667	55	0.261111	0.810000	4.1	0
106	0.840310	0.866669	0.879123	0.738003	0.635195	0.905774	0.999523	0.179365	0.040394	0.041111	11	0.400000	0.802222	4.0	0
107	0.843711	0.904726	0.892007	0.600276	0.711779	0.914109	0.998694	0.000000	0.048498	0.001111	4	0.553333	1.000000	3.9	0
108	0.836821	0.886345	0.876166	0.599552	0.723130	0.903915	0.998802	0.000000	0.033307	0.001111	3	0.605556	1.000000	3.6	0
109	0.737027	0.716771	0.800237	0.621616	0.526334	0.775156	0.995547	0.186811	0.010091	0.165556	33	0.346667	1.000000	3.7	0
110	0.713642	0.592406	0.879076	0.603279	0.510199	0.806456	0.971264	0.011183	0.011813	0.005556	14	0.473333	0.998889	3.7	0
111	0.810404	0.855702	0.890557	0.601445	0.578411	0.908400	0.997712	0.000000	0.140161	0.001111	9	0.507778	1.000000	3.7	0
112	0.714542	0.626005	0.867888	0.607687	0.517607	0.836257	0.890832	0.029923	0.189218	0.023333	22	0.443333	1.000000	3.7	0
113	0.814572	0.866608	0.860885	0.598489	0.651792	0.878067	0.996898	0.000000	0.012022	0.001111	2	0.783333	1.000000	3.6	0
114	0.794517	0.820632	0.855966	0.603090	0.579857	0.893752	0.996398	0.008058	0.054128	0.001111	12	0.456667	1.000000	3.6	0
115	0.817370	0.828107	0.877193	0.712401	0.591721	0.893299	0.994341	0.154825	0.041271	0.058889	14	0.396667	0.851111	4.4	0
116	0.837554	0.893248	0.889290	0.598674	0.709951	0.899633	0.997396	0.000000	0.017324	0.001111	2	0.706667	1.000000	4.0	0
117	0.758616	0.757164	0.797424	0.612229	0.570083	0.817707	0.998055	0.048598	0.010241	0.005556	19	0.344444	1.000000	3.7	0
118	0.716956	0.587190	0.868482	0.603294	0.510918	0.855934	0.962429	0.011183	0.006760	0.005556	16	0.466667	0.998889	3.9	0
119	0.730134	0.703190	0.778851	0.641574	0.534159	0.743427	0.997568	0.325978	0.007711	0.143333	41	0.314444	1.000000	3.8	0
120	0.591661	0.475137	0.625339	0.627270	0.398427	0.502449	0.999024	0.283208	0.029381	0.156667	45	0.245556	1.000000	3.8	0
121	0.840162	0.891732	0.880474	0.599534	0.730019	0.906093	0.998739	0.000000	0.031295	0.001111	3	0.603333	1.000000	3.6	0
122	0.676461	0.585909	0.889510	0.604723	0.509428	0.793390	0.736173	0.011183	0.095010	0.014444	11	0.493333	0.996667	3.7	0
123	0.777821	0.771768	0.855362	0.605324	0.551479	0.892257	0.994775	0.029485	0.034346	0.023333	21	0.427778	1.000000	3.7	0
124	0.851035	0.908607	0.895424	0.599629	0.752038	0.913543	0.998588	0.000000	0.027478	0.001111	3	0.592222	1.000000	3.6	0
125	0.647343	0.564844	0.684539	0.622180	0.460213	0.609339	0.997943	0.186798	0.031324	0.130000	35	0.277778	1.000000	3.7	0
126	0.836477	0.901208	0.893486	0.600621	0.666216	0.915351	0.998827	0.000000	0.070844	0.001111	5	0.530000	1.000000	3.7	0
127	0.834483	0.889183	0.884960	0.598656	0.703299	0.896960	0.997373	0.000000	0.017160	0.001111	2	0.713333	1.000000	3.8	0
128	0.692624	0.650758	0.723821	0.620484	0.495299	0.695542	0.997753	0.102490	0.011270	0.045556	24	0.300000	1.000000	3.7	0
