1 0.115256 0.529780 V1_INV_PI V1_INV_PI 1.0000 2 0 200 7331
2 -0.231046 -0.177735 V1_INV_PI V1_INV_PI 1.0000 2 0 200 7331
3 -0.308171 1.076527 V1_INV_PI V1_INV_PI 1.0000 2 0 200 7331
4 -0.856459 -1.185272 V1_INV_PI V1_INV_PI 1.0000 2 0 200 7331
5 -1.238228 0.673494 V1_INV_PI V1_INV_PI 1.0000 2 0 200 7331
6 -0.735631 -0.103930 V1_INV_PI V1_INV_PI 1.0000 2 0 200 7331
7 0.449304 -1.031582 V1_INV_PI V1_INV_PI 1.0000 2 0 200 7331
8 -0.518895 0.287033 V1_INV_PI V1_INV_PI 1.0000 2 0 200 7331
9 -0.962996 0.870755 V1_INV_PI V1_INV_PI 1.0000 2 0 200 7331
10 0.651249 -0.079829 V1_INV_PI V1_INV_PI 1.0000 2 0 200 7331
11 -1.023003 -0.740701 V1_INV_PI V1_INV_PI 1.0000 2 0 200 7331
12 -1.463826 -0.871525 V1_INV_PI V1_INV_PI 1.0000 2 0 200 7331
13 0.851635 -0.604240 V1_INV_PI V1_INV_PI 1.0000 2 0 200 7331
14 -0.250156 0.015819 V1_INV_PI V1_INV_PI 1.0000 2 0 200 7331
15 0.778171 1.104542 V1_INV_PI V1_INV_PI 1.0000 2 0 200 7331
16 -0.932520 0.769574 V1_INV_PI V1_INV_PI 1.0000 2 0 200 7331
17 -0.639949 0.786724 V1_INV_PI V1_INV_PI 1.0000 2 0 200 7331
18 0.346937 -1.050692 V1_INV_PI V1_INV_PI 1.0000 2 0 200 7331
19 -0.865252 -0.145622 V1_INV_PI V1_INV_PI 1.0000 2 0 200 7331
20 -0.081868 -0.675829 V1_INV_PI V1_INV_PI 1.0000 2 0 200 7331
21 0.187362 -0.783069 V1_INV_PI V1_INV_PI 1.0000 2 0 200 7331
22 0.364707 -0.902784 V1_INV_PI V1_INV_PI 1.0000 2 0 200 7331
23 -1.333891 -1.189955 V1_INV_PI V1_INV_PI 1.0000 2 0 200 7331
24 0.038650 0.415912 V1_INV_PI V1_INV_PI 1.0000 2 0 200 7331
25 0.246119 -0.029576 V1_INV_PI V1_INV_PI 1.0000 2 0 200 7331
26 -1.194513 0.955929 V1_INV_PI V1_INV_PI 1.0000 2 0 200 7331
27 0.033100 0.757792 V1_INV_PI V1_INV_PI 1.0000 2 0 200 7331
28 -0.138825 0.135174 V1_INV_PI V1_INV_PI 1.0000 2 0 200 7331
29 -0.390259 -0.498630 V1_INV_PI V1_INV_PI 1.0000 2 0 200 7331
30 0.250281 -1.001002 V1_INV_PI V1_INV_PI 1.0000 2 0 200 7331
31 -1.264085 -0.233573 V1_INV_PI V1_INV_PI 1.0000 2 0 200 7331
32 0.401235 0.055989 V1_INV_PI V1_INV_PI 1.0000 2 0 200 7331
33 -0.830564 0.726522 V1_INV_PI V1_INV_PI 1.0000 2 0 200 7331
34 -0.465514 -0.723528 V1_INV_PI V1_INV_PI 1.0000 2 0 200 7331
35 -1.226029 0.907959 V1_INV_PI V1_INV_PI 1.0000 2 0 200 7331
36 -0.218903 0.867520 V1_INV_PI V1_INV_PI 1.0000 2 0 200 7331
37 0.849285 -0.878417 V1_INV_PI V1_INV_PI 1.0000 2 0 200 7331
38 0.984215 -0.775966 V1_INV_PI V1_INV_PI 1.0000 2 0 200 7331
39 0.653901 0.456660 V1_INV_PI V1_INV_PI 1.0000 2 0 200 7331
40 0.066139 0.226220 V1_INV_PI V1_INV_PI 1.0000 2 0 200 7331
41 0.767449 -1.095187 V1_INV_PI V1_INV_PI 1.0000 2 0 200 7331
42 -0.144261 1.018962 V1_INV_PI V1_INV_PI 1.0000 2 0 200 7331
43 -0.563204 0.393042 V1_INV_PI V1_INV_PI 1.0000 2 0 200 7331
44 -1.400506 0.473655 V1_INV_PI V1_INV_PI 1.0000 2 0 200 7331
45 0.836731 0.925912 V1_INV_PI V1_INV_PI 1.0000 2 0 200 7331
46 -0.135078 0.632098 V1_INV_PI V1_INV_PI 1.0000 2 0 200 7331
47 -1.314849 0.461038 V1_INV_PI V1_INV_PI 1.0000 2 0 200 7331
48 0.589040 -1.172181 V1_INV_PI V1_INV_PI 1.0000 2 0 200 7331
49 -0.787159 0.864921 V1_INV_PI V1_INV_PI 1.0000 2 0 200 7331
50 0.396112 1.183622 V1_INV_PI V1_INV_PI 1.0000 2 0 200 7331
51 -1.316516 -0.878335 V1_INV_PI V1_INV_PI 1.0000 2 0 200 7331
52 0.505168 -0.516618 V1_INV_PI V1_INV_PI 1.0000 2 0 200 7331
53 0.591670 0.234601 V1_INV_PI V1_INV_PI 1.0000 2 0 200 7331
54 0.079852 -1.043529 V1_INV_PI V1_INV_PI 1.0000 2 0 200 7331
55 -0.525906 0.836325 V1_INV_PI V1_INV_PI 1.0000 2 0 200 7331
56 -0.831119 -0.632497 V1_INV_PI V1_INV_PI 1.0000 2 0 200 7331
57 0.815337 0.548425 V1_INV_PI V1_INV_PI 1.0000 2 0 200 7331
58 -1.395319 -1.111815 V1_INV_PI V1_INV_PI 1.0000 2 0 200 7331
59 -0.255771 -0.328953 V1_INV_PI V1_INV_PI 1.0000 2 0 200 7331
60 0.003865 0.637213 V1_INV_PI V1_INV_PI 1.0000 2 0 200 7331
61 -0.634463 -0.458789 V1_INV_PI V1_INV_PI 1.0000 2 0 200 7331
62 0.097429 -0.376828 V1_INV_PI V1_INV_PI 1.0000 2 0 200 7331
63 -0.928613 0.630613 V1_INV_PI V1_INV_PI 1.0000 2 0 200 7331
64 -0.865139 0.952836 V1_INV_PI V1_INV_PI 1.0000 2 0 200 7331
65 0.929390 0.188921 V1_INV_PI V1_INV_PI 1.0000 2 0 200 7331
66 0.472438 0.277977 V1_INV_PI V1_INV_PI 1.0000 2 0 200 7331
67 0.044342 0.665478 V1_INV_PI V1_INV_PI 1.0000 2 0 200 7331
68 0.757276 0.514173 V1_INV_PI V1_INV_PI 1.0000 2 0 200 7331
69 0.858833 1.184427 V1_INV_PI V1_INV_PI 1.0000 2 0 200 7331
70 -0.254985 0.485281 V1_INV_PI V1_INV_PI 1.0000 2 0 200 7331
71 0.161363 -0.189355 V1_INV_PI V1_INV_PI 1.0000 2 0 200 7331
72 -1.077010 -0.461042 V1_INV_PI V1_INV_PI 1.0000 2 0 200 7331
73 -0.392223 1.165048 V1_INV_PI V1_INV_PI 1.0000 2 0 200 7331
74 -0.766830 -0.325315 V1_INV_PI V1_INV_PI 1.0000 2 0 200 7331
75 -0.908627 -0.626538 V1_INV_PI V1_INV_PI 1.0000 2 0 200 7331
76 -0.442248 1.159841 V1_INV_PI V1_INV_PI 1.0000 2 0 200 7331
77 0.428383 0.510672 V1_INV_PI V1_INV_PI 1.0000 2 0 200 7331
78 0.624905 0.699082 V1_INV_PI V1_INV_PI 1.0000 2 0 200 7331
79 0.808717 0.618245 V1_INV_PI V1_INV_PI 1.0000 2 0 200 7331
80 -0.952851 0.395702 V1_INV_PI V1_INV_PI 1.0000 2 0 200 7331
81 0.393130 0.905528 V1_INV_PI V1_INV_PI 1.0000 2 0 200 7331
82 -0.591188 -0.987130 V1_INV_PI V1_INV_PI 1.0000 2 0 200 7331
83 -1.066587 -0.393376 V1_INV_PI V1_INV_PI 1.0000 2 0 200 7331
84 -1.228601 -0.569459 V1_INV_PI V1_INV_PI 1.0000 2 0 200 7331
85 0.299936 0.901903 V1_INV_PI V1_INV_PI 1.0000 2 0 200 7331
86 0.105361 0.990797 V1_INV_PI V1_INV_PI 1.0000 2 0 200 7331
87 -0.137847 -0.296695 V1_INV_PI V1_INV_PI 1.0000 2 0 200 7331
88 -0.362912 -0.099894 V1_INV_PI V1_INV_PI 1.0000 2 0 200 7331
89 -0.657798 -0.944546 V1_INV_PI V1_INV_PI 1.0000 2 0 200 7331
90 -0.123145 -1.106883 V1_INV_PI V1_INV_PI 1.0000 2 0 200 7331
91 0.913465 0.061818 V1_INV_PI V1_INV_PI 1.0000 2 0 200 7331
92 0.218188 1.180273 V1_INV_PI V1_INV_PI 1.0000 2 0 200 7331
93 -1.201199 -0.075126 V1_INV_PI V1_INV_PI 1.0000 2 0 200 7331
94 -0.903659 -0.900505 V1_INV_PI V1_INV_PI 1.0000 2 0 200 7331
95 -0.732318 0.206393 V1_INV_PI V1_INV_PI 1.0000 2 0 200 7331
96 -1.366912 0.587450 V1_INV_PI V1_INV_PI 1.0000 2 0 200 7331
97 -0.115262 -0.400372 V1_INV_PI V1_INV_PI 1.0000 2 0 200 7331
98 -0.335340 0.303259 V1_INV_PI V1_INV_PI 1.0000 2 0 200 7331
99 0.048268 -0.068536 V1_INV_PI V1_INV_PI 1.0000 2 0 200 7331
100 0.973359 -0.708002 V1_INV_PI V1_INV_PI 1.0000 2 0 200 7331
101 -1.437100 -0.985109 V1_INV_PI V1_INV_PI 1.0000 2 0 200 7331
102 0.360134 -0.109579 V1_INV_PI V1_INV_PI 1.0000 2 0 200 7331
103 0.106613 0.630482 V1_INV_PI V1_INV_PI 1.0000 2 0 200 7331
104 -0.803866 -0.288958 V1_INV_PI V1_INV_PI 1.0000 2 0 200 7331
105 -0.601332 -0.508891 V1_INV_PI V1_INV_PI 1.0000 2 0 200 7331
106 -1.397446 1.157227 V1_INV_PI V1_INV_PI 1.0000 2 0 200 7331
107 0.562308 -0.356797 V1_INV_PI V1_INV_PI 1.0000 2 0 200 7331
108 -0.705705 0.007608 V1_INV_PI V1_INV_PI 1.0000 2 0 200 7331
109 0.904447 -0.395550 V1_INV_PI V1_INV_PI 1.0000 2 0 200 7331
110 -0.011487 0.730791 V1_INV_PI V1_INV_PI 1.0000 2 0 200 7331
111 0.558305 0.837725 V1_INV_PI V1_INV_PI 1.0000 2 0 200 7331
112 -0.900997 0.442092 V1_INV_PI V1_INV_PI 1.0000 2 0 200 7331
113 -1.344982 1.008366 V1_INV_PI V1_INV_PI 1.0000 2 0 200 7331
114 -0.762938 0.891753 V1_INV_PI V1_INV_PI 1.0000 2 0 200 7331
115 -0.162589 -1.139327 V1_INV_PI V1_INV_PI 1.0000 2 0 200 7331
116 -0.420476 -0.853227 V1_INV_PI V1_INV_PI 1.0000 2 0 200 7331
117 -0.444076 0.568636 V1_INV_PI V1_INV_PI 1.0000 2 0 200 7331
118 -0.479223 -0.568800 V1_INV_PI V1_INV_PI 1.0000 2 0 200 7331
119 -0.347138 -0.342884 V1_INV_PI V1_INV_PI 1.0000 2 0 200 7331
120 0.622986 0.783517 V1_INV_PI V1_INV_PI 1.0000 2 0 200 7331
121 0.103499 -0.037000 V1_INV_PI V1_INV_PI 1.0000 2 0 200 7331
122 0.995769 0.599456 V1_INV_PI V1_INV_PI 1.0000 2 0 200 7331
123 -0.099195 -0.921014 V1_INV_PI V1_INV_PI 1.0000 2 0 200 7331
124 0.209819 0.151126 V1_INV_PI V1_INV_PI 1.0000 2 0 200 7331
125 0.255309 1.087102 V1_INV_PI V1_INV_PI 1.0000 2 0 200 7331
126 0.889660 1.023069 V1_INV_PI V1_INV_PI 1.0000 2 0 200 7331
127 0.746283 0.816823 V1_INV_PI V1_INV_PI 1.0000 2 0 200 7331
128 -0.667006 0.516025 V1_INV_PI V1_INV_PI 1.0000 2 0 200 7331
