1	0.786556	0.795266	0.884670	0.601591	0.546384	0.892818	0.992801	0.008058	0.110895	0.005556	10	0.507778	1.000000	4.0	0
2	0.778342	0.752749	0.885838	0.667590	0.559044	0.851403	0.970492	0.104613	0.045017	0.054444	12	0.425556	0.918889	4.5	0
3	0.794468	0.822912	0.849524	0.602210	0.585969	0.889604	0.997629	0.003127	0.061293	0.001111	11	0.477778	1.000000	4.5	0
4	0.772666	0.785432	0.797924	0.604357	0.592151	0.849097	0.998522	0.000000	0.013454	0.001111	11	0.413333	1.000000	4.7	0
5	0.678232	0.625505	0.710131	0.613402	0.487680	0.670396	0.997428	0.028925	0.010109	0.001111	18	0.303333	1.000000	3.7	0
6	0.747390	0.737455	0.806962	0.663466	0.521559	0.766676	0.994845	0.240838	0.016196	0.072222	10	0.387778	0.612222	4.6	0
7	0.832444	0.879288	0.872742	0.599190	0.715492	0.898204	0.998521	0.000000	0.033601	0.001111	2	0.645556	1.000000	3.7	0
8	0.812753	0.824877	0.856867	0.721720	0.600815	0.866351	0.997808	0.212559	0.010804	0.072222	13	0.380000	0.738889	4.1	0
9	0.761567	0.765996	0.793263	0.608880	0.574352	0.825662	0.998296	0.012404	0.011456	0.001111	15	0.352222	1.000000	3.8	0
10	0.849498	0.906628	0.897339	0.599289	0.745251	0.912027	0.998366	0.000000	0.030806	0.001111	2	0.622222	1.000000	3.7	0
11	0.741252	0.726754	0.776273	0.612702	0.559497	0.784880	0.997073	0.036909	0.009061	0.005556	20	0.335556	1.000000	3.7	0
12	0.666192	0.614560	0.666129	0.608384	0.483898	0.660565	0.998035	0.000000	0.010351	0.001111	11	0.306667	1.000000	3.7	0
13	0.828893	0.881432	0.877333	0.598608	0.691346	0.892281	0.997330	0.000000	0.016527	0.001111	2	0.728889	1.000000	3.7	0
14	0.805157	0.805484	0.886056	0.695050	0.578335	0.880854	0.984948	0.131372	0.063070	0.050000	14	0.420000	0.885556	3.8	0
15	0.807716	0.848859	0.845696	0.598482	0.660212	0.868556	0.997060	0.000000	0.014700	0.001111	2	0.808889	1.000000	3.6	0
16	0.763798	0.767336	0.799366	0.610889	0.580183	0.824438	0.998219	0.025540	0.011787	0.005556	15	0.348889	1.000000	3.7	0
17	0.783296	0.790606	0.845061	0.608735	0.567012	0.888303	0.995187	0.055382	0.022494	0.027778	20	0.387778	1.000000	4.1	0
18	0.832238	0.879427	0.870250	0.599433	0.714235	0.899836	0.998786	0.000000	0.035335	0.001111	3	0.618889	1.000000	3.6	0
19	0.723404	0.668612	0.783933	0.690148	0.499500	0.743152	0.991603	0.373190	0.025418	0.234444	52	0.325556	0.926667	4.0	0
20	0.779323	0.776456	0.875964	0.602816	0.548309	0.884415	0.989887	0.015528	0.068834	0.010000	15	0.475556	1.000000	3.6	0
21	0.821958	0.878819	0.877898	0.600459	0.629626	0.908146	0.998895	0.000000	0.082011	0.001111	6	0.541111	1.000000	3.9	0
22	0.837675	0.887898	0.876142	0.599583	0.725644	0.904495	0.998805	0.000000	0.033093	0.001111	3	0.597778	1.000000	3.6	0
23	0.699671	0.662149	0.702550	0.605627	0.524254	0.731078	0.997384	0.000000	0.015025	0.001111	12	0.366667	1.000000	3.7	0
24	0.674897	0.592443	0.886065	0.605339	0.509723	0.753754	0.757029	0.013752	0.079184	0.014444	13	0.485556	0.996667	3.6	0
25	0.817231	0.871719	0.892062	0.601124	0.591031	0.912762	0.998366	0.000000	0.133580	0.001111	7	0.518889	1.000000	3.7	0
26	0.712064	0.685336	0.730428	0.608414	0.530631	0.737735	0.997660	0.003127	0.007726	0.001111	11	0.338889	1.000000	3.8	0
27	0.810686	0.855996	0.876157	0.601386	0.600427	0.901948	0.997998	0.000000	0.107472	0.001111	9	0.504444	1.000000	4.3	0
28	0.744718	0.699555	0.888224	0.642689	0.541209	0.799920	0.926821	0.071599	0.082018	0.041111	10	0.438889	0.950000	4.1	0
29	0.768649	0.733604	0.875037	0.660176	0.550713	0.848293	0.967437	0.098669	0.056556	0.058889	13	0.406667	0.925556	3.8	0
30	0.832377	0.882182	0.870852	0.599799	0.705841	0.903415	0.998967	0.000000	0.043835	0.001111	4	0.584444	1.000000	4.4	0
31	0.627674	0.526994	0.675090	0.629803	0.436077	0.569918	0.995281	0.333830	0.032073	0.274444	68	0.273333	1.000000	3.7	0
32	0.848471	0.909151	0.894887	0.600197	0.731884	0.915569	0.998685	0.000000	0.042121	0.001111	3	0.552222	1.000000	3.6	0
33	0.769859	0.774508	0.815543	0.612175	0.570833	0.845998	0.996998	0.062404	0.009268	0.014444	22	0.355556	1.000000	3.7	0
34	0.778232	0.771466	0.862128	0.608086	0.552968	0.889824	0.989432	0.057431	0.027701	0.058889	27	0.411111	1.000000	3.8	0
35	0.708982	0.679373	0.724929	0.609098	0.529940	0.732031	0.998260	0.003127	0.009132	0.001111	13	0.331111	1.000000	3.7	0
36	0.758595	0.715504	0.863801	0.603007	0.529692	0.879705	0.988590	0.003127	0.014742	0.005556	13	0.468889	1.000000	3.7	0
37	0.810290	0.856472	0.851245	0.598508	0.655153	0.872532	0.997041	0.000000	0.014159	0.001111	2	0.792222	1.000000	3.8	0
38	0.813862	0.858675	0.856741	0.598327	0.670140	0.872837	0.996580	0.000000	0.011936	0.001111	2	0.831111	1.000000	4.4	0
39	0.845397	0.900475	0.893110	0.599153	0.736200	0.908472	0.998252	0.000000	0.028713	0.001111	2	0.640000	1.000000	3.7	0
40	0.680080	0.599323	0.889491	0.608523	0.512379	0.749192	0.775408	0.016418	0.142788	0.018889	10	0.481111	0.992222	4.3	0
41	0.807274	0.848676	0.844766	0.598508	0.658586	0.868383	0.997125	0.000000	0.015382	0.001111	2	0.802222	1.000000	3.6	0
42	0.802281	0.838881	0.859147	0.601543	0.597048	0.894810	0.997857	0.000000	0.071814	0.001111	9	0.502222	1.000000	3.7	0
43	0.826863	0.842881	0.863638	0.728978	0.619156	0.896449	0.999396	0.189458	0.037923	0.058889	14	0.372222	0.787778	4.0	0
44	0.637234	0.559641	0.654940	0.614772	0.452698	0.594791	0.998293	0.041429	0.015878	0.005556	18	0.272222	1.000000	4.1	0
45	0.809778	0.855017	0.850137	0.598501	0.656170	0.871642	0.997043	0.000000	0.013736	0.001111	2	0.795556	1.000000	3.9	0
46	0.695947	0.605730	0.876079	0.609621	0.514774	0.777622	0.852003	0.025231	0.125600	0.025556	14	0.461111	0.992222	3.8	0
47	0.653030	0.587489	0.673849	0.616080	0.460837	0.625408	0.998214	0.047197	0.015599	0.001111	18	0.281111	1.000000	4.3	0
48	0.814766	0.858347	0.853417	0.598739	0.670960	0.880284	0.997798	0.000000	0.022807	0.001111	2	0.731111	1.000000	4.0	0
49	0.780710	0.796971	0.823395	0.608035	0.580879	0.866100	0.998037	0.016418	0.023798	0.005556	16	0.376667	1.000000	4.1	0
50	0.825547	0.868845	0.862893	0.599127	0.703137	0.891889	0.998525	0.000000	0.033768	0.001111	2	0.658889	1.000000	3.9	0
51	0.690782	0.650846	0.701949	0.609122	0.510992	0.700413	0.997991	0.003127	0.009260	0.001111	13	0.317778	1.000000	4.2	0
52	0.847792	0.902761	0.891186	0.599562	0.746902	0.911067	0.998629	0.000000	0.027702	0.001111	3	0.602222	1.000000	3.9	0
53	0.849353	0.906045	0.894368	0.599434	0.748412	0.911612	0.998450	0.000000	0.025073	0.001111	3	0.607778	1.000000	4.1	0
54	0.819962	0.869898	0.864929	0.600340	0.649926	0.902311	0.999074	0.000000	0.075360	0.001111	6	0.553333	1.000000	3.6	0
55	0.779458	0.777531	0.852138	0.606740	0.555566	0.892463	0.993593	0.044115	0.024280	0.027778	23	0.412222	1.000000	3.8	0
56	0.741318	0.722039	0.802803	0.618143	0.535183	0.787194	0.995401	0.151279	0.015997	0.112222	31	0.347778	1.000000	3.7	0
57	0.833807	0.886950	0.882901	0.598711	0.704757	0.896593	0.997504	0.000000	0.018880	0.001111	2	0.708889	1.000000	3.8	0
58	0.688201	0.649679	0.688340	0.606098	0.505480	0.707761	0.997527	0.000000	0.010662	0.001111	10	0.350000	1.000000	3.7	0
59	0.763613	0.728948	0.883490	0.656193	0.550105	0.830885	0.955165	0.088340	0.055003	0.050000	11	0.423333	0.933333	3.8	0
60	0.776381	0.771850	0.879473	0.602262	0.545453	0.877550	0.984717	0.012404	0.170131	0.010000	13	0.492222	1.000000	4.1	0
61	0.817195	0.822697	0.853980	0.731149	0.604572	0.888731	0.998374	0.295714	0.022820	0.232222	67	0.370000	0.921111	4.2	0
62	0.668765	0.587845	0.887578	0.604829	0.509904	0.740720	0.735661	0.008058	0.061947	0.010000	11	0.493333	0.996667	3.6	0
63	0.749287	0.739464	0.791747	0.616476	0.559145	0.797672	0.997767	0.104412	0.011486	0.032222	24	0.337778	1.000000	3.7	0
64	0.773453	0.786088	0.808304	0.607073	0.579917	0.852259	0.998655	0.010281	0.011549	0.001111	14	0.373333	1.000000	3.6	0
65	0.831611	0.886659	0.882955	0.598581	0.693395	0.894239	0.997141	0.000000	0.014610	0.001111	2	0.732222	1.000000	3.6	0
66	0.850024	0.907768	0.893803	0.599831	0.747772	0.913828	0.998647	0.000000	0.033253	0.001111	3	0.576667	1.000000	4.1	0
67	0.799762	0.832693	0.879262	0.601657	0.570862	0.896271	0.995872	0.005697	0.140719	0.001111	12	0.502222	1.000000	3.6	0
68	0.839449	0.893273	0.888255	0.598853	0.720578	0.902031	0.997824	0.000000	0.022341	0.001111	2	0.678889	1.000000	3.7	0
69	0.810951	0.849573	0.850333	0.598278	0.674742	0.870305	0.996729	0.000000	0.011349	0.001111	2	0.848889	1.000000	3.6	0
70	0.737896	0.685506	0.879620	0.637714	0.534520	0.796915	0.928029	0.065578	0.083836	0.045556	11	0.432222	0.955556	3.8	0
71	0.804598	0.840406	0.891329	0.601718	0.568047	0.905805	0.996411	0.003127	0.147735	0.001111	11	0.500000	1.000000	3.6	0
72	0.710532	0.679319	0.747567	0.620413	0.512939	0.726175	0.997586	0.126928	0.016931	0.045556	26	0.305556	1.000000	3.7	0
73	0.796241	0.827183	0.839547	0.602179	0.604464	0.885194	0.998250	0.000000	0.048923	0.001111	9	0.475556	1.000000	3.7	0
74	0.782391	0.763185	0.828525	0.737066	0.580994	0.800241	0.997142	0.456487	0.006747	0.361111	92	0.340000	1.000000	4.3	0
75	0.748105	0.735990	0.794307	0.617039	0.557293	0.794692	0.997387	0.119451	0.010220	0.041111	24	0.338889	1.000000	4.1	0
76	0.798930	0.830803	0.837221	0.602425	0.617637	0.885666	0.998581	0.000000	0.040075	0.001111	9	0.466667	1.000000	3.6	0
77	0.847101	0.903202	0.889304	0.599825	0.742219	0.911944	0.998711	0.000000	0.034120	0.001111	3	0.575556	1.000000	4.2	0
78	0.839665	0.892348	0.885608	0.599066	0.723816	0.903819	0.998212	0.000000	0.028288	0.001111	2	0.651111	1.000000	4.3	0
79	0.832240	0.884794	0.880756	0.598689	0.701321	0.895352	0.997496	0.000000	0.018471	0.001111	2	0.712222	1.000000	4.0	0
80	0.730209	0.707857	0.780895	0.632466	0.522596	0.754495	0.997848	0.278380	0.009006	0.190000	40	0.317778	1.000000	4.0	0
81	0.838540	0.888390	0.878724	0.599497	0.728043	0.904615	0.998739	0.000000	0.031043	0.001111	3	0.611111	1.000000	4.2	0
82	0.785097	0.801599	0.837522	0.604904	0.572621	0.885273	0.997663	0.008058	0.046887	0.001111	15	0.420000	1.000000	4.2	0
83	0.711848	0.679546	0.749833	0.623687	0.516405	0.725462	0.997692	0.174570	0.016369	0.085556	27	0.303333	1.000000	3.7	0
84	0.675171	0.621292	0.703931	0.615422	0.483268	0.665403	0.997629	0.052711	0.009662	0.005556	19	0.296667	1.000000	3.7	0
85	0.836576	0.888038	0.875795	0.599792	0.716788	0.905846	0.998888	0.000000	0.039890	0.001111	3	0.582222	1.000000	3.7	0
86	0.813591	0.863958	0.867780	0.600378	0.613503	0.903381	0.998971	0.000000	0.086906	0.001111	6	0.547778	1.000000	3.6	0
87	0.727369	0.674951	0.886652	0.632860	0.533116	0.775390	0.896190	0.058002	0.091438	0.036667	10	0.443333	0.962222	3.7	0
88	0.838608	0.864302	0.879853	0.736031	0.630817	0.904023	0.999492	0.176524	0.037657	0.045556	13	0.400000	0.807778	3.9	0
89	0.788534	0.809935	0.834756	0.605894	0.585136	0.883394	0.997823	0.012404	0.034992	0.001111	14	0.404444	1.000000	3.7	0
90	0.800632	0.837192	0.855031	0.601105	0.594640	0.893281	0.998171	0.000000	0.090213	0.001111	9	0.516667	1.000000	4.3	0
91	0.835063	0.890291	0.886560	0.598620	0.703768	0.897047	0.997276	0.000000	0.015882	0.001111	2	0.718889	1.000000	3.6	0
92	0.826649	0.871330	0.862611	0.599586	0.700354	0.897238	0.998987	0.000000	0.040956	0.001111	3	0.605556	1.000000	3.6	0
93	0.622904	0.536561	0.694357	0.561076	0.433060	0.571387	0.998545	0.267030	0.011750	0.136667	24	0.320000	0.680000	4.2	0
94	0.769397	0.777926	0.803757	0.608159	0.575051	0.847432	0.998372	0.018333	0.013145	0.001111	16	0.367778	1.000000	3.7	0
95	0.753504	0.742948	0.811143	0.669247	0.534342	0.775393	0.994991	0.237454	0.016127	0.072222	11	0.368889	0.631111	4.3	0
96	0.642322	0.570965	0.668984	0.613398	0.438366	0.611522	0.998270	0.039942	0.008733	0.001111	17	0.283333	1.000000	3.7	0
97	0.714439	0.653771	0.884568	0.624606	0.526379	0.758005	0.879751	0.044347	0.066883	0.036667	12	0.452222	0.973333	3.7	0
98	0.797092	0.787725	0.881308	0.687059	0.571076	0.877510	0.984121	0.126375	0.046921	0.058889	14	0.410000	0.892222	3.9	0
99	0.685370	0.609245	0.890406	0.611243	0.514249	0.754301	0.783527	0.022018	0.176101	0.023333	11	0.476667	0.988889	3.7	0
100	0.813130	0.859441	0.856144	0.598379	0.664443	0.872828	0.996673	0.000000	0.011747	0.001111	2	0.818889	1.000000	3.8	0
101	0.677209	0.634270	0.677316	0.607214	0.488074	0.687125	0.997883	0.000000	0.010762	0.001111	10	0.328889	1.000000	3.7	0
102	0.842578	0.905723	0.893551	0.600389	0.699797	0.915203	0.998703	0.000000	0.054208	0.001111	4	0.547778	1.000000	4.8	0
103	0.810676	0.857305	0.881721	0.601270	0.589175	0.905235	0.998266	0.000000	0.098639	0.001111	9	0.510000	1.000000	5.3	0
104	0.765387	0.739218	0.816697	0.721708	0.561744	0.773176	0.997227	0.436353	0.010171	0.294444	82	0.335556	1.000000	5.5	0
105	0.804624	0.802204	0.858159	0.700752	0.582338	0.890687	0.995218	0.293412	0.034893	0.287778	91	0.375556	1.000000	5.1	0
106	0.692443	0.654020	0.690351	0.605680	0.518006	0.714784	0.997429	0.000000	0.013038	0.001111	10	0.357778	1.000000	4.3	0
107	0.849040	0.905059	0.893537	0.599478	0.748785	0.911517	0.998514	0.000000	0.025983	0.001111	3	0.606667	1.000000	3.7	0
108	0.751304	0.745333	0.810485	0.667880	0.520611	0.772839	0.994655	0.241020	0.021895	0.067778	10	0.388889	0.611111	4.3	0
109	0.830482	0.884339	0.880698	0.598588	0.693091	0.893110	0.997165	0.000000	0.014917	0.001111	2	0.734444	1.000000	3.7	0
110	0.801542	0.835801	0.876016	0.601815	0.580417	0.896059	0.996306	0.005697	0.119867	0.001111	12	0.493333	1.000000	3.6	0
111	0.837434	0.887894	0.881537	0.599121	0.722097	0.901988	0.998327	0.000000	0.030195	0.001111	2	0.650000	1.000000	3.6	0
112	0.734496	0.712070	0.787632	0.634487	0.525933	0.763770	0.998032	0.292880	0.010436	0.207778	43	0.327778	1.000000	3.8	0
113	0.685179	0.646144	0.693779	0.607430	0.488457	0.703518	0.997765	0.000000	0.011903	0.001111	12	0.335556	1.000000	3.7	0
114	0.780428	0.795096	0.825618	0.607480	0.575995	0.870389	0.998210	0.011183	0.016843	0.005556	15	0.381111	1.000000	3.7	0
115	0.803795	0.842226	0.851744	0.601155	0.611270	0.892415	0.998342	0.000000	0.074829	0.001111	8	0.511111	1.000000	3.6	0
116	0.777312	0.773262	0.856552	0.605038	0.549320	0.890109	0.992292	0.024023	0.016425	0.018889	20	0.433333	1.000000	3.7	0
117	0.765241	0.725792	0.869958	0.657317	0.548176	0.846024	0.970476	0.099178	0.033586	0.067778	14	0.404444	0.927778	3.8	0
118	0.772914	0.738592	0.867479	0.664947	0.554043	0.859369	0.975934	0.117291	0.052360	0.070000	18	0.395556	0.924444	3.8	0
119	0.792920	0.778651	0.880044	0.682902	0.570100	0.872210	0.983126	0.120732	0.041331	0.058889	12	0.411111	0.895556	3.8	0
120	0.837008	0.888294	0.882349	0.599004	0.718871	0.901197	0.998145	0.000000	0.027150	0.001111	2	0.664444	1.000000	3.7	0
121	0.680236	0.586573	0.891149	0.604849	0.510547	0.805596	0.745141	0.011183	0.012020	0.014444	13	0.487778	0.996667	3.6	0
122	0.813942	0.861450	0.857878	0.598387	0.663937	0.873702	0.996625	0.000000	0.012087	0.001111	2	0.815556	1.000000	3.6	0
123	0.805624	0.844176	0.865467	0.601653	0.601606	0.897322	0.997816	0.000000	0.080448	0.001111	10	0.495556	1.000000	3.7	0
124	0.813495	0.862584	0.892081	0.601337	0.582975	0.911225	0.998042	0.000000	0.138703	0.001111	10	0.514444	1.000000	3.6	0
125	0.830056	0.877343	0.867028	0.599640	0.705453	0.900382	0.998968	0.000000	0.040262	0.001111	3	0.597778	1.000000	3.6	0
126	0.811106	0.852742	0.851451	0.598342	0.669091	0.870507	0.996747	0.000000	0.011148	0.001111	2	0.831111	1.000000	3.6	0
127	0.827412	0.877801	0.873035	0.598702	0.692146	0.891586	0.997611	0.000000	0.019850	0.001111	2	0.714444	1.000000	3.7	0
128	0.781421	0.771753	0.843323	0.650180	0.575532	0.862558	0.991627	0.270990	0.025391	0.261111	70	0.365556	1.000000	3.7	0
