1 -1.025043 0.988905 V1_INV_PI V1_INV_PI 1.0000 2 0 200 7331
2 -0.454596 0.963320 V1_INV_PI V1_INV_PI 1.0000 2 0 200 7331
3 0.040371 0.821545 V1_INV_PI V1_INV_PI 1.0000 2 0 200 7331
4 -1.235908 -0.289706 V1_INV_PI V1_INV_PI 1.0000 2 0 200 7331
5 -0.792985 -0.037897 V1_INV_PI V1_INV_PI 1.0000 2 0 200 7331
6 -0.815567 0.293514 V1_INV_PI V1_INV_PI 1.0000 2 0 200 7331
7 -0.477917 -0.670792 V1_INV_PI V1_INV_PI 1.0000 2 0 200 7331
8 -1.060530 -0.348066 V1_INV_PI V1_INV_PI 1.0000 2 0 200 7331
9 -0.809568 0.359821 V1_INV_PI V1_INV_PI 1.0000 2 0 200 7331
10 -0.290523 -0.474812 V1_INV_PI V1_INV_PI 1.0000 2 0 200 7331
11 0.712829 -0.702072 V1_INV_PI V1_INV_PI 1.0000 2 0 200 7331
12 0.405529 0.285981 V1_INV_PI V1_INV_PI 1.0000 2 0 200 7331
13 -0.162588 -0.766543 V1_INV_PI V1_INV_PI 1.0000 2 0 200 7331
14 -0.101971 -0.263782 V1_INV_PI V1_INV_PI 1.0000 2 0 200 7331
15 -1.471911 -0.215066 V1_INV_PI V1_INV_PI 1.0000 2 0 200 7331
16 -0.256736 0.755064 V1_INV_PI V1_INV_PI 1.0000 2 0 200 7331
17 0.342185 0.877101 V1_INV_PI V1_INV_PI 1.0000 2 0 200 7331
18 -1.344735 -0.072863 V1_INV_PI V1_INV_PI 1.0000 2 0 200 7331
19 0.909508 -1.081177 V1_INV_PI V1_INV_PI 1.0000 2 0 200 7331
20 -0.995064 -0.814073 V1_INV_PI V1_INV_PI 1.0000 2 0 200 7331
21 -1.099981 0.390041 V1_INV_PI V1_INV_PI 1.0000 2 0 200 7331
22 -0.636434 -0.107527 V1_INV_PI V1_INV_PI 1.0000 2 0 200 7331
23 -1.237509 -0.165659 V1_INV_PI V1_INV_PI 1.0000 2 0 200 7331
24 -0.430892 -0.363652 V1_INV_PI V1_INV_PI 1.0000 2 0 200 7331
25 0.207324 -0.804196 V1_INV_PI V1_INV_PI 1.0000 2 0 200 7331
26 -0.250765 -0.754525 V1_INV_PI V1_INV_PI 1.0000 2 0 200 7331
27 -1.315961 0.881523 V1_INV_PI V1_INV_PI 1.0000 2 0 200 7331
28 -0.092471 -0.510059 V1_INV_PI V1_INV_PI 1.0000 2 0 200 7331
29 0.249077 0.867253 V1_INV_PI V1_INV_PI 1.0000 2 0 200 7331
30 -1.365003 -0.304328 V1_INV_PI V1_INV_PI 1.0000 2 0 200 7331
31 -0.340294 -0.491329 V1_INV_PI V1_INV_PI 1.0000 2 0 200 7331
32 0.356772 0.465618 V1_INV_PI V1_INV_PI 1.0000 2 0 200 7331
33 0.181426 0.989109 V1_INV_PI V1_INV_PI 1.0000 2 0 200 7331
34 -1.228312 -0.510697 V1_INV_PI V1_INV_PI 1.0000 2 0 200 7331
35 -1.323857 -1.155343 V1_INV_PI V1_INV_PI 1.0000 2 0 200 7331
36 0.924579 -1.041994 V1_INV_PI V1_INV_PI 1.0000 2 0 200 7331
37 -1.163440 -1.080710 V1_INV_PI V1_INV_PI 1.0000 2 0 200 7331
38 0.967113 -0.503192 V1_INV_PI V1_INV_PI 1.0000 2 0 200 7331
39 -1.283957 0.706329 V1_INV_PI V1_INV_PI 1.0000 2 0 200 7331
40 -0.663982 -0.188936 V1_INV_PI V1_INV_PI 1.0000 2 0 200 7331
41 -0.699568 0.593681 V1_INV_PI V1_INV_PI 1.0000 2 0 200 7331
42 0.632641 -0.895823 V1_INV_PI V1_INV_PI 1.0000 2 0 200 7331
43 -0.417085 -0.651070 V1_INV_PI V1_INV_PI 1.0000 2 0 200 7331
44 -0.806809 0.145601 V1_INV_PI V1_INV_PI 1.0000 2 0 200 7331
45 -0.382662 -0.692424 V1_INV_PI V1_INV_PI 1.0000 2 0 200 7331
46 -0.944232 -0.574874 V1_INV_PI V1_INV_PI 1.0000 2 0 200 7331
47 -0.176420 1.004250 V1_INV_PI V1_INV_PI 1.0000 2 0 200 7331
48 -0.108206 0.138730 V1_INV_PI V1_INV_PI 1.0000 2 0 200 7331
49 -0.236163 -0.335896 V1_INV_PI V1_INV_PI 1.0000 2 0 200 7331
50 -0.942978 0.305314 V1_INV_PI V1_INV_PI 1.0000 2 0 200 7331
51 -0.227376 -0.849156 V1_INV_PI V1_INV_PI 1.0000 2 0 200 7331
52 -0.252792 0.935945 V1_INV_PI V1_INV_PI 1.0000 2 0 200 7331
53 -1.394405 -0.439518 V1_INV_PI V1_INV_PI 1.0000 2 0 200 7331
54 -1.206583 0.234367 V1_INV_PI V1_INV_PI 1.0000 2 0 200 7331
55 -1.153625 0.423436 V1_INV_PI V1_INV_PI 1.0000 2 0 200 7331
56 -1.485272 0.073102 V1_INV_PI V1_INV_PI 1.0000 2 0 200 7331
57 0.384991 -0.570285 V1_INV_PI V1_INV_PI 1.0000 2 0 200 7331
58 0.744168 -0.093433 V1_INV_PI V1_INV_PI 1.0000 2 0 200 7331
59 -0.188856 0.820970 V1_INV_PI V1_INV_PI 1.0000 2 0 200 7331
60 -1.267721 0.301996 V1_INV_PI V1_INV_PI 1.0000 2 0 200 7331
61 0.766195 0.216439 V1_INV_PI V1_INV_PI 1.0000 2 0 200 7331
62 -0.729663 0.208984 V1_INV_PI V1_INV_PI 1.0000 2 0 200 7331
63 0.821795 -1.167602 V1_INV_PI V1_INV_PI 1.0000 2 0 200 7331
64 0.456692 0.823610 V1_INV_PI V1_INV_PI 1.0000 2 0 200 7331
65 0.610368 -0.167166 V1_INV_PI V1_INV_PI 1.0000 2 0 200 7331
66 0.832800 -0.707518 V1_INV_PI V1_INV_PI 1.0000 2 0 200 7331
67 -0.963878 -1.183894 V1_INV_PI V1_INV_PI 1.0000 2 0 200 7331
68 -0.204406 -0.736843 V1_INV_PI V1_INV_PI 1.0000 2 0 200 7331
69 -1.015231 0.810196 V1_INV_PI V1_INV_PI 1.0000 2 0 200 7331
70 -0.496913 -0.306879 V1_INV_PI V1_INV_PI 1.0000 2 0 200 7331
71 0.576945 -0.254557 V1_INV_PI V1_INV_PI 1.0000 2 0 200 7331
72 -0.936167 -0.792177 V1_INV_PI V1_INV_PI 1.0000 2 0 200 7331
73 0.935291 -0.655862 V1_INV_PI V1_INV_PI 1.0000 2 0 200 7331
74 -0.519219 0.481425 V1_INV_PI V1_INV_PI 1.0000 2 0 200 7331
75 0.189916 -1.051798 V1_INV_PI V1_INV_PI 1.0000 2 0 200 7331
76 -0.476086 0.079987 V1_INV_PI V1_INV_PI 1.0000 2 0 200 7331
77 0.006840 -0.111008 V1_INV_PI V1_INV_PI 1.0000 2 0 200 7331
78 0.354444 -0.107217 V1_INV_PI V1_INV_PI 1.0000 2 0 200 7331
79 0.982655 -0.686127 V1_INV_PI V1_INV_PI 1.0000 2 0 200 7331
80 -0.246229 -0.244638 V1_INV_PI V1_INV_PI 1.0000 2 0 200 7331
81 -0.022167 -0.026187 V1_INV_PI V1_INV_PI 1.0000 2 0 200 7331
82 -0.590119 0.763930 V1_INV_PI V1_INV_PI 1.0000 2 0 200 7331
83 -0.708963 1.017360 V1_INV_PI V1_INV_PI 1.0000 2 0 200 7331
84 0.746843 -0.960748 V1_INV_PI V1_INV_PI 1.0000 2 0 200 7331
85 -0.088974 0.022529 V1_INV_PI V1_INV_PI 1.0000 2 0 200 7331
86 0.783755 0.462428 V1_INV_PI V1_INV_PI 1.0000 2 0 200 7331
87 0.304419 0.865467 V1_INV_PI V1_INV_PI 1.0000 2 0 200 7331
88 -0.706117 -1.067255 V1_INV_PI V1_INV_PI 1.0000 2 0 200 7331
89 -0.945224 -0.669960 V1_INV_PI V1_INV_PI 1.0000 2 0 200 7331
90 -1.006697 1.038267 V1_INV_PI V1_INV_PI 1.0000 2 0 200 7331
91 -1.256800 -0.441171 V1_INV_PI V1_INV_PI 1.0000 2 0 200 7331
92 -0.085206 0.259273 V1_INV_PI V1_INV_PI 1.0000 2 0 200 7331
93 0.780271 -0.278512 V1_INV_PI V1_INV_PI 1.0000 2 0 200 7331
94 -0.724132 0.273404 V1_INV_PI V1_INV_PI 1.0000 2 0 200 7331
95 0.234549 -0.609452 V1_INV_PI V1_INV_PI 1.0000 2 0 200 7331
96 0.961211 0.089004 V1_INV_PI V1_INV_PI 1.0000 2 0 200 7331
97 -1.137213 0.874578 V1_INV_PI V1_INV_PI 1.0000 2 0 200 7331
98 0.084140 -0.512914 V1_INV_PI V1_INV_PI 1.0000 2 0 200 7331
99 -0.722638 0.501406 V1_INV_PI V1_INV_PI 1.0000 2 0 200 7331
100 -0.878461 -0.480920 V1_INV_PI V1_INV_PI 1.0000 2 0 200 7331
101 -0.502019 -0.853086 V1_INV_PI V1_INV_PI 1.0000 2 0 200 7331
102 -0.075340 0.522810 V1_INV_PI V1_INV_PI 1.0000 2 0 200 7331
103 -0.408980 0.100256 V1_INV_PI V1_INV_PI 1.0000 2 0 200 7331
104 -0.835362 -1.105881 V1_INV_PI V1_INV_PI 1.0000 2 0 200 7331
105 -1.059927 -0.679788 V1_INV_PI V1_INV_PI 1.0000 2 0 200 7331
106 -0.945989 -0.758167 V1_INV_PI V1_INV_PI 1.0000 2 0 200 7331
107 0.364260 -0.072575 V1_INV_PI V1_INV_PI 1.0000 2 0 200 7331
108 0.366529 0.200227 V1_INV_PI V1_INV_PI 1.0000 2 0 200 7331
109 0.195527 0.334580 V1_INV_PI V1_INV_PI 1.0000 2 0 200 7331
110 -1.170808 0.090391 V1_INV_PI V1_INV_PI 1.0000 2 0 200 7331
111 0.439817 -0.938266 V1_INV_PI V1_INV_PI 1.0000 2 0 200 7331
112 0.912850 0.371285 V1_INV_PI V1_INV_PI 1.0000 2 0 200 7331
113 0.461006 -0.156107 V1_INV_PI V1_INV_PI 1.0000 2 0 200 7331
114 0.065323 -0.838643 V1_INV_PI V1_INV_PI 1.0000 2 0 200 7331
115 -1.091866 -1.193039 V1_INV_PI V1_INV_PI 1.0000 2 0 200 7331
116 -0.559261 -0.081765 V1_INV_PI V1_INV_PI 1.0000 2 0 200 7331
117 0.225935 -0.841701 V1_INV_PI V1_INV_PI 1.0000 2 0 200 7331
118 -0.775590 -1.031609 V1_INV_PI V1_INV_PI 1.0000 2 0 200 7331
119 -1.084606 -0.684578 V1_INV_PI V1_INV_PI 1.0000 2 0 200 7331
120 0.378689 -0.766301 V1_INV_PI V1_INV_PI 1.0000 2 0 200 7331
121 -1.337936 0.507190 V1_INV_PI V1_INV_PI 1.0000 2 0 200 7331
122 -1.089558 -0.461467 V1_INV_PI V1_INV_PI 1.0000 2 0 200 7331
123 -1.366042 0.285789 V1_INV_PI V1_INV_PI 1.0000 2 0 200 7331
124 -1.407717 -0.320953 V1_INV_PI V1_INV_PI 1.0000 2 0 200 7331
125 0.075006 1.061645 V1_INV_PI V1_INV_PI 1.0000 2 0 200 7331
126 0.905681 -0.144674 V1_INV_PI V1_INV_PI 1.0000 2 0 200 7331
127 -0.332798 -1.044019 V1_INV_PI V1_INV_PI 1.0000 2 0 200 7331
128 -1.416580 0.247116 V1_INV_PI V1_INV_PI 1.0000 2 0 200 7331
