1 -1.449332 1.062113 V1_INV_PI V1_INV_PI 1.0000 2 0 200 7331
2 -0.098899 0.155848 V1_INV_PI V1_INV_PI 1.0000 2 0 200 7331
3 -0.197097 -0.446644 V1_INV_PI V1_INV_PI 1.0000 2 0 200 7331
4 0.148042 0.206764 V1_INV_PI V1_INV_PI 1.0000 2 0 200 7331
5 -0.721498 1.000185 V1_INV_PI V1_INV_PI 1.0000 2 0 200 7331
6 -0.712904 -0.015506 V1_INV_PI V1_INV_PI 1.0000 2 0 200 7331
7 -0.421406 1.147149 V1_INV_PI V1_INV_PI 1.0000 2 0 200 7331
8 -1.452148 1.108599 V1_INV_PI V1_INV_PI 1.0000 2 0 200 7331
9 -0.627769 -0.131147 V1_INV_PI V1_INV_PI 1.0000 2 0 200 7331
10 0.243420 0.462777 V1_INV_PI V1_INV_PI 1.0000 2 0 200 7331
11 -0.444451 -0.759355 V1_INV_PI V1_INV_PI 1.0000 2 0 200 7331
12 -0.298014 0.593244 V1_INV_PI V1_INV_PI 1.0000 2 0 200 7331
13 -1.410446 -0.893522 V1_INV_PI V1_INV_PI 1.0000 2 0 200 7331
14 0.418596 0.885625 V1_INV_PI V1_INV_PI 1.0000 2 0 200 7331
15 -1.495658 0.909798 V1_INV_PI V1_INV_PI 1.0000 2 0 200 7331
16 -0.516960 -0.228225 V1_INV_PI V1_INV_PI 1.0000 2 0 200 7331
17 -0.302441 0.083881 V1_INV_PI V1_INV_PI 1.0000 2 0 200 7331
18 0.448085 -0.088749 V1_INV_PI V1_INV_PI 1.0000 2 0 200 7331
19 0.104950 1.018835 V1_INV_PI V1_INV_PI 1.0000 2 0 200 7331
20 -0.311269 -0.788858 V1_INV_PI V1_INV_PI 1.0000 2 0 200 7331
21 -1.165583 -0.686962 V1_INV_PI V1_INV_PI 1.0000 2 0 200 7331
22 0.098741 0.120635 V1_INV_PI V1_INV_PI 1.0000 2 0 200 7331
23 -1.387494 -1.150539 V1_INV_PI V1_INV_PI 1.0000 2 0 200 7331
24 0.189921 -1.068610 V1_INV_PI V1_INV_PI 1.0000 2 0 200 7331
25 0.401157 0.416174 V1_INV_PI V1_INV_PI 1.0000 2 0 200 7331
26 -0.417183 -0.322294 V1_INV_PI V1_INV_PI 1.0000 2 0 200 7331
27 -0.474061 -1.062015 V1_INV_PI V1_INV_PI 1.0000 2 0 200 7331
28 0.595468 -0.270131 V1_INV_PI V1_INV_PI 1.0000 2 0 200 7331
29 -1.456251 -0.408231 V1_INV_PI V1_INV_PI 1.0000 2 0 200 7331
30 -0.833527 -0.740848 V1_INV_PI V1_INV_PI 1.0000 2 0 200 7331
31 -0.990758 -0.969427 V1_INV_PI V1_INV_PI 1.0000 2 0 200 7331
32 -1.387556 -0.694781 V1_INV_PI V1_INV_PI 1.0000 2 0 200 7331
33 -0.392675 0.178319 V1_INV_PI V1_INV_PI 1.0000 2 0 200 7331
34 -0.518094 -0.121094 V1_INV_PI V1_INV_PI 1.0000 2 0 200 7331
35 -1.135079 -0.479874 V1_INV_PI V1_INV_PI 1.0000 2 0 200 7331
36 -0.654783 0.813114 V1_INV_PI V1_INV_PI 1.0000 2 0 200 7331
37 0.783876 0.843724 V1_INV_PI V1_INV_PI 1.0000 2 0 200 7331
38 0.605011 0.843961 V1_INV_PI V1_INV_PI 1.0000 2 0 200 7331
39 0.623260 0.630479 V1_INV_PI V1_INV_PI 1.0000 2 0 200 7331
40 0.223341 0.247247 V1_INV_PI V1_INV_PI 1.0000 2 0 200 7331
41 -1.311359 -0.066316 V1_INV_PI V1_INV_PI 1.0000 2 0 200 7331
42 0.155119 1.107084 V1_INV_PI V1_INV_PI 1.0000 2 0 200 7331
43 -0.254296 0.960813 V1_INV_PI V1_INV_PI 1.0000 2 0 200 7331
44 -0.291190 1.091001 V1_INV_PI V1_INV_PI 1.0000 2 0 200 7331
45 0.384398 -0.733116 V1_INV_PI V1_INV_PI 1.0000 2 0 200 7331
46 -1.352668 -0.262196 V1_INV_PI V1_INV_PI 1.0000 2 0 200 7331
47 0.943923 0.204739 V1_INV_PI V1_INV_PI 1.0000 2 0 200 7331
48 -0.384433 0.605481 V1_INV_PI V1_INV_PI 1.0000 2 0 200 7331
49 0.534058 0.414244 V1_INV_PI V1_INV_PI 1.0000 2 0 200 7331
50 -0.527431 -0.401309 V1_INV_PI V1_INV_PI 1.0000 2 0 200 7331
51 -1.497490 -0.069818 V1_INV_PI V1_INV_PI 1.0000 2 0 200 7331
52 0.756452 -0.960189 V1_INV_PI V1_INV_PI 1.0000 2 0 200 7331
53 -0.889976 0.358574 V1_INV_PI V1_INV_PI 1.0000 2 0 200 7331
54 -0.489376 -0.900924 V1_INV_PI V1_INV_PI 1.0000 2 0 200 7331
55 0.688437 -0.869202 V1_INV_PI V1_INV_PI 1.0000 2 0 200 7331
56 0.325339 -0.872227 V1_INV_PI V1_INV_PI 1.0000 2 0 200 7331
57 -0.204616 -0.237776 V1_INV_PI V1_INV_PI 1.0000 2 0 200 7331
58 -0.621200 0.427914 V1_INV_PI V1_INV_PI 1.0000 2 0 200 7331
59 -1.411165 -0.302368 V1_INV_PI V1_INV_PI 1.0000 2 0 200 7331
60 0.418862 -0.403661 V1_INV_PI V1_INV_PI 1.0000 2 0 200 7331
61 0.893302 0.944704 V1_INV_PI V1_INV_PI 1.0000 2 0 200 7331
62 -0.416283 0.752007 V1_INV_PI V1_INV_PI 1.0000 2 0 200 7331
63 -0.986853 0.344812 V1_INV_PI V1_INV_PI 1.0000 2 0 200 7331
64 -0.914970 0.218897 V1_INV_PI V1_INV_PI 1.0000 2 0 200 7331
65 -0.209073 -0.181868 V1_INV_PI V1_INV_PI 1.0000 2 0 200 7331
66 0.170227 -0.981578 V1_INV_PI V1_INV_PI 1.0000 2 0 200 7331
67 0.226004 1.129929 V1_INV_PI V1_INV_PI 1.0000 2 0 200 7331
68 0.634584 -0.502637 V1_INV_PI V1_INV_PI 1.0000 2 0 200 7331
69 0.054609 0.485359 V1_INV_PI V1_INV_PI 1.0000 2 0 200 7331
70 -1.299018 -0.894004 V1_INV_PI V1_INV_PI 1.0000 2 0 200 7331
71 0.138810 0.811929 V1_INV_PI V1_INV_PI 1.0000 2 0 200 7331
72 0.950375 0.497762 V1_INV_PI V1_INV_PI 1.0000 2 0 200 7331
73 -1.272901 0.783621 V1_INV_PI V1_INV_PI 1.0000 2 0 200 7331
74 0.327542 0.738685 V1_INV_PI V1_INV_PI 1.0000 2 0 200 7331
75 -1.397721 -0.521973 V1_INV_PI V1_INV_PI 1.0000 2 0 200 7331
76 -0.585582 -0.801952 V1_INV_PI V1_INV_PI 1.0000 2 0 200 7331
77 0.754860 -0.048622 V1_INV_PI V1_INV_PI 1.0000 2 0 200 7331
78 0.459290 -0.997162 V1_INV_PI V1_INV_PI 1.0000 2 0 200 7331
79 0.168270 -1.031101 V1_INV_PI V1_INV_PI 1.0000 2 0 200 7331
80 -0.652537 0.876302 V1_INV_PI V1_INV_PI 1.0000 2 0 200 7331
81 0.675438 0.428292 V1_INV_PI V1_INV_PI 1.0000 2 0 200 7331
82 -0.789083 0.412466 V1_INV_PI V1_INV_PI 1.0000 2 0 200 7331
83 0.525717 -1.054343 V1_INV_PI V1_INV_PI 1.0000 2 0 200 7331
84 -0.865443 0.264190 V1_INV_PI V1_INV_PI 1.0000 2 0 200 7331
85 0.986877 -0.818348 V1_INV_PI V1_INV_PI 1.0000 2 0 200 7331
86 -1.316790 -0.158142 V1_INV_PI V1_INV_PI 1.0000 2 0 200 7331
87 0.989600 0.995678 V1_INV_PI V1_INV_PI 1.0000 2 0 200 7331
88 0.697535 -0.307130 V1_INV_PI V1_INV_PI 1.0000 2 0 200 7331
89 -1.045271 -0.070904 V1_INV_PI V1_INV_PI 1.0000 2 0 200 7331
90 0.317047 -0.285796 V1_INV_PI V1_INV_PI 1.0000 2 0 200 7331
91 -0.348783 -0.637509 V1_INV_PI V1_INV_PI 1.0000 2 0 200 7331
92 0.256120 0.523093 V1_INV_PI V1_INV_PI 1.0000 2 0 200 7331
93 0.839603 -0.934447 V1_INV_PI V1_INV_PI 1.0000 2 0 200 7331
94 -1.065504 0.576460 V1_INV_PI V1_INV_PI 1.0000 2 0 200 7331
95 -0.188493 1.107739 V1_INV_PI V1_INV_PI 1.0000 2 0 200 7331
96 0.917654 -0.284859 V1_INV_PI V1_INV_PI 1.0000 2 0 200 7331
97 0.187468 0.354972 V1_INV_PI V1_INV_PI 1.0000 2 0 200 7331
98 -1.436221 0.496645 V1_INV_PI V1_INV_PI 1.0000 2 0 200 7331
99 -1.296619 -1.136291 V1_INV_PI V1_INV_PI 1.0000 2 0 200 7331
100 -1.172134 -0.364548 V1_INV_PI V1_INV_PI 1.0000 2 0 200 7331
101 -0.879239 -0.507174 V1_INV_PI V1_INV_PI 1.0000 2 0 200 7331
102 -0.755722 0.003085 V1_INV_PI V1_INV_PI 1.0000 2 0 200 7331
103 -0.578955 0.829977 V1_INV_PI V1_INV_PI 1.0000 2 0 200 7331
104 0.669560 0.386976 V1_INV_PI V1_INV_PI 1.0000 2 0 200 7331
105 0.151644 0.584526 V1_INV_PI V1_INV_PI 1.0000 2 0 200 7331
106 -0.258664 0.160444 V1_INV_PI V1_INV_PI 1.0000 2 0 200 7331
107 0.058705 -0.172874 V1_INV_PI V1_INV_PI 1.0000 2 0 200 7331
108 0.741871 0.720636 V1_INV_PI V1_INV_PI 1.0000 2 0 200 7331
109 -0.706033 -0.735278 V1_INV_PI V1_INV_PI 1.0000 2 0 200 7331
110 -0.640286 -0.177558 V1_INV_PI V1_INV_PI 1.0000 2 0 200 7331
111 -0.659360 0.665211 V1_INV_PI V1_INV_PI 1.0000 2 0 200 7331
112 -0.650237 0.427079 V1_INV_PI V1_INV_PI 1.0000 2 0 200 7331
113 -0.237122 -0.727129 V1_INV_PI V1_INV_PI 1.0000 2 0 200 7331
114 0.294458 -0.392107 V1_INV_PI V1_INV_PI 1.0000 2 0 200 7331
115 0.820234 1.192938 V1_INV_PI V1_INV_PI 1.0000 2 0 200 7331
116 0.670826 0.945903 V1_INV_PI V1_INV_PI 1.0000 2 0 200 7331
117 -0.400158 -0.007059 V1_INV_PI V1_INV_PI 1.0000 2 0 200 7331
118 -0.285443 0.964003 V1_INV_PI V1_INV_PI 1.0000 2 0 200 7331
119 0.296517 -0.375415 V1_INV_PI V1_INV_PI 1.0000 2 0 200 7331
120 -1.205280 0.778061 V1_INV_PI V1_INV_PI 1.0000 2 0 200 7331
121 -0.047234 -0.188996 V1_INV_PI V1_INV_PI 1.0000 2 0 200 7331
122 -1.110313 -0.746046 V1_INV_PI V1_INV_PI 1.0000 2 0 200 7331
123 0.371072 0.077569 V1_INV_PI V1_INV_PI 1.0000 2 0 200 7331
124 -0.191200 -1.124740 V1_INV_PI V1_INV_PI 1.0000 2 0 200 7331
125 0.239684 -0.421261 V1_INV_PI V1_INV_PI 1.0000 2 0 200 7331
126 0.135029 -0.436736 V1_INV_PI V1_INV_PI 1.0000 2 0 200 7331
127 0.578909 1.113456 V1_INV_PI V1_INV_PI 1.0000 2 0 200 7331
128 -1.082955 0.888181 V1_INV_PI V1_INV_PI 1.0000 2 0 200 7331
