1	0.680389	0.637527	0.677009	0.606405	0.498312	0.693790	0.997866	0.003127	0.014126	0.001111	10	0.336667	1.000000	3.9	0
2	0.725983	0.671774	0.888935	0.631702	0.532409	0.777901	0.889315	0.056699	0.084283	0.036667	11	0.451111	0.963333	3.8	0
3	0.728453	0.671954	0.882161	0.631616	0.530420	0.781800	0.910430	0.058494	0.098449	0.043333	13	0.438889	0.964444	3.7	0
4	0.709369	0.582534	0.890860	0.603547	0.508755	0.815884	0.939194	0.011393	0.016061	0.010000	10	0.496667	0.997778	3.8	0
5	0.782750	0.802004	0.824352	0.605673	0.580260	0.873234	0.998139	0.010281	0.040388	0.001111	15	0.402222	1.000000	3.8	0
6	0.750992	0.744476	0.809987	0.667632	0.521417	0.772140	0.994644	0.240838	0.019554	0.067778	12	0.387778	0.612222	5.1	0
7	0.797747	0.829972	0.839042	0.602414	0.608439	0.886666	0.998464	0.000000	0.040448	0.001111	9	0.468889	1.000000	4.5	0
8	0.684875	0.643690	0.678554	0.605962	0.509820	0.700821	0.997861	0.000000	0.014591	0.001111	10	0.344444	1.000000	3.9	0
9	0.771476	0.770361	0.826421	0.685452	0.554775	0.797866	0.994726	0.239522	0.019058	0.067778	12	0.364444	0.635556	4.2	0
10	0.818020	0.874399	0.887927	0.600758	0.597759	0.911005	0.998685	0.000000	0.103151	0.001111	8	0.528889	1.000000	4.6	0
11	0.763503	0.728328	0.860904	0.607678	0.538999	0.886255	0.982302	0.051981	0.066060	0.054444	29	0.418889	1.000000	4.3	0
12	0.729920	0.665732	0.874742	0.629160	0.528173	0.801565	0.922940	0.055655	0.149180	0.041111	15	0.428889	0.968889	5.1	0
13	0.676081	0.630081	0.679855	0.608391	0.492614	0.678162	0.998047	0.000000	0.009827	0.001111	11	0.313333	1.000000	5.0	0
14	0.838511	0.888924	0.879606	0.599451	0.726199	0.904592	0.998685	0.000000	0.031401	0.001111	3	0.616667	1.000000	5.0	0
15	0.669077	0.619840	0.663657	0.607729	0.489955	0.668056	0.998047	0.000000	0.012133	0.001111	11	0.312222	1.000000	4.1	0
16	0.807557	0.818190	0.852817	0.717770	0.602115	0.850210	0.997149	0.220170	0.009418	0.067778	12	0.378889	0.710000	4.1	0
17	0.827622	0.846432	0.884552	0.720588	0.612767	0.892779	0.996075	0.153843	0.059018	0.036667	12	0.406667	0.847778	3.9	0
18	0.849336	0.908584	0.894115	0.599991	0.741010	0.914231	0.998585	0.000000	0.036402	0.001111	3	0.568889	1.000000	3.6	0
19	0.818471	0.869662	0.866697	0.600302	0.637851	0.903134	0.999052	0.000000	0.076976	0.001111	6	0.552222	1.000000	3.9	0
20	0.745739	0.678584	0.864477	0.605063	0.523930	0.872540	0.974610	0.023815	0.045081	0.018889	19	0.445556	1.000000	3.8	0
21	0.703262	0.666644	0.733282	0.613493	0.518538	0.714642	0.997388	0.027248	0.008656	0.005556	16	0.312222	1.000000	4.4	0
22	0.677791	0.589900	0.890811	0.605824	0.510772	0.782123	0.745912	0.013406	0.052845	0.014444	11	0.487778	0.995556	4.0	0
23	0.692876	0.655413	0.691431	0.605746	0.516710	0.715495	0.997437	0.000000	0.010779	0.001111	10	0.357778	1.000000	4.5	0
24	0.829084	0.877479	0.866453	0.599871	0.697579	0.901826	0.999035	0.000000	0.046917	0.001111	4	0.577778	1.000000	3.7	0
25	0.846470	0.904659	0.890340	0.600008	0.733399	0.912963	0.998660	0.000000	0.038693	0.001111	3	0.561111	1.000000	3.9	0
26	0.823240	0.839088	0.876856	0.719703	0.600149	0.895820	0.997259	0.159900	0.036913	0.058889	13	0.393333	0.837778	4.3	0
27	0.788597	0.810515	0.841452	0.603347	0.577124	0.887125	0.997407	0.005697	0.037184	0.001111	12	0.446667	1.000000	4.1	0
28	0.849430	0.905862	0.894992	0.599409	0.748623	0.911641	0.998433	0.000000	0.024945	0.001111	3	0.611111	1.000000	3.6	0
29	0.634045	0.551652	0.644991	0.615676	0.464649	0.584104	0.998126	0.066237	0.009597	0.018889	22	0.260000	1.000000	3.7	0
30	0.770777	0.776296	0.815439	0.611604	0.573726	0.846642	0.997275	0.051354	0.018827	0.010000	21	0.356667	1.000000	3.8	0
31	0.760768	0.765698	0.784454	0.607399	0.582902	0.822622	0.998247	0.003127	0.013892	0.001111	12	0.364444	1.000000	3.6	0
32	0.658328	0.593410	0.672782	0.611632	0.480869	0.636321	0.998230	0.016418	0.006518	0.001111	15	0.290000	1.000000	4.8	0
33	0.838380	0.863903	0.878127	0.736297	0.630282	0.905305	0.999353	0.177669	0.044409	0.041111	11	0.398889	0.805556	4.4	0
34	0.789236	0.794039	0.843218	0.702656	0.576759	0.820187	0.995353	0.229368	0.017281	0.067778	13	0.375556	0.678889	4.2	0
35	0.694764	0.652749	0.727261	0.618677	0.501335	0.698630	0.997943	0.079640	0.010358	0.036667	22	0.300000	1.000000	3.7	0
36	0.788785	0.806263	0.842407	0.607956	0.580702	0.886706	0.997025	0.035360	0.020135	0.005556	17	0.391111	1.000000	4.1	0
37	0.821992	0.871406	0.866913	0.598622	0.678435	0.886280	0.997353	0.000000	0.017096	0.001111	2	0.742222	1.000000	3.6	0
38	0.835428	0.885742	0.879882	0.598994	0.716475	0.899772	0.998163	0.000000	0.027478	0.001111	2	0.663333	1.000000	3.9	0
39	0.841448	0.894854	0.887639	0.599128	0.728037	0.905174	0.998253	0.000000	0.028831	0.001111	2	0.647778	1.000000	3.7	0
40	0.811313	0.858567	0.890981	0.601179	0.577444	0.910249	0.997958	0.000000	0.147378	0.001111	8	0.513333	1.000000	3.9	0
41	0.606241	0.492616	0.662986	0.617971	0.416433	0.524274	0.998918	0.324093	0.025803	0.176667	48	0.266667	1.000000	4.1	0
42	0.825896	0.873783	0.863500	0.599916	0.686520	0.900638	0.999092	0.000000	0.051878	0.001111	4	0.576667	1.000000	3.7	0
43	0.787433	0.802441	0.858070	0.602551	0.561982	0.892776	0.996774	0.005697	0.063301	0.005556	12	0.468889	1.000000	3.7	0
44	0.794234	0.822796	0.848985	0.602040	0.585931	0.888881	0.997727	0.003127	0.064062	0.001111	10	0.482222	1.000000	3.7	0
45	0.842269	0.895751	0.882856	0.599738	0.732168	0.908701	0.998749	0.000000	0.035201	0.001111	3	0.584444	1.000000	3.8	0
46	0.624384	0.524918	0.658010	0.624809	0.450923	0.555271	0.998686	0.220850	0.023296	0.143333	39	0.263333	1.000000	3.7	0
47	0.829495	0.884265	0.880591	0.598551	0.687714	0.892269	0.997066	0.000000	0.014161	0.001111	2	0.740000	1.000000	3.9	0
48	0.746244	0.694135	0.871466	0.641371	0.536397	0.823885	0.944946	0.074878	0.070891	0.050000	13	0.418889	0.952222	4.3	0
49	0.848511	0.904202	0.891978	0.599538	0.748387	0.911248	0.998583	0.000000	0.027090	0.001111	3	0.601111	1.000000	3.7	0
50	0.825977	0.842258	0.867491	0.726091	0.612316	0.897995	0.998860	0.178989	0.039882	0.054444	13	0.381111	0.808889	4.0	0
51	0.588963	0.471327	0.618904	0.627156	0.397373	0.498403	0.999039	0.283048	0.014803	0.190000	49	0.242222	1.000000	3.8	0
52	0.811839	0.860263	0.854216	0.598608	0.650176	0.878085	0.997399	0.000000	0.017840	0.001111	2	0.758889	1.000000	3.6	0
53	0.742287	0.721618	0.793594	0.648628	0.543205	0.762883	0.997571	0.329564	0.008299	0.190000	49	0.326667	1.000000	3.8	0
54	0.776504	0.772668	0.850159	0.605270	0.551999	0.887625	0.993864	0.025887	0.040551	0.023333	19	0.424444	1.000000	3.7	0
55	0.830108	0.879934	0.875279	0.598782	0.701222	0.894399	0.997812	0.000000	0.022462	0.001111	2	0.698889	1.000000	3.8	0
56	0.838327	0.889896	0.878020	0.599754	0.722485	0.906579	0.998849	0.000000	0.037532	0.001111	3	0.585556	1.000000	3.8	0
57	0.759144	0.721548	0.886250	0.652571	0.548637	0.820540	0.950380	0.084051	0.062140	0.045556	10	0.431111	0.937778	4.0	0
58	0.821253	0.833334	0.856413	0.725239	0.614179	0.890923	0.999374	0.197800	0.025493	0.072222	15	0.367778	0.780000	4.2	0
59	0.621573	0.525422	0.648601	0.620010	0.447941	0.552416	0.999152	0.144040	0.011891	0.076667	32	0.260000	1.000000	3.8	0
60	0.847247	0.905093	0.890796	0.599950	0.737383	0.913023	0.998670	0.000000	0.036857	0.001111	3	0.565556	1.000000	3.7	0
61	0.811053	0.853771	0.851308	0.598393	0.667167	0.870398	0.996803	0.000000	0.012115	0.001111	2	0.823333	1.000000	3.9	0
62	0.765514	0.737363	0.862642	0.607159	0.541265	0.882963	0.980458	0.039622	0.038526	0.041111	23	0.420000	1.000000	3.9	0
63	0.713833	0.678868	0.764335	0.633725	0.511729	0.720266	0.997384	0.273383	0.007707	0.161111	37	0.312222	1.000000	4.3	0
64	0.685520	0.603783	0.758024	0.660156	0.484984	0.665055	0.995611	0.469926	0.017520	0.365556	80	0.314444	0.974444	4.1	0
65	0.766746	0.731835	0.886579	0.657250	0.553359	0.834206	0.960519	0.089394	0.064025	0.045556	12	0.427778	0.932222	3.7	0
66	0.827380	0.879369	0.869967	0.600117	0.676520	0.904604	0.999046	0.000000	0.058580	0.001111	5	0.561111	1.000000	3.6	0
67	0.828035	0.874614	0.864704	0.599655	0.699867	0.899298	0.999018	0.000000	0.042577	0.001111	3	0.597778	1.000000	3.6	0
68	0.845094	0.900037	0.892182	0.599177	0.735622	0.908612	0.998307	0.000000	0.029684	0.001111	2	0.634444	1.000000	3.7	0
69	0.668426	0.587387	0.884784	0.603980	0.508679	0.763632	0.716118	0.008823	0.024559	0.010000	12	0.490000	0.997778	3.6	0
70	0.693998	0.656553	0.706313	0.608965	0.512591	0.706539	0.997991	0.000000	0.008396	0.001111	12	0.322222	1.000000	3.7	0
71	0.820635	0.875484	0.875734	0.600627	0.629483	0.907002	0.998917	0.000000	0.085421	0.001111	6	0.537778	1.000000	3.8	0
72	0.814361	0.866412	0.860448	0.598498	0.651148	0.878022	0.996942	0.000000	0.012273	0.001111	2	0.780000	1.000000	3.6	0
73	0.694309	0.650976	0.712411	0.610994	0.522439	0.699484	0.998436	0.012404	0.009403	0.001111	15	0.312222	1.000000	3.7	0
74	0.840499	0.895136	0.881989	0.599935	0.721426	0.909257	0.998826	0.000000	0.040527	0.001111	3	0.572222	1.000000	3.6	0
75	0.635952	0.564397	0.656692	0.613714	0.429580	0.600639	0.998394	0.020198	0.009763	0.001111	16	0.274444	1.000000	3.8	0
76	0.783948	0.789024	0.849497	0.607876	0.568075	0.891547	0.994287	0.055824	0.034656	0.027778	23	0.397778	1.000000	5.5	0
77	0.845049	0.901628	0.894900	0.598995	0.731793	0.907288	0.997973	0.000000	0.024586	0.001111	2	0.656667	1.000000	5.2	0
78	0.833688	0.881438	0.874915	0.599209	0.716739	0.899482	0.998509	0.000000	0.033488	0.001111	2	0.645556	1.000000	5.5	0
79	0.827830	0.878073	0.867622	0.600026	0.685523	0.903162	0.999077	0.000000	0.053874	0.001111	4	0.568889	1.000000	4.2	0
80	0.785139	0.798865	0.839120	0.607025	0.574559	0.885318	0.996797	0.030573	0.028637	0.005556	16	0.398889	1.000000	4.2	0
81	0.844947	0.900176	0.893028	0.599108	0.734572	0.907792	0.998188	0.000000	0.027749	0.001111	2	0.645556	1.000000	3.6	0
82	0.766825	0.757531	0.817979	0.665287	0.567246	0.801096	0.998006	0.367480	0.010160	0.294444	66	0.340000	1.000000	4.1	0
83	0.828741	0.875036	0.869606	0.598974	0.705850	0.893876	0.998238	0.000000	0.028774	0.001111	2	0.671111	1.000000	3.6	0
84	0.739497	0.706540	0.791979	0.684654	0.538677	0.740087	0.997017	0.407202	0.005395	0.238889	64	0.328889	1.000000	3.8	0
85	0.813956	0.858238	0.856826	0.598298	0.671337	0.872955	0.996558	0.000000	0.012187	0.001111	2	0.836667	1.000000	3.6	0
86	0.611623	0.497763	0.662439	0.646503	0.409673	0.529956	0.999310	0.366995	0.011697	0.305556	71	0.265556	1.000000	4.0	0
87	0.815771	0.857004	0.858316	0.598194	0.683106	0.874055	0.996459	0.000000	0.012082	0.001111	2	0.862222	1.000000	4.3	0
88	0.846732	0.902459	0.895501	0.599097	0.739025	0.909014	0.998144	0.000000	0.027162	0.001111	2	0.643333	1.000000	5.0	0
89	0.669891	0.612734	0.737776	0.596938	0.463272	0.649135	0.997593	0.273006	0.004340	0.130000	25	0.357778	0.642222	5.6	0
90	0.836934	0.900879	0.891535	0.600518	0.672840	0.914426	0.998776	0.000000	0.065297	0.001111	5	0.537778	1.000000	4.4	0
91	0.729594	0.661571	0.870957	0.622391	0.526669	0.820732	0.920596	0.080711	0.036231	0.085556	38	0.425556	0.998889	4.0	0
92	0.825480	0.886755	0.886923	0.600580	0.627316	0.911631	0.998824	0.000000	0.083241	0.001111	6	0.536667	1.000000	4.1	0
93	0.809625	0.854550	0.849851	0.598490	0.656553	0.871332	0.997022	0.000000	0.013510	0.001111	2	0.797778	1.000000	4.1	0
94	0.719684	0.691602	0.754998	0.617264	0.533277	0.742248	0.997439	0.079640	0.013854	0.018889	23	0.314444	1.000000	6.6	0
95	0.799518	0.833955	0.852862	0.601429	0.596052	0.891912	0.997941	0.000000	0.067886	0.001111	9	0.503333	1.000000	4.0	0
96	0.831255	0.886066	0.882098	0.598586	0.693017	0.894057	0.997168	0.000000	0.014996	0.001111	2	0.730000	1.000000	4.9	0
97	0.799642	0.828052	0.889602	0.601334	0.557366	0.905382	0.997174	0.005697	0.146380	0.001111	10	0.514444	1.000000	4.3	0
98	0.633431	0.555957	0.649498	0.613721	0.443977	0.590803	0.998277	0.028925	0.007437	0.005556	17	0.267778	1.000000	4.6	0
99	0.693105	0.657088	0.704763	0.606165	0.503002	0.715011	0.996613	0.000000	0.012638	0.001111	11	0.358889	1.000000	3.7	0
100	0.682852	0.635139	0.708151	0.620778	0.487357	0.679761	0.997734	0.112634	0.009610	0.036667	26	0.291111	1.000000	3.9	0
101	0.734278	0.716360	0.790766	0.625363	0.513971	0.773567	0.997588	0.226045	0.009140	0.147778	36	0.332222	1.000000	3.7	0
102	0.739887	0.727116	0.801574	0.656787	0.510209	0.757162	0.994992	0.241555	0.020632	0.076667	12	0.392222	0.607778	4.3	0
103	0.786502	0.799029	0.848549	0.607115	0.570899	0.889651	0.995416	0.041429	0.025371	0.010000	21	0.403333	1.000000	3.8	0
104	0.846024	0.901653	0.893942	0.599142	0.737203	0.908882	0.998235	0.000000	0.028410	0.001111	2	0.638889	1.000000	3.7	0
105	0.815812	0.868668	0.883721	0.601077	0.600055	0.907593	0.998523	0.000000	0.116934	0.001111	8	0.517778	1.000000	3.6	0
106	0.794518	0.783171	0.885126	0.683429	0.569801	0.872205	0.980939	0.118127	0.049619	0.054444	11	0.418889	0.898889	3.8	0
107	0.681579	0.603408	0.890254	0.609534	0.513387	0.759060	0.765943	0.018333	0.206480	0.018889	10	0.482222	0.991111	3.7	0
108	0.832852	0.884179	0.879820	0.598776	0.706422	0.895990	0.997706	0.000000	0.021251	0.001111	2	0.701111	1.000000	3.7	0
109	0.782350	0.792740	0.836347	0.611015	0.574724	0.876483	0.995862	0.073521	0.025433	0.023333	23	0.377778	1.000000	4.1	0
110	0.773082	0.771466	0.826606	0.686572	0.560457	0.799597	0.994870	0.235671	0.022440	0.067778	10	0.360000	0.640000	4.9	0
111	0.776178	0.771294	0.843860	0.614555	0.562412	0.876415	0.991788	0.122549	0.013526	0.087778	34	0.375556	1.000000	3.7	0
112	0.813905	0.820704	0.851632	0.719746	0.609992	0.877721	0.999105	0.206830	0.021924	0.081111	19	0.365556	0.775556	4.4	0
113	0.698867	0.605276	0.869547	0.610341	0.514179	0.791964	0.864288	0.026380	0.035945	0.036667	14	0.451111	0.991111	3.6	0
114	0.828533	0.892049	0.889853	0.600548	0.634374	0.913239	0.998794	0.000000	0.076901	0.001111	6	0.538889	1.000000	3.6	0
115	0.809345	0.847415	0.847346	0.598338	0.672320	0.868417	0.996856	0.000000	0.013038	0.001111	2	0.838889	1.000000	3.6	0
116	0.825878	0.874093	0.869383	0.598765	0.692806	0.890299	0.997778	0.000000	0.022216	0.001111	2	0.708889	1.000000	3.9	0
117	0.833932	0.855753	0.870918	0.736863	0.639177	0.886991	0.999341	0.198297	0.015463	0.058889	11	0.395556	0.761111	4.0	0
118	0.793882	0.820526	0.856509	0.602710	0.577003	0.892650	0.996132	0.008058	0.065212	0.001111	12	0.465556	1.000000	3.6	0
119	0.832528	0.896193	0.890400	0.600546	0.653180	0.913597	0.998812	0.000000	0.072696	0.001111	6	0.535556	1.000000	3.7	0
120	0.707796	0.671493	0.730457	0.611599	0.534017	0.725242	0.998170	0.023797	0.007664	0.001111	17	0.316667	1.000000	4.0	0
121	0.704824	0.643779	0.889314	0.621438	0.523894	0.753466	0.837751	0.039942	0.117430	0.027778	11	0.458889	0.976667	3.7	0
122	0.719876	0.694281	0.751559	0.612307	0.536305	0.744704	0.997162	0.020198	0.012426	0.001111	15	0.328889	1.000000	3.7	0
123	0.844101	0.906612	0.893866	0.600340	0.708265	0.915161	0.998687	0.000000	0.050851	0.001111	4	0.548889	1.000000	4.0	0
124	0.800191	0.835893	0.851359	0.601369	0.599506	0.891248	0.997971	0.000000	0.070286	0.001111	9	0.505556	1.000000	3.7	0
125	0.822802	0.882531	0.889008	0.600822	0.614036	0.911817	0.998777	0.000000	0.099249	0.001111	8	0.528889	1.000000	4.0	0
126	0.803157	0.839429	0.886916	0.601561	0.569106	0.901297	0.996451	0.005697	0.138630	0.001111	10	0.505556	1.000000	4.7	0
127	0.821121	0.866093	0.861454	0.598811	0.686009	0.886456	0.997922	0.000000	0.024337	0.001111	2	0.712222	1.000000	3.8	0
128	0.740006	0.729365	0.764441	0.609119	0.562426	0.783780	0.997998	0.005697	0.010604	0.001111	13	0.345556	1.000000	4.1	0
