1 0.567679 -0.076057 V1_INV_PI V1_INV_PI 1.0000 2 0 200 7331
2 -0.550969 0.039238 V1_INV_PI V1_INV_PI 1.0000 2 0 200 7331
3 -0.827901 -0.081702 V1_INV_PI V1_INV_PI 1.0000 2 0 200 7331
4 0.166381 0.241585 V1_INV_PI V1_INV_PI 1.0000 2 0 200 7331
5 -1.253906 -0.520504 V1_INV_PI V1_INV_PI 1.0000 2 0 200 7331
6 -0.502177 1.140145 V1_INV_PI V1_INV_PI 1.0000 2 0 200 7331
7 -0.779237 0.010634 V1_INV_PI V1_INV_PI 1.0000 2 0 200 7331
8 -0.426610 0.832525 V1_INV_PI V1_INV_PI 1.0000 2 0 200 7331
9 -1.296324 -0.291803 V1_INV_PI V1_INV_PI 1.0000 2 0 200 7331
10 0.914285 -0.521037 V1_INV_PI V1_INV_PI 1.0000 2 0 200 7331
11 0.403794 0.874685 V1_INV_PI V1_INV_PI 1.0000 2 0 200 7331
12 -1.235526 0.191404 V1_INV_PI V1_INV_PI 1.0000 2 0 200 7331
13 -0.639183 -1.047464 V1_INV_PI V1_INV_PI 1.0000 2 0 200 7331
14 0.734802 -0.888837 V1_INV_PI V1_INV_PI 1.0000 2 0 200 7331
15 0.847885 -0.067971 V1_INV_PI V1_INV_PI 1.0000 2 0 200 7331
16 -0.805230 1.115826 V1_INV_PI V1_INV_PI 1.0000 2 0 200 7331
17 -1.453421 -0.654614 V1_INV_PI V1_INV_PI 1.0000 2 0 200 7331
18 -1.385369 0.105638 V1_INV_PI V1_INV_PI 1.0000 2 0 200 7331
19 0.781352 0.535754 V1_INV_PI V1_INV_PI 1.0000 2 0 200 7331
20 -1.097335 -0.018701 V1_INV_PI V1_INV_PI 1.0000 2 0 200 7331
21 0.599103 0.542991 V1_INV_PI V1_INV_PI 1.0000 2 0 200 7331
22 0.547889 0.585864 V1_INV_PI V1_INV_PI 1.0000 2 0 200 7331
23 -1.367151 -0.525693 V1_INV_PI V1_INV_PI 1.0000 2 0 200 7331
24 0.572831 -0.371087 V1_INV_PI V1_INV_PI 1.0000 2 0 200 7331
25 0.186507 -0.479349 V1_INV_PI V1_INV_PI 1.0000 2 0 200 7331
26 -0.088192 0.856772 V1_INV_PI V1_INV_PI 1.0000 2 0 200 7331
27 -0.122284 -0.188179 V1_INV_PI V1_INV_PI 1.0000 2 0 200 7331
28 0.723067 -0.345195 V1_INV_PI V1_INV_PI 1.0000 2 0 200 7331
29 0.850568 0.491254 V1_INV_PI V1_INV_PI 1.0000 2 0 200 7331
30 -0.182540 -0.318040 V1_INV_PI V1_INV_PI 1.0000 2 0 200 7331
31 -1.467715 -1.169528 V1_INV_PI V1_INV_PI 1.0000 2 0 200 7331
32 -1.340156 0.362060 V1_INV_PI V1_INV_PI 1.0000 2 0 200 7331
33 -0.737805 1.097921 V1_INV_PI V1_INV_PI 1.0000 2 0 200 7331
34 0.512747 -0.825808 V1_INV_PI V1_INV_PI 1.0000 2 0 200 7331
35 -1.362981 0.483693 V1_INV_PI V1_INV_PI 1.0000 2 0 200 7331
36 0.544422 -0.673432 V1_INV_PI V1_INV_PI 1.0000 2 0 200 7331
37 0.241678 0.264681 V1_INV_PI V1_INV_PI 1.0000 2 0 200 7331
38 0.552050 -0.626279 V1_INV_PI V1_INV_PI 1.0000 2 0 200 7331
39 -1.055242 0.348564 V1_INV_PI V1_INV_PI 1.0000 2 0 200 7331
40 -0.530576 -1.023220 V1_INV_PI V1_INV_PI 1.0000 2 0 200 7331
41 -1.022040 -0.040535 V1_INV_PI V1_INV_PI 1.0000 2 0 200 7331
42 0.606914 -0.359001 V1_INV_PI V1_INV_PI 1.0000 2 0 200 7331
43 -0.073610 0.896543 V1_INV_PI V1_INV_PI 1.0000 2 0 200 7331
44 -0.847606 1.148863 V1_INV_PI V1_INV_PI 1.0000 2 0 200 7331
45 -0.067257 0.582361 V1_INV_PI V1_INV_PI 1.0000 2 0 200 7331
46 -0.735459 -0.426044 V1_INV_PI V1_INV_PI 1.0000 2 0 200 7331
47 -0.267361 0.635349 V1_INV_PI V1_INV_PI 1.0000 2 0 200 7331
48 0.548016 0.736400 V1_INV_PI V1_INV_PI 1.0000 2 0 200 7331
49 0.577620 -0.427308 V1_INV_PI V1_INV_PI 1.0000 2 0 200 7331
50 -1.062284 -0.828556 V1_INV_PI V1_INV_PI 1.0000 2 0 200 7331
51 0.652991 -1.077286 V1_INV_PI V1_INV_PI 1.0000 2 0 200 7331
52 0.430502 -0.049630 V1_INV_PI V1_INV_PI 1.0000 2 0 200 7331
53 0.990973 -0.992647 V1_INV_PI V1_INV_PI 1.0000 2 0 200 7331
54 -0.969991 -0.553374 V1_INV_PI V1_INV_PI 1.0000 2 0 200 7331
55 -0.276032 1.121252 V1_INV_PI V1_INV_PI 1.0000 2 0 200 7331
56 -0.273113 -0.489024 V1_INV_PI V1_INV_PI 1.0000 2 0 200 7331
57 -0.671962 1.173025 V1_INV_PI V1_INV_PI 1.0000 2 0 200 7331
58 -1.489736 -0.048315 V1_INV_PI V1_INV_PI 1.0000 2 0 200 7331
59 0.799994 -0.880422 V1_INV_PI V1_INV_PI 1.0000 2 0 200 7331
60 -0.114632 -0.610737 V1_INV_PI V1_INV_PI 1.0000 2 0 200 7331
61 0.380933 -1.059059 V1_INV_PI V1_INV_PI 1.0000 2 0 200 7331
62 0.173241 -1.058178 V1_INV_PI V1_INV_PI 1.0000 2 0 200 7331
63 0.397892 -0.170124 V1_INV_PI V1_INV_PI 1.0000 2 0 200 7331
64 -0.919421 1.049835 V1_INV_PI V1_INV_PI 1.0000 2 0 200 7331
65 0.566233 -0.527828 V1_INV_PI V1_INV_PI 1.0000 2 0 200 7331
66 0.703787 -0.033304 V1_INV_PI V1_INV_PI 1.0000 2 0 200 7331
67 -0.219338 -0.910250 V1_INV_PI V1_INV_PI 1.0000 2 0 200 7331
68 0.724676 0.909994 V1_INV_PI V1_INV_PI 1.0000 2 0 200 7331
69 -0.934110 -0.895549 V1_INV_PI V1_INV_PI 1.0000 2 0 200 7331
70 -0.039685 -0.217648 V1_INV_PI V1_INV_PI 1.0000 2 0 200 7331
71 0.905806 -1.193459 V1_INV_PI V1_INV_PI 1.0000 2 0 200 7331
72 0.605132 0.112012 V1_INV_PI V1_INV_PI 1.0000 2 0 200 7331
73 -0.592293 0.308555 V1_INV_PI V1_INV_PI 1.0000 2 0 200 7331
74 0.377439 0.303027 V1_INV_PI V1_INV_PI 1.0000 2 0 200 7331
75 -0.013020 -0.197487 V1_INV_PI V1_INV_PI 1.0000 2 0 200 7331
76 -0.064959 -0.064319 V1_INV_PI V1_INV_PI 1.0000 2 0 200 7331
77 0.490252 -0.830187 V1_INV_PI V1_INV_PI 1.0000 2 0 200 7331
78 -0.362557 1.144437 V1_INV_PI V1_INV_PI 1.0000 2 0 200 7331
79 -0.583889 -0.626759 V1_INV_PI V1_INV_PI 1.0000 2 0 200 7331
80 0.145233 -0.761385 V1_INV_PI V1_INV_PI 1.0000 2 0 200 7331
81 0.480291 0.233981 V1_INV_PI V1_INV_PI 1.0000 2 0 200 7331
82 -0.276169 -0.679706 V1_INV_PI V1_INV_PI 1.0000 2 0 200 7331
83 0.370177 -0.072726 V1_INV_PI V1_INV_PI 1.0000 2 0 200 7331
84 0.690859 0.370519 V1_INV_PI V1_INV_PI 1.0000 2 0 200 7331
85 -1.437463 0.022056 V1_INV_PI V1_INV_PI 1.0000 2 0 200 7331
86 0.515169 0.721203 V1_INV_PI V1_INV_PI 1.0000 2 0 200 7331
87 0.871406 0.336124 V1_INV_PI V1_INV_PI 1.0000 2 0 200 7331
88 0.910945 -1.069643 V1_INV_PI V1_INV_PI 1.0000 2 0 200 7331
89 -0.159011 0.132942 V1_INV_PI V1_INV_PI 1.0000 2 0 200 7331
90 -1.135457 -0.801154 V1_INV_PI V1_INV_PI 1.0000 2 0 200 7331
91 -0.935211 -0.483981 V1_INV_PI V1_INV_PI 1.0000 2 0 200 7331
92 0.735989 0.540267 V1_INV_PI V1_INV_PI 1.0000 2 0 200 7331
93 -0.676066 0.548216 V1_INV_PI V1_INV_PI 1.0000 2 0 200 7331
94 0.626153 -0.582208 V1_INV_PI V1_INV_PI 1.0000 2 0 200 7331
95 -1.233483 -1.019738 V1_INV_PI V1_INV_PI 1.0000 2 0 200 7331
96 0.469832 0.129071 V1_INV_PI V1_INV_PI 1.0000 2 0 200 7331
97 0.464013 -1.191221 V1_INV_PI V1_INV_PI 1.0000 2 0 200 7331
98 0.080975 0.758695 V1_INV_PI V1_INV_PI 1.0000 2 0 200 7331
99 -1.191520 -0.442689 V1_INV_PI V1_INV_PI 1.0000 2 0 200 7331
100 -1.150297 -0.065268 V1_INV_PI V1_INV_PI 1.0000 2 0 200 7331
101 0.254043 -0.153817 V1_INV_PI V1_INV_PI 1.0000 2 0 200 7331
102 -0.441761 -0.697475 V1_INV_PI V1_INV_PI 1.0000 2 0 200 7331
103 0.473979 0.550574 V1_INV_PI V1_INV_PI 1.0000 2 0 200 7331
104 -1.235774 0.910482 V1_INV_PI V1_INV_PI 1.0000 2 0 200 7331
105 0.512203 0.293678 V1_INV_PI V1_INV_PI 1.0000 2 0 200 7331
106 0.914768 -1.014841 V1_INV_PI V1_INV_PI 1.0000 2 0 200 7331
107 -1.258991 0.248967 V1_INV_PI V1_INV_PI 1.0000 2 0 200 7331
108 -0.019564 0.407255 V1_INV_PI V1_INV_PI 1.0000 2 0 200 7331
109 0.939516 -0.336613 V1_INV_PI V1_INV_PI 1.0000 2 0 200 7331
110 -0.378587 -1.157111 V1_INV_PI V1_INV_PI 1.0000 2 0 200 7331
111 -0.406164 0.955273 V1_INV_PI V1_INV_PI 1.0000 2 0 200 7331
112 -0.334937 -0.958630 V1_INV_PI V1_INV_PI 1.0000 2 0 200 7331
113 0.145032 -0.719550 V1_INV_PI V1_INV_PI 1.0000 2 0 200 7331
114 -0.319197 -0.241447 V1_INV_PI V1_INV_PI 1.0000 2 0 200 7331
115 -0.588140 1.049696 V1_INV_PI V1_INV_PI 1.0000 2 0 200 7331
116 -0.618359 -0.305059 V1_INV_PI V1_INV_PI 1.0000 2 0 200 7331
117 -0.025046 -0.374837 V1_INV_PI V1_INV_PI 1.0000 2 0 200 7331
118 0.605483 -0.430455 V1_INV_PI V1_INV_PI 1.0000 2 0 200 7331
119 -0.379033 0.295300 V1_INV_PI V1_INV_PI 1.0000 2 0 200 7331
120 -1.427725 0.697549 V1_INV_PI V1_INV_PI 1.0000 2 0 200 7331
121 -0.894027 -0.738220 V1_INV_PI V1_INV_PI 1.0000 2 0 200 7331
122 0.023361 0.980479 V1_INV_PI V1_INV_PI 1.0000 2 0 200 7331
123 0.304688 -0.602124 V1_INV_PI V1_INV_PI 1.0000 2 0 200 7331
124 -0.000012 0.645007 V1_INV_PI V1_INV_PI 1.0000 2 0 200 7331
125 -1.296383 -1.139342 V1_INV_PI V1_INV_PI 1.0000 2 0 200 7331
126 0.040070 -0.695091 V1_INV_PI V1_INV_PI 1.0000 2 0 200 7331
127 0.679142 -0.239650 V1_INV_PI V1_INV_PI 1.0000 2 0 200 7331
128 0.547603 -0.212004 V1_INV_PI V1_INV_PI 1.0000 2 0 200 7331
