1 0.549558 0.399678 V1_INV_PI V1_INV_PI 1.0000 2 0 200 7331
2 -0.915061 0.552316 V1_INV_PI V1_INV_PI 1.0000 2 0 200 7331
3 0.050530 -1.145106 V1_INV_PI V1_INV_PI 1.0000 2 0 200 7331
4 0.662201 -0.419463 V1_INV_PI V1_INV_PI 1.0000 2 0 200 7331
5 -1.433598 -0.171795 V1_INV_PI V1_INV_PI 1.0000 2 0 200 7331
6 0.306248 0.234347 V1_INV_PI V1_INV_PI 1.0000 2 0 200 7331
7 0.231142 0.728221 V1_INV_PI V1_INV_PI 1.0000 2 0 200 7331
8 0.477865 0.541356 V1_INV_PI V1_INV_PI 1.0000 2 0 200 7331
9 -0.722167 -0.814543 V1_INV_PI V1_INV_PI 1.0000 2 0 200 7331
10 0.277216 -0.872486 V1_INV_PI V1_INV_PI 1.0000 2 0 200 7331
11 -0.666598 -0.591214 V1_INV_PI V1_INV_PI 1.0000 2 0 200 7331
12 -0.226888 -0.278454 V1_INV_PI V1_INV_PI 1.0000 2 0 200 7331
13 -1.202866 0.555996 V1_INV_PI V1_INV_PI 1.0000 2 0 200 7331
14 -0.423588 -0.169237 V1_INV_PI V1_INV_PI 1.0000 2 0 200 7331
15 0.751580 -0.772573 V1_INV_PI V1_INV_PI 1.0000 2 0 200 7331
16 -1.277819 0.351535 V1_INV_PI V1_INV_PI 1.0000 2 0 200 7331
17 -0.026858 0.387604 V1_INV_PI V1_INV_PI 1.0000 2 0 200 7331
18 0.613032 0.606521 V1_INV_PI V1_INV_PI 1.0000 2 0 200 7331
19 -0.002851 -1.052595 V1_INV_PI V1_INV_PI 1.0000 2 0 200 7331
20 -0.566655 0.877206 V1_INV_PI V1_INV_PI 1.0000 2 0 200 7331
21 -1.332543 -0.386773 V1_INV_PI V1_INV_PI 1.0000 2 0 200 7331
22 -1.121833 -0.329308 V1_INV_PI V1_INV_PI 1.0000 2 0 200 7331
23 -1.383899 -0.964070 V1_INV_PI V1_INV_PI 1.0000 2 0 200 7331
24 -0.031346 -0.363730 V1_INV_PI V1_INV_PI 1.0000 2 0 200 7331
25 0.197495 0.432521 V1_INV_PI V1_INV_PI 1.0000 2 0 200 7331
26 -0.829099 0.544111 V1_INV_PI V1_INV_PI 1.0000 2 0 200 7331
27 -1.113824 -0.273721 V1_INV_PI V1_INV_PI 1.0000 2 0 200 7331
28 0.448433 -0.204929 V1_INV_PI V1_INV_PI 1.0000 2 0 200 7331
29 -1.382825 0.890536 V1_INV_PI V1_INV_PI 1.0000 2 0 200 7331
30 -0.828523 1.152754 V1_INV_PI V1_INV_PI 1.0000 2 0 200 7331
31 0.964377 0.489387 V1_INV_PI V1_INV_PI 1.0000 2 0 200 7331
32 0.800704 -0.906924 V1_INV_PI V1_INV_PI 1.0000 2 0 200 7331
33 -0.038017 1.077342 V1_INV_PI V1_INV_PI 1.0000 2 0 200 7331
34 -0.171106 0.994540 V1_INV_PI V1_INV_PI 1.0000 2 0 200 7331
35 0.343551 0.433800 V1_INV_PI V1_INV_PI 1.0000 2 0 200 7331
36 -1.014692 -0.412900 V1_INV_PI V1_INV_PI 1.0000 2 0 200 7331
37 -0.019857 -0.847486 V1_INV_PI V1_INV_PI 1.0000 2 0 200 7331
38 -0.854911 1.023882 V1_INV_PI V1_INV_PI 1.0000 2 0 200 7331
39 0.418925 -0.587538 V1_INV_PI V1_INV_PI 1.0000 2 0 200 7331
40 -1.298259 -0.834964 V1_INV_PI V1_INV_PI 1.0000 2 0 200 7331
41 -0.900897 -0.365030 V1_INV_PI V1_INV_PI 1.0000 2 0 200 7331
42 -1.149945 -0.697477 V1_INV_PI V1_INV_PI 1.0000 2 0 200 7331
43 -0.392656 0.853138 V1_INV_PI V1_INV_PI 1.0000 2 0 200 7331
44 0.450439 0.002874 V1_INV_PI V1_INV_PI 1.0000 2 0 200 7331
45 -0.107626 1.090081 V1_INV_PI V1_INV_PI 1.0000 2 0 200 7331
46 -0.720245 0.564592 V1_INV_PI V1_INV_PI 1.0000 2 0 200 7331
47 0.900032 -0.937571 V1_INV_PI V1_INV_PI 1.0000 2 0 200 7331
48 -0.935117 -1.131007 V1_INV_PI V1_INV_PI 1.0000 2 0 200 7331
49 -0.733253 0.248536 V1_INV_PI V1_INV_PI 1.0000 2 0 200 7331
50 -0.490416 0.357409 V1_INV_PI V1_INV_PI 1.0000 2 0 200 7331
51 -0.126289 -0.847117 V1_INV_PI V1_INV_PI 1.0000 2 0 200 7331
52 0.812797 0.258343 V1_INV_PI V1_INV_PI 1.0000 2 0 200 7331
53 -0.476301 -0.245179 V1_INV_PI V1_INV_PI 1.0000 2 0 200 7331
54 -1.334717 -1.185274 V1_INV_PI V1_INV_PI 1.0000 2 0 200 7331
55 0.275613 -1.107557 V1_INV_PI V1_INV_PI 1.0000 2 0 200 7331
56 -0.683506 -0.143309 V1_INV_PI V1_INV_PI 1.0000 2 0 200 7331
57 -1.080187 -0.541838 V1_INV_PI V1_INV_PI 1.0000 2 0 200 7331
58 -0.150379 0.844535 V1_INV_PI V1_INV_PI 1.0000 2 0 200 7331
59 0.998474 -0.550430 V1_INV_PI V1_INV_PI 1.0000 2 0 200 7331
60 -0.854264 0.542641 V1_INV_PI V1_INV_PI 1.0000 2 0 200 7331
61 -0.979441 0.815229 V1_INV_PI V1_INV_PI 1.0000 2 0 200 7331
62 -0.932936 0.950783 V1_INV_PI V1_INV_PI 1.0000 2 0 200 7331
63 -0.979611 0.832262 V1_INV_PI V1_INV_PI 1.0000 2 0 200 7331
64 0.908137 -0.346627 V1_INV_PI V1_INV_PI 1.0000 2 0 200 7331
65 0.202322 1.146650 V1_INV_PI V1_INV_PI 1.0000 2 0 200 7331
66 0.170784 -0.051583 V1_INV_PI V1_INV_PI 1.0000 2 0 200 7331
67 -0.968996 0.990263 V1_INV_PI V1_INV_PI 1.0000 2 0 200 7331
68 -0.962872 0.987002 V1_INV_PI V1_INV_PI 1.0000 2 0 200 7331
69 -1.025644 -0.414923 V1_INV_PI V1_INV_PI 1.0000 2 0 200 7331
70 -0.680325 0.852998 V1_INV_PI V1_INV_PI 1.0000 2 0 200 7331
71 0.210071 0.013727 V1_INV_PI V1_INV_PI 1.0000 2 0 200 7331
72 -1.163745 -0.100312 V1_INV_PI V1_INV_PI 1.0000 2 0 200 7331
73 -0.538335 1.056275 V1_INV_PI V1_INV_PI 1.0000 2 0 200 7331
74 0.759648 0.456560 V1_INV_PI V1_INV_PI 1.0000 2 0 200 7331
75 -0.790918 -0.048360 V1_INV_PI V1_INV_PI 1.0000 2 0 200 7331
76 0.522694 -1.085929 V1_INV_PI V1_INV_PI 1.0000 2 0 200 7331
77 0.194246 -1.121879 V1_INV_PI V1_INV_PI 1.0000 2 0 200 7331
78 -0.926983 0.475446 V1_INV_PI V1_INV_PI 1.0000 2 0 200 7331
79 -0.378855 0.260660 V1_INV_PI V1_INV_PI 1.0000 2 0 200 7331
80 -1.364944 1.149804 V1_INV_PI V1_INV_PI 1.0000 2 0 200 7331
81 -1.205932 0.726716 V1_INV_PI V1_INV_PI 1.0000 2 0 200 7331
82 0.406407 1.120134 V1_INV_PI V1_INV_PI 1.0000 2 0 200 7331
83 0.412860 0.363428 V1_INV_PI V1_INV_PI 1.0000 2 0 200 7331
84 0.951583 1.020496 V1_INV_PI V1_INV_PI 1.0000 2 0 200 7331
85 -1.225728 0.806584 V1_INV_PI V1_INV_PI 1.0000 2 0 200 7331
86 0.958067 0.684163 V1_INV_PI V1_INV_PI 1.0000 2 0 200 7331
87 0.840772 0.022772 V1_INV_PI V1_INV_PI 1.0000 2 0 200 7331
88 -0.839127 -0.747282 V1_INV_PI V1_INV_PI 1.0000 2 0 200 7331
89 0.584219 -0.974412 V1_INV_PI V1_INV_PI 1.0000 2 0 200 7331
90 -1.336025 1.088752 V1_INV_PI V1_INV_PI 1.0000 2 0 200 7331
91 0.916170 0.897632 V1_INV_PI V1_INV_PI 1.0000 2 0 200 7331
92 0.679571 0.865560 V1_INV_PI V1_INV_PI 1.0000 2 0 200 7331
93 -0.614885 -1.188294 V1_INV_PI V1_INV_PI 1.0000 2 0 200 7331
94 0.958253 0.360454 V1_INV_PI V1_INV_PI 1.0000 2 0 200 7331
95 -0.923098 -0.751393 V1_INV_PI V1_INV_PI 1.0000 2 0 200 7331
96 -0.946930 1.051321 V1_INV_PI V1_INV_PI 1.0000 2 0 200 7331
97 -1.430611 -0.941638 V1_INV_PI V1_INV_PI 1.0000 2 0 200 7331
98 -1.130413 -0.654908 V1_INV_PI V1_INV_PI 1.0000 2 0 200 7331
99 -1.325064 0.731072 V1_INV_PI V1_INV_PI 1.0000 2 0 200 7331
100 -0.272066 -0.705384 V1_INV_PI V1_INV_PI 1.0000 2 0 200 7331
101 -1.055500 -0.492902 V1_INV_PI V1_INV_PI 1.0000 2 0 200 7331
102 0.279220 0.416187 V1_INV_PI V1_INV_PI 1.0000 2 0 200 7331
103 -0.056157 -0.985081 V1_INV_PI V1_INV_PI 1.0000 2 0 200 7331
104 -0.216061 -0.027136 V1_INV_PI V1_INV_PI 1.0000 2 0 200 7331
105 -0.713955 -0.109554 V1_INV_PI V1_INV_PI 1.0000 2 0 200 7331
106 -0.387159 0.467483 V1_INV_PI V1_INV_PI 1.0000 2 0 200 7331
107 -0.361368 0.999849 V1_INV_PI V1_INV_PI 1.0000 2 0 200 7331
108 -0.225096 -0.120239 V1_INV_PI V1_INV_PI 1.0000 2 0 200 7331
109 -0.984303 1.053074 V1_INV_PI V1_INV_PI 1.0000 2 0 200 7331
110 -0.199672 -0.094589 V1_INV_PI V1_INV_PI 1.0000 2 0 200 7331
111 -1.126325 1.111524 V1_INV_PI V1_INV_PI 1.0000 2 0 200 7331
112 -0.720190 0.713905 V1_INV_PI V1_INV_PI 1.0000 2 0 200 7331
113 0.778415 -0.974375 V1_INV_PI V1_INV_PI 1.0000 2 0 200 7331
114 -1.408771 -0.466007 V1_INV_PI V1_INV_PI 1.0000 2 0 200 7331
115 -0.248906 -1.135860 V1_INV_PI V1_INV_PI 1.0000 2 0 200 7331
116 0.575976 0.517979 V1_INV_PI V1_INV_PI 1.0000 2 0 200 7331
117 0.494560 -0.244785 V1_INV_PI V1_INV_PI 1.0000 2 0 200 7331
118 0.060988 -0.876570 V1_INV_PI V1_INV_PI 1.0000 2 0 200 7331
119 0.461328 -0.725473 V1_INV_PI V1_INV_PI 1.0000 2 0 200 7331
120 0.340714 -0.343807 V1_INV_PI V1_INV_PI 1.0000 2 0 200 7331
121 0.151245 -1.100802 V1_INV_PI V1_INV_PI 1.0000 2 0 200 7331
122 0.474699 -0.179599 V1_INV_PI V1_INV_PI 1.0000 2 0 200 7331
123 -1.343006 -0.562776 V1_INV_PI V1_INV_PI 1.0000 2 0 200 7331
124 0.328196 0.162838 V1_INV_PI V1_INV_PI 1.0000 2 0 200 7331
125 -0.665407 -1.110791 V1_INV_PI V1_INV_PI 1.0000 2 0 200 7331
126 -0.478066 0.906120 V1_INV_PI V1_INV_PI 1.0000 2 0 200 7331
127 -0.428211 0.861464 V1_INV_PI V1_INV_PI 1.0000 2 0 200 7331
128 -1.292996 0.603562 V1_INV_PI V1_INV_PI 1.0000 2 0 200 7331
