1 0.449517 -0.053817 V1_INV_PI V1_INV_PI 1.0000 2 0 200 7331
2 0.795255 -0.075148 V1_INV_PI V1_INV_PI 1.0000 2 0 200 7331
3 -0.885340 -0.713488 V1_INV_PI V1_INV_PI 1.0000 2 0 200 7331
4 0.155106 -0.203171 V1_INV_PI V1_INV_PI 1.0000 2 0 200 7331
5 -0.828663 -1.011057 V1_INV_PI V1_INV_PI 1.0000 2 0 200 7331
6 -1.308136 -1.115415 V1_INV_PI V1_INV_PI 1.0000 2 0 200 7331
7 -0.195212 -0.389067 V1_INV_PI V1_INV_PI 1.0000 2 0 200 7331
8 -1.261341 -0.565000 V1_INV_PI V1_INV_PI 1.0000 2 0 200 7331
9 0.121618 -0.042539 V1_INV_PI V1_INV_PI 1.0000 2 0 200 7331
10 -1.284285 -0.902470 V1_INV_PI V1_INV_PI 1.0000 2 0 200 7331
11 -1.128227 -0.287357 V1_INV_PI V1_INV_PI 1.0000 2 0 200 7331
12 0.091323 0.248934 V1_INV_PI V1_INV_PI 1.0000 2 0 200 7331
13 -0.468366 0.107286 V1_INV_PI V1_INV_PI 1.0000 2 0 200 7331
14 0.039177 0.136139 V1_INV_PI V1_INV_PI 1.0000 2 0 200 7331
15 -1.382409 -0.868386 V1_INV_PI V1_INV_PI 1.0000 2 0 200 7331
16 0.794315 0.245187 V1_INV_PI V1_INV_PI 1.0000 2 0 200 7331
17 0.894266 -0.798043 V1_INV_PI V1_INV_PI 1.0000 2 0 200 7331
18 0.974164 -0.695574 V1_INV_PI V1_INV_PI 1.0000 2 0 200 7331
19 -1.119550 0.769475 V1_INV_PI V1_INV_PI 1.0000 2 0 200 7331
20 0.936598 -0.233012 V1_INV_PI V1_INV_PI 1.0000 2 0 200 7331
21 -0.609952 1.023793 V1_INV_PI V1_INV_PI 1.0000 2 0 200 7331
22 -0.867246 -0.085917 V1_INV_PI V1_INV_PI 1.0000 2 0 200 7331
23 -1.424284 -0.255832 V1_INV_PI V1_INV_PI 1.0000 2 0 200 7331
24 0.093641 0.027102 V1_INV_PI V1_INV_PI 1.0000 2 0 200 7331
25 -0.899680 0.843505 V1_INV_PI V1_INV_PI 1.0000 2 0 200 7331
26 0.132800 -0.105079 V1_INV_PI V1_INV_PI 1.0000 2 0 200 7331
27 0.462797 -0.092156 V1_INV_PI V1_INV_PI 1.0000 2 0 200 7331
28 0.051651 0.417528 V1_INV_PI V1_INV_PI 1.0000 2 0 200 7331
29 -0.591576 1.112758 V1_INV_PI V1_INV_PI 1.0000 2 0 200 7331
30 0.896580 -0.145174 V1_INV_PI V1_INV_PI 1.0000 2 0 200 7331
31 -0.758337 -0.146375 V1_INV_PI V1_INV_PI 1.0000 2 0 200 7331
32 0.284126 -0.220104 V1_INV_PI V1_INV_PI 1.0000 2 0 200 7331
33 0.486291 0.248569 V1_INV_PI V1_INV_PI 1.0000 2 0 200 7331
34 -0.160321 0.113993 V1_INV_PI V1_INV_PI 1.0000 2 0 200 7331
35 -0.558463 1.083768 V1_INV_PI V1_INV_PI 1.0000 2 0 200 7331
36 0.611184 1.180201 V1_INV_PI V1_INV_PI 1.0000 2 0 200 7331
37 -0.256780 -0.584662 V1_INV_PI V1_INV_PI 1.0000 2 0 200 7331
38 -0.512113 -0.164438 V1_INV_PI V1_INV_PI 1.0000 2 0 200 7331
39 -1.127034 -0.518523 V1_INV_PI V1_INV_PI 1.0000 2 0 200 7331
40 -1.055933 -0.764743 V1_INV_PI V1_INV_PI 1.0000 2 0 200 7331
41 -1.165538 -0.381489 V1_INV_PI V1_INV_PI 1.0000 2 0 200 7331
42 -0.410854 0.529006 V1_INV_PI V1_INV_PI 1.0000 2 0 200 7331
43 0.429064 -0.953151 V1_INV_PI V1_INV_PI 1.0000 2 0 200 7331
44 0.228027 0.560278 V1_INV_PI V1_INV_PI 1.0000 2 0 200 7331
45 -1.214315 0.689649 V1_INV_PI V1_INV_PI 1.0000 2 0 200 7331
46 -0.348746 0.023245 V1_INV_PI V1_INV_PI 1.0000 2 0 200 7331
47 0.490053 -0.748374 V1_INV_PI V1_INV_PI 1.0000 2 0 200 7331
48 -0.540238 0.442742 V1_INV_PI V1_INV_PI 1.0000 2 0 200 7331
49 0.926485 -1.104112 V1_INV_PI V1_INV_PI 1.0000 2 0 200 7331
50 -0.827023 -1.076442 V1_INV_PI V1_INV_PI 1.0000 2 0 200 7331
51 0.165198 0.300563 V1_INV_PI V1_INV_PI 1.0000 2 0 200 7331
52 -1.319317 0.444862 V1_INV_PI V1_INV_PI 1.0000 2 0 200 7331
53 -0.588893 -1.146186 V1_INV_PI V1_INV_PI 1.0000 2 0 200 7331
54 -1.225053 -0.304276 V1_INV_PI V1_INV_PI 1.0000 2 0 200 7331
55 0.685750 0.046320 V1_INV_PI V1_INV_PI 1.0000 2 0 200 7331
56 0.014325 0.031992 V1_INV_PI V1_INV_PI 1.0000 2 0 200 7331
57 -1.116216 -0.431406 V1_INV_PI V1_INV_PI 1.0000 2 0 200 7331
58 -1.195070 0.158844 V1_INV_PI V1_INV_PI 1.0000 2 0 200 7331
59 -1.125259 -0.808393 V1_INV_PI V1_INV_PI 1.0000 2 0 200 7331
60 -1.072702 0.789024 V1_INV_PI V1_INV_PI 1.0000 2 0 200 7331
61 0.549786 0.080910 V1_INV_PI V1_INV_PI 1.0000 2 0 200 7331
62 -0.841533 -0.887856 V1_INV_PI V1_INV_PI 1.0000 2 0 200 7331
63 0.464886 -0.324865 V1_INV_PI V1_INV_PI 1.0000 2 0 200 7331
64 -0.635326 -0.428661 V1_INV_PI V1_INV_PI 1.0000 2 0 200 7331
65 0.255378 0.578020 V1_INV_PI V1_INV_PI 1.0000 2 0 200 7331
66 -0.608347 0.702862 V1_INV_PI V1_INV_PI 1.0000 2 0 200 7331
67 -1.124130 0.755278 V1_INV_PI V1_INV_PI 1.0000 2 0 200 7331
68 -1.205699 -0.328192 V1_INV_PI V1_INV_PI 1.0000 2 0 200 7331
69 -1.424231 0.181785 V1_INV_PI V1_INV_PI 1.0000 2 0 200 7331
70 -1.194800 0.782289 V1_INV_PI V1_INV_PI 1.0000 2 0 200 7331
71 -0.959552 -0.883109 V1_INV_PI V1_INV_PI 1.0000 2 0 200 7331
72 0.225557 -0.477097 V1_INV_PI V1_INV_PI 1.0000 2 0 200 7331
73 -0.971826 1.029848 V1_INV_PI V1_INV_PI 1.0000 2 0 200 7331
74 0.657762 0.634839 V1_INV_PI V1_INV_PI 1.0000 2 0 200 7331
75 -0.171977 0.444279 V1_INV_PI V1_INV_PI 1.0000 2 0 200 7331
76 0.525715 0.444967 V1_INV_PI V1_INV_PI 1.0000 2 0 200 7331
77 -0.740563 -0.980282 V1_INV_PI V1_INV_PI 1.0000 2 0 200 7331
78 -0.247590 -0.536750 V1_INV_PI V1_INV_PI 1.0000 2 0 200 7331
79 -0.540539 -0.334257 V1_INV_PI V1_INV_PI 1.0000 2 0 200 7331
80 -0.338182 0.546191 V1_INV_PI V1_INV_PI 1.0000 2 0 200 7331
81 -0.239865 0.660604 V1_INV_PI V1_INV_PI 1.0000 2 0 200 7331
82 -0.737612 0.080087 V1_INV_PI V1_INV_PI 1.0000 2 0 200 7331
83 -0.889896 0.351675 V1_INV_PI V1_INV_PI 1.0000 2 0 200 7331
84 -0.815648 0.434868 V1_INV_PI V1_INV_PI 1.0000 2 0 200 7331
85 -0.864131 -0.232836 V1_INV_PI V1_INV_PI 1.0000 2 0 200 7331
86 -1.277228 -0.102399 V1_INV_PI V1_INV_PI 1.0000 2 0 200 7331
87 -1.419311 -0.225174 V1_INV_PI V1_INV_PI 1.0000 2 0 200 7331
88 -0.240013 -0.901152 V1_INV_PI V1_INV_PI 1.0000 2 0 200 7331
89 0.984155 0.172001 V1_INV_PI V1_INV_PI 1.0000 2 0 200 7331
90 0.161950 -0.563762 V1_INV_PI V1_INV_PI 1.0000 2 0 200 7331
91 -0.842730 -0.524462 V1_INV_PI V1_INV_PI 1.0000 2 0 200 7331
92 -0.337700 0.223220 V1_INV_PI V1_INV_PI 1.0000 2 0 200 7331
93 -0.652029 0.479536 V1_INV_PI V1_INV_PI 1.0000 2 0 200 7331
94 0.783148 -0.966286 V1_INV_PI V1_INV_PI 1.0000 2 0 200 7331
95 0.850424 -0.154237 V1_INV_PI V1_INV_PI 1.0000 2 0 200 7331
96 0.804578 0.579403 V1_INV_PI V1_INV_PI 1.0000 2 0 200 7331
97 0.619780 -0.692551 V1_INV_PI V1_INV_PI 1.0000 2 0 200 7331
98 -0.340357 -0.409056 V1_INV_PI V1_INV_PI 1.0000 2 0 200 7331
99 -1.101187 -0.817096 V1_INV_PI V1_INV_PI 1.0000 2 0 200 7331
100 -0.841888 -0.665107 V1_INV_PI V1_INV_PI 1.0000 2 0 200 7331
101 0.997056 -0.471089 V1_INV_PI V1_INV_PI 1.0000 2 0 200 7331
102 0.000866 -0.801421 V1_INV_PI V1_INV_PI 1.0000 2 0 200 7331
103 0.764702 0.950562 V1_INV_PI V1_INV_PI 1.0000 2 0 200 7331
104 -1.276940 0.183387 V1_INV_PI V1_INV_PI 1.0000 2 0 200 7331
105 -0.466867 -0.196651 V1_INV_PI V1_INV_PI 1.0000 2 0 200 7331
106 -0.979122 0.680426 V1_INV_PI V1_INV_PI 1.0000 2 0 200 7331
107 -0.756755 0.753669 V1_INV_PI V1_INV_PI 1.0000 2 0 200 7331
108 -0.774633 -0.970743 V1_INV_PI V1_INV_PI 1.0000 2 0 200 7331
109 0.401678 -0.166349 V1_INV_PI V1_INV_PI 1.0000 2 0 200 7331
110 -0.396974 -0.434641 V1_INV_PI V1_INV_PI 1.0000 2 0 200 7331
111 -1.041429 0.043398 V1_INV_PI V1_INV_PI 1.0000 2 0 200 7331
112 0.250670 0.125877 V1_INV_PI V1_INV_PI 1.0000 2 0 200 7331
113 -0.476334 0.002073 V1_INV_PI V1_INV_PI 1.0000 2 0 200 7331
114 -0.554437 -0.637247 V1_INV_PI V1_INV_PI 1.0000 2 0 200 7331
115 -0.206801 -0.485104 V1_INV_PI V1_INV_PI 1.0000 2 0 200 7331
116 0.339503 1.004073 V1_INV_PI V1_INV_PI 1.0000 2 0 200 7331
117 -1.264931 -0.259199 V1_INV_PI V1_INV_PI 1.0000 2 0 200 7331
118 0.992087 -0.855525 V1_INV_PI V1_INV_PI 1.0000 2 0 200 7331
119 0.920149 1.094121 V1_INV_PI V1_INV_PI 1.0000 2 0 200 7331
120 -0.887439 0.070254 V1_INV_PI V1_INV_PI 1.0000 2 0 200 7331
121 -0.813985 0.200016 V1_INV_PI V1_INV_PI 1.0000 2 0 200 7331
122 0.340666 1.118297 V1_INV_PI V1_INV_PI 1.0000 2 0 200 7331
123 -0.348443 -0.121860 V1_INV_PI V1_INV_PI 1.0000 2 0 200 7331
124 -1.412014 -0.269284 V1_INV_PI V1_INV_PI 1.0000 2 0 200 7331
125 0.904089 1.146140 V1_INV_PI V1_INV_PI 1.0000 2 0 200 7331
126 -0.248322 0.452662 V1_INV_PI V1_INV_PI 1.0000 2 0 200 7331
127 -1.334609 0.091175 V1_INV_PI V1_INV_PI 1.0000 2 0 200 7331
128 0.260946 -0.258127 V1_INV_PI V1_INV_PI 1.0000 2 0 200 7331
