1 -0.783992 0.479306 V1_INV_PI V1_INV_PI 1.0000 2 0 200 7331
2 0.934913 1.012087 V1_INV_PI V1_INV_PI 1.0000 2 0 200 7331
3 -0.694256 -1.017144 V1_INV_PI V1_INV_PI 1.0000 2 0 200 7331
4 0.400602 -0.088339 V1_INV_PI V1_INV_PI 1.0000 2 0 200 7331
5 0.576684 -0.647158 V1_INV_PI V1_INV_PI 1.0000 2 0 200 7331
6 -0.282631 -0.076186 V1_INV_PI V1_INV_PI 1.0000 2 0 200 7331
7 -0.087021 0.052426 V1_INV_PI V1_INV_PI 1.0000 2 0 200 7331
8 -0.199902 -0.503161 V1_INV_PI V1_INV_PI 1.0000 2 0 200 7331
9 0.599464 -0.405257 V1_INV_PI V1_INV_PI 1.0000 2 0 200 7331
10 -1.472037 1.051090 V1_INV_PI V1_INV_PI 1.0000 2 0 200 7331
11 -0.569495 -0.347026 V1_INV_PI V1_INV_PI 1.0000 2 0 200 7331
12 -0.206275 0.306010 V1_INV_PI V1_INV_PI 1.0000 2 0 200 7331
13 -0.435879 0.789762 V1_INV_PI V1_INV_PI 1.0000 2 0 200 7331
14 -0.148200 0.229527 V1_INV_PI V1_INV_PI 1.0000 2 0 200 7331
15 -0.985928 -0.885120 V1_INV_PI V1_INV_PI 1.0000 2 0 200 7331
16 -0.360475 -1.128106 V1_INV_PI V1_INV_PI 1.0000 2 0 200 7331
17 0.374601 0.962461 V1_INV_PI V1_INV_PI 1.0000 2 0 200 7331
18 0.618788 -0.909745 V1_INV_PI V1_INV_PI 1.0000 2 0 200 7331
19 -0.896738 -0.000579 V1_INV_PI V1_INV_PI 1.0000 2 0 200 7331
20 -0.462895 -0.312250 V1_INV_PI V1_INV_PI 1.0000 2 0 200 7331
21 -0.287926 0.612526 V1_INV_PI V1_INV_PI 1.0000 2 0 200 7331
22 -1.204397 0.372455 V1_INV_PI V1_INV_PI 1.0000 2 0 200 7331
23 0.065444 1.024980 V1_INV_PI V1_INV_PI 1.0000 2 0 200 7331
24 -1.168917 0.583791 V1_INV_PI V1_INV_PI 1.0000 2 0 200 7331
25 0.499238 0.594419 V1_INV_PI V1_INV_PI 1.0000 2 0 200 7331
26 0.446988 0.781154 V1_INV_PI V1_INV_PI 1.0000 2 0 200 7331
27 0.687371 -1.004012 V1_INV_PI V1_INV_PI 1.0000 2 0 200 7331
28 0.733146 0.500128 V1_INV_PI V1_INV_PI 1.0000 2 0 200 7331
29 -0.736692 -1.033584 V1_INV_PI V1_INV_PI 1.0000 2 0 200 7331
30 -1.304633 -0.695400 V1_INV_PI V1_INV_PI 1.0000 2 0 200 7331
31 -0.551735 0.934029 V1_INV_PI V1_INV_PI 1.0000 2 0 200 7331
32 -0.599434 0.736281 V1_INV_PI V1_INV_PI 1.0000 2 0 200 7331
33 0.742919 -0.453369 V1_INV_PI V1_INV_PI 1.0000 2 0 200 7331
34 -1.076695 0.159774 V1_INV_PI V1_INV_PI 1.0000 2 0 200 7331
35 -0.912900 1.025196 V1_INV_PI V1_INV_PI 1.0000 2 0 200 7331
36 -0.329257 -0.689885 V1_INV_PI V1_INV_PI 1.0000 2 0 200 7331
37 -1.223293 -1.066355 V1_INV_PI V1_INV_PI 1.0000 2 0 200 7331
38 0.311065 1.159990 V1_INV_PI V1_INV_PI 1.0000 2 0 200 7331
39 -1.444614 0.020215 V1_INV_PI V1_INV_PI 1.0000 2 0 200 7331
40 -0.947930 0.466012 V1_INV_PI V1_INV_PI 1.0000 2 0 200 7331
41 -0.126008 0.581306 V1_INV_PI V1_INV_PI 1.0000 2 0 200 7331
42 -1.326924 0.009609 V1_INV_PI V1_INV_PI 1.0000 2 0 200 7331
43 -0.152938 0.507535 V1_INV_PI V1_INV_PI 1.0000 2 0 200 7331
44 -0.230820 -0.320846 V1_INV_PI V1_INV_PI 1.0000 2 0 200 7331
45 -0.292461 0.192893 V1_INV_PI V1_INV_PI 1.0000 2 0 200 7331
46 -1.153069 0.147662 V1_INV_PI V1_INV_PI 1.0000 2 0 200 7331
47 0.094019 -0.007574 V1_INV_PI V1_INV_PI 1.0000 2 0 200 7331
48 0.740229 -0.196640 V1_INV_PI V1_INV_PI 1.0000 2 0 200 7331
49 -0.324159 -0.090304 V1_INV_PI V1_INV_PI 1.0000 2 0 200 7331
50 0.117153 -1.103368 V1_INV_PI V1_INV_PI 1.0000 2 0 200 7331
51 -0.293992 -0.658467 V1_INV_PI V1_INV_PI 1.0000 2 0 200 7331
52 0.724606 -0.870949 V1_INV_PI V1_INV_PI 1.0000 2 0 200 7331
53 -1.040971 -1.139283 V1_INV_PI V1_INV_PI 1.0000 2 0 200 7331
54 0.196972 0.692495 V1_INV_PI V1_INV_PI 1.0000 2 0 200 7331
55 -0.800719 1.102480 V1_INV_PI V1_INV_PI 1.0000 2 0 200 7331
56 -0.337882 0.937485 V1_INV_PI V1_INV_PI 1.0000 2 0 200 7331
57 0.598366 0.266706 V1_INV_PI V1_INV_PI 1.0000 2 0 200 7331
58 -1.298979 -0.511987 V1_INV_PI V1_INV_PI 1.0000 2 0 200 7331
59 0.173395 0.174802 V1_INV_PI V1_INV_PI 1.0000 2 0 200 7331
60 0.351020 0.405888 V1_INV_PI V1_INV_PI 1.0000 2 0 200 7331
61 -0.056759 -0.858756 V1_INV_PI V1_INV_PI 1.0000 2 0 200 7331
62 -0.718493 0.199328 V1_INV_PI V1_INV_PI 1.0000 2 0 200 7331
63 0.518442 -1.012986 V1_INV_PI V1_INV_PI 1.0000 2 0 200 7331
64 -1.112931 -0.229890 V1_INV_PI V1_INV_PI 1.0000 2 0 200 7331
65 -0.465973 -0.323595 V1_INV_PI V1_INV_PI 1.0000 2 0 200 7331
66 -0.246169 -0.055148 V1_INV_PI V1_INV_PI 1.0000 2 0 200 7331
67 -0.289684 0.133010 V1_INV_PI V1_INV_PI 1.0000 2 0 200 7331
68 -0.313732 -0.458468 V1_INV_PI V1_INV_PI 1.0000 2 0 200 7331
69 0.428208 0.430684 V1_INV_PI V1_INV_PI 1.0000 2 0 200 7331
70 -0.068853 -0.312084 V1_INV_PI V1_INV_PI 1.0000 2 0 200 7331
71 0.817108 -0.693639 V1_INV_PI V1_INV_PI 1.0000 2 0 200 7331
72 -0.048359 1.135918 V1_INV_PI V1_INV_PI 1.0000 2 0 200 7331
73 -0.017695 0.236414 V1_INV_PI V1_INV_PI 1.0000 2 0 200 7331
74 0.107255 -0.273425 V1_INV_PI V1_INV_PI 1.0000 2 0 200 7331
75 0.717925 0.034636 V1_INV_PI V1_INV_PI 1.0000 2 0 200 7331
76 -0.394636 -1.118517 V1_INV_PI V1_INV_PI 1.0000 2 0 200 7331
77 0.743632 0.655886 V1_INV_PI V1_INV_PI 1.0000 2 0 200 7331
78 -1.036391 -0.864891 V1_INV_PI V1_INV_PI 1.0000 2 0 200 7331
79 -0.241015 -0.928964 V1_INV_PI V1_INV_PI 1.0000 2 0 200 7331
80 -1.434118 -0.495157 V1_INV_PI V1_INV_PI 1.0000 2 0 200 7331
81 -0.373044 0.651916 V1_INV_PI V1_INV_PI 1.0000 2 0 200 7331
82 -1.037523 0.469917 V1_INV_PI V1_INV_PI 1.0000 2 0 200 7331
83 -0.453255 0.864130 V1_INV_PI V1_INV_PI 1.0000 2 0 200 7331
84 0.541072 -0.284701 V1_INV_PI V1_INV_PI 1.0000 2 0 200 7331
85 -0.803686 1.017790 V1_INV_PI V1_INV_PI 1.0000 2 0 200 7331
86 -1.041423 -0.288520 V1_INV_PI V1_INV_PI 1.0000 2 0 200 7331
87 -1.463213 0.754410 V1_INV_PI V1_INV_PI 1.0000 2 0 200 7331
88 0.356943 -0.939983 V1_INV_PI V1_INV_PI 1.0000 2 0 200 7331
89 -1.414361 -1.134919 V1_INV_PI V1_INV_PI 1.0000 2 0 200 7331
90 0.012464 -0.591649 V1_INV_PI V1_INV_PI 1.0000 2 0 200 7331
91 -0.227530 0.707547 V1_INV_PI V1_INV_PI 1.0000 2 0 200 7331
92 0.937446 0.234167 V1_INV_PI V1_INV_PI 1.0000 2 0 200 7331
93 -0.161927 0.375517 V1_INV_PI V1_INV_PI 1.0000 2 0 200 7331
94 -0.796796 0.933859 V1_INV_PI V1_INV_PI 1.0000 2 0 200 7331
95 -0.440244 0.994061 V1_INV_PI V1_INV_PI 1.0000 2 0 200 7331
96 -1.397021 1.021906 V1_INV_PI V1_INV_PI 1.0000 2 0 200 7331
97 -0.652766 -0.754233 V1_INV_PI V1_INV_PI 1.0000 2 0 200 7331
98 -0.412548 0.913558 V1_INV_PI V1_INV_PI 1.0000 2 0 200 7331
99 0.704048 1.023252 V1_INV_PI V1_INV_PI 1.0000 2 0 200 7331
100 -1.149978 -0.049685 V1_INV_PI V1_INV_PI 1.0000 2 0 200 7331
101 0.586545 0.880035 V1_INV_PI V1_INV_PI 1.0000 2 0 200 7331
102 -0.666801 -0.659229 V1_INV_PI V1_INV_PI 1.0000 2 0 200 7331
103 0.427329 -1.075626 V1_INV_PI V1_INV_PI 1.0000 2 0 200 7331
104 -1.184387 0.232470 V1_INV_PI V1_INV_PI 1.0000 2 0 200 7331
105 0.998061 -0.315944 V1_INV_PI V1_INV_PI 1.0000 2 0 200 7331
106 0.230027 -1.087083 V1_INV_PI V1_INV_PI 1.0000 2 0 200 7331
107 0.974188 -0.379709 V1_INV_PI V1_INV_PI 1.0000 2 0 200 7331
108 -0.386602 -0.901836 V1_INV_PI V1_INV_PI 1.0000 2 0 200 7331
109 -1.366647 -0.254524 V1_INV_PI V1_INV_PI 1.0000 2 0 200 7331
110 0.203822 0.298061 V1_INV_PI V1_INV_PI 1.0000 2 0 200 7331
111 -0.629146 0.411210 V1_INV_PI V1_INV_PI 1.0000 2 0 200 7331
112 -1.220231 0.085879 V1_INV_PI V1_INV_PI 1.0000 2 0 200 7331
113 -0.112636 0.122017 V1_INV_PI V1_INV_PI 1.0000 2 0 200 7331
114 -1.484589 1.067291 V1_INV_PI V1_INV_PI 1.0000 2 0 200 7331
115 -0.112259 -1.126882 V1_INV_PI V1_INV_PI 1.0000 2 0 200 7331
116 -0.428833 -0.437114 V1_INV_PI V1_INV_PI 1.0000 2 0 200 7331
117 -0.483719 0.225903 V1_INV_PI V1_INV_PI 1.0000 2 0 200 7331
118 0.221701 -0.156645 V1_INV_PI V1_INV_PI 1.0000 2 0 200 7331
119 0.155177 0.349420 V1_INV_PI V1_INV_PI 1.0000 2 0 200 7331
120 -1.117980 0.004028 V1_INV_PI V1_INV_PI 1.0000 2 0 200 7331
121 -0.875096 0.168400 V1_INV_PI V1_INV_PI 1.0000 2 0 200 7331
122 0.307955 -0.259849 V1_INV_PI V1_INV_PI 1.0000 2 0 200 7331
123 -0.615678 -1.078416 V1_INV_PI V1_INV_PI 1.0000 2 0 200 7331
124 0.728277 -0.258406 V1_INV_PI V1_INV_PI 1.0000 2 0 200 7331
125 0.078925 -0.951242 V1_INV_PI V1_INV_PI 1.0000 2 0 200 7331
126 0.004544 -0.883702 V1_INV_PI V1_INV_PI 1.0000 2 0 200 7331
127 -0.020738 -1.113758 V1_INV_PI V1_INV_PI 1.0000 2 0 200 7331
128 -0.008179 0.890677 V1_INV_PI V1_INV_PI 1.0000 2 0 200 7331
