1	0.837000	0.886822	0.879053	0.599214	0.722797	0.902389	0.998507	0.000000	0.033197	0.001111	2	0.634444	1.000000	4.5	0
2	0.807022	0.852310	0.874189	0.600458	0.580948	0.905255	0.998777	0.003127	0.094212	0.001111	6	0.544444	1.000000	3.7	0
3	0.744600	0.694479	0.875676	0.641871	0.536920	0.815410	0.936662	0.074705	0.077021	0.050000	13	0.417778	0.950000	3.7	0
4	0.835358	0.887436	0.882473	0.598840	0.711999	0.898843	0.997838	0.000000	0.022837	0.001111	2	0.686667	1.000000	3.6	0
5	0.788549	0.811906	0.829869	0.603366	0.592938	0.879108	0.998532	0.000000	0.040313	0.001111	11	0.441111	1.000000	3.7	0
6	0.840244	0.891971	0.884886	0.599174	0.727963	0.904622	0.998365	0.000000	0.030974	0.001111	2	0.640000	1.000000	3.6	0
7	0.755977	0.736706	0.808260	0.669127	0.562039	0.774762	0.997813	0.368889	0.005378	0.272222	57	0.333333	1.000000	3.8	0
8	0.676625	0.632874	0.672198	0.606866	0.493926	0.685036	0.998016	0.000000	0.010496	0.001111	11	0.325556	1.000000	3.6	0
9	0.684705	0.646600	0.694131	0.607260	0.484863	0.703121	0.997658	0.000000	0.010133	0.001111	12	0.336667	1.000000	3.7	0
10	0.820939	0.865759	0.861086	0.598808	0.685896	0.886282	0.997926	0.000000	0.024291	0.001111	2	0.711111	1.000000	3.6	0
11	0.770726	0.779979	0.808198	0.608065	0.573541	0.849849	0.998554	0.018333	0.010608	0.001111	17	0.373333	1.000000	3.7	0
12	0.840021	0.891400	0.880342	0.599516	0.729935	0.905946	0.998735	0.000000	0.031276	0.001111	3	0.603333	1.000000	3.6	0
13	0.747536	0.737294	0.796779	0.616869	0.548473	0.795534	0.997096	0.125526	0.015343	0.036667	25	0.341111	1.000000	3.7	0
14	0.662493	0.599271	0.694459	0.613246	0.468807	0.643708	0.997615	0.040027	0.011846	0.005556	17	0.295556	1.000000	3.8	0
15	0.721553	0.699022	0.742427	0.608985	0.543227	0.752861	0.997815	0.005697	0.011503	0.001111	14	0.336667	1.000000	3.7	0
16	0.829236	0.883824	0.879924	0.598547	0.687433	0.892205	0.997092	0.000000	0.014184	0.001111	2	0.737778	1.000000	3.6	0
17	0.846047	0.900867	0.890765	0.599395	0.740465	0.909729	0.998512	0.000000	0.028276	0.001111	3	0.613333	1.000000	3.6	0
18	0.832557	0.879733	0.873161	0.599143	0.715389	0.898003	0.998464	0.000000	0.032416	0.001111	2	0.650000	1.000000	3.7	0
19	0.833449	0.891349	0.881546	0.600293	0.680039	0.909968	0.998896	0.000000	0.061446	0.001111	5	0.548889	1.000000	3.7	0
20	0.811674	0.855241	0.852630	0.598391	0.667135	0.870840	0.996763	0.000000	0.011481	0.001111	2	0.821111	1.000000	3.6	0
21	0.839559	0.893461	0.888429	0.598850	0.720754	0.902103	0.997820	0.000000	0.022280	0.001111	2	0.678889	1.000000	3.6	0
22	0.607631	0.512480	0.678366	0.550519	0.422955	0.545914	0.998987	0.260388	0.015463	0.121111	21	0.306667	0.693333	4.2	0
23	0.696533	0.660805	0.714889	0.606712	0.508143	0.715912	0.996555	0.003127	0.010255	0.001111	12	0.358889	1.000000	3.7	0
24	0.833756	0.884690	0.879495	0.598869	0.710096	0.897519	0.997912	0.000000	0.023846	0.001111	2	0.684444	1.000000	3.6	0
25	0.735532	0.664744	0.879646	0.602991	0.520868	0.850888	0.941249	0.015073	0.038584	0.014444	14	0.488889	1.000000	3.6	0
26	0.689958	0.618153	0.888128	0.613395	0.516307	0.732445	0.819189	0.028661	0.147768	0.023333	12	0.473333	0.986667	3.7	0
27	0.822407	0.872305	0.867766	0.598627	0.678296	0.886818	0.997366	0.000000	0.017206	0.001111	2	0.740000	1.000000	3.7	0
28	0.824043	0.875481	0.870983	0.598580	0.679816	0.887875	0.997232	0.000000	0.015687	0.001111	2	0.742222	1.000000	3.6	0
29	0.817331	0.872774	0.880495	0.600545	0.605828	0.908564	0.998821	0.000000	0.092004	0.001111	6	0.536667	1.000000	3.6	0
30	0.785681	0.802273	0.841252	0.604007	0.571032	0.886946	0.997516	0.008058	0.029780	0.001111	15	0.435556	1.000000	3.6	0
31	0.849566	0.906758	0.897343	0.599288	0.745439	0.912072	0.998365	0.000000	0.030774	0.001111	2	0.621111	1.000000	3.7	0
32	0.711093	0.638732	0.876010	0.620114	0.521464	0.780807	0.877674	0.044941	0.135019	0.050000	16	0.446667	0.978889	3.7	0
33	0.836869	0.890660	0.886297	0.598747	0.712566	0.899456	0.997626	0.000000	0.020032	0.001111	2	0.696667	1.000000	3.6	0
34	0.813993	0.864292	0.892318	0.601182	0.582445	0.912106	0.998084	0.000000	0.143717	0.001111	8	0.520000	1.000000	3.7	0
35	0.848754	0.906191	0.891809	0.599883	0.744467	0.913170	0.998710	0.000000	0.034100	0.001111	3	0.573333	1.000000	3.6	0
36	0.803057	0.841216	0.871262	0.601164	0.579449	0.901606	0.998205	0.003127	0.101533	0.001111	9	0.516667	1.000000	3.6	0
37	0.846993	0.903157	0.895700	0.599127	0.739096	0.909262	0.998171	0.000000	0.027463	0.001111	2	0.642222	1.000000	3.6	0
38	0.814006	0.865502	0.859333	0.598530	0.650058	0.879157	0.997126	0.000000	0.013996	0.001111	2	0.770000	1.000000	3.6	0
39	0.811832	0.853928	0.852767	0.598330	0.670147	0.871055	0.996698	0.000000	0.011153	0.001111	2	0.834444	1.000000	3.7	0
40	0.834205	0.895753	0.887118	0.600422	0.669813	0.912269	0.998823	0.000000	0.064926	0.001111	6	0.543333	1.000000	3.7	0
41	0.644853	0.579438	0.652674	0.609409	0.452539	0.620824	0.997843	0.003127	0.008909	0.001111	13	0.297778	1.000000	3.8	0
42	0.779083	0.776285	0.853330	0.611147	0.561331	0.883252	0.991019	0.092742	0.021951	0.061111	32	0.390000	1.000000	3.7	0
43	0.842011	0.895367	0.887791	0.599158	0.730176	0.905698	0.998304	0.000000	0.029679	0.001111	2	0.642222	1.000000	3.7	0
44	0.814826	0.821924	0.849847	0.720981	0.616389	0.875834	0.999248	0.209204	0.019187	0.087778	16	0.365556	0.753333	4.0	0
45	0.831609	0.878090	0.868288	0.599539	0.714131	0.899739	0.998876	0.000000	0.035499	0.001111	3	0.607778	1.000000	3.6	0
46	0.707651	0.671899	0.735739	0.612762	0.529017	0.722694	0.997629	0.027248	0.008899	0.001111	18	0.314444	1.000000	3.7	0
47	0.814387	0.865449	0.883433	0.601148	0.596929	0.906865	0.998455	0.000000	0.112075	0.001111	9	0.514444	1.000000	3.6	0
48	0.832403	0.884937	0.881085	0.598661	0.702191	0.895068	0.997451	0.000000	0.017859	0.001111	2	0.716667	1.000000	3.6	0
49	0.778842	0.795211	0.816287	0.603991	0.580528	0.867575	0.998550	0.003127	0.031696	0.001111	12	0.426667	1.000000	3.6	0
50	0.837934	0.899473	0.888750	0.600406	0.686150	0.913003	0.998796	0.000000	0.059632	0.001111	5	0.545556	1.000000	3.7	0
51	0.841551	0.894470	0.886875	0.599184	0.729537	0.905607	0.998350	0.000000	0.030573	0.001111	2	0.638889	1.000000	3.6	0
52	0.717071	0.690764	0.737004	0.610142	0.540535	0.743473	0.998048	0.012404	0.015013	0.001111	14	0.326667	1.000000	3.7	0
53	0.840312	0.893089	0.880983	0.599749	0.726154	0.907902	0.998807	0.000000	0.037134	0.001111	3	0.586667	1.000000	3.6	0
54	0.826620	0.879444	0.875314	0.598591	0.683963	0.890010	0.997183	0.000000	0.015148	0.001111	2	0.740000	1.000000	3.6	0
55	0.819236	0.869571	0.864485	0.598573	0.668186	0.883793	0.997254	0.000000	0.015766	0.001111	2	0.751111	1.000000	3.6	0
56	0.836418	0.889904	0.877270	0.599985	0.709322	0.907449	0.998923	0.000000	0.045023	0.001111	4	0.570000	1.000000	3.6	0
57	0.844144	0.899373	0.893784	0.598940	0.731636	0.906368	0.997943	0.000000	0.024067	0.001111	2	0.663333	1.000000	3.6	0
58	0.759251	0.721504	0.862786	0.606923	0.535156	0.879176	0.975126	0.040722	0.041244	0.041111	24	0.427778	1.000000	3.6	0
59	0.784053	0.791543	0.848832	0.607459	0.566836	0.890376	0.994276	0.047463	0.027842	0.018889	23	0.402222	1.000000	3.8	0
60	0.761245	0.757926	0.819214	0.676597	0.536911	0.784593	0.994440	0.239114	0.030027	0.067778	10	0.377778	0.622222	4.3	0
61	0.786278	0.803323	0.839468	0.604411	0.574824	0.886777	0.997503	0.010281	0.039600	0.001111	15	0.426667	1.000000	3.7	0
62	0.702306	0.629087	0.889600	0.616877	0.516978	0.780291	0.829814	0.040230	0.178563	0.027778	12	0.471111	0.982222	3.7	0
63	0.745730	0.736932	0.775256	0.610048	0.567411	0.792769	0.997829	0.016418	0.014058	0.001111	15	0.343333	1.000000	3.7	0
64	0.821794	0.836641	0.884148	0.714748	0.599382	0.891459	0.994487	0.152004	0.052347	0.045556	12	0.408889	0.855556	3.9	0
65	0.756329	0.715273	0.887956	0.649683	0.546568	0.817590	0.948277	0.080755	0.060213	0.045556	11	0.432222	0.941111	3.7	0
66	0.845999	0.900281	0.888355	0.599558	0.742929	0.910021	0.998661	0.000000	0.028733	0.001111	3	0.600000	1.000000	3.6	0
67	0.708444	0.574396	0.890471	0.601752	0.507482	0.789453	0.976477	0.003127	0.019875	0.005556	8	0.520000	0.998889	3.6	0
68	0.674456	0.598451	0.890166	0.608325	0.512563	0.751678	0.736224	0.016418	0.208839	0.014444	9	0.490000	0.992222	3.7	0
69	0.789712	0.814483	0.836486	0.603255	0.584690	0.884566	0.998276	0.003127	0.037166	0.001111	11	0.446667	1.000000	3.6	0
70	0.831086	0.878651	0.872254	0.599083	0.709606	0.896827	0.998386	0.000000	0.031109	0.001111	2	0.656667	1.000000	3.7	0
71	0.828876	0.849135	0.882392	0.723492	0.611288	0.896338	0.997105	0.158577	0.047546	0.045556	13	0.402222	0.840000	3.9	0
72	0.823504	0.873300	0.869085	0.598634	0.681704	0.887717	0.997385	0.000000	0.017506	0.001111	2	0.737778	1.000000	3.6	0
73	0.792938	0.784168	0.835555	0.721168	0.588874	0.835250	0.998462	0.420029	0.010788	0.401111	99	0.351111	1.000000	3.9	0
74	0.738896	0.722182	0.777564	0.614060	0.555366	0.778484	0.996860	0.058002	0.014080	0.010000	21	0.330000	1.000000	3.7	0
75	0.830908	0.882473	0.871485	0.599993	0.693259	0.904850	0.999009	0.000000	0.051011	0.001111	4	0.570000	1.000000	3.6	0
76	0.837072	0.861484	0.876378	0.735377	0.628935	0.904519	0.999462	0.178237	0.032121	0.050000	11	0.392222	0.804444	4.0	0
77	0.827147	0.871538	0.863739	0.599304	0.705283	0.894695	0.998730	0.000000	0.037746	0.001111	3	0.632222	1.000000	3.6	0
78	0.787246	0.790829	0.837461	0.700066	0.576899	0.820114	0.995716	0.229851	0.014935	0.067778	13	0.362222	0.665556	4.2	0
79	0.795394	0.819477	0.881408	0.601616	0.559254	0.898151	0.996398	0.003127	0.104479	0.001111	11	0.502222	1.000000	3.6	0
80	0.802646	0.800800	0.869567	0.697355	0.579449	0.882144	0.987788	0.141667	0.068520	0.050000	13	0.392222	0.871111	3.9	0
81	0.634316	0.556874	0.643381	0.613802	0.455345	0.589643	0.998478	0.035360	0.016149	0.005556	17	0.263333	1.000000	3.7	0
82	0.759896	0.722367	0.882086	0.653386	0.547552	0.824228	0.954776	0.085134	0.061864	0.050000	13	0.421111	0.936667	3.7	0
83	0.815169	0.867823	0.862152	0.598472	0.652195	0.878417	0.996854	0.000000	0.011703	0.001111	2	0.785556	1.000000	4.0	0
84	0.826987	0.874205	0.869634	0.598809	0.698109	0.891759	0.997929	0.000000	0.024117	0.001111	2	0.697778	1.000000	3.6	0
85	0.842489	0.896569	0.890517	0.599010	0.729128	0.905577	0.998078	0.000000	0.026062	0.001111	2	0.656667	1.000000	3.7	0
86	0.848574	0.904405	0.893387	0.599426	0.747503	0.911040	0.998461	0.000000	0.025173	0.001111	3	0.611111	1.000000	3.6	0
87	0.596720	0.480718	0.636530	0.635584	0.394136	0.511439	0.999247	0.340688	0.010428	0.272222	62	0.252222	1.000000	3.8	0
88	0.713750	0.682764	0.753862	0.622486	0.516417	0.729905	0.997721	0.160385	0.013304	0.076667	28	0.306667	1.000000	4.1	0
89	0.784437	0.796739	0.862081	0.601347	0.550656	0.890934	0.996667	0.003127	0.089613	0.005556	9	0.508889	1.000000	3.9	0
90	0.816007	0.869974	0.863762	0.598479	0.650440	0.880470	0.996940	0.000000	0.012243	0.001111	2	0.772222	1.000000	3.6	0
91	0.828624	0.891579	0.890648	0.600712	0.634736	0.913286	0.998816	0.000000	0.088514	0.001111	6	0.531111	1.000000	3.7	0
92	0.840366	0.904440	0.893220	0.600505	0.687322	0.915240	0.998752	0.000000	0.060147	0.001111	5	0.542222	1.000000	4.6	0
93	0.849390	0.906669	0.897084	0.599323	0.744669	0.912025	0.998385	0.000000	0.031266	0.001111	2	0.620000	1.000000	4.1	0
94	0.819443	0.865433	0.857169	0.600002	0.666836	0.897371	0.999186	0.000000	0.062338	0.001111	5	0.573333	1.000000	5.0	0
95	0.750073	0.728396	0.804065	0.661006	0.558141	0.765523	0.997758	0.358631	0.006364	0.241111	55	0.323333	1.000000	4.1	0
96	0.784280	0.805357	0.825182	0.603195	0.583347	0.876233	0.998315	0.003127	0.019083	0.001111	12	0.443333	1.000000	4.4	0
97	0.667290	0.596845	0.696941	0.624813	0.484187	0.650010	0.997907	0.212422	0.014059	0.118889	40	0.285556	1.000000	3.9	0
98	0.787164	0.810806	0.819009	0.603527	0.602913	0.872190	0.998778	0.000000	0.027716	0.001111	10	0.435556	1.000000	4.3	0
99	0.691000	0.653884	0.715893	0.607137	0.488766	0.708104	0.996960	0.000000	0.010236	0.001111	12	0.352222	1.000000	3.8	0
100	0.789586	0.807970	0.874586	0.602329	0.560747	0.886322	0.993303	0.008058	0.129008	0.005556	11	0.482222	1.000000	4.5	0
101	0.814823	0.865907	0.892321	0.601241	0.585243	0.912078	0.998093	0.000000	0.142277	0.001111	9	0.518889	1.000000	3.6	0
102	0.811788	0.859136	0.892670	0.601092	0.575960	0.912312	0.997991	0.000000	0.147429	0.001111	7	0.522222	1.000000	3.8	0
103	0.622361	0.533532	0.693807	0.563157	0.435192	0.569162	0.998535	0.285322	0.006442	0.163333	27	0.305556	0.694444	4.2	0
104	0.814933	0.865847	0.892518	0.601311	0.586044	0.911801	0.998134	0.000000	0.137371	0.001111	8	0.516667	1.000000	3.7	0
105	0.819364	0.874240	0.869195	0.598481	0.657159	0.883688	0.996835	0.000000	0.011663	0.001111	2	0.771111	1.000000	3.6	0
106	0.840452	0.904299	0.893313	0.600471	0.688008	0.915312	0.998747	0.000000	0.059998	0.001111	4	0.544444	1.000000	4.3	0
107	0.813872	0.866489	0.880379	0.600518	0.593828	0.908157	0.998782	0.000000	0.092529	0.001111	6	0.540000	1.000000	3.6	0
108	0.824197	0.869737	0.864910	0.598844	0.693997	0.889288	0.998044	0.000000	0.025801	0.001111	2	0.698889	1.000000	5.1	0
109	0.783093	0.803076	0.819921	0.604794	0.589288	0.869773	0.998383	0.000000	0.024185	0.001111	11	0.412222	1.000000	4.9	0
110	0.847153	0.902212	0.891574	0.599423	0.744131	0.910360	0.998515	0.000000	0.026351	0.001111	3	0.612222	1.000000	3.7	0
111	0.667163	0.609045	0.735804	0.594464	0.459305	0.645338	0.997764	0.266540	0.005691	0.118889	24	0.360000	0.640000	4.5	0
112	0.738306	0.717513	0.792539	0.638449	0.534287	0.763063	0.997845	0.313323	0.008767	0.147778	43	0.326667	1.000000	4.0	0
113	0.832218	0.853047	0.868164	0.734282	0.625521	0.898888	0.999519	0.189533	0.026345	0.058889	12	0.384444	0.781111	4.0	0
114	0.845698	0.906395	0.892643	0.600219	0.721391	0.914377	0.998696	0.000000	0.045302	0.001111	4	0.553333	1.000000	3.6	0
115	0.833362	0.881696	0.871459	0.599607	0.714264	0.902041	0.998885	0.000000	0.036692	0.001111	3	0.602222	1.000000	3.7	0
116	0.711345	0.651540	0.888982	0.624073	0.526476	0.762301	0.854567	0.047463	0.099341	0.032222	11	0.457778	0.973333	4.3	0
117	0.757630	0.754557	0.796391	0.613237	0.568072	0.817445	0.998127	0.060573	0.016282	0.005556	21	0.346667	1.000000	3.7	0
118	0.837911	0.863109	0.876698	0.736295	0.629794	0.905302	0.999468	0.184324	0.034222	0.050000	12	0.392222	0.803333	4.0	0
119	0.753340	0.709057	0.864011	0.607018	0.531714	0.870704	0.967057	0.037543	0.033547	0.041111	23	0.430000	1.000000	3.7	0
120	0.756809	0.712565	0.873573	0.650375	0.542869	0.833938	0.957030	0.087152	0.065181	0.054444	11	0.414444	0.937778	4.0	0
121	0.740213	0.722243	0.799326	0.617222	0.528848	0.788935	0.996682	0.145692	0.006910	0.067778	28	0.345556	1.000000	3.7	0
122	0.813345	0.864108	0.889479	0.600966	0.583066	0.910251	0.998358	0.000000	0.130675	0.001111	8	0.525556	1.000000	3.6	0
123	0.834262	0.882332	0.875704	0.599175	0.718181	0.899664	0.998472	0.000000	0.032671	0.001111	2	0.647778	1.000000	3.6	0
124	0.709567	0.643509	0.881342	0.621602	0.523756	0.768774	0.862460	0.043059	0.088103	0.036667	13	0.448889	0.976667	4.0	0
125	0.696374	0.624934	0.882269	0.615423	0.518976	0.741813	0.842456	0.034610	0.136529	0.036667	11	0.463333	0.984444	3.7	0
126	0.830426	0.884669	0.880879	0.598559	0.692358	0.892819	0.997108	0.000000	0.014331	0.001111	2	0.734444	1.000000	3.6	0
127	0.780208	0.786540	0.853156	0.602545	0.553592	0.886545	0.994650	0.006253	0.031201	0.005556	12	0.470000	1.000000	3.7	0
128	0.841391	0.896921	0.891744	0.598855	0.722649	0.903410	0.997750	0.000000	0.021563	0.001111	2	0.678889	1.000000	3.7	0
