1 0.499138 -0.893549 V1_INV_PI V1_INV_PI 1.0000 2 0 200 7331
2 0.154465 -0.868253 V1_INV_PI V1_INV_PI 1.0000 2 0 200 7331
3 -0.330643 0.543178 V1_INV_PI V1_INV_PI 1.0000 2 0 200 7331
4 0.718053 0.699561 V1_INV_PI V1_INV_PI 1.0000 2 0 200 7331
5 -0.580974 -1.135901 V1_INV_PI V1_INV_PI 1.0000 2 0 200 7331
6 0.564073 0.763638 V1_INV_PI V1_INV_PI 1.0000 2 0 200 7331
7 -0.843871 0.349812 V1_INV_PI V1_INV_PI 1.0000 2 0 200 7331
8 -1.466975 -1.003988 V1_INV_PI V1_INV_PI 1.0000 2 0 200 7331
9 -1.343541 1.021290 V1_INV_PI V1_INV_PI 1.0000 2 0 200 7331
10 0.576584 -1.120316 V1_INV_PI V1_INV_PI 1.0000 2 0 200 7331
11 -0.877615 0.897287 V1_INV_PI V1_INV_PI 1.0000 2 0 200 7331
12 0.416939 -0.831891 V1_INV_PI V1_INV_PI 1.0000 2 0 200 7331
13 -0.889943 0.632637 V1_INV_PI V1_INV_PI 1.0000 2 0 200 7331
14 -1.290498 0.655605 V1_INV_PI V1_INV_PI 1.0000 2 0 200 7331
15 -1.157854 -0.911857 V1_INV_PI V1_INV_PI 1.0000 2 0 200 7331
16 0.936326 -0.287535 V1_INV_PI V1_INV_PI 1.0000 2 0 200 7331
17 0.549843 -0.544540 V1_INV_PI V1_INV_PI 1.0000 2 0 200 7331
18 0.474722 -1.014893 V1_INV_PI V1_INV_PI 1.0000 2 0 200 7331
19 0.246515 0.721820 V1_INV_PI V1_INV_PI 1.0000 2 0 200 7331
20 0.917383 0.878499 V1_INV_PI V1_INV_PI 1.0000 2 0 200 7331
21 0.759865 -0.505906 V1_INV_PI V1_INV_PI 1.0000 2 0 200 7331
22 -1.261709 -0.069994 V1_INV_PI V1_INV_PI 1.0000 2 0 200 7331
23 -1.239376 -1.103520 V1_INV_PI V1_INV_PI 1.0000 2 0 200 7331
24 0.680736 -0.781728 V1_INV_PI V1_INV_PI 1.0000 2 0 200 7331
25 -0.009669 -0.620485 V1_INV_PI V1_INV_PI 1.0000 2 0 200 7331
26 0.015933 0.262197 V1_INV_PI V1_INV_PI 1.0000 2 0 200 7331
27 0.787810 -0.822812 V1_INV_PI V1_INV_PI 1.0000 2 0 200 7331
28 0.849832 -0.684382 V1_INV_PI V1_INV_PI 1.0000 2 0 200 7331
29 0.196311 0.723653 V1_INV_PI V1_INV_PI 1.0000 2 0 200 7331
30 -0.511216 -1.022454 V1_INV_PI V1_INV_PI 1.0000 2 0 200 7331
31 0.652624 -0.040149 V1_INV_PI V1_INV_PI 1.0000 2 0 200 7331
32 -0.219235 -0.602267 V1_INV_PI V1_INV_PI 1.0000 2 0 200 7331
33 0.806111 -0.497912 V1_INV_PI V1_INV_PI 1.0000 2 0 200 7331
34 0.237407 0.102932 V1_INV_PI V1_INV_PI 1.0000 2 0 200 7331
35 0.444746 -0.366496 V1_INV_PI V1_INV_PI 1.0000 2 0 200 7331
36 0.019381 -0.865009 V1_INV_PI V1_INV_PI 1.0000 2 0 200 7331
37 0.696269 0.236221 V1_INV_PI V1_INV_PI 1.0000 2 0 200 7331
38 0.884422 -0.694664 V1_INV_PI V1_INV_PI 1.0000 2 0 200 7331
39 0.913398 0.983267 V1_INV_PI V1_INV_PI 1.0000 2 0 200 7331
40 0.283653 -0.529159 V1_INV_PI V1_INV_PI 1.0000 2 0 200 7331
41 -1.490352 -0.788815 V1_INV_PI V1_INV_PI 1.0000 2 0 200 7331
42 -0.589030 -0.702140 V1_INV_PI V1_INV_PI 1.0000 2 0 200 7331
43 0.610467 -0.634876 V1_INV_PI V1_INV_PI 1.0000 2 0 200 7331
44 -0.652745 0.414267 V1_INV_PI V1_INV_PI 1.0000 2 0 200 7331
45 0.295478 -1.075341 V1_INV_PI V1_INV_PI 1.0000 2 0 200 7331
46 -1.170176 -0.726441 V1_INV_PI V1_INV_PI 1.0000 2 0 200 7331
47 0.138066 -0.592292 V1_INV_PI V1_INV_PI 1.0000 2 0 200 7331
48 0.829955 0.582638 V1_INV_PI V1_INV_PI 1.0000 2 0 200 7331
49 -0.717765 -1.158665 V1_INV_PI V1_INV_PI 1.0000 2 0 200 7331
50 0.302538 0.465201 V1_INV_PI V1_INV_PI 1.0000 2 0 200 7331
51 0.587692 -0.679871 V1_INV_PI V1_INV_PI 1.0000 2 0 200 7331
52 -1.187161 -0.844292 V1_INV_PI V1_INV_PI 1.0000 2 0 200 7331
53 0.353728 -0.807319 V1_INV_PI V1_INV_PI 1.0000 2 0 200 7331
54 0.878806 0.545829 V1_INV_PI V1_INV_PI 1.0000 2 0 200 7331
55 0.829778 -0.780501 V1_INV_PI V1_INV_PI 1.0000 2 0 200 7331
56 0.272802 0.842587 V1_INV_PI V1_INV_PI 1.0000 2 0 200 7331
57 0.749495 0.351457 V1_INV_PI V1_INV_PI 1.0000 2 0 200 7331
58 -0.392482 -0.766199 V1_INV_PI V1_INV_PI 1.0000 2 0 200 7331
59 -0.581847 0.819527 V1_INV_PI V1_INV_PI 1.0000 2 0 200 7331
60 -0.653577 0.025395 V1_INV_PI V1_INV_PI 1.0000 2 0 200 7331
61 -0.549506 1.004778 V1_INV_PI V1_INV_PI 1.0000 2 0 200 7331
62 -0.009855 -0.001782 V1_INV_PI V1_INV_PI 1.0000 2 0 200 7331
63 -1.043186 0.831785 V1_INV_PI V1_INV_PI 1.0000 2 0 200 7331
64 -0.306025 -0.142354 V1_INV_PI V1_INV_PI 1.0000 2 0 200 7331
65 -0.167082 -0.137156 V1_INV_PI V1_INV_PI 1.0000 2 0 200 7331
66 0.483993 0.598927 V1_INV_PI V1_INV_PI 1.0000 2 0 200 7331
67 0.230375 0.313752 V1_INV_PI V1_INV_PI 1.0000 2 0 200 7331
68 0.097496 0.197067 V1_INV_PI V1_INV_PI 1.0000 2 0 200 7331
69 -0.515419 1.103058 V1_INV_PI V1_INV_PI 1.0000 2 0 200 7331
70 0.498265 1.015920 V1_INV_PI V1_INV_PI 1.0000 2 0 200 7331
71 -0.338220 0.167202 V1_INV_PI V1_INV_PI 1.0000 2 0 200 7331
72 0.782984 0.824925 V1_INV_PI V1_INV_PI 1.0000 2 0 200 7331
73 -0.714486 0.414472 V1_INV_PI V1_INV_PI 1.0000 2 0 200 7331
74 -1.008241 0.690961 V1_INV_PI V1_INV_PI 1.0000 2 0 200 7331
75 0.211998 -0.966814 V1_INV_PI V1_INV_PI 1.0000 2 0 200 7331
76 -0.419381 0.238910 V1_INV_PI V1_INV_PI 1.0000 2 0 200 7331
77 0.342080 -1.151913 V1_INV_PI V1_INV_PI 1.0000 2 0 200 7331
78 -0.592425 0.227517 V1_INV_PI V1_INV_PI 1.0000 2 0 200 7331
79 0.073967 -0.611908 V1_INV_PI V1_INV_PI 1.0000 2 0 200 7331
80 -0.488382 0.490060 V1_INV_PI V1_INV_PI 1.0000 2 0 200 7331
81 -1.470022 0.476114 V1_INV_PI V1_INV_PI 1.0000 2 0 200 7331
82 -0.277328 -0.371850 V1_INV_PI V1_INV_PI 1.0000 2 0 200 7331
83 0.986553 -0.358813 V1_INV_PI V1_INV_PI 1.0000 2 0 200 7331
84 0.619912 -1.011371 V1_INV_PI V1_INV_PI 1.0000 2 0 200 7331
85 0.687775 0.542565 V1_INV_PI V1_INV_PI 1.0000 2 0 200 7331
86 0.576209 0.369365 V1_INV_PI V1_INV_PI 1.0000 2 0 200 7331
87 -1.424523 0.087683 V1_INV_PI V1_INV_PI 1.0000 2 0 200 7331
88 -1.054813 0.430657 V1_INV_PI V1_INV_PI 1.0000 2 0 200 7331
89 -0.081878 0.999859 V1_INV_PI V1_INV_PI 1.0000 2 0 200 7331
90 0.976187 -0.353908 V1_INV_PI V1_INV_PI 1.0000 2 0 200 7331
91 0.275406 -0.334428 V1_INV_PI V1_INV_PI 1.0000 2 0 200 7331
92 0.340776 0.044450 V1_INV_PI V1_INV_PI 1.0000 2 0 200 7331
93 0.642705 -0.038300 V1_INV_PI V1_INV_PI 1.0000 2 0 200 7331
94 0.082613 -1.186786 V1_INV_PI V1_INV_PI 1.0000 2 0 200 7331
95 -0.884317 -0.322105 V1_INV_PI V1_INV_PI 1.0000 2 0 200 7331
96 -0.605398 -1.180863 V1_INV_PI V1_INV_PI 1.0000 2 0 200 7331
97 -1.205971 -0.283548 V1_INV_PI V1_INV_PI 1.0000 2 0 200 7331
98 -0.675667 -1.178655 V1_INV_PI V1_INV_PI 1.0000 2 0 200 7331
99 -1.234572 1.068961 V1_INV_PI V1_INV_PI 1.0000 2 0 200 7331
100 -0.065182 0.724970 V1_INV_PI V1_INV_PI 1.0000 2 0 200 7331
101 0.228791 -0.089897 V1_INV_PI V1_INV_PI 1.0000 2 0 200 7331
102 0.254771 -0.063741 V1_INV_PI V1_INV_PI 1.0000 2 0 200 7331
103 -1.204490 0.131781 V1_INV_PI V1_INV_PI 1.0000 2 0 200 7331
104 0.214965 0.128303 V1_INV_PI V1_INV_PI 1.0000 2 0 200 7331
105 0.993605 -0.162338 V1_INV_PI V1_INV_PI 1.0000 2 0 200 7331
106 0.341975 0.155330 V1_INV_PI V1_INV_PI 1.0000 2 0 200 7331
107 0.198665 -0.735166 V1_INV_PI V1_INV_PI 1.0000 2 0 200 7331
108 0.568615 1.091999 V1_INV_PI V1_INV_PI 1.0000 2 0 200 7331
109 -0.722565 1.073459 V1_INV_PI V1_INV_PI 1.0000 2 0 200 7331
110 0.549903 0.501572 V1_INV_PI V1_INV_PI 1.0000 2 0 200 7331
111 -1.050276 0.061422 V1_INV_PI V1_INV_PI 1.0000 2 0 200 7331
112 -0.885416 -0.414544 V1_INV_PI V1_INV_PI 1.0000 2 0 200 7331
113 -0.496323 0.318306 V1_INV_PI V1_INV_PI 1.0000 2 0 200 7331
114 0.380855 0.258116 V1_INV_PI V1_INV_PI 1.0000 2 0 200 7331
115 0.302637 1.019316 V1_INV_PI V1_INV_PI 1.0000 2 0 200 7331
116 -0.060414 0.204730 V1_INV_PI V1_INV_PI 1.0000 2 0 200 7331
117 -0.935392 0.707591 V1_INV_PI V1_INV_PI 1.0000 2 0 200 7331
118 -0.415972 0.231842 V1_INV_PI V1_INV_PI 1.0000 2 0 200 7331
119 -0.373765 -0.756528 V1_INV_PI V1_INV_PI 1.0000 2 0 200 7331
120 -0.373406 0.552848 V1_INV_PI V1_INV_PI 1.0000 2 0 200 7331
121 -0.854127 0.637858 V1_INV_PI V1_INV_PI 1.0000 2 0 200 7331
122 0.230963 -0.379883 V1_INV_PI V1_INV_PI 1.0000 2 0 200 7331
123 0.479736 0.978480 V1_INV_PI V1_INV_PI 1.0000 2 0 200 7331
124 -0.152854 0.487794 V1_INV_PI V1_INV_PI 1.0000 2 0 200 7331
125 -0.077661 0.471591 V1_INV_PI V1_INV_PI 1.0000 2 0 200 7331
126 0.930239 -0.287258 V1_INV_PI V1_INV_PI 1.0000 2 0 200 7331
127 -0.295517 -1.018948 V1_INV_PI V1_INV_PI 1.0000 2 0 200 7331
128 0.799509 -0.239637 V1_INV_PI V1_INV_PI 1.0000 2 0 200 7331
