1 -0.207736 -0.757289 V1_INV_PI V1_INV_PI 1.0000 2 0 200 7331
2 -0.566999 -0.984966 V1_INV_PI V1_INV_PI 1.0000 2 0 200 7331
3 -0.859331 -0.008297 V1_INV_PI V1_INV_PI 1.0000 2 0 200 7331
4 -1.416244 1.175437 V1_INV_PI V1_INV_PI 1.0000 2 0 200 7331
5 0.190662 0.449936 V1_INV_PI V1_INV_PI 1.0000 2 0 200 7331
6 -1.351475 0.369834 V1_INV_PI V1_INV_PI 1.0000 2 0 200 7331
7 -1.331815 -0.032057 V1_INV_PI V1_INV_PI 1.0000 2 0 200 7331
8 0.444948 -0.753554 V1_INV_PI V1_INV_PI 1.0000 2 0 200 7331
9 -0.334746 0.131763 V1_INV_PI V1_INV_PI 1.0000 2 0 200 7331
10 0.111332 -0.340983 V1_INV_PI V1_INV_PI 1.0000 2 0 200 7331
11 -0.206118 -0.056375 V1_INV_PI V1_INV_PI 1.0000 2 0 200 7331
12 0.548981 0.932516 V1_INV_PI V1_INV_PI 1.0000 2 0 200 7331
13 -0.321747 0.846616 V1_INV_PI V1_INV_PI 1.0000 2 0 200 7331
14 -0.444637 0.258503 V1_INV_PI V1_INV_PI 1.0000 2 0 200 7331
15 -1.472317 -0.707260 V1_INV_PI V1_INV_PI 1.0000 2 0 200 7331
16 0.231633 -0.899427 V1_INV_PI V1_INV_PI 1.0000 2 0 200 7331
17 0.283694 -0.439989 V1_INV_PI V1_INV_PI 1.0000 2 0 200 7331
18 -1.216742 0.116507 V1_INV_PI V1_INV_PI 1.0000 2 0 200 7331
19 0.034659 -1.003509 V1_INV_PI V1_INV_PI 1.0000 2 0 200 7331
20 0.616564 -0.768027 V1_INV_PI V1_INV_PI 1.0000 2 0 200 7331
21 -0.542634 -0.875847 V1_INV_PI V1_INV_PI 1.0000 2 0 200 7331
22 -1.056283 0.734998 V1_INV_PI V1_INV_PI 1.0000 2 0 200 7331
23 -1.210645 -0.661696 V1_INV_PI V1_INV_PI 1.0000 2 0 200 7331
24 0.179063 -1.007498 V1_INV_PI V1_INV_PI 1.0000 2 0 200 7331
25 -0.544845 -0.338443 V1_INV_PI V1_INV_PI 1.0000 2 0 200 7331
26 -0.024796 0.149431 V1_INV_PI V1_INV_PI 1.0000 2 0 200 7331
27 -0.730940 -0.309006 V1_INV_PI V1_INV_PI 1.0000 2 0 200 7331
28 0.695320 -0.467329 V1_INV_PI V1_INV_PI 1.0000 2 0 200 7331
29 0.338525 -0.995982 V1_INV_PI V1_INV_PI 1.0000 2 0 200 7331
30 0.829462 -0.128871 V1_INV_PI V1_INV_PI 1.0000 2 0 200 7331
31 -0.665993 -0.110087 V1_INV_PI V1_INV_PI 1.0000 2 0 200 7331
32 -0.963828 0.378252 V1_INV_PI V1_INV_PI 1.0000 2 0 200 7331
33 -0.912080 0.883918 V1_INV_PI V1_INV_PI 1.0000 2 0 200 7331
34 0.478022 0.569874 V1_INV_PI V1_INV_PI 1.0000 2 0 200 7331
35 -1.304139 -0.999608 V1_INV_PI V1_INV_PI 1.0000 2 0 200 7331
36 0.480328 -0.228243 V1_INV_PI V1_INV_PI 1.0000 2 0 200 7331
37 -0.254101 -0.372120 V1_INV_PI V1_INV_PI 1.0000 2 0 200 7331
38 -1.058786 1.193392 V1_INV_PI V1_INV_PI 1.0000 2 0 200 7331
39 0.565142 -0.412244 V1_INV_PI V1_INV_PI 1.0000 2 0 200 7331
40 0.328109 0.455494 V1_INV_PI V1_INV_PI 1.0000 2 0 200 7331
41 0.369881 -0.707005 V1_INV_PI V1_INV_PI 1.0000 2 0 200 7331
42 0.019276 0.246478 V1_INV_PI V1_INV_PI 1.0000 2 0 200 7331
43 0.209017 -0.612717 V1_INV_PI V1_INV_PI 1.0000 2 0 200 7331
44 0.386183 0.842603 V1_INV_PI V1_INV_PI 1.0000 2 0 200 7331
45 0.326385 -0.116097 V1_INV_PI V1_INV_PI 1.0000 2 0 200 7331
46 -0.396328 0.468078 V1_INV_PI V1_INV_PI 1.0000 2 0 200 7331
47 -0.790106 0.912670 V1_INV_PI V1_INV_PI 1.0000 2 0 200 7331
48 -0.367633 -1.012848 V1_INV_PI V1_INV_PI 1.0000 2 0 200 7331
49 -0.368015 0.102799 V1_INV_PI V1_INV_PI 1.0000 2 0 200 7331
50 -1.103311 1.117400 V1_INV_PI V1_INV_PI 1.0000 2 0 200 7331
51 -0.911976 0.775762 V1_INV_PI V1_INV_PI 1.0000 2 0 200 7331
52 0.639759 0.604902 V1_INV_PI V1_INV_PI 1.0000 2 0 200 7331
53 0.132589 -0.532564 V1_INV_PI V1_INV_PI 1.0000 2 0 200 7331
54 0.821106 0.454108 V1_INV_PI V1_INV_PI 1.0000 2 0 200 7331
55 -0.766707 0.047820 V1_INV_PI V1_INV_PI 1.0000 2 0 200 7331
56 0.697100 -1.067233 V1_INV_PI V1_INV_PI 1.0000 2 0 200 7331
57 -0.275825 -0.108451 V1_INV_PI V1_INV_PI 1.0000 2 0 200 7331
58 0.711009 0.564813 V1_INV_PI V1_INV_PI 1.0000 2 0 200 7331
59 0.522496 0.092871 V1_INV_PI V1_INV_PI 1.0000 2 0 200 7331
60 0.696731 -0.207199 V1_INV_PI V1_INV_PI 1.0000 2 0 200 7331
61 0.267117 0.977300 V1_INV_PI V1_INV_PI 1.0000 2 0 200 7331
62 0.007766 0.121263 V1_INV_PI V1_INV_PI 1.0000 2 0 200 7331
63 -1.155527 -0.759216 V1_INV_PI V1_INV_PI 1.0000 2 0 200 7331
64 -0.985006 -0.245511 V1_INV_PI V1_INV_PI 1.0000 2 0 200 7331
65 -1.079087 -0.898986 V1_INV_PI V1_INV_PI 1.0000 2 0 200 7331
66 -1.451461 0.956244 V1_INV_PI V1_INV_PI 1.0000 2 0 200 7331
67 -0.589419 -0.232818 V1_INV_PI V1_INV_PI 1.0000 2 0 200 7331
68 -0.717918 0.133737 V1_INV_PI V1_INV_PI 1.0000 2 0 200 7331
69 0.657709 0.871695 V1_INV_PI V1_INV_PI 1.0000 2 0 200 7331
70 -0.431842 -1.044577 V1_INV_PI V1_INV_PI 1.0000 2 0 200 7331
71 0.197336 0.395696 V1_INV_PI V1_INV_PI 1.0000 2 0 200 7331
72 -1.073043 0.236336 V1_INV_PI V1_INV_PI 1.0000 2 0 200 7331
73 -1.130726 0.674021 V1_INV_PI V1_INV_PI 1.0000 2 0 200 7331
74 -0.058735 -1.195916 V1_INV_PI V1_INV_PI 1.0000 2 0 200 7331
75 -0.174068 0.983025 V1_INV_PI V1_INV_PI 1.0000 2 0 200 7331
76 -0.049564 1.065034 V1_INV_PI V1_INV_PI 1.0000 2 0 200 7331
77 -0.464170 -0.465647 V1_INV_PI V1_INV_PI 1.0000 2 0 200 7331
78 -1.104785 1.191301 V1_INV_PI V1_INV_PI 1.0000 2 0 200 7331
79 -1.001865 0.754230 V1_INV_PI V1_INV_PI 1.0000 2 0 200 7331
80 0.060402 0.997392 V1_INV_PI V1_INV_PI 1.0000 2 0 200 7331
81 -0.458030 0.221571 V1_INV_PI V1_INV_PI 1.0000 2 0 200 7331
82 0.323562 0.771564 V1_INV_PI V1_INV_PI 1.0000 2 0 200 7331
83 -0.163665 0.896718 V1_INV_PI V1_INV_PI 1.0000 2 0 200 7331
84 -0.438876 0.331105 V1_INV_PI V1_INV_PI 1.0000 2 0 200 7331
85 -0.302787 1.150542 V1_INV_PI V1_INV_PI 1.0000 2 0 200 7331
86 -0.355095 -0.853288 V1_INV_PI V1_INV_PI 1.0000 2 0 200 7331
87 0.534580 -0.455437 V1_INV_PI V1_INV_PI 1.0000 2 0 200 7331
88 0.089653 -1.094572 V1_INV_PI V1_INV_PI 1.0000 2 0 200 7331
89 -0.485990 0.650359 V1_INV_PI V1_INV_PI 1.0000 2 0 200 7331
90 -0.821649 0.735106 V1_INV_PI V1_INV_PI 1.0000 2 0 200 7331
91 0.259227 0.292065 V1_INV_PI V1_INV_PI 1.0000 2 0 200 7331
92 0.263111 -0.655436 V1_INV_PI V1_INV_PI 1.0000 2 0 200 7331
93 -0.568544 0.833177 V1_INV_PI V1_INV_PI 1.0000 2 0 200 7331
94 0.567081 0.613314 V1_INV_PI V1_INV_PI 1.0000 2 0 200 7331
95 -0.794967 -1.070762 V1_INV_PI V1_INV_PI 1.0000 2 0 200 7331
96 -0.844683 0.470582 V1_INV_PI V1_INV_PI 1.0000 2 0 200 7331
97 0.274639 0.753041 V1_INV_PI V1_INV_PI 1.0000 2 0 200 7331
98 -0.472664 0.545615 V1_INV_PI V1_INV_PI 1.0000 2 0 200 7331
99 -0.781229 -0.742247 V1_INV_PI V1_INV_PI 1.0000 2 0 200 7331
100 -1.240854 0.806103 V1_INV_PI V1_INV_PI 1.0000 2 0 200 7331
101 0.057612 -0.378892 V1_INV_PI V1_INV_PI 1.0000 2 0 200 7331
102 -0.587597 -0.133740 V1_INV_PI V1_INV_PI 1.0000 2 0 200 7331
103 -0.635319 -0.013377 V1_INV_PI V1_INV_PI 1.0000 2 0 200 7331
104 0.082694 0.860855 V1_INV_PI V1_INV_PI 1.0000 2 0 200 7331
105 0.474776 0.406234 V1_INV_PI V1_INV_PI 1.0000 2 0 200 7331
106 0.987269 -0.529821 V1_INV_PI V1_INV_PI 1.0000 2 0 200 7331
107 0.377235 1.067087 V1_INV_PI V1_INV_PI 1.0000 2 0 200 7331
108 0.724676 -1.160331 V1_INV_PI V1_INV_PI 1.0000 2 0 200 7331
109 0.341745 0.669959 V1_INV_PI V1_INV_PI 1.0000 2 0 200 7331
110 0.815550 -1.055166 V1_INV_PI V1_INV_PI 1.0000 2 0 200 7331
111 -0.277849 1.044657 V1_INV_PI V1_INV_PI 1.0000 2 0 200 7331
112 -1.181205 -0.270499 V1_INV_PI V1_INV_PI 1.0000 2 0 200 7331
113 0.919879 -0.482056 V1_INV_PI V1_INV_PI 1.0000 2 0 200 7331
114 0.618109 -0.759823 V1_INV_PI V1_INV_PI 1.0000 2 0 200 7331
115 0.370789 1.047637 V1_INV_PI V1_INV_PI 1.0000 2 0 200 7331
116 -0.541891 0.212837 V1_INV_PI V1_INV_PI 1.0000 2 0 200 7331
117 0.122241 -1.124315 V1_INV_PI V1_INV_PI 1.0000 2 0 200 7331
118 -0.858469 -1.024189 V1_INV_PI V1_INV_PI 1.0000 2 0 200 7331
119 -0.957670 -0.405985 V1_INV_PI V1_INV_PI 1.0000 2 0 200 7331
120 -1.280900 0.121597 V1_INV_PI V1_INV_PI 1.0000 2 0 200 7331
121 -0.853921 0.570443 V1_INV_PI V1_INV_PI 1.0000 2 0 200 7331
122 0.825507 -0.407436 V1_INV_PI V1_INV_PI 1.0000 2 0 200 7331
123 0.056989 -0.074647 V1_INV_PI V1_INV_PI 1.0000 2 0 200 7331
124 0.025963 -0.989141 V1_INV_PI V1_INV_PI 1.0000 2 0 200 7331
125 -1.051986 0.262664 V1_INV_PI V1_INV_PI 1.0000 2 0 200 7331
126 -0.536099 -0.355232 V1_INV_PI V1_INV_PI 1.0000 2 0 200 7331
127 -1.397797 1.078132 V1_INV_PI V1_INV_PI 1.0000 2 0 200 7331
128 -1.078518 0.361734 V1_INV_PI V1_INV_PI 1.0000 2 0 200 7331
