1 -0.804085 -0.666860 V1_INV_PI V1_INV_PI 1.0000 2 0 200 7331
2 -1.455364 -0.942814 V1_INV_PI V1_INV_PI 1.0000 2 0 200 7331
3 -1.200511 -1.026492 V1_INV_PI V1_INV_PI 1.0000 2 0 200 7331
4 -0.383610 -1.154240 V1_INV_PI V1_INV_PI 1.0000 2 0 200 7331
5 0.545437 0.751062 V1_INV_PI V1_INV_PI 1.0000 2 0 200 7331
6 0.745517 0.504229 V1_INV_PI V1_INV_PI 1.0000 2 0 200 7331
7 -1.233362 0.895437 V1_INV_PI V1_INV_PI 1.0000 2 0 200 7331
8 -0.655308 -0.501754 V1_INV_PI V1_INV_PI 1.0000 2 0 200 7331
9 0.343434 0.639054 V1_INV_PI V1_INV_PI 1.0000 2 0 200 7331
10 -0.333259 -0.847696 V1_INV_PI V1_INV_PI 1.0000 2 0 200 7331
11 -0.693263 -1.102928 V1_INV_PI V1_INV_PI 1.0000 2 0 200 7331
12 0.103503 0.379065 V1_INV_PI V1_INV_PI 1.0000 2 0 200 7331
13 0.000125 -0.447052 V1_INV_PI V1_INV_PI 1.0000 2 0 200 7331
14 -0.731115 -0.376183 V1_INV_PI V1_INV_PI 1.0000 2 0 200 7331
15 -1.431417 0.471388 V1_INV_PI V1_INV_PI 1.0000 2 0 200 7331
16 0.023251 0.060231 V1_INV_PI V1_INV_PI 1.0000 2 0 200 7331
17 -0.465245 0.046263 V1_INV_PI V1_INV_PI 1.0000 2 0 200 7331
18 -0.167316 0.046109 V1_INV_PI V1_INV_PI 1.0000 2 0 200 7331
19 -0.241650 -0.255282 V1_INV_PI V1_INV_PI 1.0000 2 0 200 7331
20 -0.553977 0.506494 V1_INV_PI V1_INV_PI 1.0000 2 0 200 7331
21 0.897001 -0.875777 V1_INV_PI V1_INV_PI 1.0000 2 0 200 7331
22 -1.115803 -0.990377 V1_INV_PI V1_INV_PI 1.0000 2 0 200 7331
23 -0.575071 0.031191 V1_INV_PI V1_INV_PI 1.0000 2 0 200 7331
24 -1.080552 0.335065 V1_INV_PI V1_INV_PI 1.0000 2 0 200 7331
25 0.825899 -0.902141 V1_INV_PI V1_INV_PI 1.0000 2 0 200 7331
26 -0.999037 -0.087148 V1_INV_PI V1_INV_PI 1.0000 2 0 200 7331
27 -1.039004 -0.343354 V1_INV_PI V1_INV_PI 1.0000 2 0 200 7331
28 -0.535137 0.957211 V1_INV_PI V1_INV_PI 1.0000 2 0 200 7331
29 -0.110738 -0.105116 V1_INV_PI V1_INV_PI 1.0000 2 0 200 7331
30 -1.215720 0.721891 V1_INV_PI V1_INV_PI 1.0000 2 0 200 7331
31 0.599045 -1.052951 V1_INV_PI V1_INV_PI 1.0000 2 0 200 7331
32 -1.433558 0.600806 V1_INV_PI V1_INV_PI 1.0000 2 0 200 7331
33 0.729617 -0.381860 V1_INV_PI V1_INV_PI 1.0000 2 0 200 7331
34 0.990604 -1.155661 V1_INV_PI V1_INV_PI 1.0000 2 0 200 7331
35 0.412932 0.282644 V1_INV_PI V1_INV_PI 1.0000 2 0 200 7331
36 0.321824 -0.388540 V1_INV_PI V1_INV_PI 1.0000 2 0 200 7331
37 0.863531 0.437499 V1_INV_PI V1_INV_PI 1.0000 2 0 200 7331
38 -0.959956 0.329339 V1_INV_PI V1_INV_PI 1.0000 2 0 200 7331
39 -0.600758 -0.784671 V1_INV_PI V1_INV_PI 1.0000 2 0 200 7331
40 0.167746 -0.085089 V1_INV_PI V1_INV_PI 1.0000 2 0 200 7331
41 -1.121916 -0.512854 V1_INV_PI V1_INV_PI 1.0000 2 0 200 7331
42 0.890177 -0.053103 V1_INV_PI V1_INV_PI 1.0000 2 0 200 7331
43 -0.318954 0.360690 V1_INV_PI V1_INV_PI 1.0000 2 0 200 7331
44 0.143811 0.366498 V1_INV_PI V1_INV_PI 1.0000 2 0 200 7331
45 0.394118 -0.578576 V1_INV_PI V1_INV_PI 1.0000 2 0 200 7331
46 -1.402529 0.043824 V1_INV_PI V1_INV_PI 1.0000 2 0 200 7331
47 -0.303261 -0.815899 V1_INV_PI V1_INV_PI 1.0000 2 0 200 7331
48 0.748389 -0.865092 V1_INV_PI V1_INV_PI 1.0000 2 0 200 7331
49 0.543179 0.398004 V1_INV_PI V1_INV_PI 1.0000 2 0 200 7331
50 0.439575 0.733418 V1_INV_PI V1_INV_PI 1.0000 2 0 200 7331
51 0.577467 -0.972738 V1_INV_PI V1_INV_PI 1.0000 2 0 200 7331
52 0.819031 0.661562 V1_INV_PI V1_INV_PI 1.0000 2 0 200 7331
53 -0.111027 -0.327944 V1_INV_PI V1_INV_PI 1.0000 2 0 200 7331
54 -1.122533 0.263452 V1_INV_PI V1_INV_PI 1.0000 2 0 200 7331
55 -0.854951 0.599279 V1_INV_PI V1_INV_PI 1.0000 2 0 200 7331
56 -0.396912 0.742115 V1_INV_PI V1_INV_PI 1.0000 2 0 200 7331
57 -0.949364 -0.585962 V1_INV_PI V1_INV_PI 1.0000 2 0 200 7331
58 -0.774556 -0.837361 V1_INV_PI V1_INV_PI 1.0000 2 0 200 7331
59 0.818471 1.050203 V1_INV_PI V1_INV_PI 1.0000 2 0 200 7331
60 -0.070315 -0.649315 V1_INV_PI V1_INV_PI 1.0000 2 0 200 7331
61 -1.032805 -0.222796 V1_INV_PI V1_INV_PI 1.0000 2 0 200 7331
62 -0.334623 -0.676896 V1_INV_PI V1_INV_PI 1.0000 2 0 200 7331
63 -1.457841 0.433541 V1_INV_PI V1_INV_PI 1.0000 2 0 200 7331
64 -0.701353 -1.141012 V1_INV_PI V1_INV_PI 1.0000 2 0 200 7331
65 -0.799030 0.277795 V1_INV_PI V1_INV_PI 1.0000 2 0 200 7331
66 -1.118163 -0.715061 V1_INV_PI V1_INV_PI 1.0000 2 0 200 7331
67 0.717280 0.073840 V1_INV_PI V1_INV_PI 1.0000 2 0 200 7331
68 -1.215117 0.923325 V1_INV_PI V1_INV_PI 1.0000 2 0 200 7331
69 -0.670179 0.630410 V1_INV_PI V1_INV_PI 1.0000 2 0 200 7331
70 -0.896472 -0.374583 V1_INV_PI V1_INV_PI 1.0000 2 0 200 7331
71 -0.232590 -0.936814 V1_INV_PI V1_INV_PI 1.0000 2 0 200 7331
72 -0.148026 0.788429 V1_INV_PI V1_INV_PI 1.0000 2 0 200 7331
73 0.328621 0.257762 V1_INV_PI V1_INV_PI 1.0000 2 0 200 7331
74 -0.391552 -0.496259 V1_INV_PI V1_INV_PI 1.0000 2 0 200 7331
75 0.600462 -0.113468 V1_INV_PI V1_INV_PI 1.0000 2 0 200 7331
76 -0.796321 0.181339 V1_INV_PI V1_INV_PI 1.0000 2 0 200 7331
77 0.402898 1.176364 V1_INV_PI V1_INV_PI 1.0000 2 0 200 7331
78 0.327770 -0.581753 V1_INV_PI V1_INV_PI 1.0000 2 0 200 7331
79 0.042739 -0.635428 V1_INV_PI V1_INV_PI 1.0000 2 0 200 7331
80 -0.648222 -0.507546 V1_INV_PI V1_INV_PI 1.0000 2 0 200 7331
81 -0.175354 0.424413 V1_INV_PI V1_INV_PI 1.0000 2 0 200 7331
82 0.858398 -1.055252 V1_INV_PI V1_INV_PI 1.0000 2 0 200 7331
83 0.797178 -0.097507 V1_INV_PI V1_INV_PI 1.0000 2 0 200 7331
84 0.164154 -0.550046 V1_INV_PI V1_INV_PI 1.0000 2 0 200 7331
85 0.826736 0.717937 V1_INV_PI V1_INV_PI 1.0000 2 0 200 7331
86 -1.034833 0.898247 V1_INV_PI V1_INV_PI 1.0000 2 0 200 7331
87 -0.394925 1.027825 V1_INV_PI V1_INV_PI 1.0000 2 0 200 7331
88 0.885366 0.648373 V1_INV_PI V1_INV_PI 1.0000 2 0 200 7331
89 0.532995 -0.116605 V1_INV_PI V1_INV_PI 1.0000 2 0 200 7331
90 -1.046277 -0.236316 V1_INV_PI V1_INV_PI 1.0000 2 0 200 7331
91 0.886728 -0.007113 V1_INV_PI V1_INV_PI 1.0000 2 0 200 7331
92 -0.269815 -0.443938 V1_INV_PI V1_INV_PI 1.0000 2 0 200 7331
93 -0.988784 -1.102406 V1_INV_PI V1_INV_PI 1.0000 2 0 200 7331
94 -1.482711 0.452253 V1_INV_PI V1_INV_PI 1.0000 2 0 200 7331
95 0.323128 -0.274365 V1_INV_PI V1_INV_PI 1.0000 2 0 200 7331
96 0.798015 -0.996158 V1_INV_PI V1_INV_PI 1.0000 2 0 200 7331
97 -0.544899 1.037826 V1_INV_PI V1_INV_PI 1.0000 2 0 200 7331
98 0.507142 -0.385036 V1_INV_PI V1_INV_PI 1.0000 2 0 200 7331
99 -0.083129 0.004466 V1_INV_PI V1_INV_PI 1.0000 2 0 200 7331
100 -0.803441 0.328093 V1_INV_PI V1_INV_PI 1.0000 2 0 200 7331
101 0.980369 -1.027649 V1_INV_PI V1_INV_PI 1.0000 2 0 200 7331
102 -0.979955 -0.729847 V1_INV_PI V1_INV_PI 1.0000 2 0 200 7331
103 -0.449026 -1.004010 V1_INV_PI V1_INV_PI 1.0000 2 0 200 7331
104 -0.759944 0.404997 V1_INV_PI V1_INV_PI 1.0000 2 0 200 7331
105 0.589395 -0.781170 V1_INV_PI V1_INV_PI 1.0000 2 0 200 7331
106 -1.455147 0.359797 V1_INV_PI V1_INV_PI 1.0000 2 0 200 7331
107 0.653479 0.021245 V1_INV_PI V1_INV_PI 1.0000 2 0 200 7331
108 0.182166 -0.324904 V1_INV_PI V1_INV_PI 1.0000 2 0 200 7331
109 -0.631152 0.612095 V1_INV_PI V1_INV_PI 1.0000 2 0 200 7331
110 -1.469124 -0.583032 V1_INV_PI V1_INV_PI 1.0000 2 0 200 7331
111 -0.020483 0.875265 V1_INV_PI V1_INV_PI 1.0000 2 0 200 7331
112 0.134578 0.620813 V1_INV_PI V1_INV_PI 1.0000 2 0 200 7331
113 -0.037868 0.438116 V1_INV_PI V1_INV_PI 1.0000 2 0 200 7331
114 0.934697 0.208601 V1_INV_PI V1_INV_PI 1.0000 2 0 200 7331
115 0.487051 0.919654 V1_INV_PI V1_INV_PI 1.0000 2 0 200 7331
116 0.501095 0.486553 V1_INV_PI V1_INV_PI 1.0000 2 0 200 7331
117 0.034550 0.623032 V1_INV_PI V1_INV_PI 1.0000 2 0 200 7331
118 0.005190 0.574850 V1_INV_PI V1_INV_PI 1.0000 2 0 200 7331
119 0.704044 0.869198 V1_INV_PI V1_INV_PI 1.0000 2 0 200 7331
120 -1.304896 -0.653882 V1_INV_PI V1_INV_PI 1.0000 2 0 200 7331
121 -0.803742 0.316232 V1_INV_PI V1_INV_PI 1.0000 2 0 200 7331
122 -1.428246 0.341380 V1_INV_PI V1_INV_PI 1.0000 2 0 200 7331
123 -0.896745 -0.446378 V1_INV_PI V1_INV_PI 1.0000 2 0 200 7331
124 -1.415250 -0.146242 V1_INV_PI V1_INV_PI 1.0000 2 0 200 7331
125 -1.312449 -0.840749 V1_INV_PI V1_INV_PI 1.0000 2 0 200 7331
126 -1.142154 0.158813 V1_INV_PI V1_INV_PI 1.0000 2 0 200 7331
127 -0.207496 -0.792128 V1_INV_PI V1_INV_PI 1.0000 2 0 200 7331
128 0.926908 0.637795 V1_INV_PI V1_INV_PI 1.0000 2 0 200 7331
