1 0.568870 -0.229847 V1_INV_PI V1_INV_PI 1.0000 2 0 200 7331
2 -1.368518 -0.333754 V1_INV_PI V1_INV_PI 1.0000 2 0 200 7331
3 0.781338 -0.963098 V1_INV_PI V1_INV_PI 1.0000 2 0 200 7331
4 -0.526886 -1.086737 V1_INV_PI V1_INV_PI 1.0000 2 0 200 7331
5 0.618631 -1.167468 V1_INV_PI V1_INV_PI 1.0000 2 0 200 7331
6 0.369536 1.166712 V1_INV_PI V1_INV_PI 1.0000 2 0 200 7331
7 0.891478 -0.297614 V1_INV_PI V1_INV_PI 1.0000 2 0 200 7331
8 -1.164936 -0.801936 V1_INV_PI V1_INV_PI 1.0000 2 0 200 7331
9 0.988896 -1.023362 V1_INV_PI V1_INV_PI 1.0000 2 0 200 7331
10 0.865258 -0.878368 V1_INV_PI V1_INV_PI 1.0000 2 0 200 7331
11 0.372690 0.799488 V1_INV_PI V1_INV_PI 1.0000 2 0 200 7331
12 0.688339 0.538130 V1_INV_PI V1_INV_PI 1.0000 2 0 200 7331
13 0.281110 0.148813 V1_INV_PI V1_INV_PI 1.0000 2 0 200 7331
14 -0.193785 0.246671 V1_INV_PI V1_INV_PI 1.0000 2 0 200 7331
15 -1.053540 -1.180133 V1_INV_PI V1_INV_PI 1.0000 2 0 200 7331
16 -0.772520 -0.608843 V1_INV_PI V1_INV_PI 1.0000 2 0 200 7331
17 -0.502618 -0.149245 V1_INV_PI V1_INV_PI 1.0000 2 0 200 7331
18 0.453674 -0.205119 V1_INV_PI V1_INV_PI 1.0000 2 0 200 7331
19 -0.406067 0.621547 V1_INV_PI V1_INV_PI 1.0000 2 0 200 7331
20 -1.244610 1.129173 V1_INV_PI V1_INV_PI 1.0000 2 0 200 7331
21 0.908641 0.496895 V1_INV_PI V1_INV_PI 1.0000 2 0 200 7331
22 -1.356463 -0.681185 V1_INV_PI V1_INV_PI 1.0000 2 0 200 7331
23 0.502120 0.740342 V1_INV_PI V1_INV_PI 1.0000 2 0 200 7331
24 -1.317919 -0.648258 V1_INV_PI V1_INV_PI 1.0000 2 0 200 7331
25 -0.262477 0.039834 V1_INV_PI V1_INV_PI 1.0000 2 0 200 7331
26 -0.416118 -0.005365 V1_INV_PI V1_INV_PI 1.0000 2 0 200 7331
27 0.862504 -0.901325 V1_INV_PI V1_INV_PI 1.0000 2 0 200 7331
28 0.738013 0.469540 V1_INV_PI V1_INV_PI 1.0000 2 0 200 7331
29 -0.965243 -0.541699 V1_INV_PI V1_INV_PI 1.0000 2 0 200 7331
30 -1.281041 0.921052 V1_INV_PI V1_INV_PI 1.0000 2 0 200 7331
31 0.244514 -0.478973 V1_INV_PI V1_INV_PI 1.0000 2 0 200 7331
32 0.656382 1.037784 V1_INV_PI V1_INV_PI 1.0000 2 0 200 7331
33 -0.074248 -0.079355 V1_INV_PI V1_INV_PI 1.0000 2 0 200 7331
34 -0.206523 -0.705044 V1_INV_PI V1_INV_PI 1.0000 2 0 200 7331
35 -0.281443 0.788270 V1_INV_PI V1_INV_PI 1.0000 2 0 200 7331
36 -1.042985 -0.290021 V1_INV_PI V1_INV_PI 1.0000 2 0 200 7331
37 0.648657 1.180859 V1_INV_PI V1_INV_PI 1.0000 2 0 200 7331
38 0.645798 0.354588 V1_INV_PI V1_INV_PI 1.0000 2 0 200 7331
39 -0.087690 -0.040625 V1_INV_PI V1_INV_PI 1.0000 2 0 200 7331
40 0.831199 -0.510702 V1_INV_PI V1_INV_PI 1.0000 2 0 200 7331
41 0.248418 0.360670 V1_INV_PI V1_INV_PI 1.0000 2 0 200 7331
42 0.300610 -0.787717 V1_INV_PI V1_INV_PI 1.0000 2 0 200 7331
43 -0.339855 -0.171910 V1_INV_PI V1_INV_PI 1.0000 2 0 200 7331
44 -0.761916 0.206613 V1_INV_PI V1_INV_PI 1.0000 2 0 200 7331
45 0.010770 0.673801 V1_INV_PI V1_INV_PI 1.0000 2 0 200 7331
46 -0.558515 1.028152 V1_INV_PI V1_INV_PI 1.0000 2 0 200 7331
47 -0.884364 0.270196 V1_INV_PI V1_INV_PI 1.0000 2 0 200 7331
48 0.795180 0.830083 V1_INV_PI V1_INV_PI 1.0000 2 0 200 7331
49 -1.088754 -0.009346 V1_INV_PI V1_INV_PI 1.0000 2 0 200 7331
50 -0.561967 0.271864 V1_INV_PI V1_INV_PI 1.0000 2 0 200 7331
51 0.172304 0.202430 V1_INV_PI V1_INV_PI 1.0000 2 0 200 7331
52 -0.151230 0.828343 V1_INV_PI V1_INV_PI 1.0000 2 0 200 7331
53 -0.319443 0.272868 V1_INV_PI V1_INV_PI 1.0000 2 0 200 7331
54 0.509001 -0.483154 V1_INV_PI V1_INV_PI 1.0000 2 0 200 7331
55 0.249212 0.676066 V1_INV_PI V1_INV_PI 1.0000 2 0 200 7331
56 -1.460645 -1.013106 V1_INV_PI V1_INV_PI 1.0000 2 0 200 7331
57 0.086504 0.691238 V1_INV_PI V1_INV_PI 1.0000 2 0 200 7331
58 -1.444024 -0.263703 V1_INV_PI V1_INV_PI 1.0000 2 0 200 7331
59 -0.083333 -0.495787 V1_INV_PI V1_INV_PI 1.0000 2 0 200 7331
60 -0.350470 -0.055203 V1_INV_PI V1_INV_PI 1.0000 2 0 200 7331
61 -0.476712 -0.826712 V1_INV_PI V1_INV_PI 1.0000 2 0 200 7331
62 0.761244 0.514323 V1_INV_PI V1_INV_PI 1.0000 2 0 200 7331
63 0.965162 0.263914 V1_INV_PI V1_INV_PI 1.0000 2 0 200 7331
64 0.523794 0.809700 V1_INV_PI V1_INV_PI 1.0000 2 0 200 7331
65 -0.974647 -0.337661 V1_INV_PI V1_INV_PI 1.0000 2 0 200 7331
66 -0.999344 0.656591 V1_INV_PI V1_INV_PI 1.0000 2 0 200 7331
67 0.564256 0.844101 V1_INV_PI V1_INV_PI 1.0000 2 0 200 7331
68 -0.944413 0.826409 V1_INV_PI V1_INV_PI 1.0000 2 0 200 7331
69 0.192124 -0.573019 V1_INV_PI V1_INV_PI 1.0000 2 0 200 7331
70 -1.089581 0.456528 V1_INV_PI V1_INV_PI 1.0000 2 0 200 7331
71 0.246690 -0.752921 V1_INV_PI V1_INV_PI 1.0000 2 0 200 7331
72 0.440681 -0.875745 V1_INV_PI V1_INV_PI 1.0000 2 0 200 7331
73 -1.175586 1.186549 V1_INV_PI V1_INV_PI 1.0000 2 0 200 7331
74 -0.553667 0.512115 V1_INV_PI V1_INV_PI 1.0000 2 0 200 7331
75 -0.830795 -0.420279 V1_INV_PI V1_INV_PI 1.0000 2 0 200 7331
76 -1.025611 1.148648 V1_INV_PI V1_INV_PI 1.0000 2 0 200 7331
77 -0.704428 -1.043476 V1_INV_PI V1_INV_PI 1.0000 2 0 200 7331
78 -0.445806 0.988441 V1_INV_PI V1_INV_PI 1.0000 2 0 200 7331
79 -0.023739 -0.717523 V1_INV_PI V1_INV_PI 1.0000 2 0 200 7331
80 -1.068490 0.131719 V1_INV_PI V1_INV_PI 1.0000 2 0 200 7331
81 0.694784 -0.239877 V1_INV_PI V1_INV_PI 1.0000 2 0 200 7331
82 -0.290150 1.024869 V1_INV_PI V1_INV_PI 1.0000 2 0 200 7331
83 0.420472 0.588092 V1_INV_PI V1_INV_PI 1.0000 2 0 200 7331
84 -1.384640 1.067948 V1_INV_PI V1_INV_PI 1.0000 2 0 200 7331
85 0.525325 -0.971640 V1_INV_PI V1_INV_PI 1.0000 2 0 200 7331
86 0.043833 -0.986373 V1_INV_PI V1_INV_PI 1.0000 2 0 200 7331
87 -0.645617 -0.791822 V1_INV_PI V1_INV_PI 1.0000 2 0 200 7331
88 0.703056 -0.737161 V1_INV_PI V1_INV_PI 1.0000 2 0 200 7331
89 0.509260 -0.086965 V1_INV_PI V1_INV_PI 1.0000 2 0 200 7331
90 -0.738063 0.659653 V1_INV_PI V1_INV_PI 1.0000 2 0 200 7331
91 0.698112 -0.959288 V1_INV_PI V1_INV_PI 1.0000 2 0 200 7331
92 -0.229522 0.830737 V1_INV_PI V1_INV_PI 1.0000 2 0 200 7331
93 -0.510793 0.023766 V1_INV_PI V1_INV_PI 1.0000 2 0 200 7331
94 -1.294969 -0.397859 V1_INV_PI V1_INV_PI 1.0000 2 0 200 7331
95 0.298047 -0.244196 V1_INV_PI V1_INV_PI 1.0000 2 0 200 7331
96 -0.922159 1.187561 V1_INV_PI V1_INV_PI 1.0000 2 0 200 7331
97 -1.285301 -0.744773 V1_INV_PI V1_INV_PI 1.0000 2 0 200 7331
98 0.526437 0.476278 V1_INV_PI V1_INV_PI 1.0000 2 0 200 7331
99 -0.605010 -0.046044 V1_INV_PI V1_INV_PI 1.0000 2 0 200 7331
100 -0.082179 -1.122196 V1_INV_PI V1_INV_PI 1.0000 2 0 200 7331
101 -0.371729 -0.443632 V1_INV_PI V1_INV_PI 1.0000 2 0 200 7331
102 0.103540 -0.141910 V1_INV_PI V1_INV_PI 1.0000 2 0 200 7331
103 -0.893751 -0.835278 V1_INV_PI V1_INV_PI 1.0000 2 0 200 7331
104 -0.581221 -0.232020 V1_INV_PI V1_INV_PI 1.0000 2 0 200 7331
105 -1.283630 -1.038945 V1_INV_PI V1_INV_PI 1.0000 2 0 200 7331
106 0.781105 1.066064 V1_INV_PI V1_INV_PI 1.0000 2 0 200 7331
107 0.722687 -1.041815 V1_INV_PI V1_INV_PI 1.0000 2 0 200 7331
108 -0.541599 -0.113390 V1_INV_PI V1_INV_PI 1.0000 2 0 200 7331
109 -1.074406 -1.037836 V1_INV_PI V1_INV_PI 1.0000 2 0 200 7331
110 0.496094 -1.031388 V1_INV_PI V1_INV_PI 1.0000 2 0 200 7331
111 -1.264222 -0.618180 V1_INV_PI V1_INV_PI 1.0000 2 0 200 7331
112 0.733455 -0.968185 V1_INV_PI V1_INV_PI 1.0000 2 0 200 7331
113 0.278893 -0.600455 V1_INV_PI V1_INV_PI 1.0000 2 0 200 7331
114 -0.858466 -0.595453 V1_INV_PI V1_INV_PI 1.0000 2 0 200 7331
115 -1.472195 0.289954 V1_INV_PI V1_INV_PI 1.0000 2 0 200 7331
116 -1.364834 -1.015076 V1_INV_PI V1_INV_PI 1.0000 2 0 200 7331
117 0.323702 -0.929356 V1_INV_PI V1_INV_PI 1.0000 2 0 200 7331
118 -1.253787 -0.313656 V1_INV_PI V1_INV_PI 1.0000 2 0 200 7331
119 0.397064 -0.129312 V1_INV_PI V1_INV_PI 1.0000 2 0 200 7331
120 -1.021882 0.457638 V1_INV_PI V1_INV_PI 1.0000 2 0 200 7331
121 0.451425 0.574882 V1_INV_PI V1_INV_PI 1.0000 2 0 200 7331
122 0.951528 -0.648593 V1_INV_PI V1_INV_PI 1.0000 2 0 200 7331
123 -0.225157 0.672588 V1_INV_PI V1_INV_PI 1.0000 2 0 200 7331
124 0.335533 -0.131301 V1_INV_PI V1_INV_PI 1.0000 2 0 200 7331
125 -0.266301 -1.024131 V1_INV_PI V1_INV_PI 1.0000 2 0 200 7331
126 -1.234673 0.304407 V1_INV_PI V1_INV_PI 1.0000 2 0 200 7331
127 -0.294720 0.657170 V1_INV_PI V1_INV_PI 1.0000 2 0 200 7331
128 -0.397749 1.142848 V1_INV_PI V1_INV_PI 1.0000 2 0 200 7331
