1 -1.360758 -0.286897 V1_INV_PI V1_INV_PI 1.0000 2 0 200 7331
2 0.771743 -0.403063 V1_INV_PI V1_INV_PI 1.0000 2 0 200 7331
3 -0.742487 -0.151855 V1_INV_PI V1_INV_PI 1.0000 2 0 200 7331
4 0.368150 0.993058 V1_INV_PI V1_INV_PI 1.0000 2 0 200 7331
5 -0.467427 -1.125936 V1_INV_PI V1_INV_PI 1.0000 2 0 200 7331
6 -0.954542 0.667926 V1_INV_PI V1_INV_PI 1.0000 2 0 200 7331
7 -1.225710 -0.679511 V1_INV_PI V1_INV_PI 1.0000 2 0 200 7331
8 -0.921573 -0.282177 V1_INV_PI V1_INV_PI 1.0000 2 0 200 7331
9 -0.281789 -1.109624 V1_INV_PI V1_INV_PI 1.0000 2 0 200 7331
10 0.546058 0.249227 V1_INV_PI V1_INV_PI 1.0000 2 0 200 7331
11 -0.519041 1.168931 V1_INV_PI V1_INV_PI 1.0000 2 0 200 7331
12 -0.629836 -0.091677 V1_INV_PI V1_INV_PI 1.0000 2 0 200 7331
13 -0.422967 0.862589 V1_INV_PI V1_INV_PI 1.0000 2 0 200 7331
14 -0.172535 0.723924 V1_INV_PI V1_INV_PI 1.0000 2 0 200 7331
15 -1.112166 1.198860 V1_INV_PI V1_INV_PI 1.0000 2 0 200 7331
16 -0.069375 0.637047 V1_INV_PI V1_INV_PI 1.0000 2 0 200 7331
17 0.055487 0.145119 V1_INV_PI V1_INV_PI 1.0000 2 0 200 7331
18 0.293554 -1.111521 V1_INV_PI V1_INV_PI 1.0000 2 0 200 7331
19 0.227800 0.371542 V1_INV_PI V1_INV_PI 1.0000 2 0 200 7331
20 -0.503035 1.198975 V1_INV_PI V1_INV_PI 1.0000 2 0 200 7331
21 0.632571 1.145336 V1_INV_PI V1_INV_PI 1.0000 2 0 200 7331
22 -0.090643 0.526377 V1_INV_PI V1_INV_PI 1.0000 2 0 200 7331
23 -0.398688 0.463024 V1_INV_PI V1_INV_PI 1.0000 2 0 200 7331
24 -0.374293 0.791283 V1_INV_PI V1_INV_PI 1.0000 2 0 200 7331
25 -0.312876 -1.149777 V1_INV_PI V1_INV_PI 1.0000 2 0 200 7331
26 0.115320 0.328141 V1_INV_PI V1_INV_PI 1.0000 2 0 200 7331
27 0.281132 -0.563933 V1_INV_PI V1_INV_PI 1.0000 2 0 200 7331
28 0.766553 1.033186 V1_INV_PI V1_INV_PI 1.0000 2 0 200 7331
29 -1.390040 0.858921 V1_INV_PI V1_INV_PI 1.0000 2 0 200 7331
30 0.694382 -0.213399 V1_INV_PI V1_INV_PI 1.0000 2 0 200 7331
31 -1.195068 -0.583732 V1_INV_PI V1_INV_PI 1.0000 2 0 200 7331
32 -0.153403 -0.562935 V1_INV_PI V1_INV_PI 1.0000 2 0 200 7331
33 0.688570 0.065793 V1_INV_PI V1_INV_PI 1.0000 2 0 200 7331
34 0.078362 0.703796 V1_INV_PI V1_INV_PI 1.0000 2 0 200 7331
35 0.845318 0.998976 V1_INV_PI V1_INV_PI 1.0000 2 0 200 7331
36 0.531123 0.326658 V1_INV_PI V1_INV_PI 1.0000 2 0 200 7331
37 0.023805 0.382309 V1_INV_PI V1_INV_PI 1.0000 2 0 200 7331
38 0.793289 0.773860 V1_INV_PI V1_INV_PI 1.0000 2 0 200 7331
39 -1.461468 0.328979 V1_INV_PI V1_INV_PI 1.0000 2 0 200 7331
40 -0.825188 -0.433072 V1_INV_PI V1_INV_PI 1.0000 2 0 200 7331
41 -1.429035 1.128101 V1_INV_PI V1_INV_PI 1.0000 2 0 200 7331
42 0.676874 1.072362 V1_INV_PI V1_INV_PI 1.0000 2 0 200 7331
43 -0.487300 -0.886557 V1_INV_PI V1_INV_PI 1.0000 2 0 200 7331
44 -0.015368 1.176354 V1_INV_PI V1_INV_PI 1.0000 2 0 200 7331
45 0.411779 0.521255 V1_INV_PI V1_INV_PI 1.0000 2 0 200 7331
46 -0.424564 -0.641036 V1_INV_PI V1_INV_PI 1.0000 2 0 200 7331
47 0.669387 0.929383 V1_INV_PI V1_INV_PI 1.0000 2 0 200 7331
48 0.929495 0.147019 V1_INV_PI V1_INV_PI 1.0000 2 0 200 7331
49 0.746147 0.590780 V1_INV_PI V1_INV_PI 1.0000 2 0 200 7331
50 -1.083340 0.543414 V1_INV_PI V1_INV_PI 1.0000 2 0 200 7331
51 0.853469 0.284721 V1_INV_PI V1_INV_PI 1.0000 2 0 200 7331
52 0.242495 -0.949919 V1_INV_PI V1_INV_PI 1.0000 2 0 200 7331
53 0.015323 -1.041550 V1_INV_PI V1_INV_PI 1.0000 2 0 200 7331
54 0.434618 1.184017 V1_INV_PI V1_INV_PI 1.0000 2 0 200 7331
55 0.359254 0.086286 V1_INV_PI V1_INV_PI 1.0000 2 0 200 7331
56 -0.058190 -0.076221 V1_INV_PI V1_INV_PI 1.0000 2 0 200 7331
57 0.991847 -0.038280 V1_INV_PI V1_INV_PI 1.0000 2 0 200 7331
58 -1.407861 0.927742 V1_INV_PI V1_INV_PI 1.0000 2 0 200 7331
59 -1.499795 -0.768521 V1_INV_PI V1_INV_PI 1.0000 2 0 200 7331
60 0.278947 0.665638 V1_INV_PI V1_INV_PI 1.0000 2 0 200 7331
61 -1.416201 0.393166 V1_INV_PI V1_INV_PI 1.0000 2 0 200 7331
62 0.088181 -0.044108 V1_INV_PI V1_INV_PI 1.0000 2 0 200 7331
63 -0.834854 -0.294120 V1_INV_PI V1_INV_PI 1.0000 2 0 200 7331
64 0.883831 -1.172166 V1_INV_PI V1_INV_PI 1.0000 2 0 200 7331
65 -0.286190 1.027505 V1_INV_PI V1_INV_PI 1.0000 2 0 200 7331
66 0.381410 -1.115255 V1_INV_PI V1_INV_PI 1.0000 2 0 200 7331
67 -0.862510 -0.086602 V1_INV_PI V1_INV_PI 1.0000 2 0 200 7331
68 0.449019 -1.139773 V1_INV_PI V1_INV_PI 1.0000 2 0 200 7331
69 -0.812556 0.477479 V1_INV_PI V1_INV_PI 1.0000 2 0 200 7331
70 -0.730241 -0.964265 V1_INV_PI V1_INV_PI 1.0000 2 0 200 7331
71 -0.034054 0.408596 V1_INV_PI V1_INV_PI 1.0000 2 0 200 7331
72 0.328575 0.841318 V1_INV_PI V1_INV_PI 1.0000 2 0 200 7331
73 -0.127611 1.172461 V1_INV_PI V1_INV_PI 1.0000 2 0 200 7331
74 -0.009171 -0.445941 V1_INV_PI V1_INV_PI 1.0000 2 0 200 7331
75 0.987694 0.680559 V1_INV_PI V1_INV_PI 1.0000 2 0 200 7331
76 -0.525279 -1.191249 V1_INV_PI V1_INV_PI 1.0000 2 0 200 7331
77 0.536702 0.113130 V1_INV_PI V1_INV_PI 1.0000 2 0 200 7331
78 0.138609 0.388957 V1_INV_PI V1_INV_PI 1.0000 2 0 200 7331
79 -0.833357 0.140334 V1_INV_PI V1_INV_PI 1.0000 2 0 200 7331
80 -1.020418 0.806017 V1_INV_PI V1_INV_PI 1.0000 2 0 200 7331
81 -1.399818 1.064135 V1_INV_PI V1_INV_PI 1.0000 2 0 200 7331
82 -0.753008 0.285394 V1_INV_PI V1_INV_PI 1.0000 2 0 200 7331
83 -0.542878 -0.819600 V1_INV_PI V1_INV_PI 1.0000 2 0 200 7331
84 0.500841 -0.921697 V1_INV_PI V1_INV_PI 1.0000 2 0 200 7331
85 0.458408 -0.240970 V1_INV_PI V1_INV_PI 1.0000 2 0 200 7331
86 -0.836040 0.018982 V1_INV_PI V1_INV_PI 1.0000 2 0 200 7331
87 0.626104 0.005343 V1_INV_PI V1_INV_PI 1.0000 2 0 200 7331
88 0.703133 0.219996 V1_INV_PI V1_INV_PI 1.0000 2 0 200 7331
89 -1.392771 0.226206 V1_INV_PI V1_INV_PI 1.0000 2 0 200 7331
90 0.357529 -0.712487 V1_INV_PI V1_INV_PI 1.0000 2 0 200 7331
91 0.785100 0.790708 V1_INV_PI V1_INV_PI 1.0000 2 0 200 7331
92 0.733456 -0.807781 V1_INV_PI V1_INV_PI 1.0000 2 0 200 7331
93 -1.407286 -0.755508 V1_INV_PI V1_INV_PI 1.0000 2 0 200 7331
94 0.588339 -0.151666 V1_INV_PI V1_INV_PI 1.0000 2 0 200 7331
95 0.079442 1.113319 V1_INV_PI V1_INV_PI 1.0000 2 0 200 7331
96 0.432920 -0.512628 V1_INV_PI V1_INV_PI 1.0000 2 0 200 7331
97 0.340948 0.846895 V1_INV_PI V1_INV_PI 1.0000 2 0 200 7331
98 0.774660 -0.881628 V1_INV_PI V1_INV_PI 1.0000 2 0 200 7331
99 -1.405840 -1.096088 V1_INV_PI V1_INV_PI 1.0000 2 0 200 7331
100 0.502855 -0.775217 V1_INV_PI V1_INV_PI 1.0000 2 0 200 7331
101 -0.076855 0.311075 V1_INV_PI V1_INV_PI 1.0000 2 0 200 7331
102 -0.679027 -1.143034 V1_INV_PI V1_INV_PI 1.0000 2 0 200 7331
103 -1.001185 0.090307 V1_INV_PI V1_INV_PI 1.0000 2 0 200 7331
104 -1.391384 0.328659 V1_INV_PI V1_INV_PI 1.0000 2 0 200 7331
105 0.064964 0.045568 V1_INV_PI V1_INV_PI 1.0000 2 0 200 7331
106 -0.413176 0.676309 V1_INV_PI V1_INV_PI 1.0000 2 0 200 7331
107 0.985263 0.636372 V1_INV_PI V1_INV_PI 1.0000 2 0 200 7331
108 0.308811 -0.722625 V1_INV_PI V1_INV_PI 1.0000 2 0 200 7331
109 -0.469424 -0.688411 V1_INV_PI V1_INV_PI 1.0000 2 0 200 7331
110 -1.363244 0.769130 V1_INV_PI V1_INV_PI 1.0000 2 0 200 7331
111 -0.644452 -0.951998 V1_INV_PI V1_INV_PI 1.0000 2 0 200 7331
112 0.512147 -1.142037 V1_INV_PI V1_INV_PI 1.0000 2 0 200 7331
113 -0.867693 -1.009129 V1_INV_PI V1_INV_PI 1.0000 2 0 200 7331
114 -0.572851 1.017847 V1_INV_PI V1_INV_PI 1.0000 2 0 200 7331
115 0.909345 0.232502 V1_INV_PI V1_INV_PI 1.0000 2 0 200 7331
116 -1.055398 -0.633672 V1_INV_PI V1_INV_PI 1.0000 2 0 200 7331
117 -0.332404 0.268069 V1_INV_PI V1_INV_PI 1.0000 2 0 200 7331
118 0.587626 -1.118049 V1_INV_PI V1_INV_PI 1.0000 2 0 200 7331
119 -0.089367 -0.246199 V1_INV_PI V1_INV_PI 1.0000 2 0 200 7331
120 -0.694897 -0.667235 V1_INV_PI V1_INV_PI 1.0000 2 0 200 7331
121 -0.567632 1.037121 V1_INV_PI V1_INV_PI 1.0000 2 0 200 7331
122 0.626955 0.017247 V1_INV_PI V1_INV_PI 1.0000 2 0 200 7331
123 0.768367 -0.459555 V1_INV_PI V1_INV_PI 1.0000 2 0 200 7331
124 -0.613709 -1.134959 V1_INV_PI V1_INV_PI 1.0000 2 0 200 7331
125 -1.122184 -0.136438 V1_INV_PI V1_INV_PI 1.0000 2 0 200 7331
126 -0.612185 -0.547629 V1_INV_PI V1_INV_PI 1.0000 2 0 200 7331
127 -0.820511 -0.338714 V1_INV_PI V1_INV_PI 1.0000 2 0 200 7331
128 -1.395263 0.740274 V1_INV_PI V1_INV_PI 1.0000 2 0 200 7331
