1 -0.147326 -0.997000 V1_INV_PI V1_INV_PI 1.0000 2 0 200 7331
2 -0.018185 0.304382 V1_INV_PI V1_INV_PI 1.0000 2 0 200 7331
3 0.830773 -0.274944 V1_INV_PI V1_INV_PI 1.0000 2 0 200 7331
4 -0.603241 -0.572900 V1_INV_PI V1_INV_PI 1.0000 2 0 200 7331
5 -1.420288 1.116013 V1_INV_PI V1_INV_PI 1.0000 2 0 200 7331
6 -0.789364 -1.153625 V1_INV_PI V1_INV_PI 1.0000 2 0 200 7331
7 0.166150 0.556698 V1_INV_PI V1_INV_PI 1.0000 2 0 200 7331
8 -1.371243 -0.065935 V1_INV_PI V1_INV_PI 1.0000 2 0 200 7331
9 -1.243192 0.020961 V1_INV_PI V1_INV_PI 1.0000 2 0 200 7331
10 0.710052 -0.273874 V1_INV_PI V1_INV_PI 1.0000 2 0 200 7331
11 -0.717113 1.080003 V1_INV_PI V1_INV_PI 1.0000 2 0 200 7331
12 -0.998916 -0.141905 V1_INV_PI V1_INV_PI 1.0000 2 0 200 7331
13 0.392938 0.253156 V1_INV_PI V1_INV_PI 1.0000 2 0 200 7331
14 -0.100100 0.884705 V1_INV_PI V1_INV_PI 1.0000 2 0 200 7331
15 -1.392075 0.249299 V1_INV_PI V1_INV_PI 1.0000 2 0 200 7331
16 0.485779 0.014504 V1_INV_PI V1_INV_PI 1.0000 2 0 200 7331
17 0.001463 0.272570 V1_INV_PI V1_INV_PI 1.0000 2 0 200 7331
18 -0.688962 0.156196 V1_INV_PI V1_INV_PI 1.0000 2 0 200 7331
19 -1.034759 -0.272853 V1_INV_PI V1_INV_PI 1.0000 2 0 200 7331
20 0.991359 0.247580 V1_INV_PI V1_INV_PI 1.0000 2 0 200 7331
21 0.489807 -0.080747 V1_INV_PI V1_INV_PI 1.0000 2 0 200 7331
22 -1.305788 -0.768895 V1_INV_PI V1_INV_PI 1.0000 2 0 200 7331
23 -1.112800 -1.084706 V1_INV_PI V1_INV_PI 1.0000 2 0 200 7331
24 0.764875 1.136229 V1_INV_PI V1_INV_PI 1.0000 2 0 200 7331
25 0.635781 0.922044 V1_INV_PI V1_INV_PI 1.0000 2 0 200 7331
26 0.715910 -0.352950 V1_INV_PI V1_INV_PI 1.0000 2 0 200 7331
27 -0.846546 0.637474 V1_INV_PI V1_INV_PI 1.0000 2 0 200 7331
28 -1.016946 -0.446242 V1_INV_PI V1_INV_PI 1.0000 2 0 200 7331
29 -1.297313 -0.961278 V1_INV_PI V1_INV_PI 1.0000 2 0 200 7331
30 -0.411126 0.042006 V1_INV_PI V1_INV_PI 1.0000 2 0 200 7331
31 -0.580279 0.189938 V1_INV_PI V1_INV_PI 1.0000 2 0 200 7331
32 0.316855 1.006921 V1_INV_PI V1_INV_PI 1.0000 2 0 200 7331
33 -0.940327 -0.606482 V1_INV_PI V1_INV_PI 1.0000 2 0 200 7331
34 0.742714 1.149570 V1_INV_PI V1_INV_PI 1.0000 2 0 200 7331
35 0.973532 -0.401700 V1_INV_PI V1_INV_PI 1.0000 2 0 200 7331
36 -1.480152 1.193301 V1_INV_PI V1_INV_PI 1.0000 2 0 200 7331
37 0.333480 0.601309 V1_INV_PI V1_INV_PI 1.0000 2 0 200 7331
38 0.108885 -0.681032 V1_INV_PI V1_INV_PI 1.0000 2 0 200 7331
39 0.457416 -0.652746 V1_INV_PI V1_INV_PI 1.0000 2 0 200 7331
40 -0.444924 0.763835 V1_INV_PI V1_INV_PI 1.0000 2 0 200 7331
41 -0.664351 -0.340922 V1_INV_PI V1_INV_PI 1.0000 2 0 200 7331
42 -0.746458 0.143445 V1_INV_PI V1_INV_PI 1.0000 2 0 200 7331
43 0.930188 0.678732 V1_INV_PI V1_INV_PI 1.0000 2 0 200 7331
44 -0.846841 0.990831 V1_INV_PI V1_INV_PI 1.0000 2 0 200 7331
45 -1.146174 0.636701 V1_INV_PI V1_INV_PI 1.0000 2 0 200 7331
46 0.512282 1.043114 V1_INV_PI V1_INV_PI 1.0000 2 0 200 7331
47 0.871011 0.657645 V1_INV_PI V1_INV_PI 1.0000 2 0 200 7331
48 -1.120991 -0.467136 V1_INV_PI V1_INV_PI 1.0000 2 0 200 7331
49 -0.020826 0.130628 V1_INV_PI V1_INV_PI 1.0000 2 0 200 7331
50 -0.284764 0.834167 V1_INV_PI V1_INV_PI 1.0000 2 0 200 7331
51 0.654029 -0.841278 V1_INV_PI V1_INV_PI 1.0000 2 0 200 7331
52 0.469922 0.274931 V1_INV_PI V1_INV_PI 1.0000 2 0 200 7331
53 -0.999730 -0.090169 V1_INV_PI V1_INV_PI 1.0000 2 0 200 7331
54 0.131110 -0.150066 V1_INV_PI V1_INV_PI 1.0000 2 0 200 7331
55 -0.181674 -0.047556 V1_INV_PI V1_INV_PI 1.0000 2 0 200 7331
56 -0.149660 0.105557 V1_INV_PI V1_INV_PI 1.0000 2 0 200 7331
57 -0.751108 0.957505 V1_INV_PI V1_INV_PI 1.0000 2 0 200 7331
58 0.955905 0.670355 V1_INV_PI V1_INV_PI 1.0000 2 0 200 7331
59 -1.048310 -0.812616 V1_INV_PI V1_INV_PI 1.0000 2 0 200 7331
60 -0.984569 0.639991 V1_INV_PI V1_INV_PI 1.0000 2 0 200 7331
61 -1.212166 0.071471 V1_INV_PI V1_INV_PI 1.0000 2 0 200 7331
62 0.453356 -0.959344 V1_INV_PI V1_INV_PI 1.0000 2 0 200 7331
63 -0.983765 0.522214 V1_INV_PI V1_INV_PI 1.0000 2 0 200 7331
64 -1.146080 0.714017 V1_INV_PI V1_INV_PI 1.0000 2 0 200 7331
65 -0.820956 0.154998 V1_INV_PI V1_INV_PI 1.0000 2 0 200 7331
66 -0.678334 -0.554006 V1_INV_PI V1_INV_PI 1.0000 2 0 200 7331
67 -1.438735 -0.287580 V1_INV_PI V1_INV_PI 1.0000 2 0 200 7331
68 -1.035981 -0.486200 V1_INV_PI V1_INV_PI 1.0000 2 0 200 7331
69 -1.074458 0.603275 V1_INV_PI V1_INV_PI 1.0000 2 0 200 7331
70 -0.405173 0.308692 V1_INV_PI V1_INV_PI 1.0000 2 0 200 7331
71 0.187918 -0.215477 V1_INV_PI V1_INV_PI 1.0000 2 0 200 7331
72 -1.193230 -0.294405 V1_INV_PI V1_INV_PI 1.0000 2 0 200 7331
73 -0.639970 0.126868 V1_INV_PI V1_INV_PI 1.0000 2 0 200 7331
74 -1.002971 0.399735 V1_INV_PI V1_INV_PI 1.0000 2 0 200 7331
75 0.548073 1.008764 V1_INV_PI V1_INV_PI 1.0000 2 0 200 7331
76 0.894614 0.169661 V1_INV_PI V1_INV_PI 1.0000 2 0 200 7331
77 0.926586 0.313884 V1_INV_PI V1_INV_PI 1.0000 2 0 200 7331
78 0.697936 -0.685513 V1_INV_PI V1_INV_PI 1.0000 2 0 200 7331
79 -1.274348 0.532428 V1_INV_PI V1_INV_PI 1.0000 2 0 200 7331
80 -0.292354 -0.685498 V1_INV_PI V1_INV_PI 1.0000 2 0 200 7331
81 -0.693753 0.824883 V1_INV_PI V1_INV_PI 1.0000 2 0 200 7331
82 0.135525 -0.369255 V1_INV_PI V1_INV_PI 1.0000 2 0 200 7331
83 -0.171262 0.601348 V1_INV_PI V1_INV_PI 1.0000 2 0 200 7331
84 0.822393 0.680645 V1_INV_PI V1_INV_PI 1.0000 2 0 200 7331
85 0.222576 -0.529570 V1_INV_PI V1_INV_PI 1.0000 2 0 200 7331
86 -0.919429 0.949482 V1_INV_PI V1_INV_PI 1.0000 2 0 200 7331
87 -0.613087 1.010172 V1_INV_PI V1_INV_PI 1.0000 2 0 200 7331
88 -0.459204 0.802717 V1_INV_PI V1_INV_PI 1.0000 2 0 200 7331
89 0.913748 0.451246 V1_INV_PI V1_INV_PI 1.0000 2 0 200 7331
90 -0.442851 1.141607 V1_INV_PI V1_INV_PI 1.0000 2 0 200 7331
91 -0.613715 0.332971 V1_INV_PI V1_INV_PI 1.0000 2 0 200 7331
92 -0.200570 -0.603958 V1_INV_PI V1_INV_PI 1.0000 2 0 200 7331
93 0.436901 0.079158 V1_INV_PI V1_INV_PI 1.0000 2 0 200 7331
94 -0.767116 -0.408305 V1_INV_PI V1_INV_PI 1.0000 2 0 200 7331
95 -0.182784 0.875049 V1_INV_PI V1_INV_PI 1.0000 2 0 200 7331
96 0.361160 -0.071812 V1_INV_PI V1_INV_PI 1.0000 2 0 200 7331
97 -0.985248 0.934454 V1_INV_PI V1_INV_PI 1.0000 2 0 200 7331
98 0.950329 0.951961 V1_INV_PI V1_INV_PI 1.0000 2 0 200 7331
99 -1.458251 -1.027499 V1_INV_PI V1_INV_PI 1.0000 2 0 200 7331
100 0.645879 1.140435 V1_INV_PI V1_INV_PI 1.0000 2 0 200 7331
101 -0.750464 0.403897 V1_INV_PI V1_INV_PI 1.0000 2 0 200 7331
102 0.325914 0.932337 V1_INV_PI V1_INV_PI 1.0000 2 0 200 7331
103 -1.373401 -1.136844 V1_INV_PI V1_INV_PI 1.0000 2 0 200 7331
104 0.368557 -0.948289 V1_INV_PI V1_INV_PI 1.0000 2 0 200 7331
105 -1.290664 0.189088 V1_INV_PI V1_INV_PI 1.0000 2 0 200 7331
106 -1.145531 0.962955 V1_INV_PI V1_INV_PI 1.0000 2 0 200 7331
107 0.990444 0.952153 V1_INV_PI V1_INV_PI 1.0000 2 0 200 7331
108 -0.262016 0.147486 V1_INV_PI V1_INV_PI 1.0000 2 0 200 7331
109 -1.412669 -0.208228 V1_INV_PI V1_INV_PI 1.0000 2 0 200 7331
110 -1.394629 -0.700596 V1_INV_PI V1_INV_PI 1.0000 2 0 200 7331
111 0.833293 0.445718 V1_INV_PI V1_INV_PI 1.0000 2 0 200 7331
112 0.795435 -1.123832 V1_INV_PI V1_INV_PI 1.0000 2 0 200 7331
113 -1.326171 0.824064 V1_INV_PI V1_INV_PI 1.0000 2 0 200 7331
114 0.670491 -0.851059 V1_INV_PI V1_INV_PI 1.0000 2 0 200 7331
115 -0.733982 -0.091296 V1_INV_PI V1_INV_PI 1.0000 2 0 200 7331
116 -0.881404 0.713551 V1_INV_PI V1_INV_PI 1.0000 2 0 200 7331
117 0.566536 0.091804 V1_INV_PI V1_INV_PI 1.0000 2 0 200 7331
118 0.713800 -0.766893 V1_INV_PI V1_INV_PI 1.0000 2 0 200 7331
119 -0.351248 -0.021689 V1_INV_PI V1_INV_PI 1.0000 2 0 200 7331
120 0.832015 0.064201 V1_INV_PI V1_INV_PI 1.0000 2 0 200 7331
121 -0.698357 -0.152663 V1_INV_PI V1_INV_PI 1.0000 2 0 200 7331
122 -0.729799 -0.074835 V1_INV_PI V1_INV_PI 1.0000 2 0 200 7331
123 -0.855588 1.054300 V1_INV_PI V1_INV_PI 1.0000 2 0 200 7331
124 -1.393115 -0.811664 V1_INV_PI V1_INV_PI 1.0000 2 0 200 7331
125 -1.216470 -0.252010 V1_INV_PI V1_INV_PI 1.0000 2 0 200 7331
126 0.539068 -0.294138 V1_INV_PI V1_INV_PI 1.0000 2 0 200 7331
127 0.752589 -0.440587 V1_INV_PI V1_INV_PI 1.0000 2 0 200 7331
128 -1.092118 -1.077064 V1_INV_PI V1_INV_PI 1.0000 2 0 200 7331
