1 -1.216338 0.520134 V1_INV_PI V1_INV_PI 1.0000 2 0 200 7331
2 -1.246822 -1.105621 V1_INV_PI V1_INV_PI 1.0000 2 0 200 7331
3 0.488125 -0.057331 V1_INV_PI V1_INV_PI 1.0000 2 0 200 7331
4 -0.850673 0.827395 V1_INV_PI V1_INV_PI 1.0000 2 0 200 7331
5 -1.229460 -0.585352 V1_INV_PI V1_INV_PI 1.0000 2 0 200 7331
6 0.144062 -0.813258 V1_INV_PI V1_INV_PI 1.0000 2 0 200 7331
7 -0.362843 -0.133683 V1_INV_PI V1_INV_PI 1.0000 2 0 200 7331
8 -1.184944 -0.306873 V1_INV_PI V1_INV_PI 1.0000 2 0 200 7331
9 0.633279 -0.231249 V1_INV_PI V1_INV_PI 1.0000 2 0 200 7331
10 0.739523 0.306405 V1_INV_PI V1_INV_PI 1.0000 2 0 200 7331
11 0.600068 -1.017878 V1_INV_PI V1_INV_PI 1.0000 2 0 200 7331
12 0.567469 0.615296 V1_INV_PI V1_INV_PI 1.0000 2 0 200 7331
13 -1.496543 -0.624334 V1_INV_PI V1_INV_PI 1.0000 2 0 200 7331
14 -0.332911 0.272495 V1_INV_PI V1_INV_PI 1.0000 2 0 200 7331
15 -1.232312 0.170296 V1_INV_PI V1_INV_PI 1.0000 2 0 200 7331
16 0.345415 0.236047 V1_INV_PI V1_INV_PI 1.0000 2 0 200 7331
17 -0.174878 1.050729 V1_INV_PI V1_INV_PI 1.0000 2 0 200 7331
18 -1.124476 -1.141148 V1_INV_PI V1_INV_PI 1.0000 2 0 200 7331
19 -1.038471 -0.635536 V1_INV_PI V1_INV_PI 1.0000 2 0 200 7331
20 -1.161608 0.485243 V1_INV_PI V1_INV_PI 1.0000 2 0 200 7331
21 0.648091 -1.147188 V1_INV_PI V1_INV_PI 1.0000 2 0 200 7331
22 0.433374 -0.873631 V1_INV_PI V1_INV_PI 1.0000 2 0 200 7331
23 0.166605 0.422564 V1_INV_PI V1_INV_PI 1.0000 2 0 200 7331
24 -0.428619 0.128647 V1_INV_PI V1_INV_PI 1.0000 2 0 200 7331
25 -0.054689 0.201562 V1_INV_PI V1_INV_PI 1.0000 2 0 200 7331
26 -0.544884 0.577966 V1_INV_PI V1_INV_PI 1.0000 2 0 200 7331
27 0.368850 -0.074691 V1_INV_PI V1_INV_PI 1.0000 2 0 200 7331
28 0.387910 0.228820 V1_INV_PI V1_INV_PI 1.0000 2 0 200 7331
29 -1.285542 0.494301 V1_INV_PI V1_INV_PI 1.0000 2 0 200 7331
30 0.941500 -0.579607 V1_INV_PI V1_INV_PI 1.0000 2 0 200 7331
31 0.275587 -0.499130 V1_INV_PI V1_INV_PI 1.0000 2 0 200 7331
32 0.527234 0.534060 V1_INV_PI V1_INV_PI 1.0000 2 0 200 7331
33 -0.528213 -1.170801 V1_INV_PI V1_INV_PI 1.0000 2 0 200 7331
34 -0.648888 0.056596 V1_INV_PI V1_INV_PI 1.0000 2 0 200 7331
35 -1.247283 -1.080449 V1_INV_PI V1_INV_PI 1.0000 2 0 200 7331
36 -1.287785 -1.109690 V1_INV_PI V1_INV_PI 1.0000 2 0 200 7331
37 -0.704015 -0.375819 V1_INV_PI V1_INV_PI 1.0000 2 0 200 7331
38 0.722991 0.739748 V1_INV_PI V1_INV_PI 1.0000 2 0 200 7331
39 -1.332029 -1.036410 V1_INV_PI V1_INV_PI 1.0000 2 0 200 7331
40 -1.250017 -1.122968 V1_INV_PI V1_INV_PI 1.0000 2 0 200 7331
41 -0.756647 -1.023185 V1_INV_PI V1_INV_PI 1.0000 2 0 200 7331
42 0.691858 1.184808 V1_INV_PI V1_INV_PI 1.0000 2 0 200 7331
43 -1.191359 0.507423 V1_INV_PI V1_INV_PI 1.0000 2 0 200 7331
