                       @@@@@@@@@@@@@@                       
                    @@@@@@@@@@@@@@@@@@@@                    
                   @@@@@@@@@@@@@@@@@@@@@@                   
                  @@@@@@@@@@@@@@@@@@@@@@@@                  
                  @@@@@@@@@@@@@@@@@@@@@@@@                  
                  @@@@@@@@@@@@@@@@@@@@@@@@                  
                  @@@@@@@@@@@@@@@@@@@@@@@@                  
                 @@@@@@@@@@@@@@@@@@@@@@@@@@                 
                  @@@@@@@@@@@@@@@@@@@@@@@@                  
                  @@@@@@@@@@@@@@@@@@@@@@@@                  
                  @@@@@@@@@@@@@@@@@@@@@@@@                  
                  @@@@@@@@@@@@@@@@@@@@@@@@                  
                  @@@@@@@@@@@@@@@@@@@@@@@@                  
                  @@@@@@@@@@@@@@@@@@@@@@@@                  
                 @@@@@@@@@@@@@@@@@@@@@@@@@@                 
                 @@@@@@@@@@@@@@@@@@@@@@@@@@                 
                  @@@@@@@@@@@@@@@@@@@@@@@@                  
                  @@@@@@@@@@@@@@@@@@@@@@@@                  
                  @@@@@@@@@@@@@@@@@@@@@@@@                  
                  @@@@@@@@@@@@@@@@@@@@@@@@                  
                  @@@@@@@@@@@@@@@@@@@@@@@@                  
                  @@@@@@@@@@@@@@@@@@@@@@@@                  
                 @@@@@@@@@@@@@@@@@@@@@@@@@@                 
                  @@@@@@@@@@@@@@@@@@@@@@@@                  
                  @@@@@@@@@@@@@@@@@@@@@@@@                  
                  @@@@@@@@@@@@@@@@@@@@@@@@                  
                  @@@@@@@@@@@@@@@@@@@@@@@@                  
                   @@@@@@@@@@@@@@@@@@@@@@                   
                    @@@@@@@@@@@@@@@@@@@@                    
                       @@@@@@@@@@@@@@                       

Score: 0.753074  Pearson01: 0.747671
