                                                            
                                                            
                                                            
                              @@                            
                              .@@                           
                            %:@@%                           
                          @=#@@#-  @%@                      
                          :-@@@@@* .#@        @             
                          #@::.:@+.++..@   @-#@             
                              @@*:@-=@-.@    .= @           
                             =@@@-*%+@*@@@  ++:@:           
                @* *@ @@     @.@+=@@@@@@@:%@.%@@%: @        
              +:#@%*@.@@@# +@.=:@=@@@@@@@%#@@:@@@@=@@:      
              @%:=.+-*-@*-%@@*@:+@+@@@@@@@@@@%-+@-. @       
                @%-+@%+@@@++@@-@:-*@@@@#@@@@@ #*+ @         
         @ +*# @@@@@#@@@@*-:@-@@++@@@+%@+-%@                
       @ .-@+-%@@@@@@@@@@+@+:@*@@%-*@-*-+.=:%@              
      :@@=@@@@:@@#%@@@@@@@=@:=.@+ #@@@.@*%@#:+              
        @ :%@@%.@%:@@@@@@@=+@.@     @@ @* *@                
           :@:++  @@@*@+%*-@@@=                             
           @ =.    @.-@=-@:*@@                              
             @#-@   @..++.+@:.::@#                          
             @        @#. *@@@@@-:                          
                      @%@  -#@@#=@                          
                           %@@:%                            
                           @@.                              
                            @@                              
                                                            
                                                            
                                                            

Score: 0.558934  Pearson01: 0.432094
