                        @@@@@@@@ @    @                     
                       @@@@@@@@@@@@@@@@@@@@                 
                      @@@@@@@@@@@@@@@@@@@@@                 
                    @@@@@@@@@@@@@@@@@@@@@@@@                
                    @@@@@@@@@@@@@@@@@@@@@@@@                
                    @@@@@@@@@@@@@@@@@@@@@@@@@               
                     @@@@@@@@@@@@@@@@@@@@@@@                
                     @@@@@@@@@@@@@@@@@@@@@@@                
                     @@@@@@@@@@@@@@@@@@@@@@@@               
                    @@@@@@@@@@@@@@@@@@@@@@@@                
                     @@@@@@@@@@@@@@@@@@@@@@@                
                      @@@@@@@@@@@@@@@@@@@                   
                      @@@@@@@@@@@@@@@@@@                    
                      @@@@@@@@@@@@@@@@@@                    
                      @@@@@@@@@@@@@@@@@@                    
                    @@@@@@@@@@@@@@@@@@                      
                    @@@@@@@@@@@@@@@@@@                      
                    @@@@@@@@@@@@@@@@@@                      
                   @@@@@@@@@@@@@@@@@@@                      
                @@@@@@@@@@@@@@@@@@@@@@@                     
                @@@@@@@@@@@@@@@@@@@@@@@@                    
               @@@@@@@@@@@@@@@@@@@@@@@@                     
                @@@@@@@@@@@@@@@@@@@@@@@                     
                @@@@@@@@@@@@@@@@@@@@@@@                     
               @@@@@@@@@@@@@@@@@@@@@@@@@                    
                @@@@@@@@@@@@@@@@@@@@@@@@                    
                @@@@@@@@@@@@@@@@@@@@@@@@                    
                 @@@@@@@@@@@@@@@@@@@@@                      
                 @@@@@@@@@@@@@@@@@@@@                       
                     @    @ @@@@@@@@                        

Score: 0.765750  Pearson01: 0.758918
