iter	active_frac	mean_abs_z	std_abs_z	mean_zr	mean_zi	esc_frac	driver	prime
0	0.240000	1.677042	0.265800	1.598744	-0.005867	0.760000	1.000000	0
1	0.000000	0.000000	0.000000	0.000000	0.000000	1.000000	1.000000	1
2	0.000000	0.000000	0.000000	0.000000	0.000000	1.000000	0.500000	1
3	0.000000	0.000000	0.000000	0.000000	0.000000	1.000000	0.500000	0
4	0.000000	0.000000	0.000000	0.000000	0.000000	1.000000	0.333333	1
5	0.000000	0.000000	0.000000	0.000000	0.000000	1.000000	0.333333	0
6	0.000000	0.000000	0.000000	0.000000	0.000000	1.000000	0.250000	1
7	0.000000	0.000000	0.000000	0.000000	0.000000	1.000000	0.250000	0
8	0.000000	0.000000	0.000000	0.000000	0.000000	1.000000	0.250000	0
9	0.000000	0.000000	0.000000	0.000000	0.000000	1.000000	0.250000	0
10	0.000000	0.000000	0.000000	0.000000	0.000000	1.000000	0.200000	1
11	0.000000	0.000000	0.000000	0.000000	0.000000	1.000000	0.200000	0
12	0.000000	0.000000	0.000000	0.000000	0.000000	1.000000	0.166667	1
13	0.000000	0.000000	0.000000	0.000000	0.000000	1.000000	0.166667	0
14	0.000000	0.000000	0.000000	0.000000	0.000000	1.000000	0.166667	0
15	0.000000	0.000000	0.000000	0.000000	0.000000	1.000000	0.166667	0
16	0.000000	0.000000	0.000000	0.000000	0.000000	1.000000	0.142857	1
17	0.000000	0.000000	0.000000	0.000000	0.000000	1.000000	0.142857	0
18	0.000000	0.000000	0.000000	0.000000	0.000000	1.000000	0.125000	1
19	0.000000	0.000000	0.000000	0.000000	0.000000	1.000000	0.125000	0
20	0.000000	0.000000	0.000000	0.000000	0.000000	1.000000	0.125000	0
21	0.000000	0.000000	0.000000	0.000000	0.000000	1.000000	0.125000	0
22	0.000000	0.000000	0.000000	0.000000	0.000000	1.000000	0.111111	1
23	0.000000	0.000000	0.000000	0.000000	0.000000	1.000000	0.111111	0
24	0.000000	0.000000	0.000000	0.000000	0.000000	1.000000	0.111111	0
25	0.000000	0.000000	0.000000	0.000000	0.000000	1.000000	0.111111	0
26	0.000000	0.000000	0.000000	0.000000	0.000000	1.000000	0.111111	0
27	0.000000	0.000000	0.000000	0.000000	0.000000	1.000000	0.111111	0
28	0.000000	0.000000	0.000000	0.000000	0.000000	1.000000	0.100000	1
29	0.000000	0.000000	0.000000	0.000000	0.000000	1.000000	0.100000	0
30	0.000000	0.000000	0.000000	0.000000	0.000000	1.000000	0.090909	1
31	0.000000	0.000000	0.000000	0.000000	0.000000	1.000000	0.090909	0
32	0.000000	0.000000	0.000000	0.000000	0.000000	1.000000	0.090909	0
33	0.000000	0.000000	0.000000	0.000000	0.000000	1.000000	0.090909	0
34	0.000000	0.000000	0.000000	0.000000	0.000000	1.000000	0.090909	0
35	0.000000	0.000000	0.000000	0.000000	0.000000	1.000000	0.090909	0
36	0.000000	0.000000	0.000000	0.000000	0.000000	1.000000	0.083333	1
37	0.000000	0.000000	0.000000	0.000000	0.000000	1.000000	0.083333	0
38	0.000000	0.000000	0.000000	0.000000	0.000000	1.000000	0.083333	0
39	0.000000	0.000000	0.000000	0.000000	0.000000	1.000000	0.083333	0
40	0.000000	0.000000	0.000000	0.000000	0.000000	1.000000	0.076923	1
41	0.000000	0.000000	0.000000	0.000000	0.000000	1.000000	0.076923	0
42	0.000000	0.000000	0.000000	0.000000	0.000000	1.000000	0.071429	1
43	0.000000	0.000000	0.000000	0.000000	0.000000	1.000000	0.071429	0
44	0.000000	0.000000	0.000000	0.000000	0.000000	1.000000	0.071429	0
45	0.000000	0.000000	0.000000	0.000000	0.000000	1.000000	0.071429	0
46	0.000000	0.000000	0.000000	0.000000	0.000000	1.000000	0.066667	1
47	0.000000	0.000000	0.000000	0.000000	0.000000	1.000000	0.066667	0
48	0.000000	0.000000	0.000000	0.000000	0.000000	1.000000	0.066667	0
49	0.000000	0.000000	0.000000	0.000000	0.000000	1.000000	0.066667	0
50	0.000000	0.000000	0.000000	0.000000	0.000000	1.000000	0.066667	0
51	0.000000	0.000000	0.000000	0.000000	0.000000	1.000000	0.066667	0
52	0.000000	0.000000	0.000000	0.000000	0.000000	1.000000	0.062500	1
53	0.000000	0.000000	0.000000	0.000000	0.000000	1.000000	0.062500	0
54	0.000000	0.000000	0.000000	0.000000	0.000000	1.000000	0.062500	0
55	0.000000	0.000000	0.000000	0.000000	0.000000	1.000000	0.062500	0
56	0.000000	0.000000	0.000000	0.000000	0.000000	1.000000	0.062500	0
57	0.000000	0.000000	0.000000	0.000000	0.000000	1.000000	0.062500	0
58	0.000000	0.000000	0.000000	0.000000	0.000000	1.000000	0.058824	1
59	0.000000	0.000000	0.000000	0.000000	0.000000	1.000000	0.058824	0
60	0.000000	0.000000	0.000000	0.000000	0.000000	1.000000	0.055556	1
61	0.000000	0.000000	0.000000	0.000000	0.000000	1.000000	0.055556	0
62	0.000000	0.000000	0.000000	0.000000	0.000000	1.000000	0.055556	0
63	0.000000	0.000000	0.000000	0.000000	0.000000	1.000000	0.055556	0
64	0.000000	0.000000	0.000000	0.000000	0.000000	1.000000	0.055556	0
65	0.000000	0.000000	0.000000	0.000000	0.000000	1.000000	0.055556	0
66	0.000000	0.000000	0.000000	0.000000	0.000000	1.000000	0.052632	1
67	0.000000	0.000000	0.000000	0.000000	0.000000	1.000000	0.052632	0
68	0.000000	0.000000	0.000000	0.000000	0.000000	1.000000	0.052632	0
69	0.000000	0.000000	0.000000	0.000000	0.000000	1.000000	0.052632	0
70	0.000000	0.000000	0.000000	0.000000	0.000000	1.000000	0.050000	1
71	0.000000	0.000000	0.000000	0.000000	0.000000	1.000000	0.050000	0
72	0.000000	0.000000	0.000000	0.000000	0.000000	1.000000	0.047619	1
73	0.000000	0.000000	0.000000	0.000000	0.000000	1.000000	0.047619	0
74	0.000000	0.000000	0.000000	0.000000	0.000000	1.000000	0.047619	0
75	0.000000	0.000000	0.000000	0.000000	0.000000	1.000000	0.047619	0
76	0.000000	0.000000	0.000000	0.000000	0.000000	1.000000	0.047619	0
77	0.000000	0.000000	0.000000	0.000000	0.000000	1.000000	0.047619	0
78	0.000000	0.000000	0.000000	0.000000	0.000000	1.000000	0.045455	1
79	0.000000	0.000000	0.000000	0.000000	0.000000	1.000000	0.045455	0
80	0.000000	0.000000	0.000000	0.000000	0.000000	1.000000	0.045455	0
81	0.000000	0.000000	0.000000	0.000000	0.000000	1.000000	0.045455	0
82	0.000000	0.000000	0.000000	0.000000	0.000000	1.000000	0.043478	1
83	0.000000	0.000000	0.000000	0.000000	0.000000	1.000000	0.043478	0
84	0.000000	0.000000	0.000000	0.000000	0.000000	1.000000	0.043478	0
85	0.000000	0.000000	0.000000	0.000000	0.000000	1.000000	0.043478	0
86	0.000000	0.000000	0.000000	0.000000	0.000000	1.000000	0.043478	0
87	0.000000	0.000000	0.000000	0.000000	0.000000	1.000000	0.043478	0
88	0.000000	0.000000	0.000000	0.000000	0.000000	1.000000	0.041667	1
89	0.000000	0.000000	0.000000	0.000000	0.000000	1.000000	0.041667	0
90	0.000000	0.000000	0.000000	0.000000	0.000000	1.000000	0.041667	0
91	0.000000	0.000000	0.000000	0.000000	0.000000	1.000000	0.041667	0
92	0.000000	0.000000	0.000000	0.000000	0.000000	1.000000	0.041667	0
93	0.000000	0.000000	0.000000	0.000000	0.000000	1.000000	0.041667	0
94	0.000000	0.000000	0.000000	0.000000	0.000000	1.000000	0.041667	0
95	0.000000	0.000000	0.000000	0.000000	0.000000	1.000000	0.041667	0
96	0.000000	0.000000	0.000000	0.000000	0.000000	1.000000	0.040000	1
97	0.000000	0.000000	0.000000	0.000000	0.000000	1.000000	0.040000	0
98	0.000000	0.000000	0.000000	0.000000	0.000000	1.000000	0.040000	0
99	0.000000	0.000000	0.000000	0.000000	0.000000	1.000000	0.040000	0
100	0.000000	0.000000	0.000000	0.000000	0.000000	1.000000	0.038462	1
101	0.000000	0.000000	0.000000	0.000000	0.000000	1.000000	0.038462	0
102	0.000000	0.000000	0.000000	0.000000	0.000000	1.000000	0.037037	1
103	0.000000	0.000000	0.000000	0.000000	0.000000	1.000000	0.037037	0
104	0.000000	0.000000	0.000000	0.000000	0.000000	1.000000	0.037037	0
105	0.000000	0.000000	0.000000	0.000000	0.000000	1.000000	0.037037	0
106	0.000000	0.000000	0.000000	0.000000	0.000000	1.000000	0.035714	1
107	0.000000	0.000000	0.000000	0.000000	0.000000	1.000000	0.035714	0
108	0.000000	0.000000	0.000000	0.000000	0.000000	1.000000	0.034483	1
109	0.000000	0.000000	0.000000	0.000000	0.000000	1.000000	0.034483	0
110	0.000000	0.000000	0.000000	0.000000	0.000000	1.000000	0.034483	0
111	0.000000	0.000000	0.000000	0.000000	0.000000	1.000000	0.034483	0
112	0.000000	0.000000	0.000000	0.000000	0.000000	1.000000	0.033333	1
113	0.000000	0.000000	0.000000	0.000000	0.000000	1.000000	0.033333	0
114	0.000000	0.000000	0.000000	0.000000	0.000000	1.000000	0.033333	0
115	0.000000	0.000000	0.000000	0.000000	0.000000	1.000000	0.033333	0
116	0.000000	0.000000	0.000000	0.000000	0.000000	1.000000	0.033333	0
117	0.000000	0.000000	0.000000	0.000000	0.000000	1.000000	0.033333	0
118	0.000000	0.000000	0.000000	0.000000	0.000000	1.000000	0.033333	0
119	0.000000	0.000000	0.000000	0.000000	0.000000	1.000000	0.033333	0
120	0.000000	0.000000	0.000000	0.000000	0.000000	1.000000	0.033333	0
121	0.000000	0.000000	0.000000	0.000000	0.000000	1.000000	0.033333	0
122	0.000000	0.000000	0.000000	0.000000	0.000000	1.000000	0.033333	0
123	0.000000	0.000000	0.000000	0.000000	0.000000	1.000000	0.033333	0
124	0.000000	0.000000	0.000000	0.000000	0.000000	1.000000	0.033333	0
125	0.000000	0.000000	0.000000	0.000000	0.000000	1.000000	0.033333	0
126	0.000000	0.000000	0.000000	0.000000	0.000000	1.000000	0.032258	1
127	0.000000	0.000000	0.000000	0.000000	0.000000	1.000000	0.032258	0
128	0.000000	0.000000	0.000000	0.000000	0.000000	1.000000	0.032258	0
129	0.000000	0.000000	0.000000	0.000000	0.000000	1.000000	0.032258	0
130	0.000000	0.000000	0.000000	0.000000	0.000000	1.000000	0.031250	1
131	0.000000	0.000000	0.000000	0.000000	0.000000	1.000000	0.031250	0
132	0.000000	0.000000	0.000000	0.000000	0.000000	1.000000	0.031250	0
133	0.000000	0.000000	0.000000	0.000000	0.000000	1.000000	0.031250	0
134	0.000000	0.000000	0.000000	0.000000	0.000000	1.000000	0.031250	0
135	0.000000	0.000000	0.000000	0.000000	0.000000	1.000000	0.031250	0
136	0.000000	0.000000	0.000000	0.000000	0.000000	1.000000	0.030303	1
137	0.000000	0.000000	0.000000	0.000000	0.000000	1.000000	0.030303	0
138	0.000000	0.000000	0.000000	0.000000	0.000000	1.000000	0.029412	1
139	0.000000	0.000000	0.000000	0.000000	0.000000	1.000000	0.029412	0
140	0.000000	0.000000	0.000000	0.000000	0.000000	1.000000	0.029412	0
141	0.000000	0.000000	0.000000	0.000000	0.000000	1.000000	0.029412	0
142	0.000000	0.000000	0.000000	0.000000	0.000000	1.000000	0.029412	0
143	0.000000	0.000000	0.000000	0.000000	0.000000	1.000000	0.029412	0
144	0.000000	0.000000	0.000000	0.000000	0.000000	1.000000	0.029412	0
145	0.000000	0.000000	0.000000	0.000000	0.000000	1.000000	0.029412	0
146	0.000000	0.000000	0.000000	0.000000	0.000000	1.000000	0.029412	0
147	0.000000	0.000000	0.000000	0.000000	0.000000	1.000000	0.029412	0
148	0.000000	0.000000	0.000000	0.000000	0.000000	1.000000	0.028571	1
149	0.000000	0.000000	0.000000	0.000000	0.000000	1.000000	0.028571	0
150	0.000000	0.000000	0.000000	0.000000	0.000000	1.000000	0.027778	1
151	0.000000	0.000000	0.000000	0.000000	0.000000	1.000000	0.027778	0
152	0.000000	0.000000	0.000000	0.000000	0.000000	1.000000	0.027778	0
153	0.000000	0.000000	0.000000	0.000000	0.000000	1.000000	0.027778	0
154	0.000000	0.000000	0.000000	0.000000	0.000000	1.000000	0.027778	0
155	0.000000	0.000000	0.000000	0.000000	0.000000	1.000000	0.027778	0
156	0.000000	0.000000	0.000000	0.000000	0.000000	1.000000	0.027027	1
157	0.000000	0.000000	0.000000	0.000000	0.000000	1.000000	0.027027	0
158	0.000000	0.000000	0.000000	0.000000	0.000000	1.000000	0.027027	0
159	0.000000	0.000000	0.000000	0.000000	0.000000	1.000000	0.027027	0
160	0.000000	0.000000	0.000000	0.000000	0.000000	1.000000	0.027027	0
161	0.000000	0.000000	0.000000	0.000000	0.000000	1.000000	0.027027	0
162	0.000000	0.000000	0.000000	0.000000	0.000000	1.000000	0.026316	1
163	0.000000	0.000000	0.000000	0.000000	0.000000	1.000000	0.026316	0
164	0.000000	0.000000	0.000000	0.000000	0.000000	1.000000	0.026316	0
165	0.000000	0.000000	0.000000	0.000000	0.000000	1.000000	0.026316	0
166	0.000000	0.000000	0.000000	0.000000	0.000000	1.000000	0.025641	1
167	0.000000	0.000000	0.000000	0.000000	0.000000	1.000000	0.025641	0
168	0.000000	0.000000	0.000000	0.000000	0.000000	1.000000	0.025641	0
169	0.000000	0.000000	0.000000	0.000000	0.000000	1.000000	0.025641	0
170	0.000000	0.000000	0.000000	0.000000	0.000000	1.000000	0.025641	0
171	0.000000	0.000000	0.000000	0.000000	0.000000	1.000000	0.025641	0
172	0.000000	0.000000	0.000000	0.000000	0.000000	1.000000	0.025000	1
173	0.000000	0.000000	0.000000	0.000000	0.000000	1.000000	0.025000	0
174	0.000000	0.000000	0.000000	0.000000	0.000000	1.000000	0.025000	0
175	0.000000	0.000000	0.000000	0.000000	0.000000	1.000000	0.025000	0
176	0.000000	0.000000	0.000000	0.000000	0.000000	1.000000	0.025000	0
177	0.000000	0.000000	0.000000	0.000000	0.000000	1.000000	0.025000	0
178	0.000000	0.000000	0.000000	0.000000	0.000000	1.000000	0.024390	1
179	0.000000	0.000000	0.000000	0.000000	0.000000	1.000000	0.024390	0
180	0.000000	0.000000	0.000000	0.000000	0.000000	1.000000	0.023810	1
181	0.000000	0.000000	0.000000	0.000000	0.000000	1.000000	0.023810	0
182	0.000000	0.000000	0.000000	0.000000	0.000000	1.000000	0.023810	0
183	0.000000	0.000000	0.000000	0.000000	0.000000	1.000000	0.023810	0
184	0.000000	0.000000	0.000000	0.000000	0.000000	1.000000	0.023810	0
185	0.000000	0.000000	0.000000	0.000000	0.000000	1.000000	0.023810	0
186	0.000000	0.000000	0.000000	0.000000	0.000000	1.000000	0.023810	0
187	0.000000	0.000000	0.000000	0.000000	0.000000	1.000000	0.023810	0
188	0.000000	0.000000	0.000000	0.000000	0.000000	1.000000	0.023810	0
189	0.000000	0.000000	0.000000	0.000000	0.000000	1.000000	0.023810	0
190	0.000000	0.000000	0.000000	0.000000	0.000000	1.000000	0.023256	1
191	0.000000	0.000000	0.000000	0.000000	0.000000	1.000000	0.023256	0
192	0.000000	0.000000	0.000000	0.000000	0.000000	1.000000	0.022727	1
193	0.000000	0.000000	0.000000	0.000000	0.000000	1.000000	0.022727	0
194	0.000000	0.000000	0.000000	0.000000	0.000000	1.000000	0.022727	0
195	0.000000	0.000000	0.000000	0.000000	0.000000	1.000000	0.022727	0
196	0.000000	0.000000	0.000000	0.000000	0.000000	1.000000	0.022222	1
197	0.000000	0.000000	0.000000	0.000000	0.000000	1.000000	0.022222	0
198	0.000000	0.000000	0.000000	0.000000	0.000000	1.000000	0.021739	1
199	0.000000	0.000000	0.000000	0.000000	0.000000	1.000000	0.021739	0
200	0.000000	0.000000	0.000000	0.000000	0.000000	1.000000	0.021739	0
201	0.000000	0.000000	0.000000	0.000000	0.000000	1.000000	0.021739	0
202	0.000000	0.000000	0.000000	0.000000	0.000000	1.000000	0.021739	0
203	0.000000	0.000000	0.000000	0.000000	0.000000	1.000000	0.021739	0
204	0.000000	0.000000	0.000000	0.000000	0.000000	1.000000	0.021739	0
205	0.000000	0.000000	0.000000	0.000000	0.000000	1.000000	0.021739	0
206	0.000000	0.000000	0.000000	0.000000	0.000000	1.000000	0.021739	0
207	0.000000	0.000000	0.000000	0.000000	0.000000	1.000000	0.021739	0
208	0.000000	0.000000	0.000000	0.000000	0.000000	1.000000	0.021739	0
209	0.000000	0.000000	0.000000	0.000000	0.000000	1.000000	0.021739	0
210	0.000000	0.000000	0.000000	0.000000	0.000000	1.000000	0.021277	1
211	0.000000	0.000000	0.000000	0.000000	0.000000	1.000000	0.021277	0
212	0.000000	0.000000	0.000000	0.000000	0.000000	1.000000	0.021277	0
213	0.000000	0.000000	0.000000	0.000000	0.000000	1.000000	0.021277	0
214	0.000000	0.000000	0.000000	0.000000	0.000000	1.000000	0.021277	0
215	0.000000	0.000000	0.000000	0.000000	0.000000	1.000000	0.021277	0
216	0.000000	0.000000	0.000000	0.000000	0.000000	1.000000	0.021277	0
217	0.000000	0.000000	0.000000	0.000000	0.000000	1.000000	0.021277	0
218	0.000000	0.000000	0.000000	0.000000	0.000000	1.000000	0.021277	0
219	0.000000	0.000000	0.000000	0.000000	0.000000	1.000000	0.021277	0
220	0.000000	0.000000	0.000000	0.000000	0.000000	1.000000	0.021277	0
221	0.000000	0.000000	0.000000	0.000000	0.000000	1.000000	0.021277	0
222	0.000000	0.000000	0.000000	0.000000	0.000000	1.000000	0.020833	1
223	0.000000	0.000000	0.000000	0.000000	0.000000	1.000000	0.020833	0
224	0.000000	0.000000	0.000000	0.000000	0.000000	1.000000	0.020833	0
225	0.000000	0.000000	0.000000	0.000000	0.000000	1.000000	0.020833	0
226	0.000000	0.000000	0.000000	0.000000	0.000000	1.000000	0.020408	1
227	0.000000	0.000000	0.000000	0.000000	0.000000	1.000000	0.020408	0
228	0.000000	0.000000	0.000000	0.000000	0.000000	1.000000	0.020000	1
229	0.000000	0.000000	0.000000	0.000000	0.000000	1.000000	0.020000	0
230	0.000000	0.000000	0.000000	0.000000	0.000000	1.000000	0.020000	0
231	0.000000	0.000000	0.000000	0.000000	0.000000	1.000000	0.020000	0
232	0.000000	0.000000	0.000000	0.000000	0.000000	1.000000	0.019608	1
233	0.000000	0.000000	0.000000	0.000000	0.000000	1.000000	0.019608	0
234	0.000000	0.000000	0.000000	0.000000	0.000000	1.000000	0.019608	0
235	0.000000	0.000000	0.000000	0.000000	0.000000	1.000000	0.019608	0
236	0.000000	0.000000	0.000000	0.000000	0.000000	1.000000	0.019608	0
237	0.000000	0.000000	0.000000	0.000000	0.000000	1.000000	0.019608	0
238	0.000000	0.000000	0.000000	0.000000	0.000000	1.000000	0.019231	1
239	0.000000	0.000000	0.000000	0.000000	0.000000	1.000000	0.019231	0
240	0.000000	0.000000	0.000000	0.000000	0.000000	1.000000	0.018868	1
241	0.000000	0.000000	0.000000	0.000000	0.000000	1.000000	0.018868	0
242	0.000000	0.000000	0.000000	0.000000	0.000000	1.000000	0.018868	0
243	0.000000	0.000000	0.000000	0.000000	0.000000	1.000000	0.018868	0
244	0.000000	0.000000	0.000000	0.000000	0.000000	1.000000	0.018868	0
245	0.000000	0.000000	0.000000	0.000000	0.000000	1.000000	0.018868	0
246	0.000000	0.000000	0.000000	0.000000	0.000000	1.000000	0.018868	0
247	0.000000	0.000000	0.000000	0.000000	0.000000	1.000000	0.018868	0
248	0.000000	0.000000	0.000000	0.000000	0.000000	1.000000	0.018868	0
249	0.000000	0.000000	0.000000	0.000000	0.000000	1.000000	0.018868	0
250	0.000000	0.000000	0.000000	0.000000	0.000000	1.000000	0.018519	1
251	0.000000	0.000000	0.000000	0.000000	0.000000	1.000000	0.018519	0
252	0.000000	0.000000	0.000000	0.000000	0.000000	1.000000	0.018519	0
253	0.000000	0.000000	0.000000	0.000000	0.000000	1.000000	0.018519	0
254	0.000000	0.000000	0.000000	0.000000	0.000000	1.000000	0.018519	0
255	0.000000	0.000000	0.000000	0.000000	0.000000	1.000000	0.018519	0
256	0.000000	0.000000	0.000000	0.000000	0.000000	1.000000	0.018182	1
257	0.000000	0.000000	0.000000	0.000000	0.000000	1.000000	0.018182	0
258	0.000000	0.000000	0.000000	0.000000	0.000000	1.000000	0.018182	0
259	0.000000	0.000000	0.000000	0.000000	0.000000	1.000000	0.018182	0
260	0.000000	0.000000	0.000000	0.000000	0.000000	1.000000	0.018182	0
261	0.000000	0.000000	0.000000	0.000000	0.000000	1.000000	0.018182	0
262	0.000000	0.000000	0.000000	0.000000	0.000000	1.000000	0.017857	1
263	0.000000	0.000000	0.000000	0.000000	0.000000	1.000000	0.017857	0
264	0.000000	0.000000	0.000000	0.000000	0.000000	1.000000	0.017857	0
265	0.000000	0.000000	0.000000	0.000000	0.000000	1.000000	0.017857	0
266	0.000000	0.000000	0.000000	0.000000	0.000000	1.000000	0.017857	0
267	0.000000	0.000000	0.000000	0.000000	0.000000	1.000000	0.017857	0
268	0.000000	0.000000	0.000000	0.000000	0.000000	1.000000	0.017544	1
269	0.000000	0.000000	0.000000	0.000000	0.000000	1.000000	0.017544	0
270	0.000000	0.000000	0.000000	0.000000	0.000000	1.000000	0.017241	1
271	0.000000	0.000000	0.000000	0.000000	0.000000	1.000000	0.017241	0
272	0.000000	0.000000	0.000000	0.000000	0.000000	1.000000	0.017241	0
273	0.000000	0.000000	0.000000	0.000000	0.000000	1.000000	0.017241	0
274	0.000000	0.000000	0.000000	0.000000	0.000000	1.000000	0.017241	0
275	0.000000	0.000000	0.000000	0.000000	0.000000	1.000000	0.017241	0
276	0.000000	0.000000	0.000000	0.000000	0.000000	1.000000	0.016949	1
277	0.000000	0.000000	0.000000	0.000000	0.000000	1.000000	0.016949	0
278	0.000000	0.000000	0.000000	0.000000	0.000000	1.000000	0.016949	0
279	0.000000	0.000000	0.000000	0.000000	0.000000	1.000000	0.016949	0
280	0.000000	0.000000	0.000000	0.000000	0.000000	1.000000	0.016667	1
281	0.000000	0.000000	0.000000	0.000000	0.000000	1.000000	0.016667	0
282	0.000000	0.000000	0.000000	0.000000	0.000000	1.000000	0.016393	1
283	0.000000	0.000000	0.000000	0.000000	0.000000	1.000000	0.016393	0
284	0.000000	0.000000	0.000000	0.000000	0.000000	1.000000	0.016393	0
285	0.000000	0.000000	0.000000	0.000000	0.000000	1.000000	0.016393	0
286	0.000000	0.000000	0.000000	0.000000	0.000000	1.000000	0.016393	0
287	0.000000	0.000000	0.000000	0.000000	0.000000	1.000000	0.016393	0
288	0.000000	0.000000	0.000000	0.000000	0.000000	1.000000	0.016393	0
289	0.000000	0.000000	0.000000	0.000000	0.000000	1.000000	0.016393	0
290	0.000000	0.000000	0.000000	0.000000	0.000000	1.000000	0.016393	0
291	0.000000	0.000000	0.000000	0.000000	0.000000	1.000000	0.016393	0
292	0.000000	0.000000	0.000000	0.000000	0.000000	1.000000	0.016129	1
293	0.000000	0.000000	0.000000	0.000000	0.000000	1.000000	0.016129	0
294	0.000000	0.000000	0.000000	0.000000	0.000000	1.000000	0.016129	0
295	0.000000	0.000000	0.000000	0.000000	0.000000	1.000000	0.016129	0
296	0.000000	0.000000	0.000000	0.000000	0.000000	1.000000	0.016129	0
297	0.000000	0.000000	0.000000	0.000000	0.000000	1.000000	0.016129	0
298	0.000000	0.000000	0.000000	0.000000	0.000000	1.000000	0.016129	0
299	0.000000	0.000000	0.000000	0.000000	0.000000	1.000000	0.016129	0
300	0.000000	0.000000	0.000000	0.000000	0.000000	1.000000	0.016129	0
301	0.000000	0.000000	0.000000	0.000000	0.000000	1.000000	0.016129	0
302	0.000000	0.000000	0.000000	0.000000	0.000000	1.000000	0.016129	0
303	0.000000	0.000000	0.000000	0.000000	0.000000	1.000000	0.016129	0
304	0.000000	0.000000	0.000000	0.000000	0.000000	1.000000	0.016129	0
305	0.000000	0.000000	0.000000	0.000000	0.000000	1.000000	0.016129	0
306	0.000000	0.000000	0.000000	0.000000	0.000000	1.000000	0.015873	1
307	0.000000	0.000000	0.000000	0.000000	0.000000	1.000000	0.015873	0
308	0.000000	0.000000	0.000000	0.000000	0.000000	1.000000	0.015873	0
309	0.000000	0.000000	0.000000	0.000000	0.000000	1.000000	0.015873	0
310	0.000000	0.000000	0.000000	0.000000	0.000000	1.000000	0.015625	1
311	0.000000	0.000000	0.000000	0.000000	0.000000	1.000000	0.015625	0
312	0.000000	0.000000	0.000000	0.000000	0.000000	1.000000	0.015385	1
313	0.000000	0.000000	0.000000	0.000000	0.000000	1.000000	0.015385	0
314	0.000000	0.000000	0.000000	0.000000	0.000000	1.000000	0.015385	0
315	0.000000	0.000000	0.000000	0.000000	0.000000	1.000000	0.015385	0
316	0.000000	0.000000	0.000000	0.000000	0.000000	1.000000	0.015152	1
317	0.000000	0.000000	0.000000	0.000000	0.000000	1.000000	0.015152	0
318	0.000000	0.000000	0.000000	0.000000	0.000000	1.000000	0.015152	0
319	0.000000	0.000000	0.000000	0.000000	0.000000	1.000000	0.015152	0
320	0.000000	0.000000	0.000000	0.000000	0.000000	1.000000	0.015152	0
321	0.000000	0.000000	0.000000	0.000000	0.000000	1.000000	0.015152	0
322	0.000000	0.000000	0.000000	0.000000	0.000000	1.000000	0.015152	0
323	0.000000	0.000000	0.000000	0.000000	0.000000	1.000000	0.015152	0
324	0.000000	0.000000	0.000000	0.000000	0.000000	1.000000	0.015152	0
325	0.000000	0.000000	0.000000	0.000000	0.000000	1.000000	0.015152	0
326	0.000000	0.000000	0.000000	0.000000	0.000000	1.000000	0.015152	0
327	0.000000	0.000000	0.000000	0.000000	0.000000	1.000000	0.015152	0
328	0.000000	0.000000	0.000000	0.000000	0.000000	1.000000	0.015152	0
329	0.000000	0.000000	0.000000	0.000000	0.000000	1.000000	0.015152	0
330	0.000000	0.000000	0.000000	0.000000	0.000000	1.000000	0.014925	1
331	0.000000	0.000000	0.000000	0.000000	0.000000	1.000000	0.014925	0
332	0.000000	0.000000	0.000000	0.000000	0.000000	1.000000	0.014925	0
333	0.000000	0.000000	0.000000	0.000000	0.000000	1.000000	0.014925	0
334	0.000000	0.000000	0.000000	0.000000	0.000000	1.000000	0.014925	0
335	0.000000	0.000000	0.000000	0.000000	0.000000	1.000000	0.014925	0
336	0.000000	0.000000	0.000000	0.000000	0.000000	1.000000	0.014706	1
337	0.000000	0.000000	0.000000	0.000000	0.000000	1.000000	0.014706	0
338	0.000000	0.000000	0.000000	0.000000	0.000000	1.000000	0.014706	0
339	0.000000	0.000000	0.000000	0.000000	0.000000	1.000000	0.014706	0
340	0.000000	0.000000	0.000000	0.000000	0.000000	1.000000	0.014706	0
341	0.000000	0.000000	0.000000	0.000000	0.000000	1.000000	0.014706	0
342	0.000000	0.000000	0.000000	0.000000	0.000000	1.000000	0.014706	0
343	0.000000	0.000000	0.000000	0.000000	0.000000	1.000000	0.014706	0
344	0.000000	0.000000	0.000000	0.000000	0.000000	1.000000	0.014706	0
345	0.000000	0.000000	0.000000	0.000000	0.000000	1.000000	0.014706	0
346	0.000000	0.000000	0.000000	0.000000	0.000000	1.000000	0.014493	1
347	0.000000	0.000000	0.000000	0.000000	0.000000	1.000000	0.014493	0
348	0.000000	0.000000	0.000000	0.000000	0.000000	1.000000	0.014286	1
349	0.000000	0.000000	0.000000	0.000000	0.000000	1.000000	0.014286	0
350	0.000000	0.000000	0.000000	0.000000	0.000000	1.000000	0.014286	0
351	0.000000	0.000000	0.000000	0.000000	0.000000	1.000000	0.014286	0
352	0.000000	0.000000	0.000000	0.000000	0.000000	1.000000	0.014085	1
353	0.000000	0.000000	0.000000	0.000000	0.000000	1.000000	0.014085	0
354	0.000000	0.000000	0.000000	0.000000	0.000000	1.000000	0.014085	0
355	0.000000	0.000000	0.000000	0.000000	0.000000	1.000000	0.014085	0
356	0.000000	0.000000	0.000000	0.000000	0.000000	1.000000	0.014085	0
357	0.000000	0.000000	0.000000	0.000000	0.000000	1.000000	0.014085	0
358	0.000000	0.000000	0.000000	0.000000	0.000000	1.000000	0.013889	1
359	0.000000	0.000000	0.000000	0.000000	0.000000	1.000000	0.013889	0
360	0.000000	0.000000	0.000000	0.000000	0.000000	1.000000	0.013889	0
361	0.000000	0.000000	0.000000	0.000000	0.000000	1.000000	0.013889	0
362	0.000000	0.000000	0.000000	0.000000	0.000000	1.000000	0.013889	0
363	0.000000	0.000000	0.000000	0.000000	0.000000	1.000000	0.013889	0
364	0.000000	0.000000	0.000000	0.000000	0.000000	1.000000	0.013889	0
365	0.000000	0.000000	0.000000	0.000000	0.000000	1.000000	0.013889	0
366	0.000000	0.000000	0.000000	0.000000	0.000000	1.000000	0.013699	1
367	0.000000	0.000000	0.000000	0.000000	0.000000	1.000000	0.013699	0
368	0.000000	0.000000	0.000000	0.000000	0.000000	1.000000	0.013699	0
369	0.000000	0.000000	0.000000	0.000000	0.000000	1.000000	0.013699	0
370	0.000000	0.000000	0.000000	0.000000	0.000000	1.000000	0.013699	0
371	0.000000	0.000000	0.000000	0.000000	0.000000	1.000000	0.013699	0
372	0.000000	0.000000	0.000000	0.000000	0.000000	1.000000	0.013514	1
373	0.000000	0.000000	0.000000	0.000000	0.000000	1.000000	0.013514	0
374	0.000000	0.000000	0.000000	0.000000	0.000000	1.000000	0.013514	0
375	0.000000	0.000000	0.000000	0.000000	0.000000	1.000000	0.013514	0
376	0.000000	0.000000	0.000000	0.000000	0.000000	1.000000	0.013514	0
377	0.000000	0.000000	0.000000	0.000000	0.000000	1.000000	0.013514	0
378	0.000000	0.000000	0.000000	0.000000	0.000000	1.000000	0.013333	1
379	0.000000	0.000000	0.000000	0.000000	0.000000	1.000000	0.013333	0
380	0.000000	0.000000	0.000000	0.000000	0.000000	1.000000	0.013333	0
381	0.000000	0.000000	0.000000	0.000000	0.000000	1.000000	0.013333	0
382	0.000000	0.000000	0.000000	0.000000	0.000000	1.000000	0.013158	1
383	0.000000	0.000000	0.000000	0.000000	0.000000	1.000000	0.013158	0
384	0.000000	0.000000	0.000000	0.000000	0.000000	1.000000	0.013158	0
385	0.000000	0.000000	0.000000	0.000000	0.000000	1.000000	0.013158	0
386	0.000000	0.000000	0.000000	0.000000	0.000000	1.000000	0.013158	0
387	0.000000	0.000000	0.000000	0.000000	0.000000	1.000000	0.013158	0
388	0.000000	0.000000	0.000000	0.000000	0.000000	1.000000	0.012987	1
389	0.000000	0.000000	0.000000	0.000000	0.000000	1.000000	0.012987	0
390	0.000000	0.000000	0.000000	0.000000	0.000000	1.000000	0.012987	0
391	0.000000	0.000000	0.000000	0.000000	0.000000	1.000000	0.012987	0
392	0.000000	0.000000	0.000000	0.000000	0.000000	1.000000	0.012987	0
393	0.000000	0.000000	0.000000	0.000000	0.000000	1.000000	0.012987	0
394	0.000000	0.000000	0.000000	0.000000	0.000000	1.000000	0.012987	0
395	0.000000	0.000000	0.000000	0.000000	0.000000	1.000000	0.012987	0
396	0.000000	0.000000	0.000000	0.000000	0.000000	1.000000	0.012821	1
397	0.000000	0.000000	0.000000	0.000000	0.000000	1.000000	0.012821	0
398	0.000000	0.000000	0.000000	0.000000	0.000000	1.000000	0.012821	0
399	0.000000	0.000000	0.000000	0.000000	0.000000	1.000000	0.012821	0
400	0.000000	0.000000	0.000000	0.000000	0.000000	1.000000	0.012658	1
401	0.000000	0.000000	0.000000	0.000000	0.000000	1.000000	0.012658	0
402	0.000000	0.000000	0.000000	0.000000	0.000000	1.000000	0.012658	0
403	0.000000	0.000000	0.000000	0.000000	0.000000	1.000000	0.012658	0
404	0.000000	0.000000	0.000000	0.000000	0.000000	1.000000	0.012658	0
405	0.000000	0.000000	0.000000	0.000000	0.000000	1.000000	0.012658	0
406	0.000000	0.000000	0.000000	0.000000	0.000000	1.000000	0.012658	0
407	0.000000	0.000000	0.000000	0.000000	0.000000	1.000000	0.012658	0
408	0.000000	0.000000	0.000000	0.000000	0.000000	1.000000	0.012500	1
409	0.000000	0.000000	0.000000	0.000000	0.000000	1.000000	0.012500	0
410	0.000000	0.000000	0.000000	0.000000	0.000000	1.000000	0.012500	0
411	0.000000	0.000000	0.000000	0.000000	0.000000	1.000000	0.012500	0
412	0.000000	0.000000	0.000000	0.000000	0.000000	1.000000	0.012500	0
413	0.000000	0.000000	0.000000	0.000000	0.000000	1.000000	0.012500	0
414	0.000000	0.000000	0.000000	0.000000	0.000000	1.000000	0.012500	0
415	0.000000	0.000000	0.000000	0.000000	0.000000	1.000000	0.012500	0
416	0.000000	0.000000	0.000000	0.000000	0.000000	1.000000	0.012500	0
417	0.000000	0.000000	0.000000	0.000000	0.000000	1.000000	0.012500	0
418	0.000000	0.000000	0.000000	0.000000	0.000000	1.000000	0.012346	1
419	0.000000	0.000000	0.000000	0.000000	0.000000	1.000000	0.012346	0
420	0.000000	0.000000	0.000000	0.000000	0.000000	1.000000	0.012195	1
421	0.000000	0.000000	0.000000	0.000000	0.000000	1.000000	0.012195	0
422	0.000000	0.000000	0.000000	0.000000	0.000000	1.000000	0.012195	0
423	0.000000	0.000000	0.000000	0.000000	0.000000	1.000000	0.012195	0
424	0.000000	0.000000	0.000000	0.000000	0.000000	1.000000	0.012195	0
425	0.000000	0.000000	0.000000	0.000000	0.000000	1.000000	0.012195	0
426	0.000000	0.000000	0.000000	0.000000	0.000000	1.000000	0.012195	0
427	0.000000	0.000000	0.000000	0.000000	0.000000	1.000000	0.012195	0
428	0.000000	0.000000	0.000000	0.000000	0.000000	1.000000	0.012195	0
429	0.000000	0.000000	0.000000	0.000000	0.000000	1.000000	0.012195	0
430	0.000000	0.000000	0.000000	0.000000	0.000000	1.000000	0.012048	1
431	0.000000	0.000000	0.000000	0.000000	0.000000	1.000000	0.012048	0
432	0.000000	0.000000	0.000000	0.000000	0.000000	1.000000	0.011905	1
433	0.000000	0.000000	0.000000	0.000000	0.000000	1.000000	0.011905	0
434	0.000000	0.000000	0.000000	0.000000	0.000000	1.000000	0.011905	0
435	0.000000	0.000000	0.000000	0.000000	0.000000	1.000000	0.011905	0
436	0.000000	0.000000	0.000000	0.000000	0.000000	1.000000	0.011905	0
437	0.000000	0.000000	0.000000	0.000000	0.000000	1.000000	0.011905	0
438	0.000000	0.000000	0.000000	0.000000	0.000000	1.000000	0.011765	1
439	0.000000	0.000000	0.000000	0.000000	0.000000	1.000000	0.011765	0
440	0.000000	0.000000	0.000000	0.000000	0.000000	1.000000	0.011765	0
441	0.000000	0.000000	0.000000	0.000000	0.000000	1.000000	0.011765	0
442	0.000000	0.000000	0.000000	0.000000	0.000000	1.000000	0.011628	1
443	0.000000	0.000000	0.000000	0.000000	0.000000	1.000000	0.011628	0
444	0.000000	0.000000	0.000000	0.000000	0.000000	1.000000	0.011628	0
445	0.000000	0.000000	0.000000	0.000000	0.000000	1.000000	0.011628	0
446	0.000000	0.000000	0.000000	0.000000	0.000000	1.000000	0.011628	0
447	0.000000	0.000000	0.000000	0.000000	0.000000	1.000000	0.011628	0
448	0.000000	0.000000	0.000000	0.000000	0.000000	1.000000	0.011494	1
449	0.000000	0.000000	0.000000	0.000000	0.000000	1.000000	0.011494	0
450	0.000000	0.000000	0.000000	0.000000	0.000000	1.000000	0.011494	0
451	0.000000	0.000000	0.000000	0.000000	0.000000	1.000000	0.011494	0
452	0.000000	0.000000	0.000000	0.000000	0.000000	1.000000	0.011494	0
453	0.000000	0.000000	0.000000	0.000000	0.000000	1.000000	0.011494	0
454	0.000000	0.000000	0.000000	0.000000	0.000000	1.000000	0.011494	0
455	0.000000	0.000000	0.000000	0.000000	0.000000	1.000000	0.011494	0
456	0.000000	0.000000	0.000000	0.000000	0.000000	1.000000	0.011364	1
457	0.000000	0.000000	0.000000	0.000000	0.000000	1.000000	0.011364	0
458	0.000000	0.000000	0.000000	0.000000	0.000000	1.000000	0.011364	0
459	0.000000	0.000000	0.000000	0.000000	0.000000	1.000000	0.011364	0
460	0.000000	0.000000	0.000000	0.000000	0.000000	1.000000	0.011236	1
461	0.000000	0.000000	0.000000	0.000000	0.000000	1.000000	0.011236	0
462	0.000000	0.000000	0.000000	0.000000	0.000000	1.000000	0.011111	1
463	0.000000	0.000000	0.000000	0.000000	0.000000	1.000000	0.011111	0
464	0.000000	0.000000	0.000000	0.000000	0.000000	1.000000	0.011111	0
465	0.000000	0.000000	0.000000	0.000000	0.000000	1.000000	0.011111	0
466	0.000000	0.000000	0.000000	0.000000	0.000000	1.000000	0.010989	1
467	0.000000	0.000000	0.000000	0.000000	0.000000	1.000000	0.010989	0
468	0.000000	0.000000	0.000000	0.000000	0.000000	1.000000	0.010989	0
469	0.000000	0.000000	0.000000	0.000000	0.000000	1.000000	0.010989	0
470	0.000000	0.000000	0.000000	0.000000	0.000000	1.000000	0.010989	0
471	0.000000	0.000000	0.000000	0.000000	0.000000	1.000000	0.010989	0
472	0.000000	0.000000	0.000000	0.000000	0.000000	1.000000	0.010989	0
473	0.000000	0.000000	0.000000	0.000000	0.000000	1.000000	0.010989	0
474	0.000000	0.000000	0.000000	0.000000	0.000000	1.000000	0.010989	0
475	0.000000	0.000000	0.000000	0.000000	0.000000	1.000000	0.010989	0
476	0.000000	0.000000	0.000000	0.000000	0.000000	1.000000	0.010989	0
477	0.000000	0.000000	0.000000	0.000000	0.000000	1.000000	0.010989	0
478	0.000000	0.000000	0.000000	0.000000	0.000000	1.000000	0.010870	1
479	0.000000	0.000000	0.000000	0.000000	0.000000	1.000000	0.010870	0
480	0.000000	0.000000	0.000000	0.000000	0.000000	1.000000	0.010870	0
481	0.000000	0.000000	0.000000	0.000000	0.000000	1.000000	0.010870	0
482	0.000000	0.000000	0.000000	0.000000	0.000000	1.000000	0.010870	0
483	0.000000	0.000000	0.000000	0.000000	0.000000	1.000000	0.010870	0
484	0.000000	0.000000	0.000000	0.000000	0.000000	1.000000	0.010870	0
485	0.000000	0.000000	0.000000	0.000000	0.000000	1.000000	0.010870	0
486	0.000000	0.000000	0.000000	0.000000	0.000000	1.000000	0.010753	1
487	0.000000	0.000000	0.000000	0.000000	0.000000	1.000000	0.010753	0
488	0.000000	0.000000	0.000000	0.000000	0.000000	1.000000	0.010753	0
489	0.000000	0.000000	0.000000	0.000000	0.000000	1.000000	0.010753	0
490	0.000000	0.000000	0.000000	0.000000	0.000000	1.000000	0.010638	1
491	0.000000	0.000000	0.000000	0.000000	0.000000	1.000000	0.010638	0
492	0.000000	0.000000	0.000000	0.000000	0.000000	1.000000	0.010638	0
493	0.000000	0.000000	0.000000	0.000000	0.000000	1.000000	0.010638	0
494	0.000000	0.000000	0.000000	0.000000	0.000000	1.000000	0.010638	0
495	0.000000	0.000000	0.000000	0.000000	0.000000	1.000000	0.010638	0
496	0.000000	0.000000	0.000000	0.000000	0.000000	1.000000	0.010638	0
497	0.000000	0.000000	0.000000	0.000000	0.000000	1.000000	0.010638	0
498	0.000000	0.000000	0.000000	0.000000	0.000000	1.000000	0.010526	1
499	0.000000	0.000000	0.000000	0.000000	0.000000	1.000000	0.010526	0
500	0.000000	0.000000	0.000000	0.000000	0.000000	1.000000	0.010526	0
501	0.000000	0.000000	0.000000	0.000000	0.000000	1.000000	0.010526	0
502	0.000000	0.000000	0.000000	0.000000	0.000000	1.000000	0.010417	1
503	0.000000	0.000000	0.000000	0.000000	0.000000	1.000000	0.010417	0
504	0.000000	0.000000	0.000000	0.000000	0.000000	1.000000	0.010417	0
505	0.000000	0.000000	0.000000	0.000000	0.000000	1.000000	0.010417	0
506	0.000000	0.000000	0.000000	0.000000	0.000000	1.000000	0.010417	0
507	0.000000	0.000000	0.000000	0.000000	0.000000	1.000000	0.010417	0
508	0.000000	0.000000	0.000000	0.000000	0.000000	1.000000	0.010309	1
509	0.000000	0.000000	0.000000	0.000000	0.000000	1.000000	0.010309	0
510	0.000000	0.000000	0.000000	0.000000	0.000000	1.000000	0.010309	0
511	0.000000	0.000000	0.000000	0.000000	0.000000	1.000000	0.010309	0
512	0.000000	0.000000	0.000000	0.000000	0.000000	1.000000	0.010309	0
513	0.000000	0.000000	0.000000	0.000000	0.000000	1.000000	0.010309	0
514	0.000000	0.000000	0.000000	0.000000	0.000000	1.000000	0.010309	0
515	0.000000	0.000000	0.000000	0.000000	0.000000	1.000000	0.010309	0
516	0.000000	0.000000	0.000000	0.000000	0.000000	1.000000	0.010309	0
517	0.000000	0.000000	0.000000	0.000000	0.000000	1.000000	0.010309	0
518	0.000000	0.000000	0.000000	0.000000	0.000000	1.000000	0.010309	0
519	0.000000	0.000000	0.000000	0.000000	0.000000	1.000000	0.010309	0
520	0.000000	0.000000	0.000000	0.000000	0.000000	1.000000	0.010204	1
521	0.000000	0.000000	0.000000	0.000000	0.000000	1.000000	0.010204	0
522	0.000000	0.000000	0.000000	0.000000	0.000000	1.000000	0.010101	1
523	0.000000	0.000000	0.000000	0.000000	0.000000	1.000000	0.010101	0
524	0.000000	0.000000	0.000000	0.000000	0.000000	1.000000	0.010101	0
525	0.000000	0.000000	0.000000	0.000000	0.000000	1.000000	0.010101	0
526	0.000000	0.000000	0.000000	0.000000	0.000000	1.000000	0.010101	0
527	0.000000	0.000000	0.000000	0.000000	0.000000	1.000000	0.010101	0
528	0.000000	0.000000	0.000000	0.000000	0.000000	1.000000	0.010101	0
529	0.000000	0.000000	0.000000	0.000000	0.000000	1.000000	0.010101	0
530	0.000000	0.000000	0.000000	0.000000	0.000000	1.000000	0.010101	0
531	0.000000	0.000000	0.000000	0.000000	0.000000	1.000000	0.010101	0
532	0.000000	0.000000	0.000000	0.000000	0.000000	1.000000	0.010101	0
533	0.000000	0.000000	0.000000	0.000000	0.000000	1.000000	0.010101	0
534	0.000000	0.000000	0.000000	0.000000	0.000000	1.000000	0.010101	0
535	0.000000	0.000000	0.000000	0.000000	0.000000	1.000000	0.010101	0
536	0.000000	0.000000	0.000000	0.000000	0.000000	1.000000	0.010101	0
537	0.000000	0.000000	0.000000	0.000000	0.000000	1.000000	0.010101	0
538	0.000000	0.000000	0.000000	0.000000	0.000000	1.000000	0.010101	0
539	0.000000	0.000000	0.000000	0.000000	0.000000	1.000000	0.010101	0
540	0.000000	0.000000	0.000000	0.000000	0.000000	1.000000	0.010000	1
541	0.000000	0.000000	0.000000	0.000000	0.000000	1.000000	0.010000	0
542	0.000000	0.000000	0.000000	0.000000	0.000000	1.000000	0.010000	0
543	0.000000	0.000000	0.000000	0.000000	0.000000	1.000000	0.010000	0
544	0.000000	0.000000	0.000000	0.000000	0.000000	1.000000	0.010000	0
545	0.000000	0.000000	0.000000	0.000000	0.000000	1.000000	0.010000	0
546	0.000000	0.000000	0.000000	0.000000	0.000000	1.000000	0.009901	1
547	0.000000	0.000000	0.000000	0.000000	0.000000	1.000000	0.009901	0
548	0.000000	0.000000	0.000000	0.000000	0.000000	1.000000	0.009901	0
549	0.000000	0.000000	0.000000	0.000000	0.000000	1.000000	0.009901	0
550	0.000000	0.000000	0.000000	0.000000	0.000000	1.000000	0.009901	0
551	0.000000	0.000000	0.000000	0.000000	0.000000	1.000000	0.009901	0
552	0.000000	0.000000	0.000000	0.000000	0.000000	1.000000	0.009901	0
553	0.000000	0.000000	0.000000	0.000000	0.000000	1.000000	0.009901	0
554	0.000000	0.000000	0.000000	0.000000	0.000000	1.000000	0.009901	0
555	0.000000	0.000000	0.000000	0.000000	0.000000	1.000000	0.009901	0
556	0.000000	0.000000	0.000000	0.000000	0.000000	1.000000	0.009804	1
557	0.000000	0.000000	0.000000	0.000000	0.000000	1.000000	0.009804	0
558	0.000000	0.000000	0.000000	0.000000	0.000000	1.000000	0.009804	0
559	0.000000	0.000000	0.000000	0.000000	0.000000	1.000000	0.009804	0
560	0.000000	0.000000	0.000000	0.000000	0.000000	1.000000	0.009804	0
561	0.000000	0.000000	0.000000	0.000000	0.000000	1.000000	0.009804	0
562	0.000000	0.000000	0.000000	0.000000	0.000000	1.000000	0.009709	1
563	0.000000	0.000000	0.000000	0.000000	0.000000	1.000000	0.009709	0
564	0.000000	0.000000	0.000000	0.000000	0.000000	1.000000	0.009709	0
565	0.000000	0.000000	0.000000	0.000000	0.000000	1.000000	0.009709	0
566	0.000000	0.000000	0.000000	0.000000	0.000000	1.000000	0.009709	0
567	0.000000	0.000000	0.000000	0.000000	0.000000	1.000000	0.009709	0
568	0.000000	0.000000	0.000000	0.000000	0.000000	1.000000	0.009615	1
569	0.000000	0.000000	0.000000	0.000000	0.000000	1.000000	0.009615	0
570	0.000000	0.000000	0.000000	0.000000	0.000000	1.000000	0.009524	1
571	0.000000	0.000000	0.000000	0.000000	0.000000	1.000000	0.009524	0
572	0.000000	0.000000	0.000000	0.000000	0.000000	1.000000	0.009524	0
573	0.000000	0.000000	0.000000	0.000000	0.000000	1.000000	0.009524	0
574	0.000000	0.000000	0.000000	0.000000	0.000000	1.000000	0.009524	0
575	0.000000	0.000000	0.000000	0.000000	0.000000	1.000000	0.009524	0
576	0.000000	0.000000	0.000000	0.000000	0.000000	1.000000	0.009434	1
577	0.000000	0.000000	0.000000	0.000000	0.000000	1.000000	0.009434	0
578	0.000000	0.000000	0.000000	0.000000	0.000000	1.000000	0.009434	0
579	0.000000	0.000000	0.000000	0.000000	0.000000	1.000000	0.009434	0
580	0.000000	0.000000	0.000000	0.000000	0.000000	1.000000	0.009434	0
581	0.000000	0.000000	0.000000	0.000000	0.000000	1.000000	0.009434	0
582	0.000000	0.000000	0.000000	0.000000	0.000000	1.000000	0.009434	0
583	0.000000	0.000000	0.000000	0.000000	0.000000	1.000000	0.009434	0
584	0.000000	0.000000	0.000000	0.000000	0.000000	1.000000	0.009434	0
585	0.000000	0.000000	0.000000	0.000000	0.000000	1.000000	0.009434	0
586	0.000000	0.000000	0.000000	0.000000	0.000000	1.000000	0.009346	1
587	0.000000	0.000000	0.000000	0.000000	0.000000	1.000000	0.009346	0
588	0.000000	0.000000	0.000000	0.000000	0.000000	1.000000	0.009346	0
589	0.000000	0.000000	0.000000	0.000000	0.000000	1.000000	0.009346	0
590	0.000000	0.000000	0.000000	0.000000	0.000000	1.000000	0.009346	0
591	0.000000	0.000000	0.000000	0.000000	0.000000	1.000000	0.009346	0
592	0.000000	0.000000	0.000000	0.000000	0.000000	1.000000	0.009259	1
593	0.000000	0.000000	0.000000	0.000000	0.000000	1.000000	0.009259	0
594	0.000000	0.000000	0.000000	0.000000	0.000000	1.000000	0.009259	0
595	0.000000	0.000000	0.000000	0.000000	0.000000	1.000000	0.009259	0
596	0.000000	0.000000	0.000000	0.000000	0.000000	1.000000	0.009259	0
597	0.000000	0.000000	0.000000	0.000000	0.000000	1.000000	0.009259	0
598	0.000000	0.000000	0.000000	0.000000	0.000000	1.000000	0.009174	1
599	0.000000	0.000000	0.000000	0.000000	0.000000	1.000000	0.009174	0
600	0.000000	0.000000	0.000000	0.000000	0.000000	1.000000	0.009091	1
601	0.000000	0.000000	0.000000	0.000000	0.000000	1.000000	0.009091	0
602	0.000000	0.000000	0.000000	0.000000	0.000000	1.000000	0.009091	0
603	0.000000	0.000000	0.000000	0.000000	0.000000	1.000000	0.009091	0
604	0.000000	0.000000	0.000000	0.000000	0.000000	1.000000	0.009091	0
605	0.000000	0.000000	0.000000	0.000000	0.000000	1.000000	0.009091	0
606	0.000000	0.000000	0.000000	0.000000	0.000000	1.000000	0.009009	1
607	0.000000	0.000000	0.000000	0.000000	0.000000	1.000000	0.009009	0
608	0.000000	0.000000	0.000000	0.000000	0.000000	1.000000	0.009009	0
609	0.000000	0.000000	0.000000	0.000000	0.000000	1.000000	0.009009	0
610	0.000000	0.000000	0.000000	0.000000	0.000000	1.000000	0.009009	0
611	0.000000	0.000000	0.000000	0.000000	0.000000	1.000000	0.009009	0
612	0.000000	0.000000	0.000000	0.000000	0.000000	1.000000	0.008929	1
613	0.000000	0.000000	0.000000	0.000000	0.000000	1.000000	0.008929	0
614	0.000000	0.000000	0.000000	0.000000	0.000000	1.000000	0.008929	0
615	0.000000	0.000000	0.000000	0.000000	0.000000	1.000000	0.008929	0
616	0.000000	0.000000	0.000000	0.000000	0.000000	1.000000	0.008850	1
617	0.000000	0.000000	0.000000	0.000000	0.000000	1.000000	0.008850	0
618	0.000000	0.000000	0.000000	0.000000	0.000000	1.000000	0.008772	1
619	0.000000	0.000000	0.000000	0.000000	0.000000	1.000000	0.008772	0
620	0.000000	0.000000	0.000000	0.000000	0.000000	1.000000	0.008772	0
621	0.000000	0.000000	0.000000	0.000000	0.000000	1.000000	0.008772	0
622	0.000000	0.000000	0.000000	0.000000	0.000000	1.000000	0.008772	0
623	0.000000	0.000000	0.000000	0.000000	0.000000	1.000000	0.008772	0
624	0.000000	0.000000	0.000000	0.000000	0.000000	1.000000	0.008772	0
625	0.000000	0.000000	0.000000	0.000000	0.000000	1.000000	0.008772	0
626	0.000000	0.000000	0.000000	0.000000	0.000000	1.000000	0.008772	0
627	0.000000	0.000000	0.000000	0.000000	0.000000	1.000000	0.008772	0
628	0.000000	0.000000	0.000000	0.000000	0.000000	1.000000	0.008772	0
629	0.000000	0.000000	0.000000	0.000000	0.000000	1.000000	0.008772	0
630	0.000000	0.000000	0.000000	0.000000	0.000000	1.000000	0.008696	1
631	0.000000	0.000000	0.000000	0.000000	0.000000	1.000000	0.008696	0
632	0.000000	0.000000	0.000000	0.000000	0.000000	1.000000	0.008696	0
633	0.000000	0.000000	0.000000	0.000000	0.000000	1.000000	0.008696	0
634	0.000000	0.000000	0.000000	0.000000	0.000000	1.000000	0.008696	0
635	0.000000	0.000000	0.000000	0.000000	0.000000	1.000000	0.008696	0
636	0.000000	0.000000	0.000000	0.000000	0.000000	1.000000	0.008696	0
637	0.000000	0.000000	0.000000	0.000000	0.000000	1.000000	0.008696	0
638	0.000000	0.000000	0.000000	0.000000	0.000000	1.000000	0.008696	0
639	0.000000	0.000000	0.000000	0.000000	0.000000	1.000000	0.008696	0
640	0.000000	0.000000	0.000000	0.000000	0.000000	1.000000	0.008621	1
641	0.000000	0.000000	0.000000	0.000000	0.000000	1.000000	0.008621	0
642	0.000000	0.000000	0.000000	0.000000	0.000000	1.000000	0.008547	1
643	0.000000	0.000000	0.000000	0.000000	0.000000	1.000000	0.008547	0
644	0.000000	0.000000	0.000000	0.000000	0.000000	1.000000	0.008547	0
645	0.000000	0.000000	0.000000	0.000000	0.000000	1.000000	0.008547	0
646	0.000000	0.000000	0.000000	0.000000	0.000000	1.000000	0.008475	1
647	0.000000	0.000000	0.000000	0.000000	0.000000	1.000000	0.008475	0
648	0.000000	0.000000	0.000000	0.000000	0.000000	1.000000	0.008475	0
649	0.000000	0.000000	0.000000	0.000000	0.000000	1.000000	0.008475	0
650	0.000000	0.000000	0.000000	0.000000	0.000000	1.000000	0.008475	0
651	0.000000	0.000000	0.000000	0.000000	0.000000	1.000000	0.008475	0
652	0.000000	0.000000	0.000000	0.000000	0.000000	1.000000	0.008403	1
653	0.000000	0.000000	0.000000	0.000000	0.000000	1.000000	0.008403	0
654	0.000000	0.000000	0.000000	0.000000	0.000000	1.000000	0.008403	0
655	0.000000	0.000000	0.000000	0.000000	0.000000	1.000000	0.008403	0
656	0.000000	0.000000	0.000000	0.000000	0.000000	1.000000	0.008403	0
657	0.000000	0.000000	0.000000	0.000000	0.000000	1.000000	0.008403	0
658	0.000000	0.000000	0.000000	0.000000	0.000000	1.000000	0.008333	1
659	0.000000	0.000000	0.000000	0.000000	0.000000	1.000000	0.008333	0
660	0.000000	0.000000	0.000000	0.000000	0.000000	1.000000	0.008264	1
661	0.000000	0.000000	0.000000	0.000000	0.000000	1.000000	0.008264	0
662	0.000000	0.000000	0.000000	0.000000	0.000000	1.000000	0.008264	0
663	0.000000	0.000000	0.000000	0.000000	0.000000	1.000000	0.008264	0
664	0.000000	0.000000	0.000000	0.000000	0.000000	1.000000	0.008264	0
665	0.000000	0.000000	0.000000	0.000000	0.000000	1.000000	0.008264	0
666	0.000000	0.000000	0.000000	0.000000	0.000000	1.000000	0.008264	0
667	0.000000	0.000000	0.000000	0.000000	0.000000	1.000000	0.008264	0
668	0.000000	0.000000	0.000000	0.000000	0.000000	1.000000	0.008264	0
669	0.000000	0.000000	0.000000	0.000000	0.000000	1.000000	0.008264	0
670	0.000000	0.000000	0.000000	0.000000	0.000000	1.000000	0.008264	0
671	0.000000	0.000000	0.000000	0.000000	0.000000	1.000000	0.008264	0
672	0.000000	0.000000	0.000000	0.000000	0.000000	1.000000	0.008197	1
673	0.000000	0.000000	0.000000	0.000000	0.000000	1.000000	0.008197	0
674	0.000000	0.000000	0.000000	0.000000	0.000000	1.000000	0.008197	0
675	0.000000	0.000000	0.000000	0.000000	0.000000	1.000000	0.008197	0
676	0.000000	0.000000	0.000000	0.000000	0.000000	1.000000	0.008130	1
677	0.000000	0.000000	0.000000	0.000000	0.000000	1.000000	0.008130	0
678	0.000000	0.000000	0.000000	0.000000	0.000000	1.000000	0.008130	0
679	0.000000	0.000000	0.000000	0.000000	0.000000	1.000000	0.008130	0
680	0.000000	0.000000	0.000000	0.000000	0.000000	1.000000	0.008130	0
681	0.000000	0.000000	0.000000	0.000000	0.000000	1.000000	0.008130	0
682	0.000000	0.000000	0.000000	0.000000	0.000000	1.000000	0.008065	1
683	0.000000	0.000000	0.000000	0.000000	0.000000	1.000000	0.008065	0
684	0.000000	0.000000	0.000000	0.000000	0.000000	1.000000	0.008065	0
685	0.000000	0.000000	0.000000	0.000000	0.000000	1.000000	0.008065	0
686	0.000000	0.000000	0.000000	0.000000	0.000000	1.000000	0.008065	0
687	0.000000	0.000000	0.000000	0.000000	0.000000	1.000000	0.008065	0
688	0.000000	0.000000	0.000000	0.000000	0.000000	1.000000	0.008065	0
689	0.000000	0.000000	0.000000	0.000000	0.000000	1.000000	0.008065	0
690	0.000000	0.000000	0.000000	0.000000	0.000000	1.000000	0.008000	1
691	0.000000	0.000000	0.000000	0.000000	0.000000	1.000000	0.008000	0
692	0.000000	0.000000	0.000000	0.000000	0.000000	1.000000	0.008000	0
693	0.000000	0.000000	0.000000	0.000000	0.000000	1.000000	0.008000	0
694	0.000000	0.000000	0.000000	0.000000	0.000000	1.000000	0.008000	0
695	0.000000	0.000000	0.000000	0.000000	0.000000	1.000000	0.008000	0
696	0.000000	0.000000	0.000000	0.000000	0.000000	1.000000	0.008000	0
697	0.000000	0.000000	0.000000	0.000000	0.000000	1.000000	0.008000	0
698	0.000000	0.000000	0.000000	0.000000	0.000000	1.000000	0.008000	0
699	0.000000	0.000000	0.000000	0.000000	0.000000	1.000000	0.008000	0
700	0.000000	0.000000	0.000000	0.000000	0.000000	1.000000	0.007937	1
701	0.000000	0.000000	0.000000	0.000000	0.000000	1.000000	0.007937	0
702	0.000000	0.000000	0.000000	0.000000	0.000000	1.000000	0.007937	0
703	0.000000	0.000000	0.000000	0.000000	0.000000	1.000000	0.007937	0
704	0.000000	0.000000	0.000000	0.000000	0.000000	1.000000	0.007937	0
705	0.000000	0.000000	0.000000	0.000000	0.000000	1.000000	0.007937	0
706	0.000000	0.000000	0.000000	0.000000	0.000000	1.000000	0.007937	0
707	0.000000	0.000000	0.000000	0.000000	0.000000	1.000000	0.007937	0
708	0.000000	0.000000	0.000000	0.000000	0.000000	1.000000	0.007874	1
709	0.000000	0.000000	0.000000	0.000000	0.000000	1.000000	0.007874	0
710	0.000000	0.000000	0.000000	0.000000	0.000000	1.000000	0.007874	0
711	0.000000	0.000000	0.000000	0.000000	0.000000	1.000000	0.007874	0
712	0.000000	0.000000	0.000000	0.000000	0.000000	1.000000	0.007874	0
713	0.000000	0.000000	0.000000	0.000000	0.000000	1.000000	0.007874	0
714	0.000000	0.000000	0.000000	0.000000	0.000000	1.000000	0.007874	0
715	0.000000	0.000000	0.000000	0.000000	0.000000	1.000000	0.007874	0
716	0.000000	0.000000	0.000000	0.000000	0.000000	1.000000	0.007874	0
717	0.000000	0.000000	0.000000	0.000000	0.000000	1.000000	0.007874	0
718	0.000000	0.000000	0.000000	0.000000	0.000000	1.000000	0.007812	1
719	0.000000	0.000000	0.000000	0.000000	0.000000	1.000000	0.007812	0
720	0.000000	0.000000	0.000000	0.000000	0.000000	1.000000	0.007812	0
721	0.000000	0.000000	0.000000	0.000000	0.000000	1.000000	0.007812	0
722	0.000000	0.000000	0.000000	0.000000	0.000000	1.000000	0.007812	0
723	0.000000	0.000000	0.000000	0.000000	0.000000	1.000000	0.007812	0
724	0.000000	0.000000	0.000000	0.000000	0.000000	1.000000	0.007812	0
725	0.000000	0.000000	0.000000	0.000000	0.000000	1.000000	0.007812	0
726	0.000000	0.000000	0.000000	0.000000	0.000000	1.000000	0.007752	1
727	0.000000	0.000000	0.000000	0.000000	0.000000	1.000000	0.007752	0
728	0.000000	0.000000	0.000000	0.000000	0.000000	1.000000	0.007752	0
729	0.000000	0.000000	0.000000	0.000000	0.000000	1.000000	0.007752	0
730	0.000000	0.000000	0.000000	0.000000	0.000000	1.000000	0.007752	0
731	0.000000	0.000000	0.000000	0.000000	0.000000	1.000000	0.007752	0
732	0.000000	0.000000	0.000000	0.000000	0.000000	1.000000	0.007692	1
733	0.000000	0.000000	0.000000	0.000000	0.000000	1.000000	0.007692	0
734	0.000000	0.000000	0.000000	0.000000	0.000000	1.000000	0.007692	0
735	0.000000	0.000000	0.000000	0.000000	0.000000	1.000000	0.007692	0
736	0.000000	0.000000	0.000000	0.000000	0.000000	1.000000	0.007692	0
737	0.000000	0.000000	0.000000	0.000000	0.000000	1.000000	0.007692	0
738	0.000000	0.000000	0.000000	0.000000	0.000000	1.000000	0.007634	1
739	0.000000	0.000000	0.000000	0.000000	0.000000	1.000000	0.007634	0
740	0.000000	0.000000	0.000000	0.000000	0.000000	1.000000	0.007634	0
741	0.000000	0.000000	0.000000	0.000000	0.000000	1.000000	0.007634	0
742	0.000000	0.000000	0.000000	0.000000	0.000000	1.000000	0.007576	1
743	0.000000	0.000000	0.000000	0.000000	0.000000	1.000000	0.007576	0
744	0.000000	0.000000	0.000000	0.000000	0.000000	1.000000	0.007576	0
745	0.000000	0.000000	0.000000	0.000000	0.000000	1.000000	0.007576	0
746	0.000000	0.000000	0.000000	0.000000	0.000000	1.000000	0.007576	0
747	0.000000	0.000000	0.000000	0.000000	0.000000	1.000000	0.007576	0
748	0.000000	0.000000	0.000000	0.000000	0.000000	1.000000	0.007576	0
749	0.000000	0.000000	0.000000	0.000000	0.000000	1.000000	0.007576	0
750	0.000000	0.000000	0.000000	0.000000	0.000000	1.000000	0.007519	1
751	0.000000	0.000000	0.000000	0.000000	0.000000	1.000000	0.007519	0
752	0.000000	0.000000	0.000000	0.000000	0.000000	1.000000	0.007519	0
753	0.000000	0.000000	0.000000	0.000000	0.000000	1.000000	0.007519	0
754	0.000000	0.000000	0.000000	0.000000	0.000000	1.000000	0.007519	0
755	0.000000	0.000000	0.000000	0.000000	0.000000	1.000000	0.007519	0
756	0.000000	0.000000	0.000000	0.000000	0.000000	1.000000	0.007463	1
757	0.000000	0.000000	0.000000	0.000000	0.000000	1.000000	0.007463	0
758	0.000000	0.000000	0.000000	0.000000	0.000000	1.000000	0.007463	0
759	0.000000	0.000000	0.000000	0.000000	0.000000	1.000000	0.007463	0
760	0.000000	0.000000	0.000000	0.000000	0.000000	1.000000	0.007407	1
761	0.000000	0.000000	0.000000	0.000000	0.000000	1.000000	0.007407	0
762	0.000000	0.000000	0.000000	0.000000	0.000000	1.000000	0.007407	0
763	0.000000	0.000000	0.000000	0.000000	0.000000	1.000000	0.007407	0
764	0.000000	0.000000	0.000000	0.000000	0.000000	1.000000	0.007407	0
765	0.000000	0.000000	0.000000	0.000000	0.000000	1.000000	0.007407	0
766	0.000000	0.000000	0.000000	0.000000	0.000000	1.000000	0.007407	0
767	0.000000	0.000000	0.000000	0.000000	0.000000	1.000000	0.007407	0
768	0.000000	0.000000	0.000000	0.000000	0.000000	1.000000	0.007353	1
769	0.000000	0.000000	0.000000	0.000000	0.000000	1.000000	0.007353	0
770	0.000000	0.000000	0.000000	0.000000	0.000000	1.000000	0.007353	0
771	0.000000	0.000000	0.000000	0.000000	0.000000	1.000000	0.007353	0
772	0.000000	0.000000	0.000000	0.000000	0.000000	1.000000	0.007299	1
773	0.000000	0.000000	0.000000	0.000000	0.000000	1.000000	0.007299	0
774	0.000000	0.000000	0.000000	0.000000	0.000000	1.000000	0.007299	0
775	0.000000	0.000000	0.000000	0.000000	0.000000	1.000000	0.007299	0
776	0.000000	0.000000	0.000000	0.000000	0.000000	1.000000	0.007299	0
777	0.000000	0.000000	0.000000	0.000000	0.000000	1.000000	0.007299	0
778	0.000000	0.000000	0.000000	0.000000	0.000000	1.000000	0.007299	0
779	0.000000	0.000000	0.000000	0.000000	0.000000	1.000000	0.007299	0
780	0.000000	0.000000	0.000000	0.000000	0.000000	1.000000	0.007299	0
781	0.000000	0.000000	0.000000	0.000000	0.000000	1.000000	0.007299	0
782	0.000000	0.000000	0.000000	0.000000	0.000000	1.000000	0.007299	0
783	0.000000	0.000000	0.000000	0.000000	0.000000	1.000000	0.007299	0
784	0.000000	0.000000	0.000000	0.000000	0.000000	1.000000	0.007299	0
785	0.000000	0.000000	0.000000	0.000000	0.000000	1.000000	0.007299	0
786	0.000000	0.000000	0.000000	0.000000	0.000000	1.000000	0.007246	1
787	0.000000	0.000000	0.000000	0.000000	0.000000	1.000000	0.007246	0
788	0.000000	0.000000	0.000000	0.000000	0.000000	1.000000	0.007246	0
789	0.000000	0.000000	0.000000	0.000000	0.000000	1.000000	0.007246	0
790	0.000000	0.000000	0.000000	0.000000	0.000000	1.000000	0.007246	0
791	0.000000	0.000000	0.000000	0.000000	0.000000	1.000000	0.007246	0
792	0.000000	0.000000	0.000000	0.000000	0.000000	1.000000	0.007246	0
793	0.000000	0.000000	0.000000	0.000000	0.000000	1.000000	0.007246	0
794	0.000000	0.000000	0.000000	0.000000	0.000000	1.000000	0.007246	0
795	0.000000	0.000000	0.000000	0.000000	0.000000	1.000000	0.007246	0
796	0.000000	0.000000	0.000000	0.000000	0.000000	1.000000	0.007194	1
797	0.000000	0.000000	0.000000	0.000000	0.000000	1.000000	0.007194	0
798	0.000000	0.000000	0.000000	0.000000	0.000000	1.000000	0.007194	0
799	0.000000	0.000000	0.000000	0.000000	0.000000	1.000000	0.007194	0
800	0.000000	0.000000	0.000000	0.000000	0.000000	1.000000	0.007194	0
801	0.000000	0.000000	0.000000	0.000000	0.000000	1.000000	0.007194	0
802	0.000000	0.000000	0.000000	0.000000	0.000000	1.000000	0.007194	0
803	0.000000	0.000000	0.000000	0.000000	0.000000	1.000000	0.007194	0
804	0.000000	0.000000	0.000000	0.000000	0.000000	1.000000	0.007194	0
805	0.000000	0.000000	0.000000	0.000000	0.000000	1.000000	0.007194	0
806	0.000000	0.000000	0.000000	0.000000	0.000000	1.000000	0.007194	0
807	0.000000	0.000000	0.000000	0.000000	0.000000	1.000000	0.007194	0
808	0.000000	0.000000	0.000000	0.000000	0.000000	1.000000	0.007143	1
809	0.000000	0.000000	0.000000	0.000000	0.000000	1.000000	0.007143	0
810	0.000000	0.000000	0.000000	0.000000	0.000000	1.000000	0.007092	1
811	0.000000	0.000000	0.000000	0.000000	0.000000	1.000000	0.007092	0
812	0.000000	0.000000	0.000000	0.000000	0.000000	1.000000	0.007092	0
813	0.000000	0.000000	0.000000	0.000000	0.000000	1.000000	0.007092	0
814	0.000000	0.000000	0.000000	0.000000	0.000000	1.000000	0.007092	0
815	0.000000	0.000000	0.000000	0.000000	0.000000	1.000000	0.007092	0
816	0.000000	0.000000	0.000000	0.000000	0.000000	1.000000	0.007092	0
817	0.000000	0.000000	0.000000	0.000000	0.000000	1.000000	0.007092	0
818	0.000000	0.000000	0.000000	0.000000	0.000000	1.000000	0.007092	0
819	0.000000	0.000000	0.000000	0.000000	0.000000	1.000000	0.007092	0
820	0.000000	0.000000	0.000000	0.000000	0.000000	1.000000	0.007042	1
821	0.000000	0.000000	0.000000	0.000000	0.000000	1.000000	0.007042	0
822	0.000000	0.000000	0.000000	0.000000	0.000000	1.000000	0.006993	1
823	0.000000	0.000000	0.000000	0.000000	0.000000	1.000000	0.006993	0
824	0.000000	0.000000	0.000000	0.000000	0.000000	1.000000	0.006993	0
825	0.000000	0.000000	0.000000	0.000000	0.000000	1.000000	0.006993	0
826	0.000000	0.000000	0.000000	0.000000	0.000000	1.000000	0.006944	1
827	0.000000	0.000000	0.000000	0.000000	0.000000	1.000000	0.006944	0
828	0.000000	0.000000	0.000000	0.000000	0.000000	1.000000	0.006897	1
829	0.000000	0.000000	0.000000	0.000000	0.000000	1.000000	0.006897	0
830	0.000000	0.000000	0.000000	0.000000	0.000000	1.000000	0.006897	0
831	0.000000	0.000000	0.000000	0.000000	0.000000	1.000000	0.006897	0
832	0.000000	0.000000	0.000000	0.000000	0.000000	1.000000	0.006897	0
833	0.000000	0.000000	0.000000	0.000000	0.000000	1.000000	0.006897	0
834	0.000000	0.000000	0.000000	0.000000	0.000000	1.000000	0.006897	0
835	0.000000	0.000000	0.000000	0.000000	0.000000	1.000000	0.006897	0
836	0.000000	0.000000	0.000000	0.000000	0.000000	1.000000	0.006897	0
837	0.000000	0.000000	0.000000	0.000000	0.000000	1.000000	0.006897	0
838	0.000000	0.000000	0.000000	0.000000	0.000000	1.000000	0.006849	1
839	0.000000	0.000000	0.000000	0.000000	0.000000	1.000000	0.006849	0
840	0.000000	0.000000	0.000000	0.000000	0.000000	1.000000	0.006849	0
841	0.000000	0.000000	0.000000	0.000000	0.000000	1.000000	0.006849	0
842	0.000000	0.000000	0.000000	0.000000	0.000000	1.000000	0.006849	0
843	0.000000	0.000000	0.000000	0.000000	0.000000	1.000000	0.006849	0
844	0.000000	0.000000	0.000000	0.000000	0.000000	1.000000	0.006849	0
845	0.000000	0.000000	0.000000	0.000000	0.000000	1.000000	0.006849	0
846	0.000000	0.000000	0.000000	0.000000	0.000000	1.000000	0.006849	0
847	0.000000	0.000000	0.000000	0.000000	0.000000	1.000000	0.006849	0
848	0.000000	0.000000	0.000000	0.000000	0.000000	1.000000	0.006849	0
849	0.000000	0.000000	0.000000	0.000000	0.000000	1.000000	0.006849	0
850	0.000000	0.000000	0.000000	0.000000	0.000000	1.000000	0.006849	0
851	0.000000	0.000000	0.000000	0.000000	0.000000	1.000000	0.006849	0
852	0.000000	0.000000	0.000000	0.000000	0.000000	1.000000	0.006803	1
853	0.000000	0.000000	0.000000	0.000000	0.000000	1.000000	0.006803	0
854	0.000000	0.000000	0.000000	0.000000	0.000000	1.000000	0.006803	0
855	0.000000	0.000000	0.000000	0.000000	0.000000	1.000000	0.006803	0
856	0.000000	0.000000	0.000000	0.000000	0.000000	1.000000	0.006757	1
857	0.000000	0.000000	0.000000	0.000000	0.000000	1.000000	0.006757	0
858	0.000000	0.000000	0.000000	0.000000	0.000000	1.000000	0.006711	1
859	0.000000	0.000000	0.000000	0.000000	0.000000	1.000000	0.006711	0
860	0.000000	0.000000	0.000000	0.000000	0.000000	1.000000	0.006711	0
861	0.000000	0.000000	0.000000	0.000000	0.000000	1.000000	0.006711	0
862	0.000000	0.000000	0.000000	0.000000	0.000000	1.000000	0.006667	1
863	0.000000	0.000000	0.000000	0.000000	0.000000	1.000000	0.006667	0
864	0.000000	0.000000	0.000000	0.000000	0.000000	1.000000	0.006667	0
865	0.000000	0.000000	0.000000	0.000000	0.000000	1.000000	0.006667	0
866	0.000000	0.000000	0.000000	0.000000	0.000000	1.000000	0.006667	0
867	0.000000	0.000000	0.000000	0.000000	0.000000	1.000000	0.006667	0
868	0.000000	0.000000	0.000000	0.000000	0.000000	1.000000	0.006667	0
869	0.000000	0.000000	0.000000	0.000000	0.000000	1.000000	0.006667	0
870	0.000000	0.000000	0.000000	0.000000	0.000000	1.000000	0.006667	0
871	0.000000	0.000000	0.000000	0.000000	0.000000	1.000000	0.006667	0
872	0.000000	0.000000	0.000000	0.000000	0.000000	1.000000	0.006667	0
873	0.000000	0.000000	0.000000	0.000000	0.000000	1.000000	0.006667	0
874	0.000000	0.000000	0.000000	0.000000	0.000000	1.000000	0.006667	0
875	0.000000	0.000000	0.000000	0.000000	0.000000	1.000000	0.006667	0
876	0.000000	0.000000	0.000000	0.000000	0.000000	1.000000	0.006623	1
877	0.000000	0.000000	0.000000	0.000000	0.000000	1.000000	0.006623	0
878	0.000000	0.000000	0.000000	0.000000	0.000000	1.000000	0.006623	0
879	0.000000	0.000000	0.000000	0.000000	0.000000	1.000000	0.006623	0
880	0.000000	0.000000	0.000000	0.000000	0.000000	1.000000	0.006579	1
881	0.000000	0.000000	0.000000	0.000000	0.000000	1.000000	0.006579	0
882	0.000000	0.000000	0.000000	0.000000	0.000000	1.000000	0.006536	1
883	0.000000	0.000000	0.000000	0.000000	0.000000	1.000000	0.006536	0
884	0.000000	0.000000	0.000000	0.000000	0.000000	1.000000	0.006536	0
885	0.000000	0.000000	0.000000	0.000000	0.000000	1.000000	0.006536	0
886	0.000000	0.000000	0.000000	0.000000	0.000000	1.000000	0.006494	1
887	0.000000	0.000000	0.000000	0.000000	0.000000	1.000000	0.006494	0
888	0.000000	0.000000	0.000000	0.000000	0.000000	1.000000	0.006494	0
889	0.000000	0.000000	0.000000	0.000000	0.000000	1.000000	0.006494	0
890	0.000000	0.000000	0.000000	0.000000	0.000000	1.000000	0.006494	0
891	0.000000	0.000000	0.000000	0.000000	0.000000	1.000000	0.006494	0
892	0.000000	0.000000	0.000000	0.000000	0.000000	1.000000	0.006494	0
893	0.000000	0.000000	0.000000	0.000000	0.000000	1.000000	0.006494	0
894	0.000000	0.000000	0.000000	0.000000	0.000000	1.000000	0.006494	0
895	0.000000	0.000000	0.000000	0.000000	0.000000	1.000000	0.006494	0
896	0.000000	0.000000	0.000000	0.000000	0.000000	1.000000	0.006494	0
897	0.000000	0.000000	0.000000	0.000000	0.000000	1.000000	0.006494	0
898	0.000000	0.000000	0.000000	0.000000	0.000000	1.000000	0.006494	0
899	0.000000	0.000000	0.000000	0.000000	0.000000	1.000000	0.006494	0
900	0.000000	0.000000	0.000000	0.000000	0.000000	1.000000	0.006494	0
901	0.000000	0.000000	0.000000	0.000000	0.000000	1.000000	0.006494	0
902	0.000000	0.000000	0.000000	0.000000	0.000000	1.000000	0.006494	0
903	0.000000	0.000000	0.000000	0.000000	0.000000	1.000000	0.006494	0
904	0.000000	0.000000	0.000000	0.000000	0.000000	1.000000	0.006494	0
905	0.000000	0.000000	0.000000	0.000000	0.000000	1.000000	0.006494	0
906	0.000000	0.000000	0.000000	0.000000	0.000000	1.000000	0.006452	1
907	0.000000	0.000000	0.000000	0.000000	0.000000	1.000000	0.006452	0
908	0.000000	0.000000	0.000000	0.000000	0.000000	1.000000	0.006452	0
909	0.000000	0.000000	0.000000	0.000000	0.000000	1.000000	0.006452	0
910	0.000000	0.000000	0.000000	0.000000	0.000000	1.000000	0.006410	1
911	0.000000	0.000000	0.000000	0.000000	0.000000	1.000000	0.006410	0
912	0.000000	0.000000	0.000000	0.000000	0.000000	1.000000	0.006410	0
913	0.000000	0.000000	0.000000	0.000000	0.000000	1.000000	0.006410	0
914	0.000000	0.000000	0.000000	0.000000	0.000000	1.000000	0.006410	0
915	0.000000	0.000000	0.000000	0.000000	0.000000	1.000000	0.006410	0
916	0.000000	0.000000	0.000000	0.000000	0.000000	1.000000	0.006410	0
917	0.000000	0.000000	0.000000	0.000000	0.000000	1.000000	0.006410	0
918	0.000000	0.000000	0.000000	0.000000	0.000000	1.000000	0.006369	1
919	0.000000	0.000000	0.000000	0.000000	0.000000	1.000000	0.006369	0
920	0.000000	0.000000	0.000000	0.000000	0.000000	1.000000	0.006369	0
921	0.000000	0.000000	0.000000	0.000000	0.000000	1.000000	0.006369	0
922	0.000000	0.000000	0.000000	0.000000	0.000000	1.000000	0.006369	0
923	0.000000	0.000000	0.000000	0.000000	0.000000	1.000000	0.006369	0
924	0.000000	0.000000	0.000000	0.000000	0.000000	1.000000	0.006369	0
925	0.000000	0.000000	0.000000	0.000000	0.000000	1.000000	0.006369	0
926	0.000000	0.000000	0.000000	0.000000	0.000000	1.000000	0.006369	0
927	0.000000	0.000000	0.000000	0.000000	0.000000	1.000000	0.006369	0
928	0.000000	0.000000	0.000000	0.000000	0.000000	1.000000	0.006329	1
929	0.000000	0.000000	0.000000	0.000000	0.000000	1.000000	0.006329	0
930	0.000000	0.000000	0.000000	0.000000	0.000000	1.000000	0.006329	0
931	0.000000	0.000000	0.000000	0.000000	0.000000	1.000000	0.006329	0
932	0.000000	0.000000	0.000000	0.000000	0.000000	1.000000	0.006329	0
933	0.000000	0.000000	0.000000	0.000000	0.000000	1.000000	0.006329	0
934	0.000000	0.000000	0.000000	0.000000	0.000000	1.000000	0.006329	0
935	0.000000	0.000000	0.000000	0.000000	0.000000	1.000000	0.006329	0
936	0.000000	0.000000	0.000000	0.000000	0.000000	1.000000	0.006289	1
937	0.000000	0.000000	0.000000	0.000000	0.000000	1.000000	0.006289	0
938	0.000000	0.000000	0.000000	0.000000	0.000000	1.000000	0.006289	0
939	0.000000	0.000000	0.000000	0.000000	0.000000	1.000000	0.006289	0
940	0.000000	0.000000	0.000000	0.000000	0.000000	1.000000	0.006250	1
941	0.000000	0.000000	0.000000	0.000000	0.000000	1.000000	0.006250	0
942	0.000000	0.000000	0.000000	0.000000	0.000000	1.000000	0.006250	0
943	0.000000	0.000000	0.000000	0.000000	0.000000	1.000000	0.006250	0
944	0.000000	0.000000	0.000000	0.000000	0.000000	1.000000	0.006250	0
945	0.000000	0.000000	0.000000	0.000000	0.000000	1.000000	0.006250	0
946	0.000000	0.000000	0.000000	0.000000	0.000000	1.000000	0.006211	1
947	0.000000	0.000000	0.000000	0.000000	0.000000	1.000000	0.006211	0
948	0.000000	0.000000	0.000000	0.000000	0.000000	1.000000	0.006211	0
949	0.000000	0.000000	0.000000	0.000000	0.000000	1.000000	0.006211	0
950	0.000000	0.000000	0.000000	0.000000	0.000000	1.000000	0.006211	0
951	0.000000	0.000000	0.000000	0.000000	0.000000	1.000000	0.006211	0
952	0.000000	0.000000	0.000000	0.000000	0.000000	1.000000	0.006173	1
953	0.000000	0.000000	0.000000	0.000000	0.000000	1.000000	0.006173	0
954	0.000000	0.000000	0.000000	0.000000	0.000000	1.000000	0.006173	0
955	0.000000	0.000000	0.000000	0.000000	0.000000	1.000000	0.006173	0
956	0.000000	0.000000	0.000000	0.000000	0.000000	1.000000	0.006173	0
957	0.000000	0.000000	0.000000	0.000000	0.000000	1.000000	0.006173	0
958	0.000000	0.000000	0.000000	0.000000	0.000000	1.000000	0.006173	0
959	0.000000	0.000000	0.000000	0.000000	0.000000	1.000000	0.006173	0
960	0.000000	0.000000	0.000000	0.000000	0.000000	1.000000	0.006173	0
961	0.000000	0.000000	0.000000	0.000000	0.000000	1.000000	0.006173	0
962	0.000000	0.000000	0.000000	0.000000	0.000000	1.000000	0.006173	0
963	0.000000	0.000000	0.000000	0.000000	0.000000	1.000000	0.006173	0
964	0.000000	0.000000	0.000000	0.000000	0.000000	1.000000	0.006173	0
965	0.000000	0.000000	0.000000	0.000000	0.000000	1.000000	0.006173	0
966	0.000000	0.000000	0.000000	0.000000	0.000000	1.000000	0.006135	1
967	0.000000	0.000000	0.000000	0.000000	0.000000	1.000000	0.006135	0
968	0.000000	0.000000	0.000000	0.000000	0.000000	1.000000	0.006135	0
969	0.000000	0.000000	0.000000	0.000000	0.000000	1.000000	0.006135	0
970	0.000000	0.000000	0.000000	0.000000	0.000000	1.000000	0.006098	1
971	0.000000	0.000000	0.000000	0.000000	0.000000	1.000000	0.006098	0
972	0.000000	0.000000	0.000000	0.000000	0.000000	1.000000	0.006098	0
973	0.000000	0.000000	0.000000	0.000000	0.000000	1.000000	0.006098	0
974	0.000000	0.000000	0.000000	0.000000	0.000000	1.000000	0.006098	0
975	0.000000	0.000000	0.000000	0.000000	0.000000	1.000000	0.006098	0
976	0.000000	0.000000	0.000000	0.000000	0.000000	1.000000	0.006061	1
977	0.000000	0.000000	0.000000	0.000000	0.000000	1.000000	0.006061	0
978	0.000000	0.000000	0.000000	0.000000	0.000000	1.000000	0.006061	0
979	0.000000	0.000000	0.000000	0.000000	0.000000	1.000000	0.006061	0
980	0.000000	0.000000	0.000000	0.000000	0.000000	1.000000	0.006061	0
981	0.000000	0.000000	0.000000	0.000000	0.000000	1.000000	0.006061	0
982	0.000000	0.000000	0.000000	0.000000	0.000000	1.000000	0.006024	1
983	0.000000	0.000000	0.000000	0.000000	0.000000	1.000000	0.006024	0
984	0.000000	0.000000	0.000000	0.000000	0.000000	1.000000	0.006024	0
985	0.000000	0.000000	0.000000	0.000000	0.000000	1.000000	0.006024	0
986	0.000000	0.000000	0.000000	0.000000	0.000000	1.000000	0.006024	0
987	0.000000	0.000000	0.000000	0.000000	0.000000	1.000000	0.006024	0
988	0.000000	0.000000	0.000000	0.000000	0.000000	1.000000	0.006024	0
989	0.000000	0.000000	0.000000	0.000000	0.000000	1.000000	0.006024	0
990	0.000000	0.000000	0.000000	0.000000	0.000000	1.000000	0.005988	1
991	0.000000	0.000000	0.000000	0.000000	0.000000	1.000000	0.005988	0
992	0.000000	0.000000	0.000000	0.000000	0.000000	1.000000	0.005988	0
993	0.000000	0.000000	0.000000	0.000000	0.000000	1.000000	0.005988	0
994	0.000000	0.000000	0.000000	0.000000	0.000000	1.000000	0.005988	0
995	0.000000	0.000000	0.000000	0.000000	0.000000	1.000000	0.005988	0
996	0.000000	0.000000	0.000000	0.000000	0.000000	1.000000	0.005952	1
997	0.000000	0.000000	0.000000	0.000000	0.000000	1.000000	0.005952	0
998	0.000000	0.000000	0.000000	0.000000	0.000000	1.000000	0.005952	0
999	0.000000	0.000000	0.000000	0.000000	0.000000	1.000000	0.005952	0
